Modules list:
-------------
vdc_core_assembly.o:
    MACO              Offs=000000  Size=000671  Align=00001  Fill=0000
sidplay_assembly.o:
    MACO              Offs=000671  Size=0000D3  Align=00001  Fill=0000
main.o:
    CODE              Offs=000000  Size=003183  Align=00001  Fill=0000
    RODATA            Offs=000000  Size=000305  Align=00001  Fill=0000
    BSS               Offs=000000  Size=0001C6  Align=00001  Fill=0000
    DATA              Offs=000000  Size=001440  Align=00001  Fill=0000
vdc_core.o:
    CODE              Offs=003183  Size=000D0C  Align=00001  Fill=0000
    RODATA            Offs=000305  Size=000050  Align=00001  Fill=0000
    DATA              Offs=001440  Size=000010  Align=00001  Fill=0000
sidplay.o:
    CODE              Offs=003E8F  Size=000033  Align=00001  Fill=0000
/mnt/d/retro/cc65/lib/c128.lib(_cursor.o):
    BSS               Offs=0001C6  Size=000001  Align=00001  Fill=0000
/mnt/d/retro/cc65/lib/c128.lib(_directerrno.o):
    CODE              Offs=003EC2  Size=00000A  Align=00001  Fill=0000
/mnt/d/retro/cc65/lib/c128.lib(_file.o):
    DATA              Offs=001450  Size=00001E  Align=00001  Fill=0000
/mnt/d/retro/cc65/lib/c128.lib(_hextab.o):
    RODATA            Offs=000355  Size=000010  Align=00001  Fill=0000
/mnt/d/retro/cc65/lib/c128.lib(_longminstr.o):
    RODATA            Offs=000365  Size=00000C  Align=00001  Fill=0000
/mnt/d/retro/cc65/lib/c128.lib(_mappederrno.o):
    CODE              Offs=003ECC  Size=000010  Align=00001  Fill=0000
/mnt/d/retro/cc65/lib/c128.lib(_oserror.o):
    BSS               Offs=0001C7  Size=000001  Align=00001  Fill=0000
/mnt/d/retro/cc65/lib/c128.lib(_printf.o):
    CODE              Offs=003EDC  Size=0003A5  Align=00001  Fill=0000
    BSS               Offs=0001C8  Size=00002B  Align=00001  Fill=0000
    DATA              Offs=00146E  Size=000003  Align=00001  Fill=0000
/mnt/d/retro/cc65/lib/c128.lib(_seterrno.o):
    CODE              Offs=004281  Size=000009  Align=00001  Fill=0000
/mnt/d/retro/cc65/lib/c128.lib(acc_c128_speed.o):
    CODE              Offs=00428A  Size=000010  Align=00001  Fill=0000
/mnt/d/retro/cc65/lib/c128.lib(add.o):
    CODE              Offs=00429A  Size=00001C  Align=00001  Fill=0000
/mnt/d/retro/cc65/lib/c128.lib(addeqsp.o):
    CODE              Offs=0042B6  Size=000011  Align=00001  Fill=0000
/mnt/d/retro/cc65/lib/c128.lib(addysp.o):
    CODE              Offs=0042C7  Size=00000E  Align=00001  Fill=0000
/mnt/d/retro/cc65/lib/c128.lib(aslax1.o):
    CODE              Offs=0042D5  Size=000008  Align=00001  Fill=0000
/mnt/d/retro/cc65/lib/c128.lib(aslax2.o):
    CODE              Offs=0042DD  Size=00000B  Align=00001  Fill=0000
/mnt/d/retro/cc65/lib/c128.lib(aslax3.o):
    CODE              Offs=0042E8  Size=00000E  Align=00001  Fill=0000
/mnt/d/retro/cc65/lib/c128.lib(aslax4.o):
    CODE              Offs=0042F6  Size=000011  Align=00001  Fill=0000
/mnt/d/retro/cc65/lib/c128.lib(axlong.o):
    CODE              Offs=004307  Size=00000D  Align=00001  Fill=0000
/mnt/d/retro/cc65/lib/c128.lib(c_close.o):
    CODE              Offs=004314  Size=000004  Align=00001  Fill=0000
/mnt/d/retro/cc65/lib/c128.lib(c_load.o):
    CODE              Offs=004318  Size=00001D  Align=00001  Fill=0000
/mnt/d/retro/cc65/lib/c128.lib(c_open.o):
    CODE              Offs=004335  Size=000009  Align=00001  Fill=0000
/mnt/d/retro/cc65/lib/c128.lib(c_save.o):
    CODE              Offs=00433E  Size=000016  Align=00001  Fill=0000
/mnt/d/retro/cc65/lib/c128.lib(c_setlfs.o):
    CODE              Offs=004354  Size=00000E  Align=00001  Fill=0000
/mnt/d/retro/cc65/lib/c128.lib(c_setnam.o):
    CODE              Offs=004362  Size=000013  Align=00001  Fill=0000
/mnt/d/retro/cc65/lib/c128.lib(callmain.o):
    CODE              Offs=004375  Size=000017  Align=00001  Fill=0000
    DATA              Offs=001471  Size=000004  Align=00001  Fill=0000
/mnt/d/retro/cc65/lib/c128.lib(cbm_close.o):
/mnt/d/retro/cc65/lib/c128.lib(cbm_open.o):
    CODE              Offs=00438C  Size=000016  Align=00001  Fill=0000
/mnt/d/retro/cc65/lib/c128.lib(cbm_read.o):
    CODE              Offs=0043A2  Size=00005B  Align=00001  Fill=0000
/mnt/d/retro/cc65/lib/c128.lib(cgetc.o):
    CODE              Offs=0043FD  Size=000030  Align=00001  Fill=0000
    INIT              Offs=000000  Size=000002  Align=00001  Fill=0000
    ONCE              Offs=000000  Size=000013  Align=00001  Fill=0000
/mnt/d/retro/cc65/lib/c128.lib(clock.o):
    CODE              Offs=00442D  Size=00000A  Align=00001  Fill=0000
/mnt/d/retro/cc65/lib/c128.lib(clrscr.o):
/mnt/d/retro/cc65/lib/c128.lib(color.o):
    CODE              Offs=004437  Size=000060  Align=00001  Fill=0000
/mnt/d/retro/cc65/lib/c128.lib(condes.o):
    CODE              Offs=004497  Size=00000C  Align=00001  Fill=0000
    DATA              Offs=001475  Size=000025  Align=00001  Fill=0000
    ONCE              Offs=000013  Size=00000C  Align=00001  Fill=0000
/mnt/d/retro/cc65/lib/c128.lib(conio.o):
/mnt/d/retro/cc65/lib/c128.lib(cprintf.o):
    CODE              Offs=0044A3  Size=00002A  Align=00001  Fill=0000
    BSS               Offs=0001F3  Size=000001  Align=00001  Fill=0000
/mnt/d/retro/cc65/lib/c128.lib(cputc.o):
    CODE              Offs=0044CD  Size=000049  Align=00001  Fill=0000
/mnt/d/retro/cc65/lib/c128.lib(cputs.o):
    CODE              Offs=004516  Size=000023  Align=00001  Fill=0000
/mnt/d/retro/cc65/lib/c128.lib(crt0.o):
    BSS               Offs=0001F4  Size=000002  Align=00001  Fill=0000
    STARTUP           Offs=000000  Size=000051  Align=00001  Fill=0000
    INIT              Offs=000002  Size=00001A  Align=00001  Fill=0000
/mnt/d/retro/cc65/lib/c128.lib(ctype.o):
    RODATA            Offs=000371  Size=00008B  Align=00001  Fill=0000
/mnt/d/retro/cc65/lib/c128.lib(ctypemask.o):
    CODE              Offs=004539  Size=00001E  Align=00001  Fill=0000
/mnt/d/retro/cc65/lib/c128.lib(curdevice.o):
    CODE              Offs=004557  Size=000006  Align=00001  Fill=0000
/mnt/d/retro/cc65/lib/c128.lib(decax1.o):
    CODE              Offs=00455D  Size=000007  Align=00001  Fill=0000
/mnt/d/retro/cc65/lib/c128.lib(decaxy.o):
    CODE              Offs=004564  Size=000009  Align=00001  Fill=0000
/mnt/d/retro/cc65/lib/c128.lib(decsp1.o):
    CODE              Offs=00456D  Size=000009  Align=00001  Fill=0000
/mnt/d/retro/cc65/lib/c128.lib(decsp2.o):
    CODE              Offs=004576  Size=00000D  Align=00001  Fill=0000
/mnt/d/retro/cc65/lib/c128.lib(decsp3.o):
    CODE              Offs=004583  Size=00000D  Align=00001  Fill=0000
/mnt/d/retro/cc65/lib/c128.lib(decsp4.o):
    CODE              Offs=004590  Size=00000D  Align=00001  Fill=0000
/mnt/d/retro/cc65/lib/c128.lib(decsp5.o):
    CODE              Offs=00459D  Size=00000D  Align=00001  Fill=0000
/mnt/d/retro/cc65/lib/c128.lib(decsp6.o):
    CODE              Offs=0045AA  Size=00000D  Align=00001  Fill=0000
/mnt/d/retro/cc65/lib/c128.lib(decsp8.o):
    CODE              Offs=0045B7  Size=00000D  Align=00001  Fill=0000
/mnt/d/retro/cc65/lib/c128.lib(devnum.o):
/mnt/d/retro/cc65/lib/c128.lib(eq.o):
    CODE              Offs=0045C4  Size=00000A  Align=00001  Fill=0000
/mnt/d/retro/cc65/lib/c128.lib(errno.o):
    BSS               Offs=0001F6  Size=000002  Align=00001  Fill=0000
/mnt/d/retro/cc65/lib/c128.lib(exehdr.o):
    EXEHDR            Offs=000000  Size=00000C  Align=00001  Fill=0000
/mnt/d/retro/cc65/lib/c128.lib(filedes.o):
    CODE              Offs=0045CE  Size=00000E  Align=00001  Fill=0000
    DATA              Offs=00149A  Size=000010  Align=00001  Fill=0000
/mnt/d/retro/cc65/lib/c128.lib(filevars.o):
    INIT              Offs=00001C  Size=000001  Align=00001  Fill=0000
    ONCE              Offs=00001F  Size=00000C  Align=00001  Fill=0000
/mnt/d/retro/cc65/lib/c128.lib(fwrite.o):
    CODE              Offs=0045DC  Size=00007B  Align=00001  Fill=0000
    BSS               Offs=0001F8  Size=000002  Align=00001  Fill=0000
/mnt/d/retro/cc65/lib/c128.lib(gotoxy.o):
    CODE              Offs=004657  Size=00000D  Align=00001  Fill=0000
/mnt/d/retro/cc65/lib/c128.lib(icmp.o):
    CODE              Offs=004664  Size=00002E  Align=00001  Fill=0000
/mnt/d/retro/cc65/lib/c128.lib(incax1.o):
    CODE              Offs=004692  Size=000007  Align=00001  Fill=0000
/mnt/d/retro/cc65/lib/c128.lib(incax2.o):
    CODE              Offs=004699  Size=000007  Align=00001  Fill=0000
/mnt/d/retro/cc65/lib/c128.lib(incax8.o):
    CODE              Offs=0046A0  Size=000005  Align=00001  Fill=0000
/mnt/d/retro/cc65/lib/c128.lib(incaxy.o):
    CODE              Offs=0046A5  Size=00000B  Align=00001  Fill=0000
/mnt/d/retro/cc65/lib/c128.lib(incsp1.o):
    CODE              Offs=0046B0  Size=000007  Align=00001  Fill=0000
/mnt/d/retro/cc65/lib/c128.lib(incsp2.o):
    CODE              Offs=0046B7  Size=000016  Align=00001  Fill=0000
/mnt/d/retro/cc65/lib/c128.lib(incsp3.o):
    CODE              Offs=0046CD  Size=000005  Align=00001  Fill=0000
/mnt/d/retro/cc65/lib/c128.lib(incsp4.o):
    CODE              Offs=0046D2  Size=000005  Align=00001  Fill=0000
/mnt/d/retro/cc65/lib/c128.lib(incsp5.o):
    CODE              Offs=0046D7  Size=000005  Align=00001  Fill=0000
/mnt/d/retro/cc65/lib/c128.lib(incsp6.o):
    CODE              Offs=0046DC  Size=000005  Align=00001  Fill=0000
/mnt/d/retro/cc65/lib/c128.lib(incsp7.o):
    CODE              Offs=0046E1  Size=000005  Align=00001  Fill=0000
/mnt/d/retro/cc65/lib/c128.lib(incsp8.o):
    CODE              Offs=0046E6  Size=000005  Align=00001  Fill=0000
/mnt/d/retro/cc65/lib/c128.lib(isprint.o):
    CODE              Offs=0046EB  Size=00000A  Align=00001  Fill=0000
/mnt/d/retro/cc65/lib/c128.lib(joy-kernel.o):
    CODE              Offs=0046F5  Size=00004D  Align=00001  Fill=0000
    RODATA            Offs=0003FC  Size=000004  Align=00001  Fill=0000
    BSS               Offs=0001FA  Size=000002  Align=00001  Fill=0000
    DATA              Offs=0014AA  Size=00000C  Align=00001  Fill=0000
/mnt/d/retro/cc65/lib/c128.lib(joy_read.o):
/mnt/d/retro/cc65/lib/c128.lib(joy_stat_stddrv.o):
/mnt/d/retro/cc65/lib/c128.lib(kbhit.o):
    CODE              Offs=004742  Size=000009  Align=00001  Fill=0000
/mnt/d/retro/cc65/lib/c128.lib(kernal.o):
/mnt/d/retro/cc65/lib/c128.lib(lcmp.o):
    CODE              Offs=00474B  Size=00003B  Align=00001  Fill=0000
/mnt/d/retro/cc65/lib/c128.lib(ldaxi.o):
    CODE              Offs=004786  Size=00000D  Align=00001  Fill=0000
/mnt/d/retro/cc65/lib/c128.lib(ldaxsp.o):
    CODE              Offs=004793  Size=000009  Align=00001  Fill=0000
/mnt/d/retro/cc65/lib/c128.lib(ldeaxysp.o):
    CODE              Offs=00479C  Size=000013  Align=00001  Fill=0000
/mnt/d/retro/cc65/lib/c128.lib(leaaxsp.o):
    CODE              Offs=0047AF  Size=00000C  Align=00001  Fill=0000
/mnt/d/retro/cc65/lib/c128.lib(libref.o):
/mnt/d/retro/cc65/lib/c128.lib(lneg.o):
    CODE              Offs=0047BB  Size=00001E  Align=00001  Fill=0000
/mnt/d/retro/cc65/lib/c128.lib(loadaddr.o):
    LOADADDR          Offs=000000  Size=000002  Align=00001  Fill=0000
/mnt/d/retro/cc65/lib/c128.lib(lpush.o):
    CODE              Offs=0047D9  Size=000021  Align=00001  Fill=0000
/mnt/d/retro/cc65/lib/c128.lib(lsub.o):
    CODE              Offs=0047FA  Size=000027  Align=00001  Fill=0000
/mnt/d/retro/cc65/lib/c128.lib(ltoa.o):
    CODE              Offs=004821  Size=000095  Align=00001  Fill=0000
/mnt/d/retro/cc65/lib/c128.lib(lult.o):
    CODE              Offs=0048B6  Size=000006  Align=00001  Fill=0000
/mnt/d/retro/cc65/lib/c128.lib(makebool.o):
    CODE              Offs=0048BC  Size=00002C  Align=00001  Fill=0000
/mnt/d/retro/cc65/lib/c128.lib(memcpy.o):
    CODE              Offs=0048E8  Size=00003C  Align=00001  Fill=0000
/mnt/d/retro/cc65/lib/c128.lib(mod.o):
    CODE              Offs=004924  Size=000011  Align=00001  Fill=0000
/mnt/d/retro/cc65/lib/c128.lib(mul.o):
    CODE              Offs=004935  Size=000045  Align=00001  Fill=0000
/mnt/d/retro/cc65/lib/c128.lib(mul8.o):
    CODE              Offs=00497A  Size=00003A  Align=00001  Fill=0000
/mnt/d/retro/cc65/lib/c128.lib(mulax10.o):
    CODE              Offs=0049B4  Size=000019  Align=00001  Fill=0000
/mnt/d/retro/cc65/lib/c128.lib(mulax3.o):
    CODE              Offs=0049CD  Size=000011  Align=00001  Fill=0000
/mnt/d/retro/cc65/lib/c128.lib(negabs.o):
    CODE              Offs=0049DE  Size=000012  Align=00001  Fill=0000
/mnt/d/retro/cc65/lib/c128.lib(oserror.o):
    CODE              Offs=0049F0  Size=000016  Align=00001  Fill=0000
    RODATA            Offs=000400  Size=00005A  Align=00001  Fill=0000
/mnt/d/retro/cc65/lib/c128.lib(popa.o):
    CODE              Offs=004A06  Size=00000C  Align=00001  Fill=0000
/mnt/d/retro/cc65/lib/c128.lib(popptr1.o):
    CODE              Offs=004A12  Size=00000E  Align=00001  Fill=0000
/mnt/d/retro/cc65/lib/c128.lib(printf.o):
    CODE              Offs=004A20  Size=000033  Align=00001  Fill=0000
    BSS               Offs=0001FC  Size=000001  Align=00001  Fill=0000
/mnt/d/retro/cc65/lib/c128.lib(push1.o):
    CODE              Offs=004A53  Size=000005  Align=00001  Fill=0000
/mnt/d/retro/cc65/lib/c128.lib(pusha.o):
    CODE              Offs=004A58  Size=000016  Align=00001  Fill=0000
/mnt/d/retro/cc65/lib/c128.lib(pushax.o):
    CODE              Offs=004A6E  Size=00001A  Align=00001  Fill=0000
/mnt/d/retro/cc65/lib/c128.lib(pushwsp.o):
    CODE              Offs=004A88  Size=00001C  Align=00001  Fill=0000
/mnt/d/retro/cc65/lib/c128.lib(rand.o):
    CODE              Offs=004AA4  Size=000034  Align=00001  Fill=0000
    DATA              Offs=0014B6  Size=000004  Align=00001  Fill=0000
/mnt/d/retro/cc65/lib/c128.lib(return0.o):
    CODE              Offs=004AD8  Size=000004  Align=00001  Fill=0000
/mnt/d/retro/cc65/lib/c128.lib(rwcommon.o):
    CODE              Offs=004ADC  Size=00001A  Align=00001  Fill=0000
/mnt/d/retro/cc65/lib/c128.lib(shelp.o):
    CODE              Offs=004AF6  Size=000020  Align=00001  Fill=0000
/mnt/d/retro/cc65/lib/c128.lib(shrax1.o):
    CODE              Offs=004B16  Size=000008  Align=00001  Fill=0000
/mnt/d/retro/cc65/lib/c128.lib(shrax3.o):
    CODE              Offs=004B1E  Size=00000E  Align=00001  Fill=0000
/mnt/d/retro/cc65/lib/c128.lib(sprintf.o):
    CODE              Offs=004B2C  Size=00002B  Align=00001  Fill=0000
    BSS               Offs=0001FD  Size=000001  Align=00001  Fill=0000
/mnt/d/retro/cc65/lib/c128.lib(staspidx.o):
    CODE              Offs=004B57  Size=000016  Align=00001  Fill=0000
/mnt/d/retro/cc65/lib/c128.lib(status.o):
/mnt/d/retro/cc65/lib/c128.lib(staxsp.o):
    CODE              Offs=004B6D  Size=00000B  Align=00001  Fill=0000
/mnt/d/retro/cc65/lib/c128.lib(strcat.o):
    CODE              Offs=004B78  Size=000031  Align=00001  Fill=0000
/mnt/d/retro/cc65/lib/c128.lib(strchr.o):
    CODE              Offs=004BA9  Size=000027  Align=00001  Fill=0000
/mnt/d/retro/cc65/lib/c128.lib(strcpy.o):
    CODE              Offs=004BD0  Size=00001F  Align=00001  Fill=0000
/mnt/d/retro/cc65/lib/c128.lib(strlen.o):
    CODE              Offs=004BEF  Size=000016  Align=00001  Fill=0000
/mnt/d/retro/cc65/lib/c128.lib(strlower.o):
    CODE              Offs=004C05  Size=000027  Align=00001  Fill=0000
/mnt/d/retro/cc65/lib/c128.lib(sub.o):
    CODE              Offs=004C2C  Size=000015  Align=00001  Fill=0000
/mnt/d/retro/cc65/lib/c128.lib(subeqsp.o):
    CODE              Offs=004C41  Size=000015  Align=00001  Fill=0000
/mnt/d/retro/cc65/lib/c128.lib(subysp.o):
    CODE              Offs=004C56  Size=00000D  Align=00001  Fill=0000
/mnt/d/retro/cc65/lib/c128.lib(udiv.o):
    CODE              Offs=004C63  Size=00004F  Align=00001  Fill=0000
/mnt/d/retro/cc65/lib/c128.lib(vcprintf.o):
    CODE              Offs=004CB2  Size=000078  Align=00001  Fill=0000
    DATA              Offs=0014BA  Size=000008  Align=00001  Fill=0000
/mnt/d/retro/cc65/lib/c128.lib(vfprintf.o):
    CODE              Offs=004D2A  Size=000061  Align=00001  Fill=0000
    DATA              Offs=0014C2  Size=000008  Align=00001  Fill=0000
/mnt/d/retro/cc65/lib/c128.lib(videomode.o):
    CODE              Offs=004D8B  Size=000013  Align=00001  Fill=0000
/mnt/d/retro/cc65/lib/c128.lib(vsnprintf.o):
    CODE              Offs=004D9E  Size=0000DA  Align=00001  Fill=0000
    DATA              Offs=0014CA  Size=000008  Align=00001  Fill=0000
/mnt/d/retro/cc65/lib/c128.lib(vsprintf.o):
    CODE              Offs=004E78  Size=000012  Align=00001  Fill=0000
/mnt/d/retro/cc65/lib/c128.lib(write.o):
    CODE              Offs=004E8A  Size=000054  Align=00001  Fill=0000
    ONCE              Offs=00002B  Size=000011  Align=00001  Fill=0000
/mnt/d/retro/cc65/lib/c128.lib(zerobss.o):
    CODE              Offs=004EDE  Size=000023  Align=00001  Fill=0000
/mnt/d/retro/cc65/lib/c128.lib(zeropage.o):
    ZEROPAGE          Offs=000000  Size=00001A  Align=00001  Fill=0000
/mnt/d/retro/cc65/lib/c128.lib(c128-stdjoy-joy.o):
    CODE              Offs=004F01  Size=00002F  Align=00001  Fill=0000
    DATA              Offs=0014D2  Size=00000E  Align=00001  Fill=0000


Segment list:
-------------
Name                   Start     End    Size  Align
----------------------------------------------------
ZEROPAGE              000002  00001B  00001A  00001
MACO                  001300  001A43  000744  00001
LOADADDR              001BFF  001C00  000002  00001
EXEHDR                001C01  001C0C  00000C  00001
STARTUP               001C0D  001C5D  000051  00001
ONCE                  001C5E  001C9F  000042  00001
CODE                  001CA0  006BCF  004F30  00001
RODATA                006BD0  00702B  00045C  00001
DATA                  00702C  00850B  0014E0  00001
INIT                  00850C  008528  00001D  00001
BSS                   008529  008726  0001FE  00001


Exports list by name:
---------------------
BASIN                     00FFCF RLA    BSOUT                     00FFD2 RLA    
CHKIN                     00FFC6 RLA    CKOUT                     00FFC9 RLA    
CLOSE                     00FFC3 RLA    CLRCH                     00FFCC RLA    
CURS_X                    0000EC RLZ    CURS_Y                    0000EB RLZ    
LOAD                      00FFD5 RLA    OPEN                      00FFC0 RLA    
RDTIM                     00FFDE RLA    READST                    00FFB7 RLA    
SAVE                      00FFD8 RLA    SETLFS                    00FFBA RLA    
SETNAM                    00FFBD RLA    ST                        000090 RLZ    
SWAPPER                   00FF5F RLA    _PEEKB_core               001939 RLA    
_POKEB                    005AD6 RLA    _POKEB_core               001901 RLA    
_PlayMusic                001977 RLA    _SetLoadSaveBank          005AC6 RLA    
_SetLoadSaveBank_core     0018F8 RLA    _StopMusic                0019C8 RLA    
_VDC_CopyMemToVDC         004F40 RLA    _VDC_CopyMemToVDC_core    0015FD RLA    
_VDC_CopyVDCToMem         004F8A RLA    _VDC_CopyVDCToMem_core    001678 RLA    
_VDC_CopyViewPortToVDC    005578 RLA    _VDC_CopyViewPortToVDC_core 0017C8 RLA    
_VDC_DetectVDCMemSize_core 001393 RLA    _VDC_Exit                 005108 RLA    
_VDC_FillArea             00500B RLA    _VDC_FillArea_core        0017AE RLA    
_VDC_HChar                004EC5 RLA    _VDC_HChar_core           0014E1 RLA    
_VDC_Init                 005051 RLA    _VDC_LoadCharset          00535F RLA    
_VDC_LoadScreen           0053F8 RLA    _VDC_MemCopy_core         00146A RLA    
_VDC_Peek_core            001363 RLA    _VDC_PetsciiToScreenCode  005122 RLA    
_VDC_Plot                 0054F2 RLA    _VDC_PlotString           00552A RLA    
_VDC_Poke_core            001333 RLA    _VDC_PrintAt              0052DB RLA    
_VDC_ReadRegister_core    001312 RLA    _VDC_RedefineCharset_core 001700 RLA    
_VDC_ScrollCopy           005674 RLA    _VDC_ScrollCopy_core      001869 RLA    
_VDC_VChar                004F04 RLA    _VDC_VChar_core           001583 RLA    
_VDC_WriteRegister_core   001324 RLA    _VDC_addrh                001302 RLA    
_VDC_addrl                001303 RLA    _VDC_desth                001304 RLA    
_VDC_destl                001305 RLA    _VDC_regadd               001300 RLA    
_VDC_regval               001301 RLA    _VDC_strideh              001306 RLA    
_VDC_stridel              001307 RLA    _VDC_tmp1                 001309 RLA    
_VDC_tmp2                 00130A RLA    _VDC_tmp3                 00130B RLA    
_VDC_tmp4                 00130C RLA    _VDC_value                001308 RLA    
__BSS_RUN__               008529 RLA    __BSS_SIZE__              0001FE REA    
__CONSTRUCTOR_COUNT__     000003 REA    __CONSTRUCTOR_TABLE__     001C9A RLA    
__DESTRUCTOR_COUNT__      000001 REA    __DESTRUCTOR_TABLE__      00702A RLA    
__EXEHDR__                000001 REA    __LOADADDR__              000001 REA    
__MAIN_SIZE__             009BF3 REA    __MAIN_START__            001C0D RLA    
__STACKSIZE__             000800 REA    __STARTUP__               000001 REA    
__ctype                   006F41 RLA    __ctypeidx                006F4C RLA    
__directerrno             005B62 RLA    __errno                   00871F RLA    
__hextab                  006F25 RLA    __longminstr              006F35 RLA    
__mappederrno             005B6C RLA    __oserror                 0086F0 RLA    
__osmaperrno              006690 RLA    __printf                  005C6F RLA    
__seterrno                005F21 RLA    _bgcolor                  006100 RLA    
_bootdevice               008529 RLA    _bordercolor              006126 RLA    
_c128_stdjoy_joy          0084FE RLA    _cbm_close                005FB4 REA    
_cbm_k_close              005FB4 RLA    _cbm_k_load               005FB8 RLA    
_cbm_k_open               005FD5 RLA    _cbm_k_save               005FDE RLA    
_cbm_k_setlfs             005FF4 RLA    _cbm_k_setnam             006002 RLA    
_cbm_open                 00602C RLA    _cbm_read                 006042 RLA    
_cgetc                    00609D RLA    _clock                    0060CD RLA    
_clrscr                   00C142 REA    _cprintf                  006143 RLA    
_cputc                    006172 RLA    _cputs                    0061C0 RLA    
_cputsxy                  0061B6 RLA    _exit                     001C42 RLA    
_fwrite                   00627C RLA    _getcurrentdevice         0061F7 RLA    
_gotoxy                   0062FA RLA    _isprint                  00638B RLA    
_joy_install              006395 RLA    _joy_read                 0084DF REA    
_joy_static_stddrv        0084FE RLA    _joy_uninstall            0063D5 RLA    
_kbhit                    0063E2 RLA    _ltoa                     0064D9 RLA    
_main                     004AEB RLA    _memcpy                   006588 RLA    
_printf                   0066C0 RLA    _rand                     006750 RLA    
_set_c128_speed           005F2A RLA    _sprintf                  0067CC RLA    
_srand                    006744 RLA    _stdout                   008496 RLA    
_strcat                   006818 RLA    _strchr                   006849 RLA    
_strcpy                   006870 RLA    _strlen                   00688F RLA    
_strlower                 0068A5 RLA    _textcolor                0060D7 RLA    
_ultoa                    00651A RLA    _vcprintf                 00699A RLA    
_vfprintf                 006A02 RLA    _videomode                006A2B RLA    
_vsprintf                 006B18 RLA    _write                    006B2A RLA    
addeq0sp                  005F56 RLA    addeqysp                  005F58 RLA    
addysp                    005F68 RLA    addysp1                   005F67 RLA    
aslax2                    005F7D RLA    axlong                    005FA7 RLA    
axulong                   005FAD RLA    booleq                    006562 RLA    
boolult                   00657B RLA    callmain                  006015 RLA    
ctypemask                 0061D9 RLA    ctypemaskdirect           0061DD RLA    
cursor                    0086EF RLA    curunit                   008528 RLA    
decax1                    0061FD RLA    decaxy                    006204 RLA    
decsp1                    00620D RLA    decsp2                    006216 RLA    
decsp3                    006223 RLA    decsp4                    006230 RLA    
decsp5                    00623D RLA    decsp6                    00624A RLA    
decsp8                    006257 RLA    devnum                    0000BA RLZ    
donecgetc                 0060BE  LAI   donelib                   006137 RLA    
fdtab                     0084C6 RLA    gotoxy                    0062F7 RLA    
incax1                    006332 RLA    incax2                    006339 RLA    
incax4                    006345 RLA    incax8                    006340 RLA    
incaxy                    006347 RLA    incsp1                    006350 RLA    
incsp2                    00635F RLA    incsp3                    00636D RLA    
incsp4                    006372 RLA    incsp5                    006377 RLA    
incsp6                    00637C RLA    incsp7                    006381 RLA    
incsp8                    006386 RLA    initcgetc                 001C5E  LAI   
initcurunit               001C7D  LAI   initlib                   001C71 RLA    
initstdout                001C89  LAI   joy_libref                001C42 RLA    
joy_read                  0084DF RLA    ldax0sp                   006433 RLA    
ldaxi                     006426 RLA    ldaxysp                   006435 RLA    
ldeaxysp                  00643E RLA    leaa0sp                   00644F RLA    
mul8x16                   00661C RLA    mul8x16a                  006626 RLA    
mulax10                   006654 RLA    mulax3                    00666D RLA    
negax                     006682 RLA    negeax                    00645B RLA    
plot                      0061AE RLA    popa                      0066A6 RLA    
popax                     006357 RLA    popptr1                   0066B2 RLA    
popsargsudiv16            006796 RLA    ptr1                      00000A RLZ    
ptr2                      00000C RLZ    ptr3                      00000E RLZ    
ptr4                      000010 RLZ    push0                     00670E RLA    
push1                     0066F3 RLA    pusha                     0066FC RLA    
pusha0                    006710 RLA    pushax                    006712 RLA    
pusheax                   006482 RLA    pushw0sp                  006728 RLA    
pushwysp                  00672A RLA    regbank                   000016 RLZ    
return0                   006778 RLA    rwcommon                  00677C RLA    
shlax1                    005F75 RLA    shlax2                    005F7D RLA    
shlax3                    005F88 RLA    shlax4                    005F96 RLA    
shrax1                    0067B6 RLA    shrax3                    0067BE RLA    
sp                        000002 RLZ    sreg                      000004 RLZ    
staspidx                  0067F7 RLA    stax0sp                   00680D RLA    
staxysp                   00680F RLA    subeq0sp                  0068E1 RLA    
subeqysp                  0068E3 RLA    subysp                    0068F6 RLA    
tmp1                      000012 RLZ    tmp2                      000013 RLZ    
tmp3                      000014 RLZ    tosadda0                  005F3A RLA    
tosaddax                  005F3C RLA    toseqa0                   006266 RLA    
tosicmp                   006306 RLA    tosicmp0                  006304 RLA    
toslcmp                   0063EB RLA    tosmoda0                  0065C4 RLA    
tosmula0                  00661A RLA    tosmulax                  0065D5 RLA    
tossuba0                  0068CC RLA    tossubax                  0068CE RLA    
tossubeax                 0064A0 RLA    tosudivax                 006905 RLA    
tosulteax                 006556 RLA    tosumula0                 00661A RLA    
tosumulax                 0065D5 RLA    udiv16                    006914 RLA    
vsnprintf                 006A41 RLA    zerobss                   006B7E RLA    



Exports list by value:
----------------------
__DESTRUCTOR_COUNT__      000001 REA    __EXEHDR__                000001 REA    
__LOADADDR__              000001 REA    __STARTUP__               000001 REA    
sp                        000002 RLZ    __CONSTRUCTOR_COUNT__     000003 REA    
sreg                      000004 RLZ    ptr1                      00000A RLZ    
ptr2                      00000C RLZ    ptr3                      00000E RLZ    
ptr4                      000010 RLZ    tmp1                      000012 RLZ    
tmp2                      000013 RLZ    tmp3                      000014 RLZ    
regbank                   000016 RLZ    ST                        000090 RLZ    
devnum                    0000BA RLZ    CURS_Y                    0000EB RLZ    
CURS_X                    0000EC RLZ    __BSS_SIZE__              0001FE REA    
__STACKSIZE__             000800 REA    _VDC_regadd               001300 RLA    
_VDC_regval               001301 RLA    _VDC_addrh                001302 RLA    
_VDC_addrl                001303 RLA    _VDC_desth                001304 RLA    
_VDC_destl                001305 RLA    _VDC_strideh              001306 RLA    
_VDC_stridel              001307 RLA    _VDC_value                001308 RLA    
_VDC_tmp1                 001309 RLA    _VDC_tmp2                 00130A RLA    
_VDC_tmp3                 00130B RLA    _VDC_tmp4                 00130C RLA    
_VDC_ReadRegister_core    001312 RLA    _VDC_WriteRegister_core   001324 RLA    
_VDC_Poke_core            001333 RLA    _VDC_Peek_core            001363 RLA    
_VDC_DetectVDCMemSize_core 001393 RLA    _VDC_MemCopy_core         00146A RLA    
_VDC_HChar_core           0014E1 RLA    _VDC_VChar_core           001583 RLA    
_VDC_CopyMemToVDC_core    0015FD RLA    _VDC_CopyVDCToMem_core    001678 RLA    
_VDC_RedefineCharset_core 001700 RLA    _VDC_FillArea_core        0017AE RLA    
_VDC_CopyViewPortToVDC_core 0017C8 RLA    _VDC_ScrollCopy_core      001869 RLA    
_SetLoadSaveBank_core     0018F8 RLA    _POKEB_core               001901 RLA    
_PEEKB_core               001939 RLA    _PlayMusic                001977 RLA    
_StopMusic                0019C8 RLA    __MAIN_START__            001C0D RLA    
_exit                     001C42 RLA    joy_libref                001C42 RLA    
initcgetc                 001C5E  LAI   initlib                   001C71 RLA    
initcurunit               001C7D  LAI   initstdout                001C89  LAI   
__CONSTRUCTOR_TABLE__     001C9A RLA    _main                     004AEB RLA    
_VDC_HChar                004EC5 RLA    _VDC_VChar                004F04 RLA    
_VDC_CopyMemToVDC         004F40 RLA    _VDC_CopyVDCToMem         004F8A RLA    
_VDC_FillArea             00500B RLA    _VDC_Init                 005051 RLA    
_VDC_Exit                 005108 RLA    _VDC_PetsciiToScreenCode  005122 RLA    
_VDC_PrintAt              0052DB RLA    _VDC_LoadCharset          00535F RLA    
_VDC_LoadScreen           0053F8 RLA    _VDC_Plot                 0054F2 RLA    
_VDC_PlotString           00552A RLA    _VDC_CopyViewPortToVDC    005578 RLA    
_VDC_ScrollCopy           005674 RLA    _SetLoadSaveBank          005AC6 RLA    
_POKEB                    005AD6 RLA    __directerrno             005B62 RLA    
__mappederrno             005B6C RLA    __printf                  005C6F RLA    
__seterrno                005F21 RLA    _set_c128_speed           005F2A RLA    
tosadda0                  005F3A RLA    tosaddax                  005F3C RLA    
addeq0sp                  005F56 RLA    addeqysp                  005F58 RLA    
addysp1                   005F67 RLA    addysp                    005F68 RLA    
shlax1                    005F75 RLA    aslax2                    005F7D RLA    
shlax2                    005F7D RLA    shlax3                    005F88 RLA    
shlax4                    005F96 RLA    axlong                    005FA7 RLA    
axulong                   005FAD RLA    _cbm_close                005FB4 REA    
_cbm_k_close              005FB4 RLA    _cbm_k_load               005FB8 RLA    
_cbm_k_open               005FD5 RLA    _cbm_k_save               005FDE RLA    
_cbm_k_setlfs             005FF4 RLA    _cbm_k_setnam             006002 RLA    
callmain                  006015 RLA    _cbm_open                 00602C RLA    
_cbm_read                 006042 RLA    _cgetc                    00609D RLA    
donecgetc                 0060BE  LAI   _clock                    0060CD RLA    
_textcolor                0060D7 RLA    _bgcolor                  006100 RLA    
_bordercolor              006126 RLA    donelib                   006137 RLA    
_cprintf                  006143 RLA    _cputc                    006172 RLA    
plot                      0061AE RLA    _cputsxy                  0061B6 RLA    
_cputs                    0061C0 RLA    ctypemask                 0061D9 RLA    
ctypemaskdirect           0061DD RLA    _getcurrentdevice         0061F7 RLA    
decax1                    0061FD RLA    decaxy                    006204 RLA    
decsp1                    00620D RLA    decsp2                    006216 RLA    
decsp3                    006223 RLA    decsp4                    006230 RLA    
decsp5                    00623D RLA    decsp6                    00624A RLA    
decsp8                    006257 RLA    toseqa0                   006266 RLA    
_fwrite                   00627C RLA    gotoxy                    0062F7 RLA    
_gotoxy                   0062FA RLA    tosicmp0                  006304 RLA    
tosicmp                   006306 RLA    incax1                    006332 RLA    
incax2                    006339 RLA    incax8                    006340 RLA    
incax4                    006345 RLA    incaxy                    006347 RLA    
incsp1                    006350 RLA    popax                     006357 RLA    
incsp2                    00635F RLA    incsp3                    00636D RLA    
incsp4                    006372 RLA    incsp5                    006377 RLA    
incsp6                    00637C RLA    incsp7                    006381 RLA    
incsp8                    006386 RLA    _isprint                  00638B RLA    
_joy_install              006395 RLA    _joy_uninstall            0063D5 RLA    
_kbhit                    0063E2 RLA    toslcmp                   0063EB RLA    
ldaxi                     006426 RLA    ldax0sp                   006433 RLA    
ldaxysp                   006435 RLA    ldeaxysp                  00643E RLA    
leaa0sp                   00644F RLA    negeax                    00645B RLA    
pusheax                   006482 RLA    tossubeax                 0064A0 RLA    
_ltoa                     0064D9 RLA    _ultoa                    00651A RLA    
tosulteax                 006556 RLA    booleq                    006562 RLA    
boolult                   00657B RLA    _memcpy                   006588 RLA    
tosmoda0                  0065C4 RLA    tosmulax                  0065D5 RLA    
tosumulax                 0065D5 RLA    tosmula0                  00661A RLA    
tosumula0                 00661A RLA    mul8x16                   00661C RLA    
mul8x16a                  006626 RLA    mulax10                   006654 RLA    
mulax3                    00666D RLA    negax                     006682 RLA    
__osmaperrno              006690 RLA    popa                      0066A6 RLA    
popptr1                   0066B2 RLA    _printf                   0066C0 RLA    
push1                     0066F3 RLA    pusha                     0066FC RLA    
push0                     00670E RLA    pusha0                    006710 RLA    
pushax                    006712 RLA    pushw0sp                  006728 RLA    
pushwysp                  00672A RLA    _srand                    006744 RLA    
_rand                     006750 RLA    return0                   006778 RLA    
rwcommon                  00677C RLA    popsargsudiv16            006796 RLA    
shrax1                    0067B6 RLA    shrax3                    0067BE RLA    
_sprintf                  0067CC RLA    staspidx                  0067F7 RLA    
stax0sp                   00680D RLA    staxysp                   00680F RLA    
_strcat                   006818 RLA    _strchr                   006849 RLA    
_strcpy                   006870 RLA    _strlen                   00688F RLA    
_strlower                 0068A5 RLA    tossuba0                  0068CC RLA    
tossubax                  0068CE RLA    subeq0sp                  0068E1 RLA    
subeqysp                  0068E3 RLA    subysp                    0068F6 RLA    
tosudivax                 006905 RLA    udiv16                    006914 RLA    
_vcprintf                 00699A RLA    _vfprintf                 006A02 RLA    
_videomode                006A2B RLA    vsnprintf                 006A41 RLA    
_vsprintf                 006B18 RLA    _write                    006B2A RLA    
zerobss                   006B7E RLA    __hextab                  006F25 RLA    
__longminstr              006F35 RLA    __ctype                   006F41 RLA    
__ctypeidx                006F4C RLA    __DESTRUCTOR_TABLE__      00702A RLA    
_stdout                   008496 RLA    fdtab                     0084C6 RLA    
_joy_read                 0084DF REA    joy_read                  0084DF RLA    
_c128_stdjoy_joy          0084FE RLA    _joy_static_stddrv        0084FE RLA    
curunit                   008528 RLA    __BSS_RUN__               008529 RLA    
_bootdevice               008529 RLA    cursor                    0086EF RLA    
__oserror                 0086F0 RLA    __errno                   00871F RLA    
__MAIN_SIZE__             009BF3 REA    _clrscr                   00C142 REA    
SWAPPER                   00FF5F RLA    READST                    00FFB7 RLA    
SETLFS                    00FFBA RLA    SETNAM                    00FFBD RLA    
OPEN                      00FFC0 RLA    CLOSE                     00FFC3 RLA    
CHKIN                     00FFC6 RLA    CKOUT                     00FFC9 RLA    
CLRCH                     00FFCC RLA    BASIN                     00FFCF RLA    
BSOUT                     00FFD2 RLA    LOAD                      00FFD5 RLA    
SAVE                      00FFD8 RLA    RDTIM                     00FFDE RLA    



Imports list:
-------------
BASIN (kernal.o):
    cbm_read.o                cbm/cbm.inc:47
BSOUT (kernal.o):
    write.o                   cbm/cbm.inc:49
    videomode.o               c128/videomode.s:9
    crt0.o                    c128/crt0.s:10
CHKIN (kernal.o):
    cbm_read.o                cbm/cbm.inc:44
CKOUT (kernal.o):
    write.o                   cbm/cbm.inc:45
CLOSE (kernal.o):
    c_close.o                 cbm/cbm.inc:36
CLRCH (kernal.o):
    write.o                   cbm/cbm.inc:46
    cbm_read.o                cbm/cbm.inc:46
CURS_X (conio.o):
    gotoxy.o                  cbm/gotoxy.s:9
CURS_Y (conio.o):
    gotoxy.o                  cbm/gotoxy.s:9
LOAD (kernal.o):
    c_load.o                  cbm/cbm.inc:37
OPEN (kernal.o):
    write.o                   cbm/cbm.inc:35
    c_open.o                  cbm/cbm.inc:35
RDTIM (kernal.o):
    clock.o                   cbm/cbm.inc:40
READST (kernal.o):
    write.o                   cbm/cbm.inc:32
    cbm_read.o                cbm/cbm.inc:32
SAVE (kernal.o):
    c_save.o                  cbm/cbm.inc:38
SETLFS (kernal.o):
    write.o                   cbm/cbm.inc:33
    c_setlfs.o                cbm/cbm.inc:33
SETNAM (kernal.o):
    c_setnam.o                cbm/cbm.inc:34
ST (status.o):
    crt0.o                    c128/crt0.s:12
SWAPPER (kernal.o):
    videomode.o               c128/videomode.s:9
_PEEKB_core (vdc_core_assembly.o):
    vdc_core.o                src/vdc_core.s:59
_POKEB (vdc_core.o):
    main.o                    src/main.s:55
_POKEB_core (vdc_core_assembly.o):
    vdc_core.o                src/vdc_core.s:58
_PlayMusic (sidplay_assembly.o):
    sidplay.o                 src/sidplay.s:18
    main.o                    src/main.s:56
_SetLoadSaveBank (vdc_core.o):
    sidplay.o                 src/sidplay.s:17
_SetLoadSaveBank_core (vdc_core_assembly.o):
    vdc_core.o                src/vdc_core.s:57
_StopMusic (sidplay_assembly.o):
    main.o                    src/main.s:57
_VDC_CopyMemToVDC (vdc_core.o):
    main.o                    src/main.s:42
_VDC_CopyMemToVDC_core (vdc_core_assembly.o):
    vdc_core.o                src/vdc_core.s:51
_VDC_CopyVDCToMem (vdc_core.o):
    main.o                    src/main.s:43
_VDC_CopyVDCToMem_core (vdc_core_assembly.o):
    vdc_core.o                src/vdc_core.s:52
_VDC_CopyViewPortToVDC (vdc_core.o):
    main.o                    src/main.s:53
_VDC_CopyViewPortToVDC_core (vdc_core_assembly.o):
    vdc_core.o                src/vdc_core.s:55
_VDC_DetectVDCMemSize_core (vdc_core_assembly.o):
    vdc_core.o                src/vdc_core.s:47
_VDC_Exit (vdc_core.o):
    main.o                    src/main.s:46
_VDC_FillArea (vdc_core.o):
    main.o                    src/main.s:44
_VDC_FillArea_core (vdc_core_assembly.o):
    vdc_core.o                src/vdc_core.s:54
_VDC_HChar (vdc_core.o):
    main.o                    src/main.s:40
_VDC_HChar_core (vdc_core_assembly.o):
    vdc_core.o                src/vdc_core.s:49
_VDC_Init (vdc_core.o):
    main.o                    src/main.s:45
_VDC_LoadCharset (vdc_core.o):
    main.o                    src/main.s:49
_VDC_LoadScreen (vdc_core.o):
    main.o                    src/main.s:50
_VDC_MemCopy_core (vdc_core_assembly.o):
    vdc_core.o                src/vdc_core.s:48
_VDC_Peek_core (vdc_core_assembly.o):
    vdc_core.o                src/vdc_core.s:46
_VDC_PetsciiToScreenCode (vdc_core.o):
    main.o                    src/main.s:47
_VDC_Plot (vdc_core.o):
    main.o                    src/main.s:51
_VDC_PlotString (vdc_core.o):
    main.o                    src/main.s:52
_VDC_Poke_core (vdc_core_assembly.o):
    vdc_core.o                src/vdc_core.s:45
_VDC_PrintAt (vdc_core.o):
    main.o                    src/main.s:48
_VDC_ReadRegister_core (vdc_core_assembly.o):
    vdc_core.o                src/vdc_core.s:43
_VDC_RedefineCharset_core (vdc_core_assembly.o):
    vdc_core.o                src/vdc_core.s:53
_VDC_ScrollCopy (vdc_core.o):
    main.o                    src/main.s:54
_VDC_ScrollCopy_core (vdc_core_assembly.o):
    vdc_core.o                src/vdc_core.s:56
_VDC_VChar (vdc_core.o):
    main.o                    src/main.s:41
_VDC_VChar_core (vdc_core_assembly.o):
    vdc_core.o                src/vdc_core.s:50
_VDC_WriteRegister_core (vdc_core_assembly.o):
    vdc_core.o                src/vdc_core.s:44
_VDC_addrh (vdc_core_assembly.o):
    vdc_core.o                src/vdc_core.s:32
_VDC_addrl (vdc_core_assembly.o):
    vdc_core.o                src/vdc_core.s:33
_VDC_desth (vdc_core_assembly.o):
    vdc_core.o                src/vdc_core.s:34
_VDC_destl (vdc_core_assembly.o):
    vdc_core.o                src/vdc_core.s:35
_VDC_regadd (vdc_core_assembly.o):
    vdc_core.o                src/vdc_core.s:30
_VDC_regval (vdc_core_assembly.o):
    vdc_core.o                src/vdc_core.s:31
_VDC_strideh (vdc_core_assembly.o):
    vdc_core.o                src/vdc_core.s:36
_VDC_stridel (vdc_core_assembly.o):
    vdc_core.o                src/vdc_core.s:37
_VDC_tmp1 (vdc_core_assembly.o):
    vdc_core.o                src/vdc_core.s:39
_VDC_tmp2 (vdc_core_assembly.o):
    vdc_core.o                src/vdc_core.s:40
_VDC_tmp3 (vdc_core_assembly.o):
    vdc_core.o                src/vdc_core.s:41
_VDC_tmp4 (vdc_core_assembly.o):
    vdc_core.o                src/vdc_core.s:42
_VDC_value (vdc_core_assembly.o):
    vdc_core.o                src/vdc_core.s:38
__BSS_RUN__ ([linker generated]):
    zerobss.o                 common/zerobss.s:8
__BSS_SIZE__ ([linker generated]):
    zerobss.o                 common/zerobss.s:8
__CONSTRUCTOR_COUNT__ ([linker generated]):
    condes.o                  runtime/condes.s:18
__CONSTRUCTOR_TABLE__ ([linker generated]):
    condes.o                  runtime/condes.s:18
__DESTRUCTOR_COUNT__ ([linker generated]):
    condes.o                  runtime/condes.s:19
__DESTRUCTOR_TABLE__ ([linker generated]):
    condes.o                  runtime/condes.s:19
__EXEHDR__ (exehdr.o):
    [linker generated]        careers-cc65config.cfg:3
__LOADADDR__ (loadaddr.o):
    [linker generated]        careers-cc65config.cfg:2
__MAIN_SIZE__ ([linker generated]):
    crt0.o                    c128/crt0.s:11
__MAIN_START__ ([linker generated]):
    crt0.o                    c128/crt0.s:11
__STACKSIZE__ ([linker generated]):
    crt0.o                    c128/crt0.s:11
    [linker generated]        careers-cc65config.cfg:10
__STARTUP__ (crt0.o):
    main.o                    src/main.s:13
__ctype (ctype.o):
    ctypemask.o               common/ctypemask.s:23
__ctypeidx (ctype.o):
    ctypemask.o               common/ctypemask.s:24
__directerrno (_directerrno.o):
    write.o                   /mnt/d/retro/cc65/asminc/errno.inc:10
    vsnprintf.o               /mnt/d/retro/cc65/asminc/errno.inc:10
__errno (errno.o):
    _seterrno.o               /mnt/d/retro/cc65/asminc/errno.inc:7
__hextab (_hextab.o):
    ltoa.o                    common/ltoa.s:10
__longminstr (_longminstr.o):
    ltoa.o                    common/ltoa.s:10
__mappederrno (_mappederrno.o):
    write.o                   /mnt/d/retro/cc65/asminc/errno.inc:10
__oserror (_oserror.o):
    _mappederrno.o            /mnt/d/retro/cc65/asminc/errno.inc:7
    _directerrno.o            /mnt/d/retro/cc65/asminc/errno.inc:7
    write.o                   /mnt/d/retro/cc65/asminc/errno.inc:7
    cbm_read.o                cbm/cbm_read.s:44
    cbm_open.o                cbm/cbm_open.s:24
    c_load.o                  cbm/c_load.s:10
    main.o                    src/main.s:32
__osmaperrno (oserror.o):
    _mappederrno.o            /mnt/d/retro/cc65/asminc/errno.inc:8
__printf (_printf.o):
    vsnprintf.o               common/vsnprintf.s:10
    vfprintf.o                common/vfprintf.s:10
    vcprintf.o                conio/vcprintf.s:9
__seterrno (_seterrno.o):
    _mappederrno.o            /mnt/d/retro/cc65/asminc/errno.inc:9
    _directerrno.o            /mnt/d/retro/cc65/asminc/errno.inc:9
    fwrite.o                  /mnt/d/retro/cc65/asminc/errno.inc:9
_bgcolor (color.o):
    vdc_core.o                src/vdc_core.s:24
_bootdevice (main.o):
    vdc_core.o                src/vdc_core.s:28
_bordercolor (color.o):
    vdc_core.o                src/vdc_core.s:25
_c128_stdjoy_joy (c128-stdjoy-joy.o):
    joy_stat_stddrv.o         c128/joy_stat_stddrv.s:10
_cbm_close (cbm_close.o):
    vdc_core.o                src/vdc_core.s:20
    main.o                    src/main.s:20
_cbm_k_close (c_close.o):
    cbm_close.o               cbm/cbm_close.s:7
_cbm_k_load (c_load.o):
    sidplay.o                 src/sidplay.s:13
    vdc_core.o                src/vdc_core.s:15
_cbm_k_open (c_open.o):
    cbm_open.o                cbm/cbm_open.s:23
_cbm_k_save (c_save.o):
    vdc_core.o                src/vdc_core.s:16
_cbm_k_setlfs (c_setlfs.o):
    cbm_open.o                cbm/cbm_open.s:23
    sidplay.o                 src/sidplay.s:14
    vdc_core.o                src/vdc_core.s:17
_cbm_k_setnam (c_setnam.o):
    cbm_open.o                cbm/cbm_open.s:23
    sidplay.o                 src/sidplay.s:15
    vdc_core.o                src/vdc_core.s:18
_cbm_open (cbm_open.o):
    vdc_core.o                src/vdc_core.s:19
    main.o                    src/main.s:19
_cbm_read (cbm_read.o):
    vdc_core.o                src/vdc_core.s:21
    main.o                    src/main.s:21
_cgetc (cgetc.o):
    main.o                    src/main.s:28
_clock (clock.o):
    main.o                    src/main.s:35
_clrscr (clrscr.o):
    vdc_core.o                src/vdc_core.s:22
_cprintf (cprintf.o):
    main.o                    src/main.s:27
_cputc (cputc.o):
    vcprintf.o                conio/vcprintf.s:9
    cputs.o                   conio/cputs.s:9
    main.o                    src/main.s:24
_cputs (cputs.o):
    main.o                    src/main.s:25
_cputsxy (cputs.o):
    main.o                    src/main.s:26
_exit (crt0.o):
    libref.o                  c128/libref.s:11
    vdc_core.o                src/vdc_core.s:26
_fwrite (fwrite.o):
    vfprintf.o                common/vfprintf.s:10
_getcurrentdevice (curdevice.o):
    sidplay.o                 src/sidplay.s:16
    main.o                    src/main.s:34
_gotoxy (gotoxy.o):
    main.o                    src/main.s:23
_isprint (isprint.o):
    main.o                    src/main.s:33
_joy_install (joy-kernel.o):
    main.o                    src/main.s:37
_joy_read (joy_read.o):
    main.o                    src/main.s:39
_joy_static_stddrv (joy_stat_stddrv.o):
    main.o                    src/main.s:36
_joy_uninstall (joy-kernel.o):
    main.o                    src/main.s:38
_kbhit (kbhit.o):
    main.o                    src/main.s:22
_ltoa (ltoa.o):
    _printf.o                 common/_printf.s:12
_main (main.o):
    callmain.o                runtime/callmain.s:11
_memcpy (memcpy.o):
    vsnprintf.o               common/vsnprintf.s:10
_printf (printf.o):
    vdc_core.o                src/vdc_core.s:13
_rand (rand.o):
    main.o                    src/main.s:30
_set_c128_speed (acc_c128_speed.o):
    vdc_core.o                src/vdc_core.s:27
_sprintf (sprintf.o):
    main.o                    src/main.s:14
_srand (rand.o):
    main.o                    src/main.s:31
_stdout (_file.o):
    printf.o                  common/printf.s:8
_strcat (strcat.o):
    main.o                    src/main.s:15
_strchr (strchr.o):
    main.o                    src/main.s:16
_strcpy (strcpy.o):
    main.o                    src/main.s:17
_strlen (strlen.o):
    _printf.o                 common/_printf.s:13
    main.o                    src/main.s:18
_strlower (strlower.o):
    _printf.o                 common/_printf.s:13
_textcolor (color.o):
    vdc_core.o                src/vdc_core.s:23
    main.o                    src/main.s:29
_ultoa (ltoa.o):
    _printf.o                 common/_printf.s:12
_vcprintf (vcprintf.o):
    cprintf.o                 conio/cprintf.s:8
_vfprintf (vfprintf.o):
    printf.o                  common/printf.s:8
_videomode (videomode.o):
    vdc_core.o                src/vdc_core.s:14
_vsprintf (vsprintf.o):
    sprintf.o                 common/sprintf.s:8
_write (write.o):
    fwrite.o                  common/fwrite.s:10
addeq0sp (addeqsp.o):
    vdc_core.o                src/vdc_core.s:2062
    vdc_core.o                src/vdc_core.s:2062
    vdc_core.o                src/vdc_core.s:2062
    vdc_core.o                src/vdc_core.s:2062
addeqysp (addeqsp.o):
    vdc_core.o                src/vdc_core.s:2062
    vdc_core.o                src/vdc_core.s:2062
    vdc_core.o                src/vdc_core.s:2062
addysp (addysp.o):
    fwrite.o                  common/fwrite.s:11
    sprintf.o                 common/sprintf.s:8
    printf.o                  common/printf.s:8
    incsp8.o                  runtime/incsp8.s:8
    incsp7.o                  runtime/incsp7.s:8
    incsp6.o                  runtime/incsp6.s:8
    incsp5.o                  runtime/incsp5.s:8
    incsp4.o                  runtime/incsp4.s:8
    incsp3.o                  runtime/incsp3.s:8
    cprintf.o                 conio/cprintf.s:8
    vdc_core.o                src/vdc_core.s:2062
    vdc_core.o                src/vdc_core.s:2062
    vdc_core.o                src/vdc_core.s:2062
    vdc_core.o                src/vdc_core.s:2062
    main.o                    src/main.s:7706
    main.o                    src/main.s:7706
    main.o                    src/main.s:7706
    main.o                    src/main.s:7706
addysp1 (addysp.o):
    sub.o                     runtime/sub.s:8
    lsub.o                    runtime/lsub.s:11
aslax2 (aslax2.o):
    main.o                    src/main.s:7706
    main.o                    src/main.s:7706
    main.o                    src/main.s:7706
    main.o                    src/main.s:7706
    main.o                    src/main.s:7706
axlong (axlong.o):
    _printf.o                 common/_printf.s:11
axulong (axlong.o):
    _printf.o                 common/_printf.s:11
booleq (makebool.o):
    eq.o                      runtime/eq.s:8
    main.o                    src/main.s:7706
    main.o                    src/main.s:7706
    main.o                    src/main.s:7706
    main.o                    src/main.s:7706
boolult (makebool.o):
    lult.o                    runtime/lult.s:8
callmain (callmain.o):
    crt0.o                    c128/crt0.s:9
ctypemask (ctypemask.o):
    isprint.o                 common/isprint.s:15
ctypemaskdirect (ctypemask.o):
    strlower.o                common/strlower.s:14
cursor (_cursor.o):
    cgetc.o                   c128/cgetc.s:11
curunit (filevars.o):
    curdevice.o               cbm/curdevice.s:8
decax1 (decax1.o):
    main.o                    src/main.s:7706
    main.o                    src/main.s:7706
    main.o                    src/main.s:7706
    main.o                    src/main.s:7706
    main.o                    src/main.s:7706
    main.o                    src/main.s:7706
    main.o                    src/main.s:7706
decaxy (decaxy.o):
    vdc_core.o                src/vdc_core.s:2062
    vdc_core.o                src/vdc_core.s:2062
    main.o                    src/main.s:7706
    main.o                    src/main.s:7706
decsp1 (decsp1.o):
    vdc_core.o                src/vdc_core.s:2062
    vdc_core.o                src/vdc_core.s:2062
    main.o                    src/main.s:7706
    main.o                    src/main.s:7706
    main.o                    src/main.s:7706
    main.o                    src/main.s:7706
    main.o                    src/main.s:7706
    main.o                    src/main.s:7706
    main.o                    src/main.s:7706
decsp2 (decsp2.o):
    vdc_core.o                src/vdc_core.s:2062
    vdc_core.o                src/vdc_core.s:2062
    main.o                    src/main.s:7706
    main.o                    src/main.s:7706
    main.o                    src/main.s:7706
    main.o                    src/main.s:7706
decsp3 (decsp3.o):
    vdc_core.o                src/vdc_core.s:2062
    main.o                    src/main.s:7706
    main.o                    src/main.s:7706
    main.o                    src/main.s:7706
decsp4 (decsp4.o):
    sprintf.o                 common/sprintf.s:8
    lpush.o                   runtime/lpush.s:12
    vdc_core.o                src/vdc_core.s:2062
    main.o                    src/main.s:7706
decsp5 (decsp5.o):
    main.o                    src/main.s:7706
    main.o                    src/main.s:7706
decsp6 (decsp6.o):
    _printf.o                 common/_printf.s:11
decsp8 (decsp8.o):
    main.o                    src/main.s:7706
devnum (devnum.o):
    filevars.o                cbm/filevars.s:9
donelib (condes.o):
    crt0.o                    c128/crt0.s:7
fdtab (filedes.o):
    write.o                   cbm/filedes.inc:7
gotoxy (gotoxy.o):
    cputs.o                   conio/cputs.s:9
    cputc.o                   c128/cputc.s:11
incax1 (incax1.o):
    vdc_core.o                src/vdc_core.s:2062
    main.o                    src/main.s:7706
    main.o                    src/main.s:7706
    main.o                    src/main.s:7706
    main.o                    src/main.s:7706
incax2 (incax2.o):
    vdc_core.o                src/vdc_core.s:2062
incax4 (incaxy.o):
    main.o                    src/main.s:7706
incax8 (incax8.o):
    main.o                    src/main.s:7706
incaxy (incaxy.o):
    incax8.o                  runtime/incax8.s:8
    vdc_core.o                src/vdc_core.s:2062
    vdc_core.o                src/vdc_core.s:2062
    vdc_core.o                src/vdc_core.s:2062
    main.o                    src/main.s:7706
    main.o                    src/main.s:7706
    main.o                    src/main.s:7706
    main.o                    src/main.s:7706
    main.o                    src/main.s:7706
incsp1 (incsp1.o):
    vdc_core.o                src/vdc_core.s:2062
    vdc_core.o                src/vdc_core.s:2062
    vdc_core.o                src/vdc_core.s:2062
    vdc_core.o                src/vdc_core.s:2062
    main.o                    src/main.s:7706
    main.o                    src/main.s:7706
    main.o                    src/main.s:7706
    main.o                    src/main.s:7706
incsp2 (incsp2.o):
    vsnprintf.o               common/vsnprintf.s:9
    staspidx.o                runtime/staspidx.s:8
    popptr1.o                 runtime/popptr1.s:8
    sidplay.o                 src/sidplay.s:52
    vdc_core.o                src/vdc_core.s:2062
    vdc_core.o                src/vdc_core.s:2062
    vdc_core.o                src/vdc_core.s:2062
    vdc_core.o                src/vdc_core.s:2062
    main.o                    src/main.s:7706
    main.o                    src/main.s:7706
    main.o                    src/main.s:7706
    main.o                    src/main.s:7706
    main.o                    src/main.s:7706
incsp3 (incsp3.o):
    vdc_core.o                src/vdc_core.s:2062
    vdc_core.o                src/vdc_core.s:2062
    main.o                    src/main.s:7706
    main.o                    src/main.s:7706
    main.o                    src/main.s:7706
incsp4 (incsp4.o):
    lcmp.o                    runtime/lcmp.s:9
    vdc_core.o                src/vdc_core.s:2062
    vdc_core.o                src/vdc_core.s:2062
    main.o                    src/main.s:7706
    main.o                    src/main.s:7706
    main.o                    src/main.s:7706
incsp5 (incsp5.o):
    vdc_core.o                src/vdc_core.s:2062
    main.o                    src/main.s:7706
incsp6 (incsp6.o):
    vsnprintf.o               common/vsnprintf.s:9
    fwrite.o                  common/fwrite.s:11
    vfprintf.o                common/vfprintf.s:9
    vdc_core.o                src/vdc_core.s:2062
    vdc_core.o                src/vdc_core.s:2062
    vdc_core.o                src/vdc_core.s:2062
    main.o                    src/main.s:7706
    main.o                    src/main.s:7706
    main.o                    src/main.s:7706
incsp7 (incsp7.o):
    vdc_core.o                src/vdc_core.s:2062
    vdc_core.o                src/vdc_core.s:2062
    vdc_core.o                src/vdc_core.s:2062
    vdc_core.o                src/vdc_core.s:2062
    vdc_core.o                src/vdc_core.s:2062
    vdc_core.o                src/vdc_core.s:2062
    main.o                    src/main.s:7706
incsp8 (incsp8.o):
    vdc_core.o                src/vdc_core.s:2062
    vdc_core.o                src/vdc_core.s:2062
    vdc_core.o                src/vdc_core.s:2062
    main.o                    src/main.s:7706
    main.o                    src/main.s:7706
initlib (condes.o):
    crt0.o                    c128/crt0.s:7
joy_libref (libref.o):
    joy-kernel.o              joystick/joy-kernel.s:7
joy_read (joy-kernel.o):
    joy_read.o                /mnt/d/retro/cc65/asminc/joy-kernel.inc:71
ldax0sp (ldaxsp.o):
    sidplay.o                 src/sidplay.s:52
    vdc_core.o                src/vdc_core.s:2062
    vdc_core.o                src/vdc_core.s:2062
    main.o                    src/main.s:7706
ldaxi (ldaxi.o):
    main.o                    src/main.s:7706
ldaxysp (ldaxsp.o):
    vsnprintf.o               common/vsnprintf.s:9
    fwrite.o                  common/fwrite.s:11
    vdc_core.o                src/vdc_core.s:2062
    vdc_core.o                src/vdc_core.s:2062
    vdc_core.o                src/vdc_core.s:2062
    vdc_core.o                src/vdc_core.s:2062
    vdc_core.o                src/vdc_core.s:2062
    vdc_core.o                src/vdc_core.s:2062
    main.o                    src/main.s:7706
    main.o                    src/main.s:7706
    main.o                    src/main.s:7706
    main.o                    src/main.s:7706
    main.o                    src/main.s:7706
ldeaxysp (ldeaxysp.o):
    main.o                    src/main.s:7706
leaa0sp (leaaxsp.o):
    main.o                    src/main.s:7706
    main.o                    src/main.s:7706
    main.o                    src/main.s:7706
mul8x16 (mul8.o):
    mul.o                     runtime/mul.s:8
mul8x16a (mul8.o):
    mul.o                     runtime/mul.s:8
mulax10 (mulax10.o):
    main.o                    src/main.s:7706
    main.o                    src/main.s:7706
mulax3 (mulax3.o):
    main.o                    src/main.s:7706
    main.o                    src/main.s:7706
negax (negabs.o):
    shelp.o                   runtime/shelp.s:11
    mod.o                     runtime/mod.s:11
negeax (lneg.o):
    ltoa.o                    common/ltoa.s:9
plot (cputc.o):
    gotoxy.o                  cbm/gotoxy.s:8
popa (popa.o):
    gotoxy.o                  cbm/gotoxy.s:8
    cbm_read.o                cbm/cbm_read.s:43
    cbm_open.o                cbm/cbm_open.s:22
    c_setlfs.o                cbm/c_setlfs.s:12
    c_load.o                  cbm/c_load.s:11
popax (incsp2.o):
    rwcommon.o                cbm/rwcommon.s:9
    memcpy.o                  common/memcpy.s:14
    vsnprintf.o               common/vsnprintf.s:9
    ltoa.o                    common/ltoa.s:9
    _printf.o                 common/_printf.s:11
    vcprintf.o                conio/vcprintf.s:8
    strcpy.o                  common/strcpy.s:8
    strchr.o                  common/strchr.s:9
    strcat.o                  common/strcat.s:9
    shelp.o                   runtime/shelp.s:11
    cbm_read.o                cbm/cbm_read.s:43
popptr1 (popptr1.o):
    rwcommon.o                cbm/rwcommon.s:9
    memcpy.o                  common/memcpy.s:14
    ltoa.o                    common/ltoa.s:9
    vcprintf.o                conio/vcprintf.s:8
    udiv.o                    runtime/udiv.s:9
    mul8.o                    runtime/mul8.s:9
    mul.o                     runtime/mul.s:9
    c_save.o                  cbm/c_save.s:10
popsargsudiv16 (shelp.o):
    mod.o                     runtime/mod.s:11
ptr1 (zeropage.o):
    memcpy.o                  common/memcpy.s:15
    write.o                   cbm/write.s:11
    vsnprintf.o               common/vsnprintf.s:11
    strlower.o                common/strlower.s:13
    ltoa.o                    common/ltoa.s:11
    lcmp.o                    runtime/lcmp.s:10
    fwrite.o                  common/fwrite.s:14
    _printf.o                 /mnt/d/retro/cc65/asminc/zeropage.inc:12
    zerobss.o                 common/zerobss.s:9
    vfprintf.o                common/vfprintf.s:11
    vcprintf.o                conio/vcprintf.s:10
    udiv.o                    runtime/udiv.s:10
    strcpy.o                  common/strcpy.s:9
    strchr.o                  common/strchr.s:10
    strcat.o                  common/strcat.s:10
    staspidx.o                runtime/staspidx.s:9
    sprintf.o                 common/sprintf.s:9
    shelp.o                   runtime/shelp.s:12
    printf.o                  common/printf.s:9
    popptr1.o                 runtime/popptr1.s:9
    mulax3.o                  runtime/mulax3.s:9
    mulax10.o                 runtime/mulax10.s:9
    mul8.o                    runtime/mul8.s:10
    mul.o                     runtime/mul.s:10
    ldaxi.o                   runtime/ldaxi.s:8
    joy-kernel.o              joystick/joy-kernel.s:8
    cputs.o                   conio/cputs.s:10
    cprintf.o                 conio/cprintf.s:9
    cbm_read.o                cbm/cbm_read.s:42
    c_setnam.o                cbm/c_setnam.s:10
    c_save.o                  cbm/c_save.s:11
    c_load.o                  cbm/c_load.s:12
    vdc_core.o                src/vdc_core.s:11
    main.o                    src/main.s:11
ptr2 (zeropage.o):
    rwcommon.o                cbm/rwcommon.s:10
    memcpy.o                  common/memcpy.s:15
    write.o                   cbm/write.s:11
    strlower.o                common/strlower.s:13
    ltoa.o                    common/ltoa.s:11
    _printf.o                 /mnt/d/retro/cc65/asminc/zeropage.inc:12
    vcprintf.o                conio/vcprintf.s:10
    strlen.o                  common/strlen.s:12
    strcpy.o                  common/strcpy.s:9
    strcat.o                  common/strcat.s:10
    cbm_read.o                cbm/cbm_read.s:42
ptr3 (zeropage.o):
    rwcommon.o                cbm/rwcommon.s:10
    memcpy.o                  common/memcpy.s:15
    write.o                   cbm/write.s:11
    ltoa.o                    common/ltoa.s:11
    vcprintf.o                conio/vcprintf.s:10
    cbm_read.o                cbm/cbm_read.s:42
ptr4 (zeropage.o):
    udiv.o                    runtime/udiv.s:10
    shelp.o                   runtime/shelp.s:12
    mul8.o                    runtime/mul8.s:10
    mul.o                     runtime/mul.s:10
push0 (pushax.o):
    vdc_core.o                src/vdc_core.s:2062
    vdc_core.o                src/vdc_core.s:2062
    main.o                    src/main.s:7706
push1 (push1.o):
    _printf.o                 common/_printf.s:11
    vfprintf.o                common/vfprintf.s:9
pusha (pusha.o):
    sidplay.o                 src/sidplay.s:52
    vdc_core.o                src/vdc_core.s:2062
    vdc_core.o                src/vdc_core.s:2062
    vdc_core.o                src/vdc_core.s:2062
    vdc_core.o                src/vdc_core.s:2062
    vdc_core.o                src/vdc_core.s:2062
    vdc_core.o                src/vdc_core.s:2062
    vdc_core.o                src/vdc_core.s:2062
    vdc_core.o                src/vdc_core.s:2062
    vdc_core.o                src/vdc_core.s:2062
    vdc_core.o                src/vdc_core.s:2062
    vdc_core.o                src/vdc_core.s:2062
    vdc_core.o                src/vdc_core.s:2062
    vdc_core.o                src/vdc_core.s:2062
    vdc_core.o                src/vdc_core.s:2062
    vdc_core.o                src/vdc_core.s:2062
    vdc_core.o                src/vdc_core.s:2062
    vdc_core.o                src/vdc_core.s:2062
    vdc_core.o                src/vdc_core.s:2062
    vdc_core.o                src/vdc_core.s:2062
    vdc_core.o                src/vdc_core.s:2062
    vdc_core.o                src/vdc_core.s:2062
    vdc_core.o                src/vdc_core.s:2062
    vdc_core.o                src/vdc_core.s:2062
    vdc_core.o                src/vdc_core.s:2062
    vdc_core.o                src/vdc_core.s:2062
    main.o                    src/main.s:7706
    main.o                    src/main.s:7706
    main.o                    src/main.s:7706
    main.o                    src/main.s:7706
    main.o                    src/main.s:7706
    main.o                    src/main.s:7706
    main.o                    src/main.s:7706
    main.o                    src/main.s:7706
    main.o                    src/main.s:7706
    main.o                    src/main.s:7706
    main.o                    src/main.s:7706
    main.o                    src/main.s:7706
    main.o                    src/main.s:7706
    main.o                    src/main.s:7706
    main.o                    src/main.s:7706
    main.o                    src/main.s:7706
    main.o                    src/main.s:7706
    main.o                    src/main.s:7706
    main.o                    src/main.s:7706
    main.o                    src/main.s:7706
    main.o                    src/main.s:7706
    main.o                    src/main.s:7706
    main.o                    src/main.s:7706
    main.o                    src/main.s:7706
    main.o                    src/main.s:7706
    main.o                    src/main.s:7706
    main.o                    src/main.s:7706
    main.o                    src/main.s:7706
    main.o                    src/main.s:7706
pusha0 (pushax.o):
    push1.o                   runtime/push1.s:8
    vdc_core.o                src/vdc_core.s:2062
    vdc_core.o                src/vdc_core.s:2062
    vdc_core.o                src/vdc_core.s:2062
    vdc_core.o                src/vdc_core.s:2062
    main.o                    src/main.s:7706
    main.o                    src/main.s:7706
    main.o                    src/main.s:7706
    main.o                    src/main.s:7706
    main.o                    src/main.s:7706
    main.o                    src/main.s:7706
    main.o                    src/main.s:7706
    main.o                    src/main.s:7706
    main.o                    src/main.s:7706
    main.o                    src/main.s:7706
    main.o                    src/main.s:7706
    main.o                    src/main.s:7706
    main.o                    src/main.s:7706
    main.o                    src/main.s:7706
    main.o                    src/main.s:7706
    main.o                    src/main.s:7706
    main.o                    src/main.s:7706
    main.o                    src/main.s:7706
pushax (pushax.o):
    fwrite.o                  common/fwrite.s:11
    callmain.o                runtime/callmain.s:11
    _printf.o                 common/_printf.s:11
    vcprintf.o                conio/vcprintf.s:8
    printf.o                  common/printf.s:8
    cprintf.o                 conio/cprintf.s:8
    sidplay.o                 src/sidplay.s:52
    vdc_core.o                src/vdc_core.s:2062
    vdc_core.o                src/vdc_core.s:2062
    vdc_core.o                src/vdc_core.s:2062
    vdc_core.o                src/vdc_core.s:2062
    vdc_core.o                src/vdc_core.s:2062
    vdc_core.o                src/vdc_core.s:2062
    vdc_core.o                src/vdc_core.s:2062
    vdc_core.o                src/vdc_core.s:2062
    vdc_core.o                src/vdc_core.s:2062
    vdc_core.o                src/vdc_core.s:2062
    vdc_core.o                src/vdc_core.s:2062
    vdc_core.o                src/vdc_core.s:2062
    vdc_core.o                src/vdc_core.s:2062
    main.o                    src/main.s:7706
    main.o                    src/main.s:7706
    main.o                    src/main.s:7706
    main.o                    src/main.s:7706
    main.o                    src/main.s:7706
    main.o                    src/main.s:7706
    main.o                    src/main.s:7706
    main.o                    src/main.s:7706
    main.o                    src/main.s:7706
    main.o                    src/main.s:7706
    main.o                    src/main.s:7706
    main.o                    src/main.s:7706
    main.o                    src/main.s:7706
    main.o                    src/main.s:7706
    main.o                    src/main.s:7706
    main.o                    src/main.s:7706
    main.o                    src/main.s:7706
    main.o                    src/main.s:7706
    main.o                    src/main.s:7706
    main.o                    src/main.s:7706
    main.o                    src/main.s:7706
pusheax (lpush.o):
    _printf.o                 common/_printf.s:11
    main.o                    src/main.s:7706
pushw0sp (pushwsp.o):
    vsprintf.o                common/vsprintf.s:8
    vdc_core.o                src/vdc_core.s:2062
    vdc_core.o                src/vdc_core.s:2062
    main.o                    src/main.s:7706
pushwysp (pushwsp.o):
    fwrite.o                  common/fwrite.s:11
    vfprintf.o                common/vfprintf.s:9
    vdc_core.o                src/vdc_core.s:2062
    vdc_core.o                src/vdc_core.s:2062
    vdc_core.o                src/vdc_core.s:2062
    vdc_core.o                src/vdc_core.s:2062
    vdc_core.o                src/vdc_core.s:2062
    main.o                    src/main.s:7706
    main.o                    src/main.s:7706
regbank (zeropage.o):
    _printf.o                 /mnt/d/retro/cc65/asminc/zeropage.inc:14
return0 (return0.o):
    color.o                   c128/color.s:10
rwcommon (rwcommon.o):
    write.o                   cbm/write.s:10
shlax1 (aslax1.o):
    vdc_core.o                src/vdc_core.s:2062
shlax2 (aslax2.o):
    vdc_core.o                src/vdc_core.s:2062
shlax3 (aslax3.o):
    vdc_core.o                src/vdc_core.s:2062
shlax4 (aslax4.o):
    vdc_core.o                src/vdc_core.s:2062
shrax1 (shrax1.o):
    main.o                    src/main.s:7706
shrax3 (shrax3.o):
    vdc_core.o                src/vdc_core.s:2062
sp (zeropage.o):
    memcpy.o                  common/memcpy.s:15
    vsnprintf.o               common/vsnprintf.s:11
    lcmp.o                    runtime/lcmp.s:10
    decsp6.o                  runtime/decsp6.s:8
    _printf.o                 /mnt/d/retro/cc65/asminc/zeropage.inc:11
    vfprintf.o                common/vfprintf.s:11
    vcprintf.o                conio/vcprintf.s:10
    subysp.o                  runtime/subysp.s:9
    subeqsp.o                 runtime/subeqsp.s:8
    sub.o                     runtime/sub.s:9
    staxsp.o                  runtime/staxsp.s:8
    staspidx.o                runtime/staspidx.s:9
    sprintf.o                 common/sprintf.s:9
    pushwsp.o                 runtime/pushwsp.s:8
    pushax.o                  runtime/pushax.s:8
    pusha.o                   runtime/pusha.s:8
    printf.o                  common/printf.s:9
    popptr1.o                 runtime/popptr1.s:9
    popa.o                    runtime/popa.s:8
    lsub.o                    runtime/lsub.s:12
    lpush.o                   runtime/lpush.s:13
    leaaxsp.o                 runtime/leaaxsp.s:8
    ldeaxysp.o                runtime/ldeaxysp.s:12
    ldaxsp.o                  runtime/ldaxsp.s:8
    incsp2.o                  runtime/incsp2.s:8
    incsp1.o                  runtime/incsp1.s:8
    icmp.o                    runtime/icmp.s:9
    decsp8.o                  runtime/decsp8.s:8
    decsp5.o                  runtime/decsp5.s:8
    decsp4.o                  runtime/decsp4.s:8
    decsp3.o                  runtime/decsp3.s:8
    decsp2.o                  runtime/decsp2.s:8
    decsp1.o                  runtime/decsp1.s:8
    crt0.o                    /mnt/d/retro/cc65/asminc/zeropage.inc:11
    cprintf.o                 conio/cprintf.s:9
    addysp.o                  runtime/addysp.s:8
    addeqsp.o                 runtime/addeqsp.s:8
    add.o                     runtime/add.s:12
    vdc_core.o                src/vdc_core.s:10
    main.o                    src/main.s:10
sreg (zeropage.o):
    lneg.o                    runtime/lneg.s:11
    ltoa.o                    common/ltoa.s:11
    lcmp.o                    runtime/lcmp.s:10
    axlong.o                  runtime/axlong.s:9
    _printf.o                 /mnt/d/retro/cc65/asminc/zeropage.inc:11
    udiv.o                    runtime/udiv.s:10
    mod.o                     runtime/mod.s:12
    lsub.o                    runtime/lsub.s:12
    lpush.o                   runtime/lpush.s:13
    ldeaxysp.o                runtime/ldeaxysp.s:12
    icmp.o                    runtime/icmp.s:9
    clock.o                   cbm/clock.s:9
    main.o                    src/main.s:10
staspidx (staspidx.o):
    main.o                    src/main.s:7706
stax0sp (staxsp.o):
    vdc_core.o                src/vdc_core.s:2062
    vdc_core.o                src/vdc_core.s:2062
    vdc_core.o                src/vdc_core.s:2062
    vdc_core.o                src/vdc_core.s:2062
    vdc_core.o                src/vdc_core.s:2062
    vdc_core.o                src/vdc_core.s:2062
    vdc_core.o                src/vdc_core.s:2062
    main.o                    src/main.s:7706
staxysp (staxsp.o):
    vsprintf.o                common/vsprintf.s:8
    vdc_core.o                src/vdc_core.s:2062
    vdc_core.o                src/vdc_core.s:2062
    vdc_core.o                src/vdc_core.s:2062
subeq0sp (subeqsp.o):
    vdc_core.o                src/vdc_core.s:2062
    vdc_core.o                src/vdc_core.s:2062
subeqysp (subeqsp.o):
    vdc_core.o                src/vdc_core.s:2062
subysp (subysp.o):
    main.o                    src/main.s:7706
    main.o                    src/main.s:7706
tmp1 (zeropage.o):
    ltoa.o                    common/ltoa.s:11
    _printf.o                 /mnt/d/retro/cc65/asminc/zeropage.inc:13
    vcprintf.o                conio/vcprintf.s:10
    strchr.o                  common/strchr.s:10
    staspidx.o                runtime/staspidx.s:9
    shrax3.o                  runtime/shrax3.s:8
    shrax1.o                  runtime/shrax1.s:8
    shelp.o                   runtime/shelp.s:12
    mul.o                     runtime/mul.s:10
    mod.o                     runtime/mod.s:12
    incaxy.o                  runtime/incaxy.s:8
    decaxy.o                  runtime/decaxy.s:8
    cputs.o                   conio/cputs.s:10
    cbm_read.o                cbm/cbm_read.s:42
    c_setlfs.o                cbm/c_setlfs.s:13
    c_save.o                  cbm/c_save.s:11
    aslax4.o                  runtime/aslax4.s:8
    aslax3.o                  runtime/aslax3.s:8
    aslax2.o                  runtime/aslax2.s:8
    aslax1.o                  runtime/aslax1.s:8
    add.o                     runtime/add.s:12
    vdc_core.o                src/vdc_core.s:11
    main.o                    src/main.s:11
tmp2 (zeropage.o):
    rwcommon.o                cbm/rwcommon.s:10
    shelp.o                   runtime/shelp.s:12
tmp3 (zeropage.o):
    strcat.o                  common/strcat.s:10
tosadda0 (add.o):
    main.o                    src/main.s:7706
tosaddax (add.o):
    main.o                    src/main.s:7706
    main.o                    src/main.s:7706
    main.o                    src/main.s:7706
    main.o                    src/main.s:7706
    main.o                    src/main.s:7706
toseqa0 (eq.o):
    main.o                    src/main.s:7706
    main.o                    src/main.s:7706
tosicmp (icmp.o):
    eq.o                      runtime/eq.s:8
    main.o                    src/main.s:7706
tosicmp0 (icmp.o):
    main.o                    src/main.s:7706
toslcmp (lcmp.o):
    lult.o                    runtime/lult.s:8
tosmoda0 (mod.o):
    main.o                    src/main.s:7706
tosmula0 (mul8.o):
    main.o                    src/main.s:7706
    main.o                    src/main.s:7706
    main.o                    src/main.s:7706
    main.o                    src/main.s:7706
    main.o                    src/main.s:7706
    main.o                    src/main.s:7706
    main.o                    src/main.s:7706
    main.o                    src/main.s:7706
    main.o                    src/main.s:7706
    main.o                    src/main.s:7706
    main.o                    src/main.s:7706
    main.o                    src/main.s:7706
tosmulax (mul.o):
    main.o                    src/main.s:7706
    main.o                    src/main.s:7706
tossuba0 (sub.o):
    main.o                    src/main.s:7706
tossubax (sub.o):
    main.o                    src/main.s:7706
    main.o                    src/main.s:7706
tossubeax (lsub.o):
    main.o                    src/main.s:7706
tosudivax (udiv.o):
    fwrite.o                  common/fwrite.s:12
tosulteax (lult.o):
    main.o                    src/main.s:7706
tosumula0 (mul8.o):
    vdc_core.o                src/vdc_core.s:2062
    vdc_core.o                src/vdc_core.s:2062
    vdc_core.o                src/vdc_core.s:2062
    vdc_core.o                src/vdc_core.s:2062
    main.o                    src/main.s:7706
    main.o                    src/main.s:7706
    main.o                    src/main.s:7706
tosumulax (mul.o):
    fwrite.o                  common/fwrite.s:12
    vdc_core.o                src/vdc_core.s:2062
udiv16 (udiv.o):
    shelp.o                   runtime/shelp.s:11
vsnprintf (vsnprintf.o):
    vsprintf.o                common/vsprintf.s:9
zerobss (zerobss.o):
    crt0.o                    c128/crt0.s:8

