Modules list:
-------------
vdc_core_assembly.o:
    MACO              Offs=000000  Size=00047F  Align=00001  Fill=0000
sidplay_assembly.o:
    MACO              Offs=00047F  Size=0000D3  Align=00001  Fill=0000
careertext.o:
    CTXT              Offs=000000  Size=0005DE  Align=00001  Fill=0000
bootsect.o:
    BOOTSECT          Offs=000000  Size=000100  Align=00100  Fill=0000
main.o:
    CODE              Offs=000000  Size=004711  Align=00001  Fill=0000
    RODATA            Offs=000000  Size=0003D4  Align=00001  Fill=0000
    BSS               Offs=000000  Size=0001F6  Align=00001  Fill=0000
    DATA              Offs=000000  Size=000952  Align=00001  Fill=0000
ring1.o:
    OVERLAY1          Offs=000000  Size=001128  Align=00001  Fill=0000
ring2.o:
    OVERLAY2          Offs=000000  Size=00105D  Align=00001  Fill=0000
ring3.o:
    OVERLAY3          Offs=000000  Size=00110B  Align=00001  Fill=0000
ring4.o:
    OVERLAY4          Offs=000000  Size=0010F5  Align=00001  Fill=0000
career1.o:
    OVERLAY5          Offs=000000  Size=00113D  Align=00001  Fill=0000
career2.o:
    OVERLAY6          Offs=000000  Size=000A48  Align=00001  Fill=0000
menu1.o:
    OVERLAY7          Offs=000000  Size=001079  Align=00001  Fill=0000
menu2.o:
    OVERLAY8          Offs=000000  Size=001044  Align=00001  Fill=0000
menu3.o:
    OVERLAY9          Offs=000000  Size=000E51  Align=00001  Fill=0000
vdc_core.o:
    CODE              Offs=004711  Size=000D8D  Align=00001  Fill=0000
    RODATA            Offs=0003D4  Size=000050  Align=00001  Fill=0000
    DATA              Offs=000952  Size=000014  Align=00001  Fill=0000
sidplay.o:
    MACO              Offs=000552  Size=000033  Align=00001  Fill=0000
snes.o:
    BSS               Offs=0001F6  Size=000002  Align=00001  Fill=0000
    MACO              Offs=000585  Size=0000C9  Align=00001  Fill=0000
/mnt/d/retro/cc65/lib/c128.lib(_cursor.o):
    BSS               Offs=0001F8  Size=000001  Align=00001  Fill=0000
/mnt/d/retro/cc65/lib/c128.lib(_directerrno.o):
    CODE              Offs=00549E  Size=00000A  Align=00001  Fill=0000
/mnt/d/retro/cc65/lib/c128.lib(_file.o):
    DATA              Offs=000966  Size=00001E  Align=00001  Fill=0000
/mnt/d/retro/cc65/lib/c128.lib(_hextab.o):
    RODATA            Offs=000424  Size=000010  Align=00001  Fill=0000
/mnt/d/retro/cc65/lib/c128.lib(_longminstr.o):
    RODATA            Offs=000434  Size=00000C  Align=00001  Fill=0000
/mnt/d/retro/cc65/lib/c128.lib(_mappederrno.o):
    CODE              Offs=0054A8  Size=000010  Align=00001  Fill=0000
/mnt/d/retro/cc65/lib/c128.lib(_oserror.o):
    BSS               Offs=0001F9  Size=000001  Align=00001  Fill=0000
/mnt/d/retro/cc65/lib/c128.lib(_printf.o):
    CODE              Offs=0054B8  Size=0003A5  Align=00001  Fill=0000
    BSS               Offs=0001FA  Size=00002B  Align=00001  Fill=0000
    DATA              Offs=000984  Size=000003  Align=00001  Fill=0000
/mnt/d/retro/cc65/lib/c128.lib(_seterrno.o):
    CODE              Offs=00585D  Size=000009  Align=00001  Fill=0000
/mnt/d/retro/cc65/lib/c128.lib(acc_c128_speed.o):
    CODE              Offs=005866  Size=000010  Align=00001  Fill=0000
/mnt/d/retro/cc65/lib/c128.lib(add.o):
    CODE              Offs=005876  Size=00001C  Align=00001  Fill=0000
/mnt/d/retro/cc65/lib/c128.lib(addeqsp.o):
    CODE              Offs=005892  Size=000011  Align=00001  Fill=0000
/mnt/d/retro/cc65/lib/c128.lib(addysp.o):
    CODE              Offs=0058A3  Size=00000E  Align=00001  Fill=0000
/mnt/d/retro/cc65/lib/c128.lib(aslax1.o):
    CODE              Offs=0058B1  Size=000008  Align=00001  Fill=0000
/mnt/d/retro/cc65/lib/c128.lib(aslax2.o):
    CODE              Offs=0058B9  Size=00000B  Align=00001  Fill=0000
/mnt/d/retro/cc65/lib/c128.lib(aslax3.o):
    CODE              Offs=0058C4  Size=00000E  Align=00001  Fill=0000
/mnt/d/retro/cc65/lib/c128.lib(aslax4.o):
    CODE              Offs=0058D2  Size=000011  Align=00001  Fill=0000
/mnt/d/retro/cc65/lib/c128.lib(asleax1.o):
    CODE              Offs=0058E3  Size=00000C  Align=00001  Fill=0000
/mnt/d/retro/cc65/lib/c128.lib(axlong.o):
    CODE              Offs=0058EF  Size=00000D  Align=00001  Fill=0000
/mnt/d/retro/cc65/lib/c128.lib(bneg.o):
    CODE              Offs=0058FC  Size=00000E  Align=00001  Fill=0000
/mnt/d/retro/cc65/lib/c128.lib(c_close.o):
    CODE              Offs=00590A  Size=000004  Align=00001  Fill=0000
/mnt/d/retro/cc65/lib/c128.lib(c_load.o):
    CODE              Offs=00590E  Size=00001D  Align=00001  Fill=0000
/mnt/d/retro/cc65/lib/c128.lib(c_open.o):
    CODE              Offs=00592B  Size=000009  Align=00001  Fill=0000
/mnt/d/retro/cc65/lib/c128.lib(c_save.o):
    CODE              Offs=005934  Size=000016  Align=00001  Fill=0000
/mnt/d/retro/cc65/lib/c128.lib(c_setlfs.o):
    CODE              Offs=00594A  Size=00000E  Align=00001  Fill=0000
/mnt/d/retro/cc65/lib/c128.lib(c_setnam.o):
    CODE              Offs=005958  Size=000013  Align=00001  Fill=0000
/mnt/d/retro/cc65/lib/c128.lib(callmain.o):
    CODE              Offs=00596B  Size=000017  Align=00001  Fill=0000
    DATA              Offs=000987  Size=000004  Align=00001  Fill=0000
/mnt/d/retro/cc65/lib/c128.lib(cbm_close.o):
/mnt/d/retro/cc65/lib/c128.lib(cbm_load.o):
    CODE              Offs=005982  Size=000044  Align=00001  Fill=0000
/mnt/d/retro/cc65/lib/c128.lib(cbm_open.o):
    CODE              Offs=0059C6  Size=000016  Align=00001  Fill=0000
/mnt/d/retro/cc65/lib/c128.lib(cbm_read.o):
    CODE              Offs=0059DC  Size=00005B  Align=00001  Fill=0000
/mnt/d/retro/cc65/lib/c128.lib(cgetc.o):
    CODE              Offs=005A37  Size=000030  Align=00001  Fill=0000
    INIT              Offs=000000  Size=000002  Align=00001  Fill=0000
    ONCE              Offs=000000  Size=000013  Align=00001  Fill=0000
/mnt/d/retro/cc65/lib/c128.lib(clock.o):
    CODE              Offs=005A67  Size=00000A  Align=00001  Fill=0000
/mnt/d/retro/cc65/lib/c128.lib(clrscr.o):
/mnt/d/retro/cc65/lib/c128.lib(color.o):
    CODE              Offs=005A71  Size=000060  Align=00001  Fill=0000
/mnt/d/retro/cc65/lib/c128.lib(condes.o):
    CODE              Offs=005AD1  Size=00000C  Align=00001  Fill=0000
    DATA              Offs=00098B  Size=000025  Align=00001  Fill=0000
    ONCE              Offs=000013  Size=00000C  Align=00001  Fill=0000
/mnt/d/retro/cc65/lib/c128.lib(conio.o):
/mnt/d/retro/cc65/lib/c128.lib(cprintf.o):
    CODE              Offs=005ADD  Size=00002A  Align=00001  Fill=0000
    BSS               Offs=000225  Size=000001  Align=00001  Fill=0000
/mnt/d/retro/cc65/lib/c128.lib(cputc.o):
    CODE              Offs=005B07  Size=000049  Align=00001  Fill=0000
/mnt/d/retro/cc65/lib/c128.lib(cputs.o):
    CODE              Offs=005B50  Size=000023  Align=00001  Fill=0000
/mnt/d/retro/cc65/lib/c128.lib(crt0.o):
    BSS               Offs=000226  Size=000002  Align=00001  Fill=0000
    STARTUP           Offs=000000  Size=000051  Align=00001  Fill=0000
    INIT              Offs=000002  Size=00001A  Align=00001  Fill=0000
/mnt/d/retro/cc65/lib/c128.lib(ctype.o):
    RODATA            Offs=000440  Size=00008B  Align=00001  Fill=0000
/mnt/d/retro/cc65/lib/c128.lib(ctypemask.o):
    CODE              Offs=005B73  Size=00001E  Align=00001  Fill=0000
/mnt/d/retro/cc65/lib/c128.lib(curdevice.o):
    CODE              Offs=005B91  Size=000006  Align=00001  Fill=0000
/mnt/d/retro/cc65/lib/c128.lib(decax1.o):
    CODE              Offs=005B97  Size=000007  Align=00001  Fill=0000
/mnt/d/retro/cc65/lib/c128.lib(decaxy.o):
    CODE              Offs=005B9E  Size=000009  Align=00001  Fill=0000
/mnt/d/retro/cc65/lib/c128.lib(decsp1.o):
    CODE              Offs=005BA7  Size=000009  Align=00001  Fill=0000
/mnt/d/retro/cc65/lib/c128.lib(decsp2.o):
    CODE              Offs=005BB0  Size=00000D  Align=00001  Fill=0000
/mnt/d/retro/cc65/lib/c128.lib(decsp3.o):
    CODE              Offs=005BBD  Size=00000D  Align=00001  Fill=0000
/mnt/d/retro/cc65/lib/c128.lib(decsp4.o):
    CODE              Offs=005BCA  Size=00000D  Align=00001  Fill=0000
/mnt/d/retro/cc65/lib/c128.lib(decsp5.o):
    CODE              Offs=005BD7  Size=00000D  Align=00001  Fill=0000
/mnt/d/retro/cc65/lib/c128.lib(decsp6.o):
    CODE              Offs=005BE4  Size=00000D  Align=00001  Fill=0000
/mnt/d/retro/cc65/lib/c128.lib(decsp8.o):
    CODE              Offs=005BF1  Size=00000D  Align=00001  Fill=0000
/mnt/d/retro/cc65/lib/c128.lib(devnum.o):
/mnt/d/retro/cc65/lib/c128.lib(diskcmd.o):
    CODE              Offs=005BFE  Size=0000C4  Align=00001  Fill=0000
    BSS               Offs=000228  Size=000017  Align=00001  Fill=0000
/mnt/d/retro/cc65/lib/c128.lib(errno.o):
    BSS               Offs=00023F  Size=000002  Align=00001  Fill=0000
/mnt/d/retro/cc65/lib/c128.lib(exehdr.o):
    EXEHDR            Offs=000000  Size=00000C  Align=00001  Fill=0000
/mnt/d/retro/cc65/lib/c128.lib(filedes.o):
    CODE              Offs=005CC2  Size=00000E  Align=00001  Fill=0000
    DATA              Offs=0009B0  Size=000010  Align=00001  Fill=0000
/mnt/d/retro/cc65/lib/c128.lib(filename.o):
    CODE              Offs=005CD0  Size=0000A0  Align=00001  Fill=0000
    BSS               Offs=000241  Size=000003  Align=00001  Fill=0000
    DATA              Offs=0009C0  Size=000024  Align=00001  Fill=0000
/mnt/d/retro/cc65/lib/c128.lib(filetype.o):
    DATA              Offs=0009E4  Size=000001  Align=00001  Fill=0000
/mnt/d/retro/cc65/lib/c128.lib(filevars.o):
    INIT              Offs=00001C  Size=000001  Align=00001  Fill=0000
    ONCE              Offs=00001F  Size=00000C  Align=00001  Fill=0000
/mnt/d/retro/cc65/lib/c128.lib(fwrite.o):
    CODE              Offs=005D70  Size=00007B  Align=00001  Fill=0000
    BSS               Offs=000244  Size=000002  Align=00001  Fill=0000
/mnt/d/retro/cc65/lib/c128.lib(gotoxy.o):
    CODE              Offs=005DEB  Size=00000D  Align=00001  Fill=0000
/mnt/d/retro/cc65/lib/c128.lib(icmp.o):
    CODE              Offs=005DF8  Size=00002E  Align=00001  Fill=0000
/mnt/d/retro/cc65/lib/c128.lib(incax1.o):
    CODE              Offs=005E26  Size=000007  Align=00001  Fill=0000
/mnt/d/retro/cc65/lib/c128.lib(incax2.o):
    CODE              Offs=005E2D  Size=000007  Align=00001  Fill=0000
/mnt/d/retro/cc65/lib/c128.lib(incax3.o):
    CODE              Offs=005E34  Size=000005  Align=00001  Fill=0000
/mnt/d/retro/cc65/lib/c128.lib(incax5.o):
    CODE              Offs=005E39  Size=000005  Align=00001  Fill=0000
/mnt/d/retro/cc65/lib/c128.lib(incax6.o):
    CODE              Offs=005E3E  Size=000005  Align=00001  Fill=0000
/mnt/d/retro/cc65/lib/c128.lib(incax7.o):
    CODE              Offs=005E43  Size=000005  Align=00001  Fill=0000
/mnt/d/retro/cc65/lib/c128.lib(incax8.o):
    CODE              Offs=005E48  Size=000005  Align=00001  Fill=0000
/mnt/d/retro/cc65/lib/c128.lib(incaxy.o):
    CODE              Offs=005E4D  Size=00000B  Align=00001  Fill=0000
/mnt/d/retro/cc65/lib/c128.lib(incsp1.o):
    CODE              Offs=005E58  Size=000007  Align=00001  Fill=0000
/mnt/d/retro/cc65/lib/c128.lib(incsp2.o):
    CODE              Offs=005E5F  Size=000016  Align=00001  Fill=0000
/mnt/d/retro/cc65/lib/c128.lib(incsp3.o):
    CODE              Offs=005E75  Size=000005  Align=00001  Fill=0000
/mnt/d/retro/cc65/lib/c128.lib(incsp4.o):
    CODE              Offs=005E7A  Size=000005  Align=00001  Fill=0000
/mnt/d/retro/cc65/lib/c128.lib(incsp5.o):
    CODE              Offs=005E7F  Size=000005  Align=00001  Fill=0000
/mnt/d/retro/cc65/lib/c128.lib(incsp6.o):
    CODE              Offs=005E84  Size=000005  Align=00001  Fill=0000
/mnt/d/retro/cc65/lib/c128.lib(incsp7.o):
    CODE              Offs=005E89  Size=000005  Align=00001  Fill=0000
/mnt/d/retro/cc65/lib/c128.lib(incsp8.o):
    CODE              Offs=005E8E  Size=000005  Align=00001  Fill=0000
/mnt/d/retro/cc65/lib/c128.lib(isprint.o):
    CODE              Offs=005E93  Size=00000A  Align=00001  Fill=0000
/mnt/d/retro/cc65/lib/c128.lib(joy-kernel.o):
    CODE              Offs=005E9D  Size=00004D  Align=00001  Fill=0000
    RODATA            Offs=0004CB  Size=000004  Align=00001  Fill=0000
    BSS               Offs=000246  Size=000002  Align=00001  Fill=0000
    DATA              Offs=0009E5  Size=00000C  Align=00001  Fill=0000
/mnt/d/retro/cc65/lib/c128.lib(joy_read.o):
/mnt/d/retro/cc65/lib/c128.lib(joy_stat_stddrv.o):
/mnt/d/retro/cc65/lib/c128.lib(kbhit.o):
    CODE              Offs=005EEA  Size=000009  Align=00001  Fill=0000
/mnt/d/retro/cc65/lib/c128.lib(kernal.o):
/mnt/d/retro/cc65/lib/c128.lib(ladd.o):
    CODE              Offs=005EF3  Size=000025  Align=00001  Fill=0000
/mnt/d/retro/cc65/lib/c128.lib(laddeqsp.o):
    CODE              Offs=005F18  Size=000023  Align=00001  Fill=0000
/mnt/d/retro/cc65/lib/c128.lib(land.o):
    CODE              Offs=005F3B  Size=000024  Align=00001  Fill=0000
/mnt/d/retro/cc65/lib/c128.lib(lbneg.o):
    CODE              Offs=005F5F  Size=000011  Align=00001  Fill=0000
/mnt/d/retro/cc65/lib/c128.lib(lcmp.o):
    CODE              Offs=005F70  Size=00003B  Align=00001  Fill=0000
/mnt/d/retro/cc65/lib/c128.lib(ldaxi.o):
    CODE              Offs=005FAB  Size=00000D  Align=00001  Fill=0000
/mnt/d/retro/cc65/lib/c128.lib(ldaxsp.o):
    CODE              Offs=005FB8  Size=000009  Align=00001  Fill=0000
/mnt/d/retro/cc65/lib/c128.lib(ldeaxi.o):
    CODE              Offs=005FC1  Size=000017  Align=00001  Fill=0000
/mnt/d/retro/cc65/lib/c128.lib(ldeaxysp.o):
    CODE              Offs=005FD8  Size=000013  Align=00001  Fill=0000
/mnt/d/retro/cc65/lib/c128.lib(ldec.o):
    CODE              Offs=005FEB  Size=000015  Align=00001  Fill=0000
/mnt/d/retro/cc65/lib/c128.lib(leaaxsp.o):
    CODE              Offs=006000  Size=00000C  Align=00001  Fill=0000
/mnt/d/retro/cc65/lib/c128.lib(libref.o):
/mnt/d/retro/cc65/lib/c128.lib(lmul.o):
    CODE              Offs=00600C  Size=00005C  Align=00001  Fill=0000
/mnt/d/retro/cc65/lib/c128.lib(lneg.o):
    CODE              Offs=006068  Size=00001E  Align=00001  Fill=0000
/mnt/d/retro/cc65/lib/c128.lib(loadaddr.o):
    LOADADDR          Offs=000000  Size=000002  Align=00001  Fill=0000
/mnt/d/retro/cc65/lib/c128.lib(lpush.o):
    CODE              Offs=006086  Size=000021  Align=00001  Fill=0000
/mnt/d/retro/cc65/lib/c128.lib(lsub.o):
    CODE              Offs=0060A7  Size=000027  Align=00001  Fill=0000
/mnt/d/retro/cc65/lib/c128.lib(ltoa.o):
    CODE              Offs=0060CE  Size=000095  Align=00001  Fill=0000
/mnt/d/retro/cc65/lib/c128.lib(ludiv.o):
    CODE              Offs=006163  Size=00007A  Align=00001  Fill=0000
/mnt/d/retro/cc65/lib/c128.lib(lugt.o):
    CODE              Offs=0061DD  Size=000006  Align=00001  Fill=0000
/mnt/d/retro/cc65/lib/c128.lib(lult.o):
    CODE              Offs=0061E3  Size=000006  Align=00001  Fill=0000
/mnt/d/retro/cc65/lib/c128.lib(makebool.o):
    CODE              Offs=0061E9  Size=00002C  Align=00001  Fill=0000
/mnt/d/retro/cc65/lib/c128.lib(memcpy.o):
    CODE              Offs=006215  Size=00003C  Align=00001  Fill=0000
/mnt/d/retro/cc65/lib/c128.lib(mod.o):
    CODE              Offs=006251  Size=000011  Align=00001  Fill=0000
/mnt/d/retro/cc65/lib/c128.lib(mul.o):
    CODE              Offs=006262  Size=000045  Align=00001  Fill=0000
/mnt/d/retro/cc65/lib/c128.lib(mul8.o):
    CODE              Offs=0062A7  Size=00003A  Align=00001  Fill=0000
/mnt/d/retro/cc65/lib/c128.lib(mulax10.o):
    CODE              Offs=0062E1  Size=000019  Align=00001  Fill=0000
/mnt/d/retro/cc65/lib/c128.lib(mulax3.o):
    CODE              Offs=0062FA  Size=000011  Align=00001  Fill=0000
/mnt/d/retro/cc65/lib/c128.lib(negabs.o):
    CODE              Offs=00630B  Size=000012  Align=00001  Fill=0000
/mnt/d/retro/cc65/lib/c128.lib(oserror.o):
    CODE              Offs=00631D  Size=000016  Align=00001  Fill=0000
    RODATA            Offs=0004CF  Size=00005A  Align=00001  Fill=0000
/mnt/d/retro/cc65/lib/c128.lib(overlayaddr.o):
    OVL1ADDR          Offs=000000  Size=000002  Align=00001  Fill=0000
    OVL2ADDR          Offs=000000  Size=000002  Align=00001  Fill=0000
    OVL3ADDR          Offs=000000  Size=000002  Align=00001  Fill=0000
    OVL4ADDR          Offs=000000  Size=000002  Align=00001  Fill=0000
    OVL5ADDR          Offs=000000  Size=000002  Align=00001  Fill=0000
    OVL6ADDR          Offs=000000  Size=000002  Align=00001  Fill=0000
    OVL7ADDR          Offs=000000  Size=000002  Align=00001  Fill=0000
    OVL8ADDR          Offs=000000  Size=000002  Align=00001  Fill=0000
    OVL9ADDR          Offs=000000  Size=000002  Align=00001  Fill=0000
/mnt/d/retro/cc65/lib/c128.lib(popa.o):
    CODE              Offs=006333  Size=00000C  Align=00001  Fill=0000
/mnt/d/retro/cc65/lib/c128.lib(popptr1.o):
    CODE              Offs=00633F  Size=00000E  Align=00001  Fill=0000
/mnt/d/retro/cc65/lib/c128.lib(printf.o):
    CODE              Offs=00634D  Size=000033  Align=00001  Fill=0000
    BSS               Offs=000248  Size=000001  Align=00001  Fill=0000
/mnt/d/retro/cc65/lib/c128.lib(push1.o):
    CODE              Offs=006380  Size=000005  Align=00001  Fill=0000
/mnt/d/retro/cc65/lib/c128.lib(pusha.o):
    CODE              Offs=006385  Size=000016  Align=00001  Fill=0000
/mnt/d/retro/cc65/lib/c128.lib(pushax.o):
    CODE              Offs=00639B  Size=00001A  Align=00001  Fill=0000
/mnt/d/retro/cc65/lib/c128.lib(pushw.o):
    CODE              Offs=0063B5  Size=00000F  Align=00001  Fill=0000
/mnt/d/retro/cc65/lib/c128.lib(pushwsp.o):
    CODE              Offs=0063C4  Size=00001C  Align=00001  Fill=0000
/mnt/d/retro/cc65/lib/c128.lib(rand.o):
    CODE              Offs=0063E0  Size=000034  Align=00001  Fill=0000
    DATA              Offs=0009F1  Size=000004  Align=00001  Fill=0000
/mnt/d/retro/cc65/lib/c128.lib(remove.o):
    CODE              Offs=006414  Size=000006  Align=00001  Fill=0000
/mnt/d/retro/cc65/lib/c128.lib(return0.o):
    CODE              Offs=00641A  Size=000004  Align=00001  Fill=0000
/mnt/d/retro/cc65/lib/c128.lib(rwcommon.o):
    CODE              Offs=00641E  Size=00001A  Align=00001  Fill=0000
/mnt/d/retro/cc65/lib/c128.lib(scratch.o):
    CODE              Offs=006438  Size=000019  Align=00001  Fill=0000
/mnt/d/retro/cc65/lib/c128.lib(shelp.o):
    CODE              Offs=006451  Size=000020  Align=00001  Fill=0000
/mnt/d/retro/cc65/lib/c128.lib(shrax1.o):
    CODE              Offs=006471  Size=000008  Align=00001  Fill=0000
/mnt/d/retro/cc65/lib/c128.lib(shrax3.o):
    CODE              Offs=006479  Size=00000E  Align=00001  Fill=0000
/mnt/d/retro/cc65/lib/c128.lib(shreax1.o):
    CODE              Offs=006487  Size=00000C  Align=00001  Fill=0000
/mnt/d/retro/cc65/lib/c128.lib(shreax2.o):
    CODE              Offs=006493  Size=000013  Align=00001  Fill=0000
/mnt/d/retro/cc65/lib/c128.lib(sprintf.o):
    CODE              Offs=0064A6  Size=00002B  Align=00001  Fill=0000
    BSS               Offs=000249  Size=000001  Align=00001  Fill=0000
/mnt/d/retro/cc65/lib/c128.lib(staspidx.o):
    CODE              Offs=0064D1  Size=000016  Align=00001  Fill=0000
/mnt/d/retro/cc65/lib/c128.lib(status.o):
/mnt/d/retro/cc65/lib/c128.lib(staxsp.o):
    CODE              Offs=0064E7  Size=00000B  Align=00001  Fill=0000
/mnt/d/retro/cc65/lib/c128.lib(steaxsp.o):
    CODE              Offs=0064F2  Size=000015  Align=00001  Fill=0000
/mnt/d/retro/cc65/lib/c128.lib(steaxspi.o):
    CODE              Offs=006507  Size=000022  Align=00001  Fill=0000
/mnt/d/retro/cc65/lib/c128.lib(strcat.o):
    CODE              Offs=006529  Size=000031  Align=00001  Fill=0000
/mnt/d/retro/cc65/lib/c128.lib(strchr.o):
    CODE              Offs=00655A  Size=000027  Align=00001  Fill=0000
/mnt/d/retro/cc65/lib/c128.lib(strlen.o):
    CODE              Offs=006581  Size=000016  Align=00001  Fill=0000
/mnt/d/retro/cc65/lib/c128.lib(strlower.o):
    CODE              Offs=006597  Size=000027  Align=00001  Fill=0000
/mnt/d/retro/cc65/lib/c128.lib(sub.o):
    CODE              Offs=0065BE  Size=000015  Align=00001  Fill=0000
/mnt/d/retro/cc65/lib/c128.lib(subeqsp.o):
    CODE              Offs=0065D3  Size=000015  Align=00001  Fill=0000
/mnt/d/retro/cc65/lib/c128.lib(subysp.o):
    CODE              Offs=0065E8  Size=00000D  Align=00001  Fill=0000
/mnt/d/retro/cc65/lib/c128.lib(sysremove.o):
    CODE              Offs=0065F5  Size=000009  Align=00001  Fill=0000
/mnt/d/retro/cc65/lib/c128.lib(toslong.o):
    CODE              Offs=0065FE  Size=000038  Align=00001  Fill=0000
/mnt/d/retro/cc65/lib/c128.lib(udiv.o):
    CODE              Offs=006636  Size=00004F  Align=00001  Fill=0000
/mnt/d/retro/cc65/lib/c128.lib(vcprintf.o):
    CODE              Offs=006685  Size=000078  Align=00001  Fill=0000
    DATA              Offs=0009F5  Size=000008  Align=00001  Fill=0000
/mnt/d/retro/cc65/lib/c128.lib(vfprintf.o):
    CODE              Offs=0066FD  Size=000061  Align=00001  Fill=0000
    DATA              Offs=0009FD  Size=000008  Align=00001  Fill=0000
/mnt/d/retro/cc65/lib/c128.lib(videomode.o):
    CODE              Offs=00675E  Size=000013  Align=00001  Fill=0000
/mnt/d/retro/cc65/lib/c128.lib(vsnprintf.o):
    CODE              Offs=006771  Size=0000DA  Align=00001  Fill=0000
    DATA              Offs=000A05  Size=000008  Align=00001  Fill=0000
/mnt/d/retro/cc65/lib/c128.lib(vsprintf.o):
    CODE              Offs=00684B  Size=000012  Align=00001  Fill=0000
/mnt/d/retro/cc65/lib/c128.lib(write.o):
    CODE              Offs=00685D  Size=000054  Align=00001  Fill=0000
    ONCE              Offs=00002B  Size=000011  Align=00001  Fill=0000
/mnt/d/retro/cc65/lib/c128.lib(zerobss.o):
    CODE              Offs=0068B1  Size=000023  Align=00001  Fill=0000
/mnt/d/retro/cc65/lib/c128.lib(zeropage.o):
    ZEROPAGE          Offs=000000  Size=00001A  Align=00001  Fill=0000
/mnt/d/retro/cc65/lib/c128.lib(c128-stdjoy-joy.o):
    CODE              Offs=0068D4  Size=00002F  Align=00001  Fill=0000
    DATA              Offs=000A0D  Size=00000E  Align=00001  Fill=0000


Segment list:
-------------
Name                   Start     End    Size  Align
----------------------------------------------------
ZEROPAGE              000002  00001B  00001A  00001
BOOTSECT              000B00  000BFF  000100  00100
MACO                  001300  00194D  00064E  00001
LOADADDR              001BFF  001C00  000002  00001
EXEHDR                001C01  001C0C  00000C  00001
STARTUP               001C0D  001C5D  000051  00001
ONCE                  001C5E  001C9F  000042  00001
CODE                  001CA0  0085A2  006903  00001
RODATA                0085A3  008ACD  00052B  00001
DATA                  008ACE  0094E8  000A1B  00001
CTXT                  008DBE  00939B  0005DE  00001
INIT                  0094E9  009505  00001D  00001
BSS                   009506  00974F  00024A  00001
OVL1ADDR              00AE3E  00AE3F  000002  00001
OVL2ADDR              00AE3E  00AE3F  000002  00001
OVL3ADDR              00AE3E  00AE3F  000002  00001
OVL4ADDR              00AE3E  00AE3F  000002  00001
OVL5ADDR              00AE3E  00AE3F  000002  00001
OVL6ADDR              00AE3E  00AE3F  000002  00001
OVL7ADDR              00AE3E  00AE3F  000002  00001
OVL8ADDR              00AE3E  00AE3F  000002  00001
OVL9ADDR              00AE3E  00AE3F  000002  00001
OVERLAY1              00AE40  00BF67  001128  00001
OVERLAY2              00AE40  00BE9C  00105D  00001
OVERLAY3              00AE40  00BF4A  00110B  00001
OVERLAY4              00AE40  00BF34  0010F5  00001
OVERLAY5              00AE40  00BF7C  00113D  00001
OVERLAY6              00AE40  00B887  000A48  00001
OVERLAY7              00AE40  00BEB8  001079  00001
OVERLAY8              00AE40  00BE83  001044  00001
OVERLAY9              00AE40  00BC90  000E51  00001


Exports list by name:
---------------------
BASIN                     00FFCF RLA    BSOUT                     00FFD2 RLA    
CHKIN                     00FFC6 RLA    CKOUT                     00FFC9 RLA    
CLOSE                     00FFC3 RLA    CLRCH                     00FFCC RLA    
CURS_X                    0000EC RLZ    CURS_Y                    0000EB RLZ    
LOAD                      00FFD5 RLA    OPEN                      00FFC0 RLA    
RDTIM                     00FFDE RLA    READST                    00FFB7 RLA    
SAVE                      00FFD8 RLA    SETLFS                    00FFBA RLA    
SETNAM                    00FFBD RLA    ST                        000090 RLZ    
SWAPPER                   00FF5F RLA    _BankMemCopy              0070B2 RLA    
_BankMemCopy_core         0016EC RLA    _BankMemSet_core          00174D RLA    
_LoadMusic                001852 RLA    _PEEKB                    00708B RLA    
_PEEKB_core               0016D4 RLA    _POKEB                    007064 RLA    
_POKEB_core               0016BC RLA    _PlayMusic                001785 RLA    
_SNES                     0096FC RLA    _SetLoadSaveBank          007054 RLA    
_SetLoadSaveBank_core     0016B3 RLA    _StopMusic                0017D6 RLA    
_VDC_CopyMemToVDC         0064CE RLA    _VDC_CopyMemToVDC_core    0014E0 RLA    
_VDC_CopyVDCToMem         006518 RLA    _VDC_CopyVDCToMem_core    001523 RLA    
_VDC_CopyViewPortToVDC    006B06 RLA    _VDC_CopyViewPortToVDC_core 0015EB RLA    
_VDC_DetectVDCMemSize_core 001396 RLA    _VDC_Exit                 006696 RLA    
_VDC_FillArea             006599 RLA    _VDC_FillArea_core        0015D1 RLA    
_VDC_HChar                006453 RLA    _VDC_HChar_core           001444 RLA    
_VDC_Init                 0065DF RLA    _VDC_LoadCharset          0068ED RLA    
_VDC_LoadScreen           006986 RLA    _VDC_MemCopy_core         0013FD RLA    
_VDC_Peek_core            00137E RLA    _VDC_PetsciiToScreenCode  0066B0 RLA    
_VDC_Plot                 006A80 RLA    _VDC_PlotString           006AB8 RLA    
_VDC_Poke_core            001366 RLA    _VDC_PrintAt              006869 RLA    
_VDC_ReadRegister_core    001352 RLA    _VDC_RedefineCharset_core 001573 RLA    
_VDC_ScrollCopy           006C02 RLA    _VDC_ScrollCopy_core      001654 RLA    
_VDC_VChar                006492 RLA    _VDC_VChar_core           001496 RLA    
_VDC_WriteRegister_core   00135C RLA    _VDC_addrh                001302 RLA    
_VDC_addrl                001303 RLA    _VDC_desth                001304 RLA    
_VDC_destl                001305 RLA    _VDC_regadd               001300 RLA    
_VDC_regval               001301 RLA    _VDC_strideh              001306 RLA    
_VDC_stridel              001307 RLA    _VDC_tmp1                 001309 RLA    
_VDC_tmp2                 00130A RLA    _VDC_tmp3                 00130B RLA    
_VDC_tmp4                 00130C RLA    _VDC_value                001308 RLA    
__BSS_RUN__               009506 RLA    __BSS_SIZE__              00024A REA    
__CONSTRUCTOR_COUNT__     000003 REA    __CONSTRUCTOR_TABLE__     001C9A RLA    
__DESTRUCTOR_COUNT__      000001 REA    __DESTRUCTOR_TABLE__      008ACC RLA    
__EXEHDR__                000001 REA    __LOADADDR__              000001 REA    
__MAIN_SIZE__             008A33 REA    __MAIN_START__            001C0D RLA    
__OVERLAYADDR__           000001 REA    __OVERLAYSIZE__           0011C0 REA    
__STACKSIZE__             000800 REA    __STARTUP__               000001 REA    
__ctype                   0089E3 RLA    __ctypeidx                0089EE RLA    
__directerrno             00713E RLA    __errno                   009745 RLA    
__filetype                0094B2 RLA    __hextab                  0089C7 RLA    
__longminstr              0089D7 RLA    __mappederrno             007148 RLA    
__oserror                 0096FF RLA    __osmaperrno              007FBD RLA    
__printf                  00724B RLA    __seterrno                0074FD RLA    
__sysremove               008295 RLA    _alldirections            008ECE RLA    
_anotherturn              0096F5 RLA    _bgcolor                  00773A RLA    
_board_reposition         003594 RLA    _board_scroll             00BC6F RLA    
_bootdevice               009545 RLA    _bordercolor              007760 RLA    
_buffer                   00956E RLA    _c128_stdjoy_joy          0094DB RLA    
_card_selectopportunity   004874 RLA    _cards_actiontext         004999 RLA    
_cards_show               00B1C0 RLA    _cards_useexperience      00AF17 RLA    
_cards_useopportunity     00AFFF RLA    _career                   008F57 RLA    
_career_endofcareer       00B925 RLA    _career_generic           00B0CF RLA    
_career_getexperiencecard 00B249 RLA    _career_getfame           00B7CC RLA    
_career_getfamebuthospital 00B80B RLA    _career_getfamenohappiness 00B40D RLA    
_career_gethappiness      00B18D RLA    _career_gethappinessandfame 00B449 RLA    
_career_getmoney          00B671 RLA    _career_getmoneyandfame   00B238 RLA    
_career_getmoneytimesdie  00B355 RLA    _career_getopportunitycard 00AFC1 RLA    
_career_getsalary         00B10F RLA    _career_getsalarytimesdie 00B4F5 RLA    
_career_gotohospital      00B61A RLA    _career_gotoparkbench     00B5B9 RLA    
_career_looaseallcash     00B637 RLA    _career_looseallfame      00B605 RLA    
_career_loosehalffame     00B38E RLA    _career_loosehalfmoney    00B715 RLA    
_career_loosehalfsalary   00B1B3 RLA    _career_loosemoneyorparkbench 00B67B RLA    
_career_skipturn          00B79A RLA    _career_throwagain        00B5E9 RLA    
_career_waitforkey        00B180 RLA    _careerfield              00900F RLA    
_cbm_close                0075AA REA    _cbm_k_close              0075AA RLA    
_cbm_k_load               0075AE RLA    _cbm_k_open               0075CB RLA    
_cbm_k_save               0075D4 RLA    _cbm_k_setlfs             0075EA RLA    
_cbm_k_setnam             0075F8 RLA    _cbm_load                 007622 RLA    
_cbm_open                 007666 RLA    _cbm_read                 00767C RLA    
_cgetc                    0076D7 RLA    _checkforbump_check       005674 RLA    
_clock                    007707 RLA    _clrscr                   00C142 REA    
_computer_hospitalparkbench 00BC36 RLA    _computer_playexperiencecards 00B84D RLA    
_computer_playopportunitycards 00B784 RLA    _cprintf                  00777D RLA    
_cputc                    0077AC RLA    _cputs                    0077FA RLA    
_cputsxy                  0077F0 RLA    _dice_throw               0045FF RLA    
_dice_total               0096FA RLA    _exit                     001C42 RLA    
_fieldinformation         00941C RLA    _fileerrormessage         0033C8 RLA    
_fwrite                   007A10 RLA    _gameendflag              0096F4 RLA    
_getcurrentdevice         007831 RLA    _getkey                   002059 RLA    
_gotoxy                   007A8E RLA    _information_colorlegend  00B98E RLA    
_information_credits      00BC00 RLA    _information_gamescore    00B4EC RLA    
_input                    0021A4 RLA    _input_number             002665 RLA    
_isprint                  007B33 RLA    _joy_install              007B3D RLA    
_joy_read                 0094BC REA    _joy_static_stddrv        0094DB RLA    
_joy_uninstall            007B7D RLA    _joyinterface             008ED5 RLA    
_kbhit                    007B8A RLA    _loadgame                 00B60F RLA    
_ltoa                     007D86 RLA    _main                     005C15 RLA    
_memcpy                   007EB5 RLA    _menumakeborder           00292C RLA    
_menupulldown             002B26 RLA    _musicnext                00BE31 RLA    
_musicnumber              008ED4 RLA    _opportunitycard          00938F RLA    
_paidforleave             0096F8 RLA    _pawn_erase               003A2B RLA    
_pawn_place               00366D RLA    _player                   0095D5 RLA    
_player_collegeexperience 0047D8 RLA    _playerturn               0096F6 RLA    
_presskeyprompt           002723 RLA    _printcentered            001DCA RLA    
_printf                   007FED RLA    _pulldownmenutitles       008B20 RLA    
_rand                     00808C RLA    _receive_salary           00BDE5 RLA    
_remove                   0080B4 RLA    _ring                     008ED7 RLA    
_ring_artgallery          00B46D RLA    _ring_automobileshow      00B7F7 RLA    
_ring_business            00B2C8 RLA    _ring_college             00BBFE RLA    
_ring_farming             00B60E RLA    _ring_floridavacation     00B6A8 RLA    
_ring_hollywood           00B50A RLA    _ring_hospital            00BE96 RLA    
_ring_leavefloridavacation 00BCD2 RLA    _ring_leavehospital       00B946 RLA    
_ring_leaveparkbench      00BB8B RLA    _ring_moon                00B975 RLA    
_ring_opportunity         00B2DE RLA    _ring_parkbench           00B885 RLA    
_ring_payday              00B1EA RLA    _ring_payfoodbills        00B1E6 RLA    
_ring_payrent             00B0B3 RLA    _ring_paytaxes            00B3E9 RLA    
_ring_politics            00B1CE RLA    _ring_sea                 00B6EC RLA    
_ring_shoppingspree       00B388 RLA    _ring_statueinthepark     00BB3B RLA    
_ring_stockmarket         00B0F9 RLA    _ring_uranium             00B3B5 RLA    
_ring_yachtharbor         00B57B RLA    _saveconfigfile           003421 RLA    
_savegame                 00AEDD RLA    _set_c128_speed           007506 RLA    
_snes_init                001885 RLA    _snes_read                00188B RLA    
_sprintf                  008146 RLA    _srand                    008080 RLA    
_stdout                   00944E RLA    _strcat                   0081C9 RLA    
_strchr                   0081FA RLA    _strlen                   008221 RLA    
_strlower                 008237 RLA    _textcolor                007711 RLA    
_ultoa                    007DC7 RLA    _updownenter              008EC7 RLA    
_vcprintf                 00836D RLA    _vfprintf                 0083D5 RLA    
_videomode                0083FE RLA    _vsprintf                 0084EB RLA    
_waitkeyflag              0096F7 RLA    _whichcard                0096E1 RLA    
_windowrestore            00283D RLA    _write                    0084FD RLA    
_xoffset                  00941E RLA    _yoffset                  00941F RLA    
addeq0sp                  007532 RLA    addeqysp                  007534 RLA    
addysp                    007544 RLA    addysp1                   007543 RLA    
aslax2                    007559 RLA    aslax3                    007564 RLA    
axlong                    00758F RLA    axulong                   007595 RLA    
bnega                     0075A0 RLA    bnegeax                   007BFF RLA    
booleq                    007E8F RLA    boolugt                   007EAE RLA    
boolult                   007EA8 RLA    callmain                  00760B RLA    
closecmdchannel           0078D4 RLA    ctypemask                 007813 RLA    
ctypemaskdirect           007817 RLA    cursor                    0096FE RLA    
curunit                   009505 RLA    decax1                    007837 RLA    
decaxy                    00783E RLA    deceaxy                   007C8B RLA    
decsp1                    007847 RLA    decsp2                    007850 RLA    
decsp3                    00785D RLA    decsp4                    00786A RLA    
decsp5                    007877 RLA    decsp6                    007884 RLA    
decsp8                    007891 RLA    devnum                    0000BA RLZ    
donecgetc                 0076F8  LAI   donelib                   007771 RLA    
fdtab                     00947E RLA    fncmd                     00948E RLA    
fnlen                     009748 RLA    fnparse                   00798B RLA    
fnunit                    009747 RLA    gotoxy                    007A8B RLA    
incax1                    007AC6 RLA    incax2                    007ACD RLA    
incax3                    007AD4 RLA    incax4                    007AED RLA    
incax5                    007AD9 RLA    incax6                    007ADE RLA    
incax7                    007AE3 RLA    incax8                    007AE8 RLA    
incaxy                    007AEF RLA    incsp1                    007AF8 RLA    
incsp2                    007B07 RLA    incsp3                    007B15 RLA    
incsp4                    007B1A RLA    incsp5                    007B1F RLA    
incsp6                    007B24 RLA    incsp7                    007B29 RLA    
incsp8                    007B2E RLA    initcgetc                 001C5E  LAI   
initcurunit               001C7D  LAI   initlib                   001C71 RLA    
initstdout                001C89  LAI   joy_libref                001C42 RLA    
joy_read                  0094BC RLA    laddeqysp                 007BBA RLA    
ldax0sp                   007C58 RLA    ldaxi                     007C4B RLA    
ldaxysp                   007C5A RLA    ldeax0sp                  007C78 RLA    
ldeaxidx                  007C63 RLA    ldeaxysp                  007C7A RLA    
leaa0sp                   007CA0 RLA    leaaxsp                   007CA2 RLA    
mul8x16                   007F49 RLA    mul8x16a                  007F53 RLA    
mulax10                   007F81 RLA    mulax3                    007F9A RLA    
negax                     007FAF RLA    negeax                    007D08 RLA    
opencmdchannel            0078A7 RLA    plot                      0077E8 RLA    
popa                      007FD3 RLA    popax                     007AFF RLA    
popptr1                   007FDF RLA    popsargsudiv16            0080F1 RLA    
ptr1                      00000A RLZ    ptr2                      00000C RLZ    
ptr3                      00000E RLZ    ptr4                      000010 RLZ    
push0                     00803B RLA    push1                     008020 RLA    
pusha                     008029 RLA    pusha0                    00803D RLA    
pushax                    00803F RLA    pusheax                   007D2F RLA    
pushl0                    007D26 RLA    pushw0sp                  008064 RLA    
pushwidx                  008057 RLA    pushwysp                  008066 RLA    
regbank                   000016 RLZ    return0                   0080BA RLA    
rwcommon                  0080BE RLA    scratch                   0080D8 RLA    
shlax1                    007551 RLA    shlax2                    007559 RLA    
shlax3                    007564 RLA    shlax4                    007572 RLA    
shleax1                   007583 RLA    shrax1                    008111 RLA    
shrax3                    008119 RLA    shreax1                   008127 RLA    
shreax2                   008133 RLA    sp                        000002 RLZ    
sreg                      000004 RLZ    staspidx                  008171 RLA    
stax0sp                   008187 RLA    staxysp                   008189 RLA    
steax0sp                  008192 RLA    steaxspidx                0081A7 RLA    
steaxysp                  008194 RLA    subeq0sp                  008273 RLA    
subeqysp                  008275 RLA    subysp                    008288 RLA    
tmp1                      000012 RLZ    tmp2                      000013 RLZ    
tmp3                      000014 RLZ    tmp4                      000015 RLZ    
tosadd0ax                 007B93 RLA    tosadda0                  007516 RLA    
tosaddax                  007518 RLA    tosaddeax                 007B99 RLA    
tosandeax                 007BE1 RLA    tosicmp                   007A9A RLA    
tosicmp0                  007A98 RLA    toslcmp                   007C10 RLA    
toslong                   0082BC RLA    tosmoda0                  007EF1 RLA    
tosmula0                  007F47 RLA    tosmulax                  007F02 RLA    
tossub0ax                 007D47 RLA    tossuba0                  00825E RLA    
tossubax                  008260 RLA    tossubeax                 007D4D RLA    
tosudiv0ax                007E03 RLA    tosudivax                 0082D8 RLA    
tosugteax                 007E7D RLA    tosulteax                 007E83 RLA    
tosumul0ax                007CAC RLA    tosumula0                 007F47 RLA    
tosumulax                 007F02 RLA    tosumuleax                007CB2 RLA    
udiv16                    0082E7 RLA    vsnprintf                 008414 RLA    
writefndiskcmd            007927 RLA    zerobss                   008551 RLA    



Exports list by value:
----------------------
__DESTRUCTOR_COUNT__      000001 REA    __EXEHDR__                000001 REA    
__LOADADDR__              000001 REA    __OVERLAYADDR__           000001 REA    
__STARTUP__               000001 REA    sp                        000002 RLZ    
__CONSTRUCTOR_COUNT__     000003 REA    sreg                      000004 RLZ    
ptr1                      00000A RLZ    ptr2                      00000C RLZ    
ptr3                      00000E RLZ    ptr4                      000010 RLZ    
tmp1                      000012 RLZ    tmp2                      000013 RLZ    
tmp3                      000014 RLZ    tmp4                      000015 RLZ    
regbank                   000016 RLZ    ST                        000090 RLZ    
devnum                    0000BA RLZ    CURS_Y                    0000EB RLZ    
CURS_X                    0000EC RLZ    __BSS_SIZE__              00024A REA    
__STACKSIZE__             000800 REA    __OVERLAYSIZE__           0011C0 REA    
_VDC_regadd               001300 RLA    _VDC_regval               001301 RLA    
_VDC_addrh                001302 RLA    _VDC_addrl                001303 RLA    
_VDC_desth                001304 RLA    _VDC_destl                001305 RLA    
_VDC_strideh              001306 RLA    _VDC_stridel              001307 RLA    
_VDC_value                001308 RLA    _VDC_tmp1                 001309 RLA    
_VDC_tmp2                 00130A RLA    _VDC_tmp3                 00130B RLA    
_VDC_tmp4                 00130C RLA    _VDC_ReadRegister_core    001352 RLA    
_VDC_WriteRegister_core   00135C RLA    _VDC_Poke_core            001366 RLA    
_VDC_Peek_core            00137E RLA    _VDC_DetectVDCMemSize_core 001396 RLA    
_VDC_MemCopy_core         0013FD RLA    _VDC_HChar_core           001444 RLA    
_VDC_VChar_core           001496 RLA    _VDC_CopyMemToVDC_core    0014E0 RLA    
_VDC_CopyVDCToMem_core    001523 RLA    _VDC_RedefineCharset_core 001573 RLA    
_VDC_FillArea_core        0015D1 RLA    _VDC_CopyViewPortToVDC_core 0015EB RLA    
_VDC_ScrollCopy_core      001654 RLA    _SetLoadSaveBank_core     0016B3 RLA    
_POKEB_core               0016BC RLA    _PEEKB_core               0016D4 RLA    
_BankMemCopy_core         0016EC RLA    _BankMemSet_core          00174D RLA    
_PlayMusic                001785 RLA    _StopMusic                0017D6 RLA    
_LoadMusic                001852 RLA    _snes_init                001885 RLA    
_snes_read                00188B RLA    __MAIN_START__            001C0D RLA    
_exit                     001C42 RLA    joy_libref                001C42 RLA    
initcgetc                 001C5E  LAI   initlib                   001C71 RLA    
initcurunit               001C7D  LAI   initstdout                001C89  LAI   
__CONSTRUCTOR_TABLE__     001C9A RLA    _printcentered            001DCA RLA    
_getkey                   002059 RLA    _input                    0021A4 RLA    
_input_number             002665 RLA    _presskeyprompt           002723 RLA    
_windowrestore            00283D RLA    _menumakeborder           00292C RLA    
_menupulldown             002B26 RLA    _fileerrormessage         0033C8 RLA    
_saveconfigfile           003421 RLA    _board_reposition         003594 RLA    
_pawn_place               00366D RLA    _pawn_erase               003A2B RLA    
_dice_throw               0045FF RLA    _player_collegeexperience 0047D8 RLA    
_card_selectopportunity   004874 RLA    _cards_actiontext         004999 RLA    
_checkforbump_check       005674 RLA    _main                     005C15 RLA    
_VDC_HChar                006453 RLA    _VDC_VChar                006492 RLA    
_VDC_CopyMemToVDC         0064CE RLA    _VDC_CopyVDCToMem         006518 RLA    
_VDC_FillArea             006599 RLA    _VDC_Init                 0065DF RLA    
_VDC_Exit                 006696 RLA    _VDC_PetsciiToScreenCode  0066B0 RLA    
_VDC_PrintAt              006869 RLA    _VDC_LoadCharset          0068ED RLA    
_VDC_LoadScreen           006986 RLA    _VDC_Plot                 006A80 RLA    
_VDC_PlotString           006AB8 RLA    _VDC_CopyViewPortToVDC    006B06 RLA    
_VDC_ScrollCopy           006C02 RLA    _SetLoadSaveBank          007054 RLA    
_POKEB                    007064 RLA    _PEEKB                    00708B RLA    
_BankMemCopy              0070B2 RLA    __directerrno             00713E RLA    
__mappederrno             007148 RLA    __printf                  00724B RLA    
__seterrno                0074FD RLA    _set_c128_speed           007506 RLA    
tosadda0                  007516 RLA    tosaddax                  007518 RLA    
addeq0sp                  007532 RLA    addeqysp                  007534 RLA    
addysp1                   007543 RLA    addysp                    007544 RLA    
shlax1                    007551 RLA    aslax2                    007559 RLA    
shlax2                    007559 RLA    aslax3                    007564 RLA    
shlax3                    007564 RLA    shlax4                    007572 RLA    
shleax1                   007583 RLA    axlong                    00758F RLA    
axulong                   007595 RLA    bnega                     0075A0 RLA    
_cbm_close                0075AA REA    _cbm_k_close              0075AA RLA    
_cbm_k_load               0075AE RLA    _cbm_k_open               0075CB RLA    
_cbm_k_save               0075D4 RLA    _cbm_k_setlfs             0075EA RLA    
_cbm_k_setnam             0075F8 RLA    callmain                  00760B RLA    
_cbm_load                 007622 RLA    _cbm_open                 007666 RLA    
_cbm_read                 00767C RLA    _cgetc                    0076D7 RLA    
donecgetc                 0076F8  LAI   _clock                    007707 RLA    
_textcolor                007711 RLA    _bgcolor                  00773A RLA    
_bordercolor              007760 RLA    donelib                   007771 RLA    
_cprintf                  00777D RLA    _cputc                    0077AC RLA    
plot                      0077E8 RLA    _cputsxy                  0077F0 RLA    
_cputs                    0077FA RLA    ctypemask                 007813 RLA    
ctypemaskdirect           007817 RLA    _getcurrentdevice         007831 RLA    
decax1                    007837 RLA    decaxy                    00783E RLA    
decsp1                    007847 RLA    decsp2                    007850 RLA    
decsp3                    00785D RLA    decsp4                    00786A RLA    
decsp5                    007877 RLA    decsp6                    007884 RLA    
decsp8                    007891 RLA    opencmdchannel            0078A7 RLA    
closecmdchannel           0078D4 RLA    writefndiskcmd            007927 RLA    
fnparse                   00798B RLA    _fwrite                   007A10 RLA    
gotoxy                    007A8B RLA    _gotoxy                   007A8E RLA    
tosicmp0                  007A98 RLA    tosicmp                   007A9A RLA    
incax1                    007AC6 RLA    incax2                    007ACD RLA    
incax3                    007AD4 RLA    incax5                    007AD9 RLA    
incax6                    007ADE RLA    incax7                    007AE3 RLA    
incax8                    007AE8 RLA    incax4                    007AED RLA    
incaxy                    007AEF RLA    incsp1                    007AF8 RLA    
popax                     007AFF RLA    incsp2                    007B07 RLA    
incsp3                    007B15 RLA    incsp4                    007B1A RLA    
incsp5                    007B1F RLA    incsp6                    007B24 RLA    
incsp7                    007B29 RLA    incsp8                    007B2E RLA    
_isprint                  007B33 RLA    _joy_install              007B3D RLA    
_joy_uninstall            007B7D RLA    _kbhit                    007B8A RLA    
tosadd0ax                 007B93 RLA    tosaddeax                 007B99 RLA    
laddeqysp                 007BBA RLA    tosandeax                 007BE1 RLA    
bnegeax                   007BFF RLA    toslcmp                   007C10 RLA    
ldaxi                     007C4B RLA    ldax0sp                   007C58 RLA    
ldaxysp                   007C5A RLA    ldeaxidx                  007C63 RLA    
ldeax0sp                  007C78 RLA    ldeaxysp                  007C7A RLA    
deceaxy                   007C8B RLA    leaa0sp                   007CA0 RLA    
leaaxsp                   007CA2 RLA    tosumul0ax                007CAC RLA    
tosumuleax                007CB2 RLA    negeax                    007D08 RLA    
pushl0                    007D26 RLA    pusheax                   007D2F RLA    
tossub0ax                 007D47 RLA    tossubeax                 007D4D RLA    
_ltoa                     007D86 RLA    _ultoa                    007DC7 RLA    
tosudiv0ax                007E03 RLA    tosugteax                 007E7D RLA    
tosulteax                 007E83 RLA    booleq                    007E8F RLA    
boolult                   007EA8 RLA    boolugt                   007EAE RLA    
_memcpy                   007EB5 RLA    tosmoda0                  007EF1 RLA    
tosmulax                  007F02 RLA    tosumulax                 007F02 RLA    
tosmula0                  007F47 RLA    tosumula0                 007F47 RLA    
mul8x16                   007F49 RLA    mul8x16a                  007F53 RLA    
mulax10                   007F81 RLA    mulax3                    007F9A RLA    
negax                     007FAF RLA    __osmaperrno              007FBD RLA    
popa                      007FD3 RLA    popptr1                   007FDF RLA    
_printf                   007FED RLA    push1                     008020 RLA    
pusha                     008029 RLA    push0                     00803B RLA    
pusha0                    00803D RLA    pushax                    00803F RLA    
pushwidx                  008057 RLA    pushw0sp                  008064 RLA    
pushwysp                  008066 RLA    _srand                    008080 RLA    
_rand                     00808C RLA    _remove                   0080B4 RLA    
return0                   0080BA RLA    rwcommon                  0080BE RLA    
scratch                   0080D8 RLA    popsargsudiv16            0080F1 RLA    
shrax1                    008111 RLA    shrax3                    008119 RLA    
shreax1                   008127 RLA    shreax2                   008133 RLA    
_sprintf                  008146 RLA    staspidx                  008171 RLA    
stax0sp                   008187 RLA    staxysp                   008189 RLA    
steax0sp                  008192 RLA    steaxysp                  008194 RLA    
steaxspidx                0081A7 RLA    _strcat                   0081C9 RLA    
_strchr                   0081FA RLA    _strlen                   008221 RLA    
_strlower                 008237 RLA    tossuba0                  00825E RLA    
tossubax                  008260 RLA    subeq0sp                  008273 RLA    
subeqysp                  008275 RLA    subysp                    008288 RLA    
__sysremove               008295 RLA    toslong                   0082BC RLA    
tosudivax                 0082D8 RLA    udiv16                    0082E7 RLA    
_vcprintf                 00836D RLA    _vfprintf                 0083D5 RLA    
_videomode                0083FE RLA    vsnprintf                 008414 RLA    
_vsprintf                 0084EB RLA    _write                    0084FD RLA    
zerobss                   008551 RLA    __hextab                  0089C7 RLA    
__longminstr              0089D7 RLA    __ctype                   0089E3 RLA    
__ctypeidx                0089EE RLA    __MAIN_SIZE__             008A33 REA    
__DESTRUCTOR_TABLE__      008ACC RLA    _pulldownmenutitles       008B20 RLA    
_updownenter              008EC7 RLA    _alldirections            008ECE RLA    
_musicnumber              008ED4 RLA    _joyinterface             008ED5 RLA    
_ring                     008ED7 RLA    _career                   008F57 RLA    
_careerfield              00900F RLA    _opportunitycard          00938F RLA    
_fieldinformation         00941C RLA    _xoffset                  00941E RLA    
_yoffset                  00941F RLA    _stdout                   00944E RLA    
fdtab                     00947E RLA    fncmd                     00948E RLA    
__filetype                0094B2 RLA    _joy_read                 0094BC REA    
joy_read                  0094BC RLA    _c128_stdjoy_joy          0094DB RLA    
_joy_static_stddrv        0094DB RLA    curunit                   009505 RLA    
__BSS_RUN__               009506 RLA    _bootdevice               009545 RLA    
_buffer                   00956E RLA    _player                   0095D5 RLA    
_whichcard                0096E1 RLA    _gameendflag              0096F4 RLA    
_anotherturn              0096F5 RLA    _playerturn               0096F6 RLA    
_waitkeyflag              0096F7 RLA    _paidforleave             0096F8 RLA    
_dice_total               0096FA RLA    _SNES                     0096FC RLA    
cursor                    0096FE RLA    __oserror                 0096FF RLA    
__errno                   009745 RLA    fnunit                    009747 RLA    
fnlen                     009748 RLA    _savegame                 00AEDD RLA    
_cards_useexperience      00AF17 RLA    _career_getopportunitycard 00AFC1 RLA    
_cards_useopportunity     00AFFF RLA    _ring_payrent             00B0B3 RLA    
_career_generic           00B0CF RLA    _ring_stockmarket         00B0F9 RLA    
_career_getsalary         00B10F RLA    _career_waitforkey        00B180 RLA    
_career_gethappiness      00B18D RLA    _career_loosehalfsalary   00B1B3 RLA    
_cards_show               00B1C0 RLA    _ring_politics            00B1CE RLA    
_ring_payfoodbills        00B1E6 RLA    _ring_payday              00B1EA RLA    
_career_getmoneyandfame   00B238 RLA    _career_getexperiencecard 00B249 RLA    
_ring_business            00B2C8 RLA    _ring_opportunity         00B2DE RLA    
_career_getmoneytimesdie  00B355 RLA    _ring_shoppingspree       00B388 RLA    
_career_loosehalffame     00B38E RLA    _ring_uranium             00B3B5 RLA    
_ring_paytaxes            00B3E9 RLA    _career_getfamenohappiness 00B40D RLA    
_career_gethappinessandfame 00B449 RLA    _ring_artgallery          00B46D RLA    
_information_gamescore    00B4EC RLA    _career_getsalarytimesdie 00B4F5 RLA    
_ring_hollywood           00B50A RLA    _ring_yachtharbor         00B57B RLA    
_career_gotoparkbench     00B5B9 RLA    _career_throwagain        00B5E9 RLA    
_career_looseallfame      00B605 RLA    _ring_farming             00B60E RLA    
_loadgame                 00B60F RLA    _career_gotohospital      00B61A RLA    
_career_looaseallcash     00B637 RLA    _career_getmoney          00B671 RLA    
_career_loosemoneyorparkbench 00B67B RLA    _ring_floridavacation     00B6A8 RLA    
_ring_sea                 00B6EC RLA    _career_loosehalfmoney    00B715 RLA    
_computer_playopportunitycards 00B784 RLA    _career_skipturn          00B79A RLA    
_career_getfame           00B7CC RLA    _ring_automobileshow      00B7F7 RLA    
_career_getfamebuthospital 00B80B RLA    _computer_playexperiencecards 00B84D RLA    
_ring_parkbench           00B885 RLA    _career_endofcareer       00B925 RLA    
_ring_leavehospital       00B946 RLA    _ring_moon                00B975 RLA    
_information_colorlegend  00B98E RLA    _ring_statueinthepark     00BB3B RLA    
_ring_leaveparkbench      00BB8B RLA    _ring_college             00BBFE RLA    
_information_credits      00BC00 RLA    _computer_hospitalparkbench 00BC36 RLA    
_board_scroll             00BC6F RLA    _ring_leavefloridavacation 00BCD2 RLA    
_receive_salary           00BDE5 RLA    _musicnext                00BE31 RLA    
_ring_hospital            00BE96 RLA    _clrscr                   00C142 REA    
SWAPPER                   00FF5F RLA    READST                    00FFB7 RLA    
SETLFS                    00FFBA RLA    SETNAM                    00FFBD RLA    
OPEN                      00FFC0 RLA    CLOSE                     00FFC3 RLA    
CHKIN                     00FFC6 RLA    CKOUT                     00FFC9 RLA    
CLRCH                     00FFCC RLA    BASIN                     00FFCF RLA    
BSOUT                     00FFD2 RLA    LOAD                      00FFD5 RLA    
SAVE                      00FFD8 RLA    RDTIM                     00FFDE RLA    



Imports list:
-------------
BASIN (kernal.o):
    diskcmd.o                 cbm/cbm.inc:47
    cbm_read.o                cbm/cbm.inc:47
BSOUT (kernal.o):
    diskcmd.o                 cbm/cbm.inc:49
    write.o                   cbm/cbm.inc:49
    videomode.o               c128/videomode.s:9
    crt0.o                    c128/crt0.s:10
CHKIN (kernal.o):
    diskcmd.o                 cbm/cbm.inc:44
    cbm_read.o                cbm/cbm.inc:44
CKOUT (kernal.o):
    diskcmd.o                 cbm/cbm.inc:45
    write.o                   cbm/cbm.inc:45
CLOSE (kernal.o):
    diskcmd.o                 cbm/cbm.inc:36
    c_close.o                 cbm/cbm.inc:36
CLRCH (kernal.o):
    diskcmd.o                 cbm/cbm.inc:46
    write.o                   cbm/cbm.inc:46
    cbm_read.o                cbm/cbm.inc:46
CURS_X (conio.o):
    gotoxy.o                  cbm/gotoxy.s:9
CURS_Y (conio.o):
    gotoxy.o                  cbm/gotoxy.s:9
LOAD (kernal.o):
    c_load.o                  cbm/cbm.inc:37
OPEN (kernal.o):
    diskcmd.o                 cbm/cbm.inc:35
    write.o                   cbm/cbm.inc:35
    c_open.o                  cbm/cbm.inc:35
RDTIM (kernal.o):
    clock.o                   cbm/cbm.inc:40
READST (kernal.o):
    write.o                   cbm/cbm.inc:32
    cbm_read.o                cbm/cbm.inc:32
SAVE (kernal.o):
    c_save.o                  cbm/cbm.inc:38
SETLFS (kernal.o):
    diskcmd.o                 cbm/cbm.inc:33
    write.o                   cbm/cbm.inc:33
    c_setlfs.o                cbm/cbm.inc:33
SETNAM (kernal.o):
    diskcmd.o                 cbm/cbm.inc:34
    filename.o                cbm/cbm.inc:34
    c_setnam.o                cbm/cbm.inc:34
ST (status.o):
    crt0.o                    c128/crt0.s:12
SWAPPER (kernal.o):
    videomode.o               c128/videomode.s:9
_BankMemCopy (vdc_core.o):
    main.o                    src/main.s:67
_BankMemCopy_core (vdc_core_assembly.o):
    vdc_core.o                src/vdc_core.s:61
_BankMemSet_core (vdc_core_assembly.o):
    vdc_core.o                src/vdc_core.s:62
_LoadMusic (sidplay.o):
    menu1.o                   src/menu1.s:23
    main.o                    src/main.s:70
_PEEKB (vdc_core.o):
    career1.o                 src/career1.s:20
    main.o                    src/main.s:66
_PEEKB_core (vdc_core_assembly.o):
    vdc_core.o                src/vdc_core.s:60
_POKEB (vdc_core.o):
    main.o                    src/main.s:65
_POKEB_core (vdc_core_assembly.o):
    vdc_core.o                src/vdc_core.s:59
_PlayMusic (sidplay_assembly.o):
    sidplay.o                 src/sidplay.s:18
    main.o                    src/main.s:68
_SNES (snes.o):
    main.o                    src/main.s:71
_SetLoadSaveBank (vdc_core.o):
    sidplay.o                 src/sidplay.s:17
    menu2.o                   src/menu2.s:23
    main.o                    src/main.s:64
_SetLoadSaveBank_core (vdc_core_assembly.o):
    vdc_core.o                src/vdc_core.s:58
_StopMusic (sidplay_assembly.o):
    menu1.o                   src/menu1.s:22
    main.o                    src/main.s:69
_VDC_CopyMemToVDC (vdc_core.o):
    main.o                    src/main.s:52
_VDC_CopyMemToVDC_core (vdc_core_assembly.o):
    vdc_core.o                src/vdc_core.s:52
_VDC_CopyVDCToMem (vdc_core.o):
    main.o                    src/main.s:53
_VDC_CopyVDCToMem_core (vdc_core_assembly.o):
    vdc_core.o                src/vdc_core.s:53
_VDC_CopyViewPortToVDC (vdc_core.o):
    main.o                    src/main.s:63
_VDC_CopyViewPortToVDC_core (vdc_core_assembly.o):
    vdc_core.o                src/vdc_core.s:56
_VDC_DetectVDCMemSize_core (vdc_core_assembly.o):
    vdc_core.o                src/vdc_core.s:48
_VDC_Exit (vdc_core.o):
    main.o                    src/main.s:56
_VDC_FillArea (vdc_core.o):
    main.o                    src/main.s:54
_VDC_FillArea_core (vdc_core_assembly.o):
    vdc_core.o                src/vdc_core.s:55
_VDC_HChar (vdc_core.o):
    menu3.o                   src/menu3.s:17
    main.o                    src/main.s:50
_VDC_HChar_core (vdc_core_assembly.o):
    vdc_core.o                src/vdc_core.s:50
_VDC_Init (vdc_core.o):
    main.o                    src/main.s:55
_VDC_LoadCharset (vdc_core.o):
    main.o                    src/main.s:59
_VDC_LoadScreen (vdc_core.o):
    main.o                    src/main.s:60
_VDC_MemCopy_core (vdc_core_assembly.o):
    vdc_core.o                src/vdc_core.s:49
_VDC_Peek_core (vdc_core_assembly.o):
    vdc_core.o                src/vdc_core.s:47
_VDC_PetsciiToScreenCode (vdc_core.o):
    main.o                    src/main.s:57
_VDC_Plot (vdc_core.o):
    menu3.o                   src/menu3.s:19
    menu1.o                   src/menu1.s:20
    career2.o                 src/career2.s:17
    career1.o                 src/career1.s:19
    ring4.o                   src/ring4.s:18
    ring3.o                   src/ring3.s:18
    ring2.o                   src/ring2.s:18
    ring1.o                   src/ring1.s:18
    main.o                    src/main.s:61
_VDC_PlotString (vdc_core.o):
    menu1.o                   src/menu1.s:21
    main.o                    src/main.s:62
_VDC_Poke_core (vdc_core_assembly.o):
    vdc_core.o                src/vdc_core.s:46
_VDC_PrintAt (vdc_core.o):
    menu3.o                   src/menu3.s:18
    main.o                    src/main.s:58
_VDC_ReadRegister_core (vdc_core_assembly.o):
    vdc_core.o                src/vdc_core.s:44
_VDC_RedefineCharset_core (vdc_core_assembly.o):
    vdc_core.o                src/vdc_core.s:54
_VDC_ScrollCopy (vdc_core.o):
    menu2.o                   src/menu2.s:22
_VDC_ScrollCopy_core (vdc_core_assembly.o):
    vdc_core.o                src/vdc_core.s:57
_VDC_VChar (vdc_core.o):
    main.o                    src/main.s:51
_VDC_VChar_core (vdc_core_assembly.o):
    vdc_core.o                src/vdc_core.s:51
_VDC_WriteRegister_core (vdc_core_assembly.o):
    vdc_core.o                src/vdc_core.s:45
_VDC_addrh (vdc_core_assembly.o):
    vdc_core.o                src/vdc_core.s:33
_VDC_addrl (vdc_core_assembly.o):
    vdc_core.o                src/vdc_core.s:34
_VDC_desth (vdc_core_assembly.o):
    vdc_core.o                src/vdc_core.s:35
_VDC_destl (vdc_core_assembly.o):
    vdc_core.o                src/vdc_core.s:36
_VDC_regadd (vdc_core_assembly.o):
    vdc_core.o                src/vdc_core.s:31
_VDC_regval (vdc_core_assembly.o):
    vdc_core.o                src/vdc_core.s:32
_VDC_strideh (vdc_core_assembly.o):
    vdc_core.o                src/vdc_core.s:37
_VDC_stridel (vdc_core_assembly.o):
    vdc_core.o                src/vdc_core.s:38
_VDC_tmp1 (vdc_core_assembly.o):
    vdc_core.o                src/vdc_core.s:40
_VDC_tmp2 (vdc_core_assembly.o):
    vdc_core.o                src/vdc_core.s:41
_VDC_tmp3 (vdc_core_assembly.o):
    vdc_core.o                src/vdc_core.s:42
_VDC_tmp4 (vdc_core_assembly.o):
    vdc_core.o                src/vdc_core.s:43
_VDC_value (vdc_core_assembly.o):
    vdc_core.o                src/vdc_core.s:39
__BSS_RUN__ ([linker generated]):
    zerobss.o                 common/zerobss.s:8
__BSS_SIZE__ ([linker generated]):
    zerobss.o                 common/zerobss.s:8
__CONSTRUCTOR_COUNT__ ([linker generated]):
    condes.o                  runtime/condes.s:18
__CONSTRUCTOR_TABLE__ ([linker generated]):
    condes.o                  runtime/condes.s:18
__DESTRUCTOR_COUNT__ ([linker generated]):
    condes.o                  runtime/condes.s:19
__DESTRUCTOR_TABLE__ ([linker generated]):
    condes.o                  runtime/condes.s:19
__EXEHDR__ (exehdr.o):
    [linker generated]        careers-cc65config.cfg:3
__LOADADDR__ (loadaddr.o):
    [linker generated]        careers-cc65config.cfg:2
__MAIN_SIZE__ ([linker generated]):
    crt0.o                    c128/crt0.s:11
__MAIN_START__ ([linker generated]):
    crt0.o                    c128/crt0.s:11
__OVERLAYADDR__ (overlayaddr.o):
    [linker generated]        careers-cc65config.cfg:4
__OVERLAYSIZE__ ([linker generated]):
    [linker generated]        careers-cc65config.cfg:33
    [linker generated]        careers-cc65config.cfg:33
    [linker generated]        careers-cc65config.cfg:32
    [linker generated]        careers-cc65config.cfg:31
    [linker generated]        careers-cc65config.cfg:31
    [linker generated]        careers-cc65config.cfg:30
    [linker generated]        careers-cc65config.cfg:29
    [linker generated]        careers-cc65config.cfg:29
    [linker generated]        careers-cc65config.cfg:28
    [linker generated]        careers-cc65config.cfg:27
    [linker generated]        careers-cc65config.cfg:27
    [linker generated]        careers-cc65config.cfg:26
    [linker generated]        careers-cc65config.cfg:25
    [linker generated]        careers-cc65config.cfg:25
    [linker generated]        careers-cc65config.cfg:24
    [linker generated]        careers-cc65config.cfg:23
    [linker generated]        careers-cc65config.cfg:23
    [linker generated]        careers-cc65config.cfg:22
    [linker generated]        careers-cc65config.cfg:21
    [linker generated]        careers-cc65config.cfg:21
    [linker generated]        careers-cc65config.cfg:20
    [linker generated]        careers-cc65config.cfg:19
    [linker generated]        careers-cc65config.cfg:19
    [linker generated]        careers-cc65config.cfg:18
    [linker generated]        careers-cc65config.cfg:17
    [linker generated]        careers-cc65config.cfg:17
    [linker generated]        careers-cc65config.cfg:16
    [linker generated]        careers-cc65config.cfg:12
__STACKSIZE__ ([linker generated]):
    crt0.o                    c128/crt0.s:11
    [linker generated]        careers-cc65config.cfg:12
__STARTUP__ (crt0.o):
    main.o                    src/main.s:13
__ctype (ctype.o):
    ctypemask.o               common/ctypemask.s:23
__ctypeidx (ctype.o):
    ctypemask.o               common/ctypemask.s:24
__directerrno (_directerrno.o):
    write.o                   /mnt/d/retro/cc65/asminc/errno.inc:10
    vsnprintf.o               /mnt/d/retro/cc65/asminc/errno.inc:10
__errno (errno.o):
    _seterrno.o               /mnt/d/retro/cc65/asminc/errno.inc:7
__filetype (filetype.o):
    filename.o                cbm/filename.s:11
__hextab (_hextab.o):
    ltoa.o                    common/ltoa.s:10
__longminstr (_longminstr.o):
    ltoa.o                    common/ltoa.s:10
__mappederrno (_mappederrno.o):
    write.o                   /mnt/d/retro/cc65/asminc/errno.inc:10
    remove.o                  common/remove.s:10
__oserror (_oserror.o):
    _directerrno.o            /mnt/d/retro/cc65/asminc/errno.inc:7
    write.o                   /mnt/d/retro/cc65/asminc/errno.inc:7
    _mappederrno.o            /mnt/d/retro/cc65/asminc/errno.inc:7
    cbm_read.o                cbm/cbm_read.s:44
    cbm_open.o                cbm/cbm_open.s:24
    c_load.o                  cbm/c_load.s:10
    main.o                    src/main.s:42
__osmaperrno (oserror.o):
    _mappederrno.o            /mnt/d/retro/cc65/asminc/errno.inc:8
__printf (_printf.o):
    vsnprintf.o               common/vsnprintf.s:10
    vfprintf.o                common/vfprintf.s:10
    vcprintf.o                conio/vcprintf.s:9
__seterrno (_seterrno.o):
    _directerrno.o            /mnt/d/retro/cc65/asminc/errno.inc:9
    fwrite.o                  /mnt/d/retro/cc65/asminc/errno.inc:9
    _mappederrno.o            /mnt/d/retro/cc65/asminc/errno.inc:9
__sysremove (sysremove.o):
    remove.o                  common/remove.s:9
_alldirections (main.o):
    menu2.o                   src/menu2.s:25
_anotherturn (main.o):
    menu2.o                   src/menu2.s:30
    career2.o                 src/career2.s:22
    ring1.o                   src/ring1.s:22
_bgcolor (color.o):
    vdc_core.o                src/vdc_core.s:24
_board_reposition (main.o):
    menu2.o                   src/menu2.s:42
_board_scroll (menu2.o):
    main.o                    src/main.s:174
_bootdevice (main.o):
    vdc_core.o                src/vdc_core.s:28
_bordercolor (color.o):
    vdc_core.o                src/vdc_core.s:25
_buffer (main.o):
    menu3.o                   src/menu3.s:20
_c128_stdjoy_joy (c128-stdjoy-joy.o):
    joy_stat_stddrv.o         c128/joy_stat_stddrv.s:10
_card_selectopportunity (main.o):
    career2.o                 src/career2.s:26
    ring1.o                   src/ring1.s:29
_cards_actiontext (main.o):
    menu3.o                   src/menu3.s:38
    menu1.o                   src/menu1.s:35
    career2.o                 src/career2.s:27
    ring3.o                   src/ring3.s:34
    ring1.o                   src/ring1.s:30
_cards_show (menu1.o):
    main.o                    src/main.s:169
_cards_useexperience (menu3.o):
    main.o                    src/main.s:177
_cards_useopportunity (menu3.o):
    main.o                    src/main.s:178
_career (main.o):
    menu3.o                   src/menu3.s:23
    menu1.o                   src/menu1.s:26
    career1.o                 src/career1.s:22
_career_endofcareer (career1.o):
    main.o                    src/main.s:153
_career_generic (career1.o):
    main.o                    src/main.s:143
_career_getexperiencecard (career1.o):
    main.o                    src/main.s:146
_career_getfame (career2.o):
    main.o                    src/main.s:168
_career_getfamebuthospital (career1.o):
    main.o                    src/main.s:152
_career_getfamenohappiness (career2.o):
    main.o                    src/main.s:160
_career_gethappiness (career1.o):
    main.o                    src/main.s:145
_career_gethappinessandfame (career1.o):
    main.o                    src/main.s:148
_career_getmoney (career2.o):
    main.o                    src/main.s:165
_career_getmoneyandfame (career2.o):
    main.o                    src/main.s:158
_career_getmoneytimesdie (career1.o):
    main.o                    src/main.s:147
_career_getopportunitycard (career2.o):
    main.o                    src/main.s:155
_career_getsalary (career2.o):
    main.o                    src/main.s:156
_career_getsalarytimesdie (career2.o):
    main.o                    src/main.s:161
_career_gotohospital (career1.o):
    main.o                    src/main.s:150
_career_gotoparkbench (career1.o):
    main.o                    src/main.s:149
_career_looaseallcash (career2.o):
    main.o                    src/main.s:164
_career_looseallfame (career2.o):
    main.o                    src/main.s:163
_career_loosehalffame (career2.o):
    main.o                    src/main.s:159
_career_loosehalfmoney (career2.o):
    main.o                    src/main.s:166
_career_loosehalfsalary (career2.o):
    main.o                    src/main.s:157
_career_loosemoneyorparkbench (career1.o):
    main.o                    src/main.s:151
_career_skipturn (career2.o):
    main.o                    src/main.s:167
_career_throwagain (career2.o):
    main.o                    src/main.s:162
_career_waitforkey (career1.o):
    main.o                    src/main.s:144
_careerfield (main.o):
    menu3.o                   src/menu3.s:24
    career2.o                 src/career2.s:18
    career1.o                 src/career1.s:23
_cbm_close (cbm_close.o):
    vdc_core.o                src/vdc_core.s:20
    main.o                    src/main.s:28
_cbm_k_close (c_close.o):
    cbm_close.o               cbm/cbm_close.s:7
_cbm_k_load (c_load.o):
    cbm_load.o                ../libwrk/c128/cbm_load.s:13
    sidplay.o                 src/sidplay.s:13
    vdc_core.o                src/vdc_core.s:15
    menu2.o                   src/menu2.s:16
    main.o                    src/main.s:22
_cbm_k_open (c_open.o):
    cbm_open.o                cbm/cbm_open.s:23
_cbm_k_save (c_save.o):
    vdc_core.o                src/vdc_core.s:16
    menu2.o                   src/menu2.s:17
    main.o                    src/main.s:23
_cbm_k_setlfs (c_setlfs.o):
    cbm_open.o                cbm/cbm_open.s:23
    cbm_load.o                ../libwrk/c128/cbm_load.s:14
    sidplay.o                 src/sidplay.s:14
    vdc_core.o                src/vdc_core.s:17
    menu2.o                   src/menu2.s:18
    main.o                    src/main.s:24
_cbm_k_setnam (c_setnam.o):
    cbm_open.o                cbm/cbm_open.s:23
    cbm_load.o                ../libwrk/c128/cbm_load.s:15
    sidplay.o                 src/sidplay.s:15
    vdc_core.o                src/vdc_core.s:18
    menu2.o                   src/menu2.s:19
    main.o                    src/main.s:25
_cbm_load (cbm_load.o):
    main.o                    src/main.s:26
_cbm_open (cbm_open.o):
    vdc_core.o                src/vdc_core.s:19
    main.o                    src/main.s:27
_cbm_read (cbm_read.o):
    vdc_core.o                src/vdc_core.s:21
    main.o                    src/main.s:29
_cgetc (cgetc.o):
    main.o                    src/main.s:37
_checkforbump_check (main.o):
    menu3.o                   src/menu3.s:39
_clock (clock.o):
    main.o                    src/main.s:45
_clrscr (clrscr.o):
    vdc_core.o                src/vdc_core.s:22
    main.o                    src/main.s:30
_computer_hospitalparkbench (career1.o):
    main.o                    src/main.s:154
_computer_playexperiencecards (menu3.o):
    main.o                    src/main.s:179
_computer_playopportunitycards (ring3.o):
    main.o                    src/main.s:137
_cprintf (cprintf.o):
    menu3.o                   src/menu3.s:16
    menu1.o                   src/menu1.s:18
    career2.o                 src/career2.s:15
    career1.o                 src/career1.s:16
    ring4.o                   src/ring4.s:16
    ring3.o                   src/ring3.s:16
    ring2.o                   src/ring2.s:16
    ring1.o                   src/ring1.s:16
    main.o                    src/main.s:36
_cputc (cputc.o):
    vcprintf.o                conio/vcprintf.s:9
    cputs.o                   conio/cputs.s:9
    career1.o                 src/career1.s:14
    main.o                    src/main.s:33
_cputs (cputs.o):
    menu1.o                   src/menu1.s:16
    ring4.o                   src/ring4.s:14
    ring3.o                   src/ring3.s:14
    ring2.o                   src/ring2.s:14
    ring1.o                   src/ring1.s:14
    main.o                    src/main.s:34
_cputsxy (cputs.o):
    menu3.o                   src/menu3.s:15
    menu2.o                   src/menu2.s:20
    menu1.o                   src/menu1.s:17
    career2.o                 src/career2.s:14
    career1.o                 src/career1.s:15
    ring4.o                   src/ring4.s:15
    ring3.o                   src/ring3.s:15
    ring2.o                   src/ring2.s:15
    ring1.o                   src/ring1.s:15
    main.o                    src/main.s:35
_dice_throw (main.o):
    career2.o                 src/career2.s:25
    career1.o                 src/career1.s:36
    ring4.o                   src/ring4.s:28
    ring3.o                   src/ring3.s:32
    ring2.o                   src/ring2.s:30
_dice_total (main.o):
    menu3.o                   src/menu3.s:30
    career2.o                 src/career2.s:24
    career1.o                 src/career1.s:29
    ring4.o                   src/ring4.s:22
    ring3.o                   src/ring3.s:25
    ring2.o                   src/ring2.s:24
_exit (crt0.o):
    libref.o                  c128/libref.s:11
    vdc_core.o                src/vdc_core.s:26
    main.o                    src/main.s:41
_fieldinformation (main.o):
    career2.o                 src/career2.s:21
    career1.o                 src/career1.s:25
    ring4.o                   src/ring4.s:20
    ring3.o                   src/ring3.s:22
    ring2.o                   src/ring2.s:20
    ring1.o                   src/ring1.s:21
_fileerrormessage (main.o):
    menu2.o                   src/menu2.s:40
_fwrite (fwrite.o):
    vfprintf.o                common/vfprintf.s:10
_gameendflag (main.o):
    menu3.o                   src/menu3.s:28
    menu2.o                   src/menu2.s:29
    ring3.o                   src/ring3.s:23
    ring2.o                   src/ring2.s:21
_getcurrentdevice (curdevice.o):
    sidplay.o                 src/sidplay.s:16
    menu2.o                   src/menu2.s:21
    main.o                    src/main.s:44
_getkey (main.o):
    menu3.o                   src/menu3.s:31
    menu2.o                   src/menu2.s:34
    menu1.o                   src/menu1.s:31
_gotoxy (gotoxy.o):
    menu3.o                   src/menu3.s:14
    menu1.o                   src/menu1.s:15
    career2.o                 src/career2.s:13
    career1.o                 src/career1.s:13
    ring4.o                   src/ring4.s:13
    ring3.o                   src/ring3.s:13
    ring2.o                   src/ring2.s:13
    ring1.o                   src/ring1.s:13
    main.o                    src/main.s:32
_information_colorlegend (menu1.o):
    main.o                    src/main.s:171
_information_credits (menu1.o):
    main.o                    src/main.s:172
_information_gamescore (menu1.o):
    main.o                    src/main.s:170
_input (main.o):
    menu2.o                   src/menu2.s:35
_input_number (main.o):
    menu3.o                   src/menu3.s:32
    ring4.o                   src/ring4.s:23
    ring2.o                   src/ring2.s:25
    ring1.o                   src/ring1.s:24
_isprint (isprint.o):
    main.o                    src/main.s:43
_joy_install (joy-kernel.o):
    main.o                    src/main.s:47
_joy_read (joy_read.o):
    main.o                    src/main.s:49
_joy_static_stddrv (joy_stat_stddrv.o):
    main.o                    src/main.s:46
_joy_uninstall (joy-kernel.o):
    main.o                    src/main.s:48
_joyinterface (main.o):
    menu3.o                   src/menu3.s:22
_kbhit (kbhit.o):
    main.o                    src/main.s:31
_loadgame (menu2.o):
    main.o                    src/main.s:176
_ltoa (ltoa.o):
    _printf.o                 common/_printf.s:12
_main (main.o):
    callmain.o                runtime/callmain.s:11
_memcpy (memcpy.o):
    vsnprintf.o               common/vsnprintf.s:10
_menumakeborder (main.o):
    menu3.o                   src/menu3.s:35
    menu2.o                   src/menu2.s:38
    menu1.o                   src/menu1.s:34
    career1.o                 src/career1.s:32
    ring4.o                   src/ring4.s:26
    ring3.o                   src/ring3.s:28
    ring2.o                   src/ring2.s:28
    ring1.o                   src/ring1.s:27
_menupulldown (main.o):
    menu2.o                   src/menu2.s:39
    career1.o                 src/career1.s:33
    ring4.o                   src/ring4.s:27
    ring3.o                   src/ring3.s:29
    ring2.o                   src/ring2.s:29
    ring1.o                   src/ring1.s:28
_musicnext (menu1.o):
    main.o                    src/main.s:173
_musicnumber (main.o):
    menu1.o                   src/menu1.s:25
_opportunitycard (main.o):
    menu3.o                   src/menu3.s:25
    menu2.o                   src/menu2.s:27
[...]
    decsp8.o                  runtime/decsp8.s:8
    decsp6.o                  runtime/decsp6.s:8
    decsp5.o                  runtime/decsp5.s:8
    decsp4.o                  runtime/decsp4.s:8
    decsp3.o                  runtime/decsp3.s:8
    decsp2.o                  runtime/decsp2.s:8
    decsp1.o                  runtime/decsp1.s:8
    crt0.o                    /mnt/d/retro/cc65/asminc/zeropage.inc:11
    cprintf.o                 conio/cprintf.s:9
    cbm_load.o                ../libwrk/c128/cbm_load.s:10
    addysp.o                  runtime/addysp.s:8
    addeqsp.o                 runtime/addeqsp.s:8
    add.o                     runtime/add.s:12
    snes.o                    src/snes.s:10
    vdc_core.o                src/vdc_core.s:10
    menu3.o                   src/menu3.s:10
    menu2.o                   src/menu2.s:10
    menu1.o                   src/menu1.s:10
    career2.o                 src/career2.s:10
    career1.o                 src/career1.s:10
    ring4.o                   src/ring4.s:10
    ring3.o                   src/ring3.s:10
    ring2.o                   src/ring2.s:10
    ring1.o                   src/ring1.s:10
    main.o                    src/main.s:10
sreg (zeropage.o):
    lneg.o                    runtime/lneg.s:11
    ltoa.o                    common/ltoa.s:11
    lcmp.o                    runtime/lcmp.s:10
    _printf.o                 /mnt/d/retro/cc65/asminc/zeropage.inc:11
    udiv.o                    runtime/udiv.s:10
    steaxspi.o                runtime/steaxspi.s:10
    steaxsp.o                 runtime/steaxsp.s:8
    shreax2.o                 runtime/shreax2.s:8
    shreax1.o                 runtime/shreax1.s:8
    mod.o                     runtime/mod.s:12
    ludiv.o                   runtime/ludiv.s:10
    lsub.o                    runtime/lsub.s:12
    lpush.o                   runtime/lpush.s:13
    lmul.o                    runtime/lmul.s:10
    ldec.o                    runtime/ldec.s:9
    ldeaxysp.o                runtime/ldeaxysp.s:12
    ldeaxi.o                  runtime/ldeaxi.s:8
    lbneg.o                   runtime/lbneg.s:8
    land.o                    runtime/land.s:10
    laddeqsp.o                runtime/laddeqsp.s:8
    ladd.o                    runtime/ladd.s:9
    icmp.o                    runtime/icmp.s:9
    clock.o                   cbm/clock.s:9
    axlong.o                  runtime/axlong.s:9
    asleax1.o                 runtime/asleax1.s:8
    menu3.o                   src/menu3.s:10
    menu2.o                   src/menu2.s:10
    career2.o                 src/career2.s:10
    career1.o                 src/career1.s:10
    ring4.o                   src/ring4.s:10
    ring3.o                   src/ring3.s:10
    ring2.o                   src/ring2.s:10
    ring1.o                   src/ring1.s:10
    main.o                    src/main.s:10
staspidx (staspidx.o):
    menu3.o                   src/menu3.s:1761
    menu2.o                   src/menu2.s:1971
    career2.o                 src/career2.s:1296
    career2.o                 src/career2.s:1296
    career2.o                 src/career2.s:1296
    career1.o                 src/career1.s:1992
    career1.o                 src/career1.s:1992
    career1.o                 src/career1.s:1992
    ring3.o                   src/ring3.s:1976
    main.o                    src/main.s:10362
    main.o                    src/main.s:10362
    main.o                    src/main.s:10362
    main.o                    src/main.s:10362
    main.o                    src/main.s:10362
    main.o                    src/main.s:10362
stax0sp (staxsp.o):
    vdc_core.o                src/vdc_core.s:2155
    vdc_core.o                src/vdc_core.s:2155
    vdc_core.o                src/vdc_core.s:2155
    vdc_core.o                src/vdc_core.s:2155
    vdc_core.o                src/vdc_core.s:2155
    vdc_core.o                src/vdc_core.s:2155
    vdc_core.o                src/vdc_core.s:2155
    menu2.o                   src/menu2.s:1971
    menu2.o                   src/menu2.s:1971
    main.o                    src/main.s:10362
staxysp (staxsp.o):
    vsprintf.o                common/vsprintf.s:8
    vdc_core.o                src/vdc_core.s:2155
    vdc_core.o                src/vdc_core.s:2155
    vdc_core.o                src/vdc_core.s:2155
    main.o                    src/main.s:10362
    main.o                    src/main.s:10362
steax0sp (steaxsp.o):
    ring4.o                   src/ring4.s:1837
    ring4.o                   src/ring4.s:1837
    ring3.o                   src/ring3.s:1976
    ring3.o                   src/ring3.s:1976
    ring1.o                   src/ring1.s:1830
steaxspidx (steaxspi.o):
    menu2.o                   src/menu2.s:1971
    career2.o                 src/career2.s:1296
    career2.o                 src/career2.s:1296
    career2.o                 src/career2.s:1296
    career2.o                 src/career2.s:1296
    career2.o                 src/career2.s:1296
    career2.o                 src/career2.s:1296
    career2.o                 src/career2.s:1296
    career1.o                 src/career1.s:1992
    career1.o                 src/career1.s:1992
    career1.o                 src/career1.s:1992
    career1.o                 src/career1.s:1992
    ring4.o                   src/ring4.s:1837
    ring4.o                   src/ring4.s:1837
    ring4.o                   src/ring4.s:1837
    ring4.o                   src/ring4.s:1837
    ring4.o                   src/ring4.s:1837
    ring3.o                   src/ring3.s:1976
    ring3.o                   src/ring3.s:1976
    ring3.o                   src/ring3.s:1976
    ring3.o                   src/ring3.s:1976
    ring2.o                   src/ring2.s:1746
    ring2.o                   src/ring2.s:1746
    ring2.o                   src/ring2.s:1746
    ring2.o                   src/ring2.s:1746
    ring2.o                   src/ring2.s:1746
    ring2.o                   src/ring2.s:1746
    ring2.o                   src/ring2.s:1746
    ring1.o                   src/ring1.s:1830
    ring1.o                   src/ring1.s:1830
    ring1.o                   src/ring1.s:1830
    ring1.o                   src/ring1.s:1830
    ring1.o                   src/ring1.s:1830
    main.o                    src/main.s:10362
steaxysp (steaxsp.o):
    career1.o                 src/career1.s:1992
    ring4.o                   src/ring4.s:1837
    ring4.o                   src/ring4.s:1837
    ring2.o                   src/ring2.s:1746
subeq0sp (subeqsp.o):
    vdc_core.o                src/vdc_core.s:2155
    vdc_core.o                src/vdc_core.s:2155
    vdc_core.o                src/vdc_core.s:2155
    vdc_core.o                src/vdc_core.s:2155
subeqysp (subeqsp.o):
    vdc_core.o                src/vdc_core.s:2155
subysp (subysp.o):
    menu3.o                   src/menu3.s:1761
    menu2.o                   src/menu2.s:1971
    menu2.o                   src/menu2.s:1971
    menu1.o                   src/menu1.s:1752
    menu1.o                   src/menu1.s:1752
    main.o                    src/main.s:10362
    main.o                    src/main.s:10362
    main.o                    src/main.s:10362
    main.o                    src/main.s:10362
tmp1 (zeropage.o):
    diskcmd.o                 cbm/diskcmd.s:15
    ltoa.o                    common/ltoa.s:11
    filename.o                cbm/filename.s:12
    _printf.o                 /mnt/d/retro/cc65/asminc/zeropage.inc:13
    vcprintf.o                conio/vcprintf.s:10
    strchr.o                  common/strchr.s:10
    steaxspi.o                runtime/steaxspi.s:10
    staspidx.o                runtime/staspidx.s:9
    shreax2.o                 runtime/shreax2.s:8
    shreax1.o                 runtime/shreax1.s:8
    shrax3.o                  runtime/shrax3.s:8
    shrax1.o                  runtime/shrax1.s:8
    shelp.o                   runtime/shelp.s:12
    mul.o                     runtime/mul.s:10
    mod.o                     runtime/mod.s:12
    ldec.o                    runtime/ldec.s:9
    lbneg.o                   runtime/lbneg.s:8
    land.o                    runtime/land.s:10
    ladd.o                    runtime/ladd.s:9
    incaxy.o                  runtime/incaxy.s:8
    decaxy.o                  runtime/decaxy.s:8
    cputs.o                   conio/cputs.s:10
    cbm_read.o                cbm/cbm_read.s:42
    c_setlfs.o                cbm/c_setlfs.s:13
    c_save.o                  cbm/c_save.s:11
    asleax1.o                 runtime/asleax1.s:8
    aslax4.o                  runtime/aslax4.s:8
    aslax3.o                  runtime/aslax3.s:8
    aslax2.o                  runtime/aslax2.s:8
    aslax1.o                  runtime/aslax1.s:8
    add.o                     runtime/add.s:12
    vdc_core.o                src/vdc_core.s:11
    career1.o                 src/career1.s:11
    ring2.o                   src/ring2.s:11
    main.o                    src/main.s:11
tmp2 (zeropage.o):
    rwcommon.o                cbm/rwcommon.s:10
    steaxspi.o                runtime/steaxspi.s:10
    shelp.o                   runtime/shelp.s:12
    lmul.o                    runtime/lmul.s:10
tmp3 (zeropage.o):
    strcat.o                  common/strcat.s:10
    steaxspi.o                runtime/steaxspi.s:10
    ludiv.o                   runtime/ludiv.s:10
    lmul.o                    runtime/lmul.s:10
tmp4 (zeropage.o):
    ludiv.o                   runtime/ludiv.s:10
    lmul.o                    runtime/lmul.s:10
tosadd0ax (ladd.o):
    career1.o                 src/career1.s:1992
tosadda0 (add.o):
    menu3.o                   src/menu3.s:1761
    career2.o                 src/career2.s:1296
    career2.o                 src/career2.s:1296
    career2.o                 src/career2.s:1296
    career1.o                 src/career1.s:1992
    career1.o                 src/career1.s:1992
    career1.o                 src/career1.s:1992
    main.o                    src/main.s:10362
    main.o                    src/main.s:10362
    main.o                    src/main.s:10362
tosaddax (add.o):
    career1.o                 src/career1.s:1992
    main.o                    src/main.s:10362
    main.o                    src/main.s:10362
    main.o                    src/main.s:10362
    main.o                    src/main.s:10362
    main.o                    src/main.s:10362
tosaddeax (ladd.o):
    menu2.o                   src/menu2.s:1971
    career2.o                 src/career2.s:1296
    career2.o                 src/career2.s:1296
    career2.o                 src/career2.s:1296
    career2.o                 src/career2.s:1296
    career1.o                 src/career1.s:1992
    career1.o                 src/career1.s:1992
    ring4.o                   src/ring4.s:1837
    ring2.o                   src/ring2.s:1746
    ring2.o                   src/ring2.s:1746
    ring1.o                   src/ring1.s:1830
tosandeax (land.o):
    menu2.o                   src/menu2.s:1971
tosicmp (icmp.o):
    menu3.o                   src/menu3.s:1761
    ring1.o                   src/ring1.s:1830
    main.o                    src/main.s:10362
    main.o                    src/main.s:10362
tosicmp0 (icmp.o):
    menu3.o                   src/menu3.s:1761
    main.o                    src/main.s:10362
    main.o                    src/main.s:10362
    main.o                    src/main.s:10362
toslcmp (lcmp.o):
    lult.o                    runtime/lult.s:8
    lugt.o                    runtime/lugt.s:8
toslong (toslong.o):
    ring4.o                   src/ring4.s:1837
    ring1.o                   src/ring1.s:1830
tosmoda0 (mod.o):
    career1.o                 src/career1.s:1992
    career1.o                 src/career1.s:1992
    main.o                    src/main.s:10362
    main.o                    src/main.s:10362
tosmula0 (mul8.o):
    menu3.o                   src/menu3.s:1761
    menu3.o                   src/menu3.s:1761
    menu3.o                   src/menu3.s:1761
    menu2.o                   src/menu2.s:1971
    menu2.o                   src/menu2.s:1971
    menu2.o                   src/menu2.s:1971
    menu1.o                   src/menu1.s:1752
    menu1.o                   src/menu1.s:1752
    career2.o                 src/career2.s:1296
    career2.o                 src/career2.s:1296
    career2.o                 src/career2.s:1296
    career2.o                 src/career2.s:1296
    career2.o                 src/career2.s:1296
    career2.o                 src/career2.s:1296
    career2.o                 src/career2.s:1296
    career2.o                 src/career2.s:1296
    career2.o                 src/career2.s:1296
    career2.o                 src/career2.s:1296
    career2.o                 src/career2.s:1296
    career2.o                 src/career2.s:1296
    career2.o                 src/career2.s:1296
    career1.o                 src/career1.s:1992
    career1.o                 src/career1.s:1992
    career1.o                 src/career1.s:1992
    career1.o                 src/career1.s:1992
    career1.o                 src/career1.s:1992
    career1.o                 src/career1.s:1992
    career1.o                 src/career1.s:1992
    career1.o                 src/career1.s:1992
    career1.o                 src/career1.s:1992
    career1.o                 src/career1.s:1992
    career1.o                 src/career1.s:1992
    ring4.o                   src/ring4.s:1837
    ring4.o                   src/ring4.s:1837
    ring4.o                   src/ring4.s:1837
    ring4.o                   src/ring4.s:1837
    ring4.o                   src/ring4.s:1837
    ring3.o                   src/ring3.s:1976
    ring3.o                   src/ring3.s:1976
    ring3.o                   src/ring3.s:1976
    ring3.o                   src/ring3.s:1976
    ring3.o                   src/ring3.s:1976
    ring3.o                   src/ring3.s:1976
    ring2.o                   src/ring2.s:1746
    ring2.o                   src/ring2.s:1746
    ring2.o                   src/ring2.s:1746
    ring2.o                   src/ring2.s:1746
    ring2.o                   src/ring2.s:1746
    ring2.o                   src/ring2.s:1746
    ring2.o                   src/ring2.s:1746
    ring2.o                   src/ring2.s:1746
    ring1.o                   src/ring1.s:1830
    ring1.o                   src/ring1.s:1830
    ring1.o                   src/ring1.s:1830
    ring1.o                   src/ring1.s:1830
    ring1.o                   src/ring1.s:1830
    ring1.o                   src/ring1.s:1830
    main.o                    src/main.s:10362
    main.o                    src/main.s:10362
    main.o                    src/main.s:10362
    main.o                    src/main.s:10362
    main.o                    src/main.s:10362
    main.o                    src/main.s:10362
    main.o                    src/main.s:10362
    main.o                    src/main.s:10362
    main.o                    src/main.s:10362
    main.o                    src/main.s:10362
    main.o                    src/main.s:10362
    main.o                    src/main.s:10362
    main.o                    src/main.s:10362
    main.o                    src/main.s:10362
    main.o                    src/main.s:10362
    main.o                    src/main.s:10362
    main.o                    src/main.s:10362
    main.o                    src/main.s:10362
    main.o                    src/main.s:10362
    main.o                    src/main.s:10362
    main.o                    src/main.s:10362
tosmulax (mul.o):
    career2.o                 src/career2.s:1296
    career2.o                 src/career2.s:1296
    career2.o                 src/career2.s:1296
    career2.o                 src/career2.s:1296
    career1.o                 src/career1.s:1992
    career1.o                 src/career1.s:1992
    ring4.o                   src/ring4.s:1837
    ring2.o                   src/ring2.s:1746
    ring1.o                   src/ring1.s:1830
tossub0ax (lsub.o):
    ring4.o                   src/ring4.s:1837
    ring4.o                   src/ring4.s:1837
    ring4.o                   src/ring4.s:1837
    ring4.o                   src/ring4.s:1837
    ring3.o                   src/ring3.s:1976
    ring3.o                   src/ring3.s:1976
    ring2.o                   src/ring2.s:1746
    ring1.o                   src/ring1.s:1830
    ring1.o                   src/ring1.s:1830
    ring1.o                   src/ring1.s:1830
tossuba0 (sub.o):
    menu3.o                   src/menu3.s:1761
    menu3.o                   src/menu3.s:1761
    menu1.o                   src/menu1.s:1752
    menu1.o                   src/menu1.s:1752
    ring4.o                   src/ring4.s:1837
    ring4.o                   src/ring4.s:1837
    ring1.o                   src/ring1.s:1830
    main.o                    src/main.s:10362
    main.o                    src/main.s:10362
tossubax (sub.o):
    main.o                    src/main.s:10362
    main.o                    src/main.s:10362
tossubeax (lsub.o):
    career2.o                 src/career2.s:1296
    career2.o                 src/career2.s:1296
    career1.o                 src/career1.s:1992
    career1.o                 src/career1.s:1992
    ring4.o                   src/ring4.s:1837
    ring4.o                   src/ring4.s:1837
    ring4.o                   src/ring4.s:1837
    ring3.o                   src/ring3.s:1976
    ring3.o                   src/ring3.s:1976
    ring2.o                   src/ring2.s:1746
    ring2.o                   src/ring2.s:1746
    ring2.o                   src/ring2.s:1746
    ring2.o                   src/ring2.s:1746
    ring1.o                   src/ring1.s:1830
    ring1.o                   src/ring1.s:1830
    main.o                    src/main.s:10362
tosudiv0ax (ludiv.o):
    career1.o                 src/career1.s:1992
    ring4.o                   src/ring4.s:1837
    ring3.o                   src/ring3.s:1976
    ring2.o                   src/ring2.s:1746
    ring1.o                   src/ring1.s:1830
    ring1.o                   src/ring1.s:1830
    main.o                    src/main.s:10362
tosudivax (udiv.o):
    fwrite.o                  common/fwrite.s:12
tosugteax (lugt.o):
    ring4.o                   src/ring4.s:1837
    ring3.o                   src/ring3.s:1976
    ring1.o                   src/ring1.s:1830
    ring1.o                   src/ring1.s:1830
    main.o                    src/main.s:10362
tosulteax (lult.o):
    career1.o                 src/career1.s:1992
    career1.o                 src/career1.s:1992
    ring2.o                   src/ring2.s:1746
    ring2.o                   src/ring2.s:1746
    main.o                    src/main.s:10362
tosumul0ax (lmul.o):
    career1.o                 src/career1.s:1992
    ring1.o                   src/ring1.s:1830
tosumula0 (mul8.o):
    vdc_core.o                src/vdc_core.s:2155
    vdc_core.o                src/vdc_core.s:2155
    vdc_core.o                src/vdc_core.s:2155
    vdc_core.o                src/vdc_core.s:2155
    main.o                    src/main.s:10362
    main.o                    src/main.s:10362
    main.o                    src/main.s:10362
tosumulax (mul.o):
    fwrite.o                  common/fwrite.s:12
    vdc_core.o                src/vdc_core.s:2155
tosumuleax (lmul.o):
    career2.o                 src/career2.s:1296
    career1.o                 src/career1.s:1992
    career1.o                 src/career1.s:1992
    ring3.o                   src/ring3.s:1976
    ring2.o                   src/ring2.s:1746
udiv16 (udiv.o):
    shelp.o                   runtime/shelp.s:11
vsnprintf (vsnprintf.o):
    vsprintf.o                common/vsprintf.s:9
writefndiskcmd (diskcmd.o):
    scratch.o                 cbm/scratch.s:8
zerobss (zerobss.o):
    crt0.o                    c128/crt0.s:8

