Modules list:
-------------
vdc_core_assembly.o:
    MACO              Offs=000000  Size=000671  Align=00001  Fill=0000
sidplay_assembly.o:
    MACO              Offs=000671  Size=0000D3  Align=00001  Fill=0000
main.o:
    CODE              Offs=000000  Size=0055E7  Align=00001  Fill=0000
    RODATA            Offs=000000  Size=000B88  Align=00001  Fill=0000
    BSS               Offs=000000  Size=0001DA  Align=00001  Fill=0000
    DATA              Offs=000000  Size=001440  Align=00001  Fill=0000
vdc_core.o:
    CODE              Offs=0055E7  Size=000D0C  Align=00001  Fill=0000
    RODATA            Offs=000B88  Size=000050  Align=00001  Fill=0000
    DATA              Offs=001440  Size=000010  Align=00001  Fill=0000
sidplay.o:
    CODE              Offs=0062F3  Size=000033  Align=00001  Fill=0000
snes.o:
    CODE              Offs=006326  Size=0000C9  Align=00001  Fill=0000
    BSS               Offs=0001DA  Size=000002  Align=00001  Fill=0000
/mnt/d/retro/cc65/lib/c128.lib(_cursor.o):
    BSS               Offs=0001DC  Size=000001  Align=00001  Fill=0000
/mnt/d/retro/cc65/lib/c128.lib(_directerrno.o):
    CODE              Offs=0063EF  Size=00000A  Align=00001  Fill=0000
/mnt/d/retro/cc65/lib/c128.lib(_file.o):
    DATA              Offs=001450  Size=00001E  Align=00001  Fill=0000
/mnt/d/retro/cc65/lib/c128.lib(_hextab.o):
    RODATA            Offs=000BD8  Size=000010  Align=00001  Fill=0000
/mnt/d/retro/cc65/lib/c128.lib(_longminstr.o):
    RODATA            Offs=000BE8  Size=00000C  Align=00001  Fill=0000
/mnt/d/retro/cc65/lib/c128.lib(_mappederrno.o):
    CODE              Offs=0063F9  Size=000010  Align=00001  Fill=0000
/mnt/d/retro/cc65/lib/c128.lib(_oserror.o):
    BSS               Offs=0001DD  Size=000001  Align=00001  Fill=0000
/mnt/d/retro/cc65/lib/c128.lib(_printf.o):
    CODE              Offs=006409  Size=0003A5  Align=00001  Fill=0000
    BSS               Offs=0001DE  Size=00002B  Align=00001  Fill=0000
    DATA              Offs=00146E  Size=000003  Align=00001  Fill=0000
/mnt/d/retro/cc65/lib/c128.lib(_seterrno.o):
    CODE              Offs=0067AE  Size=000009  Align=00001  Fill=0000
/mnt/d/retro/cc65/lib/c128.lib(acc_c128_speed.o):
    CODE              Offs=0067B7  Size=000010  Align=00001  Fill=0000
/mnt/d/retro/cc65/lib/c128.lib(add.o):
    CODE              Offs=0067C7  Size=00001C  Align=00001  Fill=0000
/mnt/d/retro/cc65/lib/c128.lib(addeqsp.o):
    CODE              Offs=0067E3  Size=000011  Align=00001  Fill=0000
/mnt/d/retro/cc65/lib/c128.lib(addysp.o):
    CODE              Offs=0067F4  Size=00000E  Align=00001  Fill=0000
/mnt/d/retro/cc65/lib/c128.lib(aslax1.o):
    CODE              Offs=006802  Size=000008  Align=00001  Fill=0000
/mnt/d/retro/cc65/lib/c128.lib(aslax2.o):
    CODE              Offs=00680A  Size=00000B  Align=00001  Fill=0000
/mnt/d/retro/cc65/lib/c128.lib(aslax3.o):
    CODE              Offs=006815  Size=00000E  Align=00001  Fill=0000
/mnt/d/retro/cc65/lib/c128.lib(aslax4.o):
    CODE              Offs=006823  Size=000011  Align=00001  Fill=0000
/mnt/d/retro/cc65/lib/c128.lib(asleax1.o):
    CODE              Offs=006834  Size=00000C  Align=00001  Fill=0000
/mnt/d/retro/cc65/lib/c128.lib(axlong.o):
    CODE              Offs=006840  Size=00000D  Align=00001  Fill=0000
/mnt/d/retro/cc65/lib/c128.lib(c_close.o):
    CODE              Offs=00684D  Size=000004  Align=00001  Fill=0000
/mnt/d/retro/cc65/lib/c128.lib(c_load.o):
    CODE              Offs=006851  Size=00001D  Align=00001  Fill=0000
/mnt/d/retro/cc65/lib/c128.lib(c_open.o):
    CODE              Offs=00686E  Size=000009  Align=00001  Fill=0000
/mnt/d/retro/cc65/lib/c128.lib(c_save.o):
    CODE              Offs=006877  Size=000016  Align=00001  Fill=0000
/mnt/d/retro/cc65/lib/c128.lib(c_setlfs.o):
    CODE              Offs=00688D  Size=00000E  Align=00001  Fill=0000
/mnt/d/retro/cc65/lib/c128.lib(c_setnam.o):
    CODE              Offs=00689B  Size=000013  Align=00001  Fill=0000
/mnt/d/retro/cc65/lib/c128.lib(callmain.o):
    CODE              Offs=0068AE  Size=000017  Align=00001  Fill=0000
    DATA              Offs=001471  Size=000004  Align=00001  Fill=0000
/mnt/d/retro/cc65/lib/c128.lib(cbm_close.o):
/mnt/d/retro/cc65/lib/c128.lib(cbm_open.o):
    CODE              Offs=0068C5  Size=000016  Align=00001  Fill=0000
/mnt/d/retro/cc65/lib/c128.lib(cbm_read.o):
    CODE              Offs=0068DB  Size=00005B  Align=00001  Fill=0000
/mnt/d/retro/cc65/lib/c128.lib(cgetc.o):
    CODE              Offs=006936  Size=000030  Align=00001  Fill=0000
    INIT              Offs=000000  Size=000002  Align=00001  Fill=0000
    ONCE              Offs=000000  Size=000013  Align=00001  Fill=0000
/mnt/d/retro/cc65/lib/c128.lib(clock.o):
    CODE              Offs=006966  Size=00000A  Align=00001  Fill=0000
/mnt/d/retro/cc65/lib/c128.lib(clrscr.o):
/mnt/d/retro/cc65/lib/c128.lib(color.o):
    CODE              Offs=006970  Size=000060  Align=00001  Fill=0000
/mnt/d/retro/cc65/lib/c128.lib(condes.o):
    CODE              Offs=0069D0  Size=00000C  Align=00001  Fill=0000
    DATA              Offs=001475  Size=000025  Align=00001  Fill=0000
    ONCE              Offs=000013  Size=00000C  Align=00001  Fill=0000
/mnt/d/retro/cc65/lib/c128.lib(conio.o):
/mnt/d/retro/cc65/lib/c128.lib(cprintf.o):
    CODE              Offs=0069DC  Size=00002A  Align=00001  Fill=0000
    BSS               Offs=000209  Size=000001  Align=00001  Fill=0000
/mnt/d/retro/cc65/lib/c128.lib(cputc.o):
    CODE              Offs=006A06  Size=000049  Align=00001  Fill=0000
/mnt/d/retro/cc65/lib/c128.lib(cputs.o):
    CODE              Offs=006A4F  Size=000023  Align=00001  Fill=0000
/mnt/d/retro/cc65/lib/c128.lib(crt0.o):
    BSS               Offs=00020A  Size=000002  Align=00001  Fill=0000
    STARTUP           Offs=000000  Size=000051  Align=00001  Fill=0000
    INIT              Offs=000002  Size=00001A  Align=00001  Fill=0000
/mnt/d/retro/cc65/lib/c128.lib(ctype.o):
    RODATA            Offs=000BF4  Size=00008B  Align=00001  Fill=0000
/mnt/d/retro/cc65/lib/c128.lib(ctypemask.o):
    CODE              Offs=006A72  Size=00001E  Align=00001  Fill=0000
/mnt/d/retro/cc65/lib/c128.lib(curdevice.o):
    CODE              Offs=006A90  Size=000006  Align=00001  Fill=0000
/mnt/d/retro/cc65/lib/c128.lib(decax1.o):
    CODE              Offs=006A96  Size=000007  Align=00001  Fill=0000
/mnt/d/retro/cc65/lib/c128.lib(decaxy.o):
    CODE              Offs=006A9D  Size=000009  Align=00001  Fill=0000
/mnt/d/retro/cc65/lib/c128.lib(decsp1.o):
    CODE              Offs=006AA6  Size=000009  Align=00001  Fill=0000
/mnt/d/retro/cc65/lib/c128.lib(decsp2.o):
    CODE              Offs=006AAF  Size=00000D  Align=00001  Fill=0000
/mnt/d/retro/cc65/lib/c128.lib(decsp3.o):
    CODE              Offs=006ABC  Size=00000D  Align=00001  Fill=0000
/mnt/d/retro/cc65/lib/c128.lib(decsp4.o):
    CODE              Offs=006AC9  Size=00000D  Align=00001  Fill=0000
/mnt/d/retro/cc65/lib/c128.lib(decsp5.o):
    CODE              Offs=006AD6  Size=00000D  Align=00001  Fill=0000
/mnt/d/retro/cc65/lib/c128.lib(decsp6.o):
    CODE              Offs=006AE3  Size=00000D  Align=00001  Fill=0000
/mnt/d/retro/cc65/lib/c128.lib(decsp8.o):
    CODE              Offs=006AF0  Size=00000D  Align=00001  Fill=0000
/mnt/d/retro/cc65/lib/c128.lib(devnum.o):
/mnt/d/retro/cc65/lib/c128.lib(eq.o):
    CODE              Offs=006AFD  Size=00000A  Align=00001  Fill=0000
/mnt/d/retro/cc65/lib/c128.lib(errno.o):
    BSS               Offs=00020C  Size=000002  Align=00001  Fill=0000
/mnt/d/retro/cc65/lib/c128.lib(exehdr.o):
    EXEHDR            Offs=000000  Size=00000C  Align=00001  Fill=0000
/mnt/d/retro/cc65/lib/c128.lib(filedes.o):
    CODE              Offs=006B07  Size=00000E  Align=00001  Fill=0000
    DATA              Offs=00149A  Size=000010  Align=00001  Fill=0000
/mnt/d/retro/cc65/lib/c128.lib(filevars.o):
    INIT              Offs=00001C  Size=000001  Align=00001  Fill=0000
    ONCE              Offs=00001F  Size=00000C  Align=00001  Fill=0000
/mnt/d/retro/cc65/lib/c128.lib(fwrite.o):
    CODE              Offs=006B15  Size=00007B  Align=00001  Fill=0000
    BSS               Offs=00020E  Size=000002  Align=00001  Fill=0000
/mnt/d/retro/cc65/lib/c128.lib(gotoxy.o):
    CODE              Offs=006B90  Size=00000D  Align=00001  Fill=0000
/mnt/d/retro/cc65/lib/c128.lib(icmp.o):
    CODE              Offs=006B9D  Size=00002E  Align=00001  Fill=0000
/mnt/d/retro/cc65/lib/c128.lib(incax1.o):
    CODE              Offs=006BCB  Size=000007  Align=00001  Fill=0000
/mnt/d/retro/cc65/lib/c128.lib(incax2.o):
    CODE              Offs=006BD2  Size=000007  Align=00001  Fill=0000
/mnt/d/retro/cc65/lib/c128.lib(incax3.o):
    CODE              Offs=006BD9  Size=000005  Align=00001  Fill=0000
/mnt/d/retro/cc65/lib/c128.lib(incax5.o):
    CODE              Offs=006BDE  Size=000005  Align=00001  Fill=0000
/mnt/d/retro/cc65/lib/c128.lib(incax6.o):
    CODE              Offs=006BE3  Size=000005  Align=00001  Fill=0000
/mnt/d/retro/cc65/lib/c128.lib(incax8.o):
    CODE              Offs=006BE8  Size=000005  Align=00001  Fill=0000
/mnt/d/retro/cc65/lib/c128.lib(incaxy.o):
    CODE              Offs=006BED  Size=00000B  Align=00001  Fill=0000
/mnt/d/retro/cc65/lib/c128.lib(incsp1.o):
    CODE              Offs=006BF8  Size=000007  Align=00001  Fill=0000
/mnt/d/retro/cc65/lib/c128.lib(incsp2.o):
    CODE              Offs=006BFF  Size=000016  Align=00001  Fill=0000
/mnt/d/retro/cc65/lib/c128.lib(incsp3.o):
    CODE              Offs=006C15  Size=000005  Align=00001  Fill=0000
/mnt/d/retro/cc65/lib/c128.lib(incsp4.o):
    CODE              Offs=006C1A  Size=000005  Align=00001  Fill=0000
/mnt/d/retro/cc65/lib/c128.lib(incsp5.o):
    CODE              Offs=006C1F  Size=000005  Align=00001  Fill=0000
/mnt/d/retro/cc65/lib/c128.lib(incsp6.o):
    CODE              Offs=006C24  Size=000005  Align=00001  Fill=0000
/mnt/d/retro/cc65/lib/c128.lib(incsp7.o):
    CODE              Offs=006C29  Size=000005  Align=00001  Fill=0000
/mnt/d/retro/cc65/lib/c128.lib(incsp8.o):
    CODE              Offs=006C2E  Size=000005  Align=00001  Fill=0000
/mnt/d/retro/cc65/lib/c128.lib(isprint.o):
    CODE              Offs=006C33  Size=00000A  Align=00001  Fill=0000
/mnt/d/retro/cc65/lib/c128.lib(joy-kernel.o):
    CODE              Offs=006C3D  Size=00004D  Align=00001  Fill=0000
    RODATA            Offs=000C7F  Size=000004  Align=00001  Fill=0000
    BSS               Offs=000210  Size=000002  Align=00001  Fill=0000
    DATA              Offs=0014AA  Size=00000C  Align=00001  Fill=0000
/mnt/d/retro/cc65/lib/c128.lib(joy_read.o):
/mnt/d/retro/cc65/lib/c128.lib(joy_stat_stddrv.o):
/mnt/d/retro/cc65/lib/c128.lib(kbhit.o):
    CODE              Offs=006C8A  Size=000009  Align=00001  Fill=0000
/mnt/d/retro/cc65/lib/c128.lib(kernal.o):
/mnt/d/retro/cc65/lib/c128.lib(ladd.o):
    CODE              Offs=006C93  Size=000025  Align=00001  Fill=0000
/mnt/d/retro/cc65/lib/c128.lib(lcmp.o):
    CODE              Offs=006CB8  Size=00003B  Align=00001  Fill=0000
/mnt/d/retro/cc65/lib/c128.lib(ldaxi.o):
    CODE              Offs=006CF3  Size=00000D  Align=00001  Fill=0000
/mnt/d/retro/cc65/lib/c128.lib(ldaxsp.o):
    CODE              Offs=006D00  Size=000009  Align=00001  Fill=0000
/mnt/d/retro/cc65/lib/c128.lib(ldeaxi.o):
    CODE              Offs=006D09  Size=000017  Align=00001  Fill=0000
/mnt/d/retro/cc65/lib/c128.lib(ldeaxysp.o):
    CODE              Offs=006D20  Size=000013  Align=00001  Fill=0000
/mnt/d/retro/cc65/lib/c128.lib(ldec.o):
    CODE              Offs=006D33  Size=000015  Align=00001  Fill=0000
/mnt/d/retro/cc65/lib/c128.lib(leaaxsp.o):
    CODE              Offs=006D48  Size=00000C  Align=00001  Fill=0000
/mnt/d/retro/cc65/lib/c128.lib(libref.o):
/mnt/d/retro/cc65/lib/c128.lib(lmul.o):
    CODE              Offs=006D54  Size=00005C  Align=00001  Fill=0000
/mnt/d/retro/cc65/lib/c128.lib(lneg.o):
    CODE              Offs=006DB0  Size=00001E  Align=00001  Fill=0000
/mnt/d/retro/cc65/lib/c128.lib(loadaddr.o):
    LOADADDR          Offs=000000  Size=000002  Align=00001  Fill=0000
/mnt/d/retro/cc65/lib/c128.lib(lpush.o):
    CODE              Offs=006DCE  Size=000021  Align=00001  Fill=0000
/mnt/d/retro/cc65/lib/c128.lib(lsub.o):
    CODE              Offs=006DEF  Size=000027  Align=00001  Fill=0000
/mnt/d/retro/cc65/lib/c128.lib(ltoa.o):
    CODE              Offs=006E16  Size=000095  Align=00001  Fill=0000
/mnt/d/retro/cc65/lib/c128.lib(ludiv.o):
    CODE              Offs=006EAB  Size=00007A  Align=00001  Fill=0000
/mnt/d/retro/cc65/lib/c128.lib(lugt.o):
    CODE              Offs=006F25  Size=000006  Align=00001  Fill=0000
/mnt/d/retro/cc65/lib/c128.lib(lult.o):
    CODE              Offs=006F2B  Size=000006  Align=00001  Fill=0000
/mnt/d/retro/cc65/lib/c128.lib(makebool.o):
    CODE              Offs=006F31  Size=00002C  Align=00001  Fill=0000
/mnt/d/retro/cc65/lib/c128.lib(memcpy.o):
    CODE              Offs=006F5D  Size=00003C  Align=00001  Fill=0000
/mnt/d/retro/cc65/lib/c128.lib(mod.o):
    CODE              Offs=006F99  Size=000011  Align=00001  Fill=0000
/mnt/d/retro/cc65/lib/c128.lib(mul.o):
    CODE              Offs=006FAA  Size=000045  Align=00001  Fill=0000
/mnt/d/retro/cc65/lib/c128.lib(mul8.o):
    CODE              Offs=006FEF  Size=00003A  Align=00001  Fill=0000
/mnt/d/retro/cc65/lib/c128.lib(mulax10.o):
    CODE              Offs=007029  Size=000019  Align=00001  Fill=0000
/mnt/d/retro/cc65/lib/c128.lib(mulax3.o):
    CODE              Offs=007042  Size=000011  Align=00001  Fill=0000
/mnt/d/retro/cc65/lib/c128.lib(negabs.o):
    CODE              Offs=007053  Size=000012  Align=00001  Fill=0000
/mnt/d/retro/cc65/lib/c128.lib(oserror.o):
    CODE              Offs=007065  Size=000016  Align=00001  Fill=0000
    RODATA            Offs=000C83  Size=00005A  Align=00001  Fill=0000
/mnt/d/retro/cc65/lib/c128.lib(popa.o):
    CODE              Offs=00707B  Size=00000C  Align=00001  Fill=0000
/mnt/d/retro/cc65/lib/c128.lib(popptr1.o):
    CODE              Offs=007087  Size=00000E  Align=00001  Fill=0000
/mnt/d/retro/cc65/lib/c128.lib(printf.o):
    CODE              Offs=007095  Size=000033  Align=00001  Fill=0000
    BSS               Offs=000212  Size=000001  Align=00001  Fill=0000
/mnt/d/retro/cc65/lib/c128.lib(push1.o):
    CODE              Offs=0070C8  Size=000005  Align=00001  Fill=0000
/mnt/d/retro/cc65/lib/c128.lib(pusha.o):
    CODE              Offs=0070CD  Size=000016  Align=00001  Fill=0000
/mnt/d/retro/cc65/lib/c128.lib(pushax.o):
    CODE              Offs=0070E3  Size=00001A  Align=00001  Fill=0000
/mnt/d/retro/cc65/lib/c128.lib(pushwsp.o):
    CODE              Offs=0070FD  Size=00001C  Align=00001  Fill=0000
/mnt/d/retro/cc65/lib/c128.lib(rand.o):
    CODE              Offs=007119  Size=000034  Align=00001  Fill=0000
    DATA              Offs=0014B6  Size=000004  Align=00001  Fill=0000
/mnt/d/retro/cc65/lib/c128.lib(return0.o):
    CODE              Offs=00714D  Size=000004  Align=00001  Fill=0000
/mnt/d/retro/cc65/lib/c128.lib(rwcommon.o):
    CODE              Offs=007151  Size=00001A  Align=00001  Fill=0000
/mnt/d/retro/cc65/lib/c128.lib(shelp.o):
    CODE              Offs=00716B  Size=000020  Align=00001  Fill=0000
/mnt/d/retro/cc65/lib/c128.lib(shrax1.o):
    CODE              Offs=00718B  Size=000008  Align=00001  Fill=0000
/mnt/d/retro/cc65/lib/c128.lib(shrax3.o):
    CODE              Offs=007193  Size=00000E  Align=00001  Fill=0000
/mnt/d/retro/cc65/lib/c128.lib(shreax1.o):
    CODE              Offs=0071A1  Size=00000C  Align=00001  Fill=0000
/mnt/d/retro/cc65/lib/c128.lib(shreax2.o):
    CODE              Offs=0071AD  Size=000013  Align=00001  Fill=0000
/mnt/d/retro/cc65/lib/c128.lib(sprintf.o):
    CODE              Offs=0071C0  Size=00002B  Align=00001  Fill=0000
    BSS               Offs=000213  Size=000001  Align=00001  Fill=0000
/mnt/d/retro/cc65/lib/c128.lib(staspidx.o):
    CODE              Offs=0071EB  Size=000016  Align=00001  Fill=0000
/mnt/d/retro/cc65/lib/c128.lib(status.o):
/mnt/d/retro/cc65/lib/c128.lib(staxsp.o):
    CODE              Offs=007201  Size=00000B  Align=00001  Fill=0000
/mnt/d/retro/cc65/lib/c128.lib(steaxsp.o):
    CODE              Offs=00720C  Size=000015  Align=00001  Fill=0000
/mnt/d/retro/cc65/lib/c128.lib(steaxspi.o):
    CODE              Offs=007221  Size=000022  Align=00001  Fill=0000
/mnt/d/retro/cc65/lib/c128.lib(strcat.o):
    CODE              Offs=007243  Size=000031  Align=00001  Fill=0000
/mnt/d/retro/cc65/lib/c128.lib(strchr.o):
    CODE              Offs=007274  Size=000027  Align=00001  Fill=0000
/mnt/d/retro/cc65/lib/c128.lib(strcpy.o):
    CODE              Offs=00729B  Size=00001F  Align=00001  Fill=0000
/mnt/d/retro/cc65/lib/c128.lib(strlen.o):
    CODE              Offs=0072BA  Size=000016  Align=00001  Fill=0000
/mnt/d/retro/cc65/lib/c128.lib(strlower.o):
    CODE              Offs=0072D0  Size=000027  Align=00001  Fill=0000
/mnt/d/retro/cc65/lib/c128.lib(sub.o):
    CODE              Offs=0072F7  Size=000015  Align=00001  Fill=0000
/mnt/d/retro/cc65/lib/c128.lib(subeqsp.o):
    CODE              Offs=00730C  Size=000015  Align=00001  Fill=0000
/mnt/d/retro/cc65/lib/c128.lib(subysp.o):
    CODE              Offs=007321  Size=00000D  Align=00001  Fill=0000
/mnt/d/retro/cc65/lib/c128.lib(toslong.o):
    CODE              Offs=00732E  Size=000038  Align=00001  Fill=0000
/mnt/d/retro/cc65/lib/c128.lib(udiv.o):
    CODE              Offs=007366  Size=00004F  Align=00001  Fill=0000
/mnt/d/retro/cc65/lib/c128.lib(vcprintf.o):
    CODE              Offs=0073B5  Size=000078  Align=00001  Fill=0000
    DATA              Offs=0014BA  Size=000008  Align=00001  Fill=0000
/mnt/d/retro/cc65/lib/c128.lib(vfprintf.o):
    CODE              Offs=00742D  Size=000061  Align=00001  Fill=0000
    DATA              Offs=0014C2  Size=000008  Align=00001  Fill=0000
/mnt/d/retro/cc65/lib/c128.lib(videomode.o):
    CODE              Offs=00748E  Size=000013  Align=00001  Fill=0000
/mnt/d/retro/cc65/lib/c128.lib(vsnprintf.o):
    CODE              Offs=0074A1  Size=0000DA  Align=00001  Fill=0000
    DATA              Offs=0014CA  Size=000008  Align=00001  Fill=0000
/mnt/d/retro/cc65/lib/c128.lib(vsprintf.o):
    CODE              Offs=00757B  Size=000012  Align=00001  Fill=0000
/mnt/d/retro/cc65/lib/c128.lib(write.o):
    CODE              Offs=00758D  Size=000054  Align=00001  Fill=0000
    ONCE              Offs=00002B  Size=000011  Align=00001  Fill=0000
/mnt/d/retro/cc65/lib/c128.lib(zerobss.o):
    CODE              Offs=0075E1  Size=000023  Align=00001  Fill=0000
/mnt/d/retro/cc65/lib/c128.lib(zeropage.o):
    ZEROPAGE          Offs=000000  Size=00001A  Align=00001  Fill=0000
/mnt/d/retro/cc65/lib/c128.lib(c128-stdjoy-joy.o):
    CODE              Offs=007604  Size=00002F  Align=00001  Fill=0000
    DATA              Offs=0014D2  Size=00000E  Align=00001  Fill=0000


Segment list:
-------------
Name                   Start     End    Size  Align
----------------------------------------------------
ZEROPAGE              000002  00001B  00001A  00001
MACO                  001300  001A43  000744  00001
LOADADDR              001BFF  001C00  000002  00001
EXEHDR                001C01  001C0C  00000C  00001
STARTUP               001C0D  001C5D  000051  00001
ONCE                  001C5E  001C9F  000042  00001
CODE                  001CA0  0092D2  007633  00001
RODATA                0092D3  009FB1  000CDF  00001
DATA                  009FB2  00B491  0014E0  00001
INIT                  00B492  00B4AE  00001D  00001
BSS                   00B4AF  00B6C2  000214  00001


Exports list by name:
---------------------
BASIN                     00FFCF RLA    BSOUT                     00FFD2 RLA    
CHKIN                     00FFC6 RLA    CKOUT                     00FFC9 RLA    
CLOSE                     00FFC3 RLA    CLRCH                     00FFCC RLA    
CURS_X                    0000EC RLZ    CURS_Y                    0000EB RLZ    
LOAD                      00FFD5 RLA    OPEN                      00FFC0 RLA    
RDTIM                     00FFDE RLA    READST                    00FFB7 RLA    
SAVE                      00FFD8 RLA    SETLFS                    00FFBA RLA    
SETNAM                    00FFBD RLA    ST                        000090 RLZ    
SWAPPER                   00FF5F RLA    _PEEKB_core               001939 RLA    
_POKEB                    007F3A RLA    _POKEB_core               001901 RLA    
_PlayMusic                001977 RLA    _SNES                     00B689 RLA    
_SetLoadSaveBank          007F2A RLA    _SetLoadSaveBank_core     0018F8 RLA    
_StopMusic                0019C8 RLA    _VDC_CopyMemToVDC         0073A4 RLA    
_VDC_CopyMemToVDC_core    0015FD RLA    _VDC_CopyVDCToMem         0073EE RLA    
_VDC_CopyVDCToMem_core    001678 RLA    _VDC_CopyViewPortToVDC    0079DC RLA    
_VDC_CopyViewPortToVDC_core 0017C8 RLA    _VDC_DetectVDCMemSize_core 001393 RLA    
_VDC_Exit                 00756C RLA    _VDC_FillArea             00746F RLA    
_VDC_FillArea_core        0017AE RLA    _VDC_HChar                007329 RLA    
_VDC_HChar_core           0014E1 RLA    _VDC_Init                 0074B5 RLA    
_VDC_LoadCharset          0077C3 RLA    _VDC_LoadScreen           00785C RLA    
_VDC_MemCopy_core         00146A RLA    _VDC_Peek_core            001363 RLA    
_VDC_PetsciiToScreenCode  007586 RLA    _VDC_Plot                 007956 RLA    
_VDC_PlotString           00798E RLA    _VDC_Poke_core            001333 RLA    
_VDC_PrintAt              00773F RLA    _VDC_ReadRegister_core    001312 RLA    
_VDC_RedefineCharset_core 001700 RLA    _VDC_ScrollCopy           007AD8 RLA    
_VDC_ScrollCopy_core      001869 RLA    _VDC_VChar                007368 RLA    
_VDC_VChar_core           001583 RLA    _VDC_WriteRegister_core   001324 RLA    
_VDC_addrh                001302 RLA    _VDC_addrl                001303 RLA    
_VDC_desth                001304 RLA    _VDC_destl                001305 RLA    
_VDC_regadd               001300 RLA    _VDC_regval               001301 RLA    
_VDC_strideh              001306 RLA    _VDC_stridel              001307 RLA    
_VDC_tmp1                 001309 RLA    _VDC_tmp2                 00130A RLA    
_VDC_tmp3                 00130B RLA    _VDC_tmp4                 00130C RLA    
_VDC_value                001308 RLA    __BSS_RUN__               00B4AF RLA    
__BSS_SIZE__              000214 REA    __CONSTRUCTOR_COUNT__     000003 REA    
__CONSTRUCTOR_TABLE__     001C9A RLA    __DESTRUCTOR_COUNT__      000001 REA    
__DESTRUCTOR_TABLE__      009FB0 RLA    __EXEHDR__                000001 REA    
__LOADADDR__              000001 REA    __MAIN_SIZE__             009BF3 REA    
__MAIN_START__            001C0D RLA    __STACKSIZE__             000800 REA    
__STARTUP__               000001 REA    __ctype                   009EC7 RLA    
__ctypeidx                009ED2 RLA    __directerrno             00808F RLA    
__errno                   00B6BB RLA    __hextab                  009EAB RLA    
__longminstr              009EBB RLA    __mappederrno             008099 RLA    
__oserror                 00B68C RLA    __osmaperrno              008D05 RLA    
__printf                  00819C RLA    __seterrno                00844E RLA    
_bgcolor                  008639 RLA    _bootdevice               00B4AF RLA    
_bordercolor              00865F RLA    _c128_stdjoy_joy          00B484 RLA    
_cbm_close                0084ED REA    _cbm_k_close              0084ED RLA    
_cbm_k_load               0084F1 RLA    _cbm_k_open               00850E RLA    
_cbm_k_save               008517 RLA    _cbm_k_setlfs             00852D RLA    
_cbm_k_setnam             00853B RLA    _cbm_open                 008565 RLA    
_cbm_read                 00857B RLA    _cgetc                    0085D6 RLA    
_clock                    008606 RLA    _clrscr                   00C142 REA    
_cprintf                  00867C RLA    _cputc                    0086AB RLA    
_cputs                    0086F9 RLA    _cputsxy                  0086EF RLA    
_exit                     001C42 RLA    _fwrite                   0087B5 RLA    
_getcurrentdevice         008730 RLA    _gotoxy                   008833 RLA    
_isprint                  0088D3 RLA    _joy_install              0088DD RLA    
_joy_read                 00B465 REA    _joy_static_stddrv        00B484 RLA    
_joy_uninstall            00891D RLA    _kbhit                    00892A RLA    
_ltoa                     008ACE RLA    _main                     006F82 RLA    
_memcpy                   008BFD RLA    _printf                   008D35 RLA    
_rand                     008DC5 RLA    _set_c128_speed           008457 RLA    
_snes_init                007FC6 RLA    _snes_read                007FCC RLA    
_sprintf                  008E60 RLA    _srand                    008DB9 RLA    
_stdout                   00B41C RLA    _strcat                   008EE3 RLA    
_strchr                   008F14 RLA    _strcpy                   008F3B RLA    
_strlen                   008F5A RLA    _strlower                 008F70 RLA    
_textcolor                008610 RLA    _ultoa                    008B0F RLA    
_vcprintf                 00909D RLA    _vfprintf                 009105 RLA    
_videomode                00912E RLA    _vsprintf                 00921B RLA    
_write                    00922D RLA    addeq0sp                  008483 RLA    
addeqysp                  008485 RLA    addysp                    008495 RLA    
addysp1                   008494 RLA    aslax2                    0084AA RLA    
axlong                    0084E0 RLA    axulong                   0084E6 RLA    
booleq                    008BD7 RLA    boolugt                   008BF6 RLA    
boolult                   008BF0 RLA    callmain                  00854E RLA    
ctypemask                 008712 RLA    ctypemaskdirect           008716 RLA    
cursor                    00B68B RLA    curunit                   00B4AE RLA    
decax1                    008736 RLA    decaxy                    00873D RLA    
deceaxy                   0089D3 RLA    decsp1                    008746 RLA    
decsp2                    00874F RLA    decsp3                    00875C RLA    
decsp4                    008769 RLA    decsp5                    008776 RLA    
decsp6                    008783 RLA    decsp8                    008790 RLA    
devnum                    0000BA RLZ    donecgetc                 0085F7  LAI   
donelib                   008670 RLA    fdtab                     00B44C RLA    
gotoxy                    008830 RLA    incax1                    00886B RLA    
incax2                    008872 RLA    incax3                    008879 RLA    
incax4                    00888D RLA    incax5                    00887E RLA    
incax6                    008883 RLA    incax8                    008888 RLA    
incaxy                    00888F RLA    incsp1                    008898 RLA    
incsp2                    0088A7 RLA    incsp3                    0088B5 RLA    
incsp4                    0088BA RLA    incsp5                    0088BF RLA    
incsp6                    0088C4 RLA    incsp7                    0088C9 RLA    
incsp8                    0088CE RLA    initcgetc                 001C5E  LAI   
initcurunit               001C7D  LAI   initlib                   001C71 RLA    
initstdout                001C89  LAI   joy_libref                001C42 RLA    
joy_read                  00B465 RLA    ldax0sp                   0089A0 RLA    
ldaxi                     008993 RLA    ldaxysp                   0089A2 RLA    
ldeax0sp                  0089C0 RLA    ldeaxidx                  0089AB RLA    
ldeaxysp                  0089C2 RLA    leaa0sp                   0089E8 RLA    
mul8x16                   008C91 RLA    mul8x16a                  008C9B RLA    
mulax10                   008CC9 RLA    mulax3                    008CE2 RLA    
negax                     008CF7 RLA    negeax                    008A50 RLA    
plot                      0086E7 RLA    popa                      008D1B RLA    
popax                     00889F RLA    popptr1                   008D27 RLA    
popsargsudiv16            008E0B RLA    ptr1                      00000A RLZ    
ptr2                      00000C RLZ    ptr3                      00000E RLZ    
ptr4                      000010 RLZ    push0                     008D83 RLA    
push1                     008D68 RLA    pusha                     008D71 RLA    
pusha0                    008D85 RLA    pushax                    008D87 RLA    
pusheax                   008A77 RLA    pushl0                    008A6E RLA    
pushw0sp                  008D9D RLA    pushwysp                  008D9F RLA    
regbank                   000016 RLZ    return0                   008DED RLA    
rwcommon                  008DF1 RLA    shlax1                    0084A2 RLA    
shlax2                    0084AA RLA    shlax3                    0084B5 RLA    
shlax4                    0084C3 RLA    shleax1                   0084D4 RLA    
shrax1                    008E2B RLA    shrax3                    008E33 RLA    
shreax1                   008E41 RLA    shreax2                   008E4D RLA    
sp                        000002 RLZ    sreg                      000004 RLZ    
staspidx                  008E8B RLA    stax0sp                   008EA1 RLA    
staxysp                   008EA3 RLA    steax0sp                  008EAC RLA    
steaxspidx                008EC1 RLA    subeq0sp                  008FAC RLA    
subeqysp                  008FAE RLA    subysp                    008FC1 RLA    
tmp1                      000012 RLZ    tmp2                      000013 RLZ    
tmp3                      000014 RLZ    tmp4                      000015 RLZ    
tosadda0                  008467 RLA    tosaddax                  008469 RLA    
tosaddeax                 008939 RLA    toseqa0                   00879F RLA    
tosicmp                   00883F RLA    tosicmp0                  00883D RLA    
toslcmp                   008958 RLA    toslong                   008FEC RLA    
tosmoda0                  008C39 RLA    tosmula0                  008C8F RLA    
tosmulax                  008C4A RLA    tossub0ax                 008A8F RLA    
tossuba0                  008F97 RLA    tossubax                  008F99 RLA    
tossubeax                 008A95 RLA    tosudiv0ax                008B4B RLA    
tosudivax                 009008 RLA    tosugteax                 008BC5 RLA    
tosulteax                 008BCB RLA    tosumul0ax                0089F4 RLA    
tosumula0                 008C8F RLA    tosumulax                 008C4A RLA    
udiv16                    009017 RLA    vsnprintf                 009144 RLA    
zerobss                   009281 RLA    


Exports list by value:
----------------------
__DESTRUCTOR_COUNT__      000001 REA    __EXEHDR__                000001 REA    
__LOADADDR__              000001 REA    __STARTUP__               000001 REA    
sp                        000002 RLZ    __CONSTRUCTOR_COUNT__     000003 REA    
sreg                      000004 RLZ    ptr1                      00000A RLZ    
ptr2                      00000C RLZ    ptr3                      00000E RLZ    
ptr4                      000010 RLZ    tmp1                      000012 RLZ    
tmp2                      000013 RLZ    tmp3                      000014 RLZ    
tmp4                      000015 RLZ    regbank                   000016 RLZ    
ST                        000090 RLZ    devnum                    0000BA RLZ    
CURS_Y                    0000EB RLZ    CURS_X                    0000EC RLZ    
__BSS_SIZE__              000214 REA    __STACKSIZE__             000800 REA    
_VDC_regadd               001300 RLA    _VDC_regval               001301 RLA    
_VDC_addrh                001302 RLA    _VDC_addrl                001303 RLA    
_VDC_desth                001304 RLA    _VDC_destl                001305 RLA    
_VDC_strideh              001306 RLA    _VDC_stridel              001307 RLA    
_VDC_value                001308 RLA    _VDC_tmp1                 001309 RLA    
_VDC_tmp2                 00130A RLA    _VDC_tmp3                 00130B RLA    
_VDC_tmp4                 00130C RLA    _VDC_ReadRegister_core    001312 RLA    
_VDC_WriteRegister_core   001324 RLA    _VDC_Poke_core            001333 RLA    
_VDC_Peek_core            001363 RLA    _VDC_DetectVDCMemSize_core 001393 RLA    
_VDC_MemCopy_core         00146A RLA    _VDC_HChar_core           0014E1 RLA    
_VDC_VChar_core           001583 RLA    _VDC_CopyMemToVDC_core    0015FD RLA    
_VDC_CopyVDCToMem_core    001678 RLA    _VDC_RedefineCharset_core 001700 RLA    
_VDC_FillArea_core        0017AE RLA    _VDC_CopyViewPortToVDC_core 0017C8 RLA    
_VDC_ScrollCopy_core      001869 RLA    _SetLoadSaveBank_core     0018F8 RLA    
_POKEB_core               001901 RLA    _PEEKB_core               001939 RLA    
_PlayMusic                001977 RLA    _StopMusic                0019C8 RLA    
__MAIN_START__            001C0D RLA    _exit                     001C42 RLA    
joy_libref                001C42 RLA    initcgetc                 001C5E  LAI   
initlib                   001C71 RLA    initcurunit               001C7D  LAI   
initstdout                001C89  LAI   __CONSTRUCTOR_TABLE__     001C9A RLA    
_main                     006F82 RLA    _VDC_HChar                007329 RLA    
_VDC_VChar                007368 RLA    _VDC_CopyMemToVDC         0073A4 RLA    
_VDC_CopyVDCToMem         0073EE RLA    _VDC_FillArea             00746F RLA    
_VDC_Init                 0074B5 RLA    _VDC_Exit                 00756C RLA    
_VDC_PetsciiToScreenCode  007586 RLA    _VDC_PrintAt              00773F RLA    
_VDC_LoadCharset          0077C3 RLA    _VDC_LoadScreen           00785C RLA    
_VDC_Plot                 007956 RLA    _VDC_PlotString           00798E RLA    
_VDC_CopyViewPortToVDC    0079DC RLA    _VDC_ScrollCopy           007AD8 RLA    
_SetLoadSaveBank          007F2A RLA    _POKEB                    007F3A RLA    
_snes_init                007FC6 RLA    _snes_read                007FCC RLA    
__directerrno             00808F RLA    __mappederrno             008099 RLA    
__printf                  00819C RLA    __seterrno                00844E RLA    
_set_c128_speed           008457 RLA    tosadda0                  008467 RLA    
tosaddax                  008469 RLA    addeq0sp                  008483 RLA    
addeqysp                  008485 RLA    addysp1                   008494 RLA    
addysp                    008495 RLA    shlax1                    0084A2 RLA    
aslax2                    0084AA RLA    shlax2                    0084AA RLA    
shlax3                    0084B5 RLA    shlax4                    0084C3 RLA    
shleax1                   0084D4 RLA    axlong                    0084E0 RLA    
axulong                   0084E6 RLA    _cbm_close                0084ED REA    
_cbm_k_close              0084ED RLA    _cbm_k_load               0084F1 RLA    
_cbm_k_open               00850E RLA    _cbm_k_save               008517 RLA    
_cbm_k_setlfs             00852D RLA    _cbm_k_setnam             00853B RLA    
callmain                  00854E RLA    _cbm_open                 008565 RLA    
_cbm_read                 00857B RLA    _cgetc                    0085D6 RLA    
donecgetc                 0085F7  LAI   _clock                    008606 RLA    
_textcolor                008610 RLA    _bgcolor                  008639 RLA    
_bordercolor              00865F RLA    donelib                   008670 RLA    
_cprintf                  00867C RLA    _cputc                    0086AB RLA    
plot                      0086E7 RLA    _cputsxy                  0086EF RLA    
_cputs                    0086F9 RLA    ctypemask                 008712 RLA    
ctypemaskdirect           008716 RLA    _getcurrentdevice         008730 RLA    
decax1                    008736 RLA    decaxy                    00873D RLA    
decsp1                    008746 RLA    decsp2                    00874F RLA    
decsp3                    00875C RLA    decsp4                    008769 RLA    
decsp5                    008776 RLA    decsp6                    008783 RLA    
decsp8                    008790 RLA    toseqa0                   00879F RLA    
_fwrite                   0087B5 RLA    gotoxy                    008830 RLA    
_gotoxy                   008833 RLA    tosicmp0                  00883D RLA    
tosicmp                   00883F RLA    incax1                    00886B RLA    
incax2                    008872 RLA    incax3                    008879 RLA    
incax5                    00887E RLA    incax6                    008883 RLA    
incax8                    008888 RLA    incax4                    00888D RLA    
incaxy                    00888F RLA    incsp1                    008898 RLA    
popax                     00889F RLA    incsp2                    0088A7 RLA    
incsp3                    0088B5 RLA    incsp4                    0088BA RLA    
incsp5                    0088BF RLA    incsp6                    0088C4 RLA    
incsp7                    0088C9 RLA    incsp8                    0088CE RLA    
_isprint                  0088D3 RLA    _joy_install              0088DD RLA    
_joy_uninstall            00891D RLA    _kbhit                    00892A RLA    
tosaddeax                 008939 RLA    toslcmp                   008958 RLA    
ldaxi                     008993 RLA    ldax0sp                   0089A0 RLA    
ldaxysp                   0089A2 RLA    ldeaxidx                  0089AB RLA    
ldeax0sp                  0089C0 RLA    ldeaxysp                  0089C2 RLA    
deceaxy                   0089D3 RLA    leaa0sp                   0089E8 RLA    
tosumul0ax                0089F4 RLA    negeax                    008A50 RLA    
pushl0                    008A6E RLA    pusheax                   008A77 RLA    
tossub0ax                 008A8F RLA    tossubeax                 008A95 RLA    
_ltoa                     008ACE RLA    _ultoa                    008B0F RLA    
tosudiv0ax                008B4B RLA    tosugteax                 008BC5 RLA    
tosulteax                 008BCB RLA    booleq                    008BD7 RLA    
boolult                   008BF0 RLA    boolugt                   008BF6 RLA    
_memcpy                   008BFD RLA    tosmoda0                  008C39 RLA    
tosmulax                  008C4A RLA    tosumulax                 008C4A RLA    
tosmula0                  008C8F RLA    tosumula0                 008C8F RLA    
mul8x16                   008C91 RLA    mul8x16a                  008C9B RLA    
mulax10                   008CC9 RLA    mulax3                    008CE2 RLA    
negax                     008CF7 RLA    __osmaperrno              008D05 RLA    
popa                      008D1B RLA    popptr1                   008D27 RLA    
_printf                   008D35 RLA    push1                     008D68 RLA    
pusha                     008D71 RLA    push0                     008D83 RLA    
pusha0                    008D85 RLA    pushax                    008D87 RLA    
pushw0sp                  008D9D RLA    pushwysp                  008D9F RLA    
_srand                    008DB9 RLA    _rand                     008DC5 RLA    
return0                   008DED RLA    rwcommon                  008DF1 RLA    
popsargsudiv16            008E0B RLA    shrax1                    008E2B RLA    
shrax3                    008E33 RLA    shreax1                   008E41 RLA    
shreax2                   008E4D RLA    _sprintf                  008E60 RLA    
staspidx                  008E8B RLA    stax0sp                   008EA1 RLA    
staxysp                   008EA3 RLA    steax0sp                  008EAC RLA    
steaxspidx                008EC1 RLA    _strcat                   008EE3 RLA    
_strchr                   008F14 RLA    _strcpy                   008F3B RLA    
_strlen                   008F5A RLA    _strlower                 008F70 RLA    
tossuba0                  008F97 RLA    tossubax                  008F99 RLA    
subeq0sp                  008FAC RLA    subeqysp                  008FAE RLA    
subysp                    008FC1 RLA    toslong                   008FEC RLA    
tosudivax                 009008 RLA    udiv16                    009017 RLA    
_vcprintf                 00909D RLA    _vfprintf                 009105 RLA    
_videomode                00912E RLA    vsnprintf                 009144 RLA    
_vsprintf                 00921B RLA    _write                    00922D RLA    
zerobss                   009281 RLA    __MAIN_SIZE__             009BF3 REA    
__hextab                  009EAB RLA    __longminstr              009EBB RLA    
__ctype                   009EC7 RLA    __ctypeidx                009ED2 RLA    
__DESTRUCTOR_TABLE__      009FB0 RLA    _stdout                   00B41C RLA    
fdtab                     00B44C RLA    _joy_read                 00B465 REA    
joy_read                  00B465 RLA    _c128_stdjoy_joy          00B484 RLA    
_joy_static_stddrv        00B484 RLA    curunit                   00B4AE RLA    
__BSS_RUN__               00B4AF RLA    _bootdevice               00B4AF RLA    
_SNES                     00B689 RLA    cursor                    00B68B RLA    
__oserror                 00B68C RLA    __errno                   00B6BB RLA    
_clrscr                   00C142 REA    SWAPPER                   00FF5F RLA    
READST                    00FFB7 RLA    SETLFS                    00FFBA RLA    
SETNAM                    00FFBD RLA    OPEN                      00FFC0 RLA    
CLOSE                     00FFC3 RLA    CHKIN                     00FFC6 RLA    
CKOUT                     00FFC9 RLA    CLRCH                     00FFCC RLA    
BASIN                     00FFCF RLA    BSOUT                     00FFD2 RLA    
LOAD                      00FFD5 RLA    SAVE                      00FFD8 RLA    
RDTIM                     00FFDE RLA    


Imports list:
-------------
BASIN (kernal.o):
    cbm_read.o                cbm/cbm.inc:47
BSOUT (kernal.o):
    write.o                   cbm/cbm.inc:49
    videomode.o               c128/videomode.s:9
    crt0.o                    c128/crt0.s:10
CHKIN (kernal.o):
    cbm_read.o                cbm/cbm.inc:44
CKOUT (kernal.o):
    write.o                   cbm/cbm.inc:45
CLOSE (kernal.o):
    c_close.o                 cbm/cbm.inc:36
CLRCH (kernal.o):
    write.o                   cbm/cbm.inc:46
    cbm_read.o                cbm/cbm.inc:46
CURS_X (conio.o):
    gotoxy.o                  cbm/gotoxy.s:9
CURS_Y (conio.o):
    gotoxy.o                  cbm/gotoxy.s:9
LOAD (kernal.o):
    c_load.o                  cbm/cbm.inc:37
OPEN (kernal.o):
    write.o                   cbm/cbm.inc:35
    c_open.o                  cbm/cbm.inc:35
RDTIM (kernal.o):
    clock.o                   cbm/cbm.inc:40
READST (kernal.o):
    write.o                   cbm/cbm.inc:32
    cbm_read.o                cbm/cbm.inc:32
SAVE (kernal.o):
    c_save.o                  cbm/cbm.inc:38
SETLFS (kernal.o):
    write.o                   cbm/cbm.inc:33
    c_setlfs.o                cbm/cbm.inc:33
SETNAM (kernal.o):
    c_setnam.o                cbm/cbm.inc:34
ST (status.o):
    crt0.o                    c128/crt0.s:12
SWAPPER (kernal.o):
    videomode.o               c128/videomode.s:9
_PEEKB_core (vdc_core_assembly.o):
    vdc_core.o                src/vdc_core.s:59
_POKEB (vdc_core.o):
    main.o                    src/main.s:56
_POKEB_core (vdc_core_assembly.o):
    vdc_core.o                src/vdc_core.s:58
_PlayMusic (sidplay_assembly.o):
    sidplay.o                 src/sidplay.s:18
    main.o                    src/main.s:57
_SNES (snes.o):
    main.o                    src/main.s:59
_SetLoadSaveBank (vdc_core.o):
    sidplay.o                 src/sidplay.s:17
_SetLoadSaveBank_core (vdc_core_assembly.o):
    vdc_core.o                src/vdc_core.s:57
_StopMusic (sidplay_assembly.o):
    main.o                    src/main.s:58
_VDC_CopyMemToVDC (vdc_core.o):
    main.o                    src/main.s:43
_VDC_CopyMemToVDC_core (vdc_core_assembly.o):
    vdc_core.o                src/vdc_core.s:51
_VDC_CopyVDCToMem (vdc_core.o):
    main.o                    src/main.s:44
_VDC_CopyVDCToMem_core (vdc_core_assembly.o):
    vdc_core.o                src/vdc_core.s:52
_VDC_CopyViewPortToVDC (vdc_core.o):
    main.o                    src/main.s:54
_VDC_CopyViewPortToVDC_core (vdc_core_assembly.o):
    vdc_core.o                src/vdc_core.s:55
_VDC_DetectVDCMemSize_core (vdc_core_assembly.o):
    vdc_core.o                src/vdc_core.s:47
_VDC_Exit (vdc_core.o):
    main.o                    src/main.s:47
_VDC_FillArea (vdc_core.o):
    main.o                    src/main.s:45
_VDC_FillArea_core (vdc_core_assembly.o):
    vdc_core.o                src/vdc_core.s:54
_VDC_HChar (vdc_core.o):
    main.o                    src/main.s:41
_VDC_HChar_core (vdc_core_assembly.o):
    vdc_core.o                src/vdc_core.s:49
_VDC_Init (vdc_core.o):
    main.o                    src/main.s:46
_VDC_LoadCharset (vdc_core.o):
    main.o                    src/main.s:50
_VDC_LoadScreen (vdc_core.o):
    main.o                    src/main.s:51
_VDC_MemCopy_core (vdc_core_assembly.o):
    vdc_core.o                src/vdc_core.s:48
_VDC_Peek_core (vdc_core_assembly.o):
    vdc_core.o                src/vdc_core.s:46
_VDC_PetsciiToScreenCode (vdc_core.o):
    main.o                    src/main.s:48
_VDC_Plot (vdc_core.o):
    main.o                    src/main.s:52
_VDC_PlotString (vdc_core.o):
    main.o                    src/main.s:53
_VDC_Poke_core (vdc_core_assembly.o):
    vdc_core.o                src/vdc_core.s:45
_VDC_PrintAt (vdc_core.o):
    main.o                    src/main.s:49
_VDC_ReadRegister_core (vdc_core_assembly.o):
    vdc_core.o                src/vdc_core.s:43
_VDC_RedefineCharset_core (vdc_core_assembly.o):
    vdc_core.o                src/vdc_core.s:53
_VDC_ScrollCopy (vdc_core.o):
    main.o                    src/main.s:55
_VDC_ScrollCopy_core (vdc_core_assembly.o):
    vdc_core.o                src/vdc_core.s:56
_VDC_VChar (vdc_core.o):
    main.o                    src/main.s:42
_VDC_VChar_core (vdc_core_assembly.o):
    vdc_core.o                src/vdc_core.s:50
_VDC_WriteRegister_core (vdc_core_assembly.o):
    vdc_core.o                src/vdc_core.s:44
_VDC_addrh (vdc_core_assembly.o):
    vdc_core.o                src/vdc_core.s:32
_VDC_addrl (vdc_core_assembly.o):
    vdc_core.o                src/vdc_core.s:33
_VDC_desth (vdc_core_assembly.o):
    vdc_core.o                src/vdc_core.s:34
_VDC_destl (vdc_core_assembly.o):
    vdc_core.o                src/vdc_core.s:35
_VDC_regadd (vdc_core_assembly.o):
    vdc_core.o                src/vdc_core.s:30
_VDC_regval (vdc_core_assembly.o):
    vdc_core.o                src/vdc_core.s:31
_VDC_strideh (vdc_core_assembly.o):
    vdc_core.o                src/vdc_core.s:36
_VDC_stridel (vdc_core_assembly.o):
    vdc_core.o                src/vdc_core.s:37
_VDC_tmp1 (vdc_core_assembly.o):
    vdc_core.o                src/vdc_core.s:39
_VDC_tmp2 (vdc_core_assembly.o):
    vdc_core.o                src/vdc_core.s:40
_VDC_tmp3 (vdc_core_assembly.o):
    vdc_core.o                src/vdc_core.s:41
_VDC_tmp4 (vdc_core_assembly.o):
    vdc_core.o                src/vdc_core.s:42
_VDC_value (vdc_core_assembly.o):
    vdc_core.o                src/vdc_core.s:38
__BSS_RUN__ ([linker generated]):
    zerobss.o                 common/zerobss.s:8
__BSS_SIZE__ ([linker generated]):
    zerobss.o                 common/zerobss.s:8
__CONSTRUCTOR_COUNT__ ([linker generated]):
    condes.o                  runtime/condes.s:18
__CONSTRUCTOR_TABLE__ ([linker generated]):
    condes.o                  runtime/condes.s:18
__DESTRUCTOR_COUNT__ ([linker generated]):
    condes.o                  runtime/condes.s:19
__DESTRUCTOR_TABLE__ ([linker generated]):
    condes.o                  runtime/condes.s:19
__EXEHDR__ (exehdr.o):
    [linker generated]        careers-cc65config.cfg:3
__LOADADDR__ (loadaddr.o):
    [linker generated]        careers-cc65config.cfg:2
__MAIN_SIZE__ ([linker generated]):
    crt0.o                    c128/crt0.s:11
__MAIN_START__ ([linker generated]):
    crt0.o                    c128/crt0.s:11
__STACKSIZE__ ([linker generated]):
    crt0.o                    c128/crt0.s:11
    [linker generated]        careers-cc65config.cfg:10
__STARTUP__ (crt0.o):
    main.o                    src/main.s:13
__ctype (ctype.o):
    ctypemask.o               common/ctypemask.s:23
__ctypeidx (ctype.o):
    ctypemask.o               common/ctypemask.s:24
__directerrno (_directerrno.o):
    write.o                   /mnt/d/retro/cc65/asminc/errno.inc:10
    vsnprintf.o               /mnt/d/retro/cc65/asminc/errno.inc:10
__errno (errno.o):
    _seterrno.o               /mnt/d/retro/cc65/asminc/errno.inc:7
__hextab (_hextab.o):
    ltoa.o                    common/ltoa.s:10
__longminstr (_longminstr.o):
    ltoa.o                    common/ltoa.s:10
__mappederrno (_mappederrno.o):
    write.o                   /mnt/d/retro/cc65/asminc/errno.inc:10
__oserror (_oserror.o):
    _mappederrno.o            /mnt/d/retro/cc65/asminc/errno.inc:7
    _directerrno.o            /mnt/d/retro/cc65/asminc/errno.inc:7
    write.o                   /mnt/d/retro/cc65/asminc/errno.inc:7
    cbm_read.o                cbm/cbm_read.s:44
    cbm_open.o                cbm/cbm_open.s:24
    c_load.o                  cbm/c_load.s:10
    main.o                    src/main.s:33
__osmaperrno (oserror.o):
    _mappederrno.o            /mnt/d/retro/cc65/asminc/errno.inc:8
__printf (_printf.o):
    vsnprintf.o               common/vsnprintf.s:10
    vfprintf.o                common/vfprintf.s:10
    vcprintf.o                conio/vcprintf.s:9
__seterrno (_seterrno.o):
    _mappederrno.o            /mnt/d/retro/cc65/asminc/errno.inc:9
    _directerrno.o            /mnt/d/retro/cc65/asminc/errno.inc:9
    fwrite.o                  /mnt/d/retro/cc65/asminc/errno.inc:9
_bgcolor (color.o):
    vdc_core.o                src/vdc_core.s:24
_bootdevice (main.o):
    vdc_core.o                src/vdc_core.s:28
_bordercolor (color.o):
    vdc_core.o                src/vdc_core.s:25
_c128_stdjoy_joy (c128-stdjoy-joy.o):
    joy_stat_stddrv.o         c128/joy_stat_stddrv.s:10
_cbm_close (cbm_close.o):
    vdc_core.o                src/vdc_core.s:20
    main.o                    src/main.s:20
_cbm_k_close (c_close.o):
    cbm_close.o               cbm/cbm_close.s:7
_cbm_k_load (c_load.o):
    sidplay.o                 src/sidplay.s:13
    vdc_core.o                src/vdc_core.s:15
_cbm_k_open (c_open.o):
    cbm_open.o                cbm/cbm_open.s:23
_cbm_k_save (c_save.o):
    vdc_core.o                src/vdc_core.s:16
_cbm_k_setlfs (c_setlfs.o):
    cbm_open.o                cbm/cbm_open.s:23
    sidplay.o                 src/sidplay.s:14
    vdc_core.o                src/vdc_core.s:17
_cbm_k_setnam (c_setnam.o):
    cbm_open.o                cbm/cbm_open.s:23
    sidplay.o                 src/sidplay.s:15
    vdc_core.o                src/vdc_core.s:18
_cbm_open (cbm_open.o):
    vdc_core.o                src/vdc_core.s:19
    main.o                    src/main.s:19
_cbm_read (cbm_read.o):
    vdc_core.o                src/vdc_core.s:21
    main.o                    src/main.s:21
_cgetc (cgetc.o):
    main.o                    src/main.s:29
_clock (clock.o):
    main.o                    src/main.s:36
_clrscr (clrscr.o):
    vdc_core.o                src/vdc_core.s:22
    main.o                    src/main.s:22
_cprintf (cprintf.o):
    main.o                    src/main.s:28
_cputc (cputc.o):
    vcprintf.o                conio/vcprintf.s:9
    cputs.o                   conio/cputs.s:9
    main.o                    src/main.s:25
_cputs (cputs.o):
    main.o                    src/main.s:26
_cputsxy (cputs.o):
    main.o                    src/main.s:27
_exit (crt0.o):
    libref.o                  c128/libref.s:11
    vdc_core.o                src/vdc_core.s:26
_fwrite (fwrite.o):
    vfprintf.o                common/vfprintf.s:10
_getcurrentdevice (curdevice.o):
    sidplay.o                 src/sidplay.s:16
    main.o                    src/main.s:35
_gotoxy (gotoxy.o):
    main.o                    src/main.s:24
_isprint (isprint.o):
    main.o                    src/main.s:34
_joy_install (joy-kernel.o):
    main.o                    src/main.s:38
_joy_read (joy_read.o):
    main.o                    src/main.s:40
_joy_static_stddrv (joy_stat_stddrv.o):
    main.o                    src/main.s:37
_joy_uninstall (joy-kernel.o):
    main.o                    src/main.s:39
_kbhit (kbhit.o):
    main.o                    src/main.s:23
_ltoa (ltoa.o):
    _printf.o                 common/_printf.s:12
_main (main.o):
    callmain.o                runtime/callmain.s:11
_memcpy (memcpy.o):
    vsnprintf.o               common/vsnprintf.s:10
_printf (printf.o):
    vdc_core.o                src/vdc_core.s:13
_rand (rand.o):
    main.o                    src/main.s:31
_set_c128_speed (acc_c128_speed.o):
    vdc_core.o                src/vdc_core.s:27
_snes_init (snes.o):
    main.o                    src/main.s:60
_snes_read (snes.o):
    main.o                    src/main.s:61
_sprintf (sprintf.o):
    main.o                    src/main.s:14
_srand (rand.o):
    main.o                    src/main.s:32
_stdout (_file.o):
    printf.o                  common/printf.s:8
_strcat (strcat.o):
    main.o                    src/main.s:15
_strchr (strchr.o):
    main.o                    src/main.s:16
_strcpy (strcpy.o):
    main.o                    src/main.s:17
_strlen (strlen.o):
    _printf.o                 common/_printf.s:13
    main.o                    src/main.s:18
_strlower (strlower.o):
    _printf.o                 common/_printf.s:13
_textcolor (color.o):
    vdc_core.o                src/vdc_core.s:23
    main.o                    src/main.s:30
_ultoa (ltoa.o):
    _printf.o                 common/_printf.s:12
_vcprintf (vcprintf.o):
    cprintf.o                 conio/cprintf.s:8
_vfprintf (vfprintf.o):
    printf.o                  common/printf.s:8
_videomode (videomode.o):
    vdc_core.o                src/vdc_core.s:14
_vsprintf (vsprintf.o):
    sprintf.o                 common/sprintf.s:8
_write (write.o):
    fwrite.o                  common/fwrite.s:10
addeq0sp (addeqsp.o):
    vdc_core.o                src/vdc_core.s:2062
    vdc_core.o                src/vdc_core.s:2062
    vdc_core.o                src/vdc_core.s:2062
    vdc_core.o                src/vdc_core.s:2062
addeqysp (addeqsp.o):
    vdc_core.o                src/vdc_core.s:2062
    vdc_core.o                src/vdc_core.s:2062
    vdc_core.o                src/vdc_core.s:2062
addysp (addysp.o):
    fwrite.o                  common/fwrite.s:11
    sprintf.o                 common/sprintf.s:8
    printf.o                  common/printf.s:8
    incsp8.o                  runtime/incsp8.s:8
    incsp7.o                  runtime/incsp7.s:8
    incsp6.o                  runtime/incsp6.s:8
    incsp5.o                  runtime/incsp5.s:8
    incsp4.o                  runtime/incsp4.s:8
    incsp3.o                  runtime/incsp3.s:8
    cprintf.o                 conio/cprintf.s:8
    vdc_core.o                src/vdc_core.s:2062
    vdc_core.o                src/vdc_core.s:2062
    vdc_core.o                src/vdc_core.s:2062
    vdc_core.o                src/vdc_core.s:2062
    main.o                    src/main.s:12588
    main.o                    src/main.s:12588
    main.o                    src/main.s:12588
    main.o                    src/main.s:12588
    main.o                    src/main.s:12588
addysp1 (addysp.o):
    sub.o                     runtime/sub.s:8
    ludiv.o                   runtime/ludiv.s:9
    lsub.o                    runtime/lsub.s:11
    lmul.o                    runtime/lmul.s:9
    ladd.o                    runtime/ladd.s:8
aslax2 (aslax2.o):
    main.o                    src/main.s:12588
    main.o                    src/main.s:12588
    main.o                    src/main.s:12588
    main.o                    src/main.s:12588
    main.o                    src/main.s:12588
axlong (axlong.o):
    _printf.o                 common/_printf.s:11
    main.o                    src/main.s:12588
    main.o                    src/main.s:12588
axulong (axlong.o):
    _printf.o                 common/_printf.s:11
booleq (makebool.o):
    eq.o                      runtime/eq.s:8
    main.o                    src/main.s:12588
    main.o                    src/main.s:12588
    main.o                    src/main.s:12588
    main.o                    src/main.s:12588
    main.o                    src/main.s:12588
boolugt (makebool.o):
    lugt.o                    runtime/lugt.s:8
boolult (makebool.o):
    lult.o                    runtime/lult.s:8
callmain (callmain.o):
    crt0.o                    c128/crt0.s:9
ctypemask (ctypemask.o):
    isprint.o                 common/isprint.s:15
ctypemaskdirect (ctypemask.o):
    strlower.o                common/strlower.s:14
cursor (_cursor.o):
    cgetc.o                   c128/cgetc.s:11
curunit (filevars.o):
    curdevice.o               cbm/curdevice.s:8
decax1 (decax1.o):
    main.o                    src/main.s:12588
    main.o                    src/main.s:12588
    main.o                    src/main.s:12588
    main.o                    src/main.s:12588
    main.o                    src/main.s:12588
    main.o                    src/main.s:12588
    main.o                    src/main.s:12588
    main.o                    src/main.s:12588
decaxy (decaxy.o):
    vdc_core.o                src/vdc_core.s:2062
    vdc_core.o                src/vdc_core.s:2062
    main.o                    src/main.s:12588
    main.o                    src/main.s:12588
deceaxy (ldec.o):
    main.o                    src/main.s:12588
decsp1 (decsp1.o):
    snes.o                    src/snes.s:164
    vdc_core.o                src/vdc_core.s:2062
    vdc_core.o                src/vdc_core.s:2062
    main.o                    src/main.s:12588
    main.o                    src/main.s:12588
    main.o                    src/main.s:12588
    main.o                    src/main.s:12588
    main.o                    src/main.s:12588
    main.o                    src/main.s:12588
    main.o                    src/main.s:12588
    main.o                    src/main.s:12588
    main.o                    src/main.s:12588
    main.o                    src/main.s:12588
    main.o                    src/main.s:12588
decsp2 (decsp2.o):
    toslong.o                 runtime/toslong.s:8
    vdc_core.o                src/vdc_core.s:2062
    vdc_core.o                src/vdc_core.s:2062
    main.o                    src/main.s:12588
    main.o                    src/main.s:12588
    main.o                    src/main.s:12588
    main.o                    src/main.s:12588
    main.o                    src/main.s:12588
    main.o                    src/main.s:12588
decsp3 (decsp3.o):
    vdc_core.o                src/vdc_core.s:2062
    main.o                    src/main.s:12588
    main.o                    src/main.s:12588
    main.o                    src/main.s:12588
    main.o                    src/main.s:12588
    main.o                    src/main.s:12588
decsp4 (decsp4.o):
    sprintf.o                 common/sprintf.s:8
    lpush.o                   runtime/lpush.s:12
    vdc_core.o                src/vdc_core.s:2062
    main.o                    src/main.s:12588
decsp5 (decsp5.o):
    main.o                    src/main.s:12588
    main.o                    src/main.s:12588
decsp6 (decsp6.o):
    _printf.o                 common/_printf.s:11
decsp8 (decsp8.o):
    main.o                    src/main.s:12588
devnum (devnum.o):
    filevars.o                cbm/filevars.s:9
donelib (condes.o):
    crt0.o                    c128/crt0.s:7
fdtab (filedes.o):
    write.o                   cbm/filedes.inc:7
gotoxy (gotoxy.o):
    cputs.o                   conio/cputs.s:9
    cputc.o                   c128/cputc.s:11
incax1 (incax1.o):
    vdc_core.o                src/vdc_core.s:2062
    main.o                    src/main.s:12588
    main.o                    src/main.s:12588
    main.o                    src/main.s:12588
    main.o                    src/main.s:12588
    main.o                    src/main.s:12588
    main.o                    src/main.s:12588
    main.o                    src/main.s:12588
incax2 (incax2.o):
    vdc_core.o                src/vdc_core.s:2062
    main.o                    src/main.s:12588
    main.o                    src/main.s:12588
    main.o                    src/main.s:12588
    main.o                    src/main.s:12588
incax3 (incax3.o):
    main.o                    src/main.s:12588
    main.o                    src/main.s:12588
incax4 (incaxy.o):
    main.o                    src/main.s:12588
    main.o                    src/main.s:12588
    main.o                    src/main.s:12588
incax5 (incax5.o):
    main.o                    src/main.s:12588
incax6 (incax6.o):
    main.o                    src/main.s:12588
incax8 (incax8.o):
    main.o                    src/main.s:12588
incaxy (incaxy.o):
    incax8.o                  runtime/incax8.s:8
    incax6.o                  runtime/incax6.s:8
    incax5.o                  runtime/incax5.s:8
    incax3.o                  runtime/incax3.s:8
    vdc_core.o                src/vdc_core.s:2062
    vdc_core.o                src/vdc_core.s:2062
    vdc_core.o                src/vdc_core.s:2062
    main.o                    src/main.s:12588
    main.o                    src/main.s:12588
    main.o                    src/main.s:12588
    main.o                    src/main.s:12588
    main.o                    src/main.s:12588
    main.o                    src/main.s:12588
    main.o                    src/main.s:12588
    main.o                    src/main.s:12588
    main.o                    src/main.s:12588
    main.o                    src/main.s:12588
    main.o                    src/main.s:12588
    main.o                    src/main.s:12588
incsp1 (incsp1.o):
    snes.o                    src/snes.s:164
    vdc_core.o                src/vdc_core.s:2062
    vdc_core.o                src/vdc_core.s:2062
    vdc_core.o                src/vdc_core.s:2062
    vdc_core.o                src/vdc_core.s:2062
    main.o                    src/main.s:12588
    main.o                    src/main.s:12588
    main.o                    src/main.s:12588
    main.o                    src/main.s:12588
    main.o                    src/main.s:12588
    main.o                    src/main.s:12588
    main.o                    src/main.s:12588
    main.o                    src/main.s:12588
    main.o                    src/main.s:12588
incsp2 (incsp2.o):
    vsnprintf.o               common/vsnprintf.s:9
    staspidx.o                runtime/staspidx.s:8
    popptr1.o                 runtime/popptr1.s:8
    sidplay.o                 src/sidplay.s:52
    vdc_core.o                src/vdc_core.s:2062
    vdc_core.o                src/vdc_core.s:2062
    vdc_core.o                src/vdc_core.s:2062
    vdc_core.o                src/vdc_core.s:2062
    main.o                    src/main.s:12588
    main.o                    src/main.s:12588
    main.o                    src/main.s:12588
    main.o                    src/main.s:12588
    main.o                    src/main.s:12588
    main.o                    src/main.s:12588
    main.o                    src/main.s:12588
    main.o                    src/main.s:12588
    main.o                    src/main.s:12588
incsp3 (incsp3.o):
    vdc_core.o                src/vdc_core.s:2062
    vdc_core.o                src/vdc_core.s:2062
    main.o                    src/main.s:12588
    main.o                    src/main.s:12588
    main.o                    src/main.s:12588
    main.o                    src/main.s:12588
incsp4 (incsp4.o):
    lcmp.o                    runtime/lcmp.s:9
    vdc_core.o                src/vdc_core.s:2062
    vdc_core.o                src/vdc_core.s:2062
    main.o                    src/main.s:12588
    main.o                    src/main.s:12588
    main.o                    src/main.s:12588
    main.o                    src/main.s:12588
    main.o                    src/main.s:12588
incsp5 (incsp5.o):
    vdc_core.o                src/vdc_core.s:2062
    main.o                    src/main.s:12588
    main.o                    src/main.s:12588
    main.o                    src/main.s:12588
incsp6 (incsp6.o):
    vsnprintf.o               common/vsnprintf.s:9
    fwrite.o                  common/fwrite.s:11
    vfprintf.o                common/vfprintf.s:9
    vdc_core.o                src/vdc_core.s:2062
    vdc_core.o                src/vdc_core.s:2062
    vdc_core.o                src/vdc_core.s:2062
    main.o                    src/main.s:12588
    main.o                    src/main.s:12588
    main.o                    src/main.s:12588
    main.o                    src/main.s:12588
incsp7 (incsp7.o):
    vdc_core.o                src/vdc_core.s:2062
    vdc_core.o                src/vdc_core.s:2062
    vdc_core.o                src/vdc_core.s:2062
    vdc_core.o                src/vdc_core.s:2062
    vdc_core.o                src/vdc_core.s:2062
    vdc_core.o                src/vdc_core.s:2062
    main.o                    src/main.s:12588
incsp8 (incsp8.o):
    vdc_core.o                src/vdc_core.s:2062
    vdc_core.o                src/vdc_core.s:2062
    vdc_core.o                src/vdc_core.s:2062
    main.o                    src/main.s:12588
    main.o                    src/main.s:12588
initlib (condes.o):
    crt0.o                    c128/crt0.s:7
joy_libref (libref.o):
    joy-kernel.o              joystick/joy-kernel.s:7
joy_read (joy-kernel.o):
    joy_read.o                /mnt/d/retro/cc65/asminc/joy-kernel.inc:71
ldax0sp (ldaxsp.o):
    sidplay.o                 src/sidplay.s:52
    vdc_core.o                src/vdc_core.s:2062
    vdc_core.o                src/vdc_core.s:2062
    main.o                    src/main.s:12588
ldaxi (ldaxi.o):
    main.o                    src/main.s:12588
ldaxysp (ldaxsp.o):
    vsnprintf.o               common/vsnprintf.s:9
    fwrite.o                  common/fwrite.s:11
    vdc_core.o                src/vdc_core.s:2062
    vdc_core.o                src/vdc_core.s:2062
    vdc_core.o                src/vdc_core.s:2062
    vdc_core.o                src/vdc_core.s:2062
    vdc_core.o                src/vdc_core.s:2062
    vdc_core.o                src/vdc_core.s:2062
    main.o                    src/main.s:12588
    main.o                    src/main.s:12588
    main.o                    src/main.s:12588
    main.o                    src/main.s:12588
    main.o                    src/main.s:12588
ldeax0sp (ldeaxysp.o):
    main.o                    src/main.s:12588
ldeaxidx (ldeaxi.o):
    main.o                    src/main.s:12588
    main.o                    src/main.s:12588
    main.o                    src/main.s:12588
    main.o                    src/main.s:12588
    main.o                    src/main.s:12588
    main.o                    src/main.s:12588
    main.o                    src/main.s:12588
    main.o                    src/main.s:12588
    main.o                    src/main.s:12588
    main.o                    src/main.s:12588
ldeaxysp (ldeaxysp.o):
    main.o                    src/main.s:12588
    main.o                    src/main.s:12588
leaa0sp (leaaxsp.o):
    main.o                    src/main.s:12588
    main.o                    src/main.s:12588
    main.o                    src/main.s:12588
    main.o                    src/main.s:12588
mul8x16 (mul8.o):
    mul.o                     runtime/mul.s:8
mul8x16a (mul8.o):
    mul.o                     runtime/mul.s:8
mulax10 (mulax10.o):
    main.o                    src/main.s:12588
    main.o                    src/main.s:12588
mulax3 (mulax3.o):
    main.o                    src/main.s:12588
    main.o                    src/main.s:12588
    main.o                    src/main.s:12588
    main.o                    src/main.s:12588
    main.o                    src/main.s:12588
    main.o                    src/main.s:12588
negax (negabs.o):
    shelp.o                   runtime/shelp.s:11
    mod.o                     runtime/mod.s:11
negeax (lneg.o):
    ltoa.o                    common/ltoa.s:9
plot (cputc.o):
    gotoxy.o                  cbm/gotoxy.s:8
popa (popa.o):
    gotoxy.o                  cbm/gotoxy.s:8
    cbm_read.o                cbm/cbm_read.s:43
    cbm_open.o                cbm/cbm_open.s:22
    c_setlfs.o                cbm/c_setlfs.s:12
    c_load.o                  cbm/c_load.s:11
popax (incsp2.o):
    rwcommon.o                cbm/rwcommon.s:9
    memcpy.o                  common/memcpy.s:14
    vsnprintf.o               common/vsnprintf.s:9
    ltoa.o                    common/ltoa.s:9
    _printf.o                 common/_printf.s:11
    vcprintf.o                conio/vcprintf.s:8
    strcpy.o                  common/strcpy.s:8
    strchr.o                  common/strchr.s:9
    strcat.o                  common/strcat.s:9
    shelp.o                   runtime/shelp.s:11
    cbm_read.o                cbm/cbm_read.s:43
popptr1 (popptr1.o):
    rwcommon.o                cbm/rwcommon.s:9
    memcpy.o                  common/memcpy.s:14
    ltoa.o                    common/ltoa.s:9
    vcprintf.o                conio/vcprintf.s:8
    udiv.o                    runtime/udiv.s:9
    steaxspi.o                runtime/steaxspi.s:9
    mul8.o                    runtime/mul8.s:9
    mul.o                     runtime/mul.s:9
    c_save.o                  cbm/c_save.s:10
popsargsudiv16 (shelp.o):
    mod.o                     runtime/mod.s:11
ptr1 (zeropage.o):
    memcpy.o                  common/memcpy.s:15
    write.o                   cbm/write.s:11
    vsnprintf.o               common/vsnprintf.s:11
    strlower.o                common/strlower.s:13
    ltoa.o                    common/ltoa.s:11
    lcmp.o                    runtime/lcmp.s:10
    fwrite.o                  common/fwrite.s:14
    _printf.o                 /mnt/d/retro/cc65/asminc/zeropage.inc:12
    zerobss.o                 common/zerobss.s:9
    vfprintf.o                common/vfprintf.s:11
    vcprintf.o                conio/vcprintf.s:10
    udiv.o                    runtime/udiv.s:10
    strcpy.o                  common/strcpy.s:9
    strchr.o                  common/strchr.s:10
    strcat.o                  common/strcat.s:10
    steaxspi.o                runtime/steaxspi.s:10
    staspidx.o                runtime/staspidx.s:9
    sprintf.o                 common/sprintf.s:9
    shelp.o                   runtime/shelp.s:12
    printf.o                  common/printf.s:9
    popptr1.o                 runtime/popptr1.s:9
    mulax3.o                  runtime/mulax3.s:9
    mulax10.o                 runtime/mulax10.s:9
    mul8.o                    runtime/mul8.s:10
    mul.o                     runtime/mul.s:10
    ludiv.o                   runtime/ludiv.s:10
    lmul.o                    runtime/lmul.s:10
    ldeaxi.o                  runtime/ldeaxi.s:8
    ldaxi.o                   runtime/ldaxi.s:8
    joy-kernel.o              joystick/joy-kernel.s:8
    cputs.o                   conio/cputs.s:10
    cprintf.o                 conio/cprintf.s:9
    cbm_read.o                cbm/cbm_read.s:42
    c_setnam.o                cbm/c_setnam.s:10
    c_save.o                  cbm/c_save.s:11
    c_load.o                  cbm/c_load.s:12
    vdc_core.o                src/vdc_core.s:11
    main.o                    src/main.s:11
ptr2 (zeropage.o):
    rwcommon.o                cbm/rwcommon.s:10
    memcpy.o                  common/memcpy.s:15
    write.o                   cbm/write.s:11
    strlower.o                common/strlower.s:13
    ltoa.o                    common/ltoa.s:11
    _printf.o                 /mnt/d/retro/cc65/asminc/zeropage.inc:12
    vcprintf.o                conio/vcprintf.s:10
    strlen.o                  common/strlen.s:12
    strcpy.o                  common/strcpy.s:9
    strcat.o                  common/strcat.s:10
    ludiv.o                   runtime/ludiv.s:10
    cbm_read.o                cbm/cbm_read.s:42
ptr3 (zeropage.o):
    rwcommon.o                cbm/rwcommon.s:10
    memcpy.o                  common/memcpy.s:15
    write.o                   cbm/write.s:11
    ltoa.o                    common/ltoa.s:11
    vcprintf.o                conio/vcprintf.s:10
    ludiv.o                   runtime/ludiv.s:10
    lmul.o                    runtime/lmul.s:10
    cbm_read.o                cbm/cbm_read.s:42
ptr4 (zeropage.o):
    udiv.o                    runtime/udiv.s:10
    shelp.o                   runtime/shelp.s:12
    mul8.o                    runtime/mul8.s:10
    mul.o                     runtime/mul.s:10
    ludiv.o                   runtime/ludiv.s:10
    lmul.o                    runtime/lmul.s:10
push0 (pushax.o):
    vdc_core.o                src/vdc_core.s:2062
    vdc_core.o                src/vdc_core.s:2062
    main.o                    src/main.s:12588
    main.o                    src/main.s:12588
push1 (push1.o):
    _printf.o                 common/_printf.s:11
    vfprintf.o                common/vfprintf.s:9
pusha (pusha.o):
    sidplay.o                 src/sidplay.s:52
    vdc_core.o                src/vdc_core.s:2062
    vdc_core.o                src/vdc_core.s:2062
    vdc_core.o                src/vdc_core.s:2062
    vdc_core.o                src/vdc_core.s:2062
    vdc_core.o                src/vdc_core.s:2062
    vdc_core.o                src/vdc_core.s:2062
    vdc_core.o                src/vdc_core.s:2062
    vdc_core.o                src/vdc_core.s:2062
    vdc_core.o                src/vdc_core.s:2062
    vdc_core.o                src/vdc_core.s:2062
    vdc_core.o                src/vdc_core.s:2062
    vdc_core.o                src/vdc_core.s:2062
    vdc_core.o                src/vdc_core.s:2062
    vdc_core.o                src/vdc_core.s:2062
    vdc_core.o                src/vdc_core.s:2062
    vdc_core.o                src/vdc_core.s:2062
    vdc_core.o                src/vdc_core.s:2062
    vdc_core.o                src/vdc_core.s:2062
    vdc_core.o                src/vdc_core.s:2062
    vdc_core.o                src/vdc_core.s:2062
    vdc_core.o                src/vdc_core.s:2062
    vdc_core.o                src/vdc_core.s:2062
    vdc_core.o                src/vdc_core.s:2062
    vdc_core.o                src/vdc_core.s:2062
    vdc_core.o                src/vdc_core.s:2062
    main.o                    src/main.s:12588
    main.o                    src/main.s:12588
    main.o                    src/main.s:12588
    main.o                    src/main.s:12588
    main.o                    src/main.s:12588
    main.o                    src/main.s:12588
    main.o                    src/main.s:12588
    main.o                    src/main.s:12588
    main.o                    src/main.s:12588
    main.o                    src/main.s:12588
    main.o                    src/main.s:12588
    main.o                    src/main.s:12588
    main.o                    src/main.s:12588
    main.o                    src/main.s:12588
    main.o                    src/main.s:12588
    main.o                    src/main.s:12588
    main.o                    src/main.s:12588
    main.o                    src/main.s:12588
    main.o                    src/main.s:12588
    main.o                    src/main.s:12588
    main.o                    src/main.s:12588
    main.o                    src/main.s:12588
    main.o                    src/main.s:12588
    main.o                    src/main.s:12588
    main.o                    src/main.s:12588
    main.o                    src/main.s:12588
    main.o                    src/main.s:12588
    main.o                    src/main.s:12588
    main.o                    src/main.s:12588
    main.o                    src/main.s:12588
    main.o                    src/main.s:12588
    main.o                    src/main.s:12588
    main.o                    src/main.s:12588
    main.o                    src/main.s:12588
    main.o                    src/main.s:12588
    main.o                    src/main.s:12588
    main.o                    src/main.s:12588
    main.o                    src/main.s:12588
    main.o                    src/main.s:12588
    main.o                    src/main.s:12588
    main.o                    src/main.s:12588
    main.o                    src/main.s:12588
    main.o                    src/main.s:12588
    main.o                    src/main.s:12588
    main.o                    src/main.s:12588
    main.o                    src/main.s:12588
pusha0 (pushax.o):
    push1.o                   runtime/push1.s:8
    vdc_core.o                src/vdc_core.s:2062
    vdc_core.o                src/vdc_core.s:2062
    vdc_core.o                src/vdc_core.s:2062
    vdc_core.o                src/vdc_core.s:2062
    main.o                    src/main.s:12588
    main.o                    src/main.s:12588
    main.o                    src/main.s:12588
    main.o                    src/main.s:12588
    main.o                    src/main.s:12588
    main.o                    src/main.s:12588
    main.o                    src/main.s:12588
    main.o                    src/main.s:12588
    main.o                    src/main.s:12588
    main.o                    src/main.s:12588
    main.o                    src/main.s:12588
    main.o                    src/main.s:12588
    main.o                    src/main.s:12588
    main.o                    src/main.s:12588
    main.o                    src/main.s:12588
    main.o                    src/main.s:12588
    main.o                    src/main.s:12588
    main.o                    src/main.s:12588
    main.o                    src/main.s:12588
    main.o                    src/main.s:12588
    main.o                    src/main.s:12588
    main.o                    src/main.s:12588
    main.o                    src/main.s:12588
    main.o                    src/main.s:12588
    main.o                    src/main.s:12588
    main.o                    src/main.s:12588
    main.o                    src/main.s:12588
    main.o                    src/main.s:12588
    main.o                    src/main.s:12588
    main.o                    src/main.s:12588
    main.o                    src/main.s:12588
    main.o                    src/main.s:12588
    main.o                    src/main.s:12588
    main.o                    src/main.s:12588
pushax (pushax.o):
    fwrite.o                  common/fwrite.s:11
    callmain.o                runtime/callmain.s:11
    _printf.o                 common/_printf.s:11
    vcprintf.o                conio/vcprintf.s:8
    printf.o                  common/printf.s:8
    cprintf.o                 conio/cprintf.s:8
    sidplay.o                 src/sidplay.s:52
    vdc_core.o                src/vdc_core.s:2062
    vdc_core.o                src/vdc_core.s:2062
    vdc_core.o                src/vdc_core.s:2062
    vdc_core.o                src/vdc_core.s:2062
    vdc_core.o                src/vdc_core.s:2062
    vdc_core.o                src/vdc_core.s:2062
    vdc_core.o                src/vdc_core.s:2062
    vdc_core.o                src/vdc_core.s:2062
    vdc_core.o                src/vdc_core.s:2062
    vdc_core.o                src/vdc_core.s:2062
    vdc_core.o                src/vdc_core.s:2062
    vdc_core.o                src/vdc_core.s:2062
    vdc_core.o                src/vdc_core.s:2062
    main.o                    src/main.s:12588
    main.o                    src/main.s:12588
    main.o                    src/main.s:12588
    main.o                    src/main.s:12588
    main.o                    src/main.s:12588
    main.o                    src/main.s:12588
    main.o                    src/main.s:12588
    main.o                    src/main.s:12588
    main.o                    src/main.s:12588
    main.o                    src/main.s:12588
    main.o                    src/main.s:12588
    main.o                    src/main.s:12588
    main.o                    src/main.s:12588
    main.o                    src/main.s:12588
    main.o                    src/main.s:12588
    main.o                    src/main.s:12588
    main.o                    src/main.s:12588
    main.o                    src/main.s:12588
    main.o                    src/main.s:12588
    main.o                    src/main.s:12588
    main.o                    src/main.s:12588
    main.o                    src/main.s:12588
    main.o                    src/main.s:12588
    main.o                    src/main.s:12588
    main.o                    src/main.s:12588
    main.o                    src/main.s:12588
    main.o                    src/main.s:12588
    main.o                    src/main.s:12588
    main.o                    src/main.s:12588
    main.o                    src/main.s:12588
    main.o                    src/main.s:12588
    main.o                    src/main.s:12588
    main.o                    src/main.s:12588
    main.o                    src/main.s:12588
    main.o                    src/main.s:12588
    main.o                    src/main.s:12588
    main.o                    src/main.s:12588
    main.o                    src/main.s:12588
    main.o                    src/main.s:12588
pusheax (lpush.o):
    _printf.o                 common/_printf.s:11
    main.o                    src/main.s:12588
    main.o                    src/main.s:12588
    main.o                    src/main.s:12588
    main.o                    src/main.s:12588
    main.o                    src/main.s:12588
    main.o                    src/main.s:12588
    main.o                    src/main.s:12588
    main.o                    src/main.s:12588
    main.o                    src/main.s:12588
    main.o                    src/main.s:12588
pushl0 (lpush.o):
    main.o                    src/main.s:12588
pushw0sp (pushwsp.o):
    vsprintf.o                common/vsprintf.s:8
    vdc_core.o                src/vdc_core.s:2062
    vdc_core.o                src/vdc_core.s:2062
    main.o                    src/main.s:12588
pushwysp (pushwsp.o):
    fwrite.o                  common/fwrite.s:11
    vfprintf.o                common/vfprintf.s:9
    vdc_core.o                src/vdc_core.s:2062
    vdc_core.o                src/vdc_core.s:2062
    vdc_core.o                src/vdc_core.s:2062
    vdc_core.o                src/vdc_core.s:2062
    vdc_core.o                src/vdc_core.s:2062
    main.o                    src/main.s:12588
    main.o                    src/main.s:12588
regbank (zeropage.o):
    _printf.o                 /mnt/d/retro/cc65/asminc/zeropage.inc:14
return0 (return0.o):
    color.o                   c128/color.s:10
rwcommon (rwcommon.o):
    write.o                   cbm/write.s:10
shlax1 (aslax1.o):
    vdc_core.o                src/vdc_core.s:2062
shlax2 (aslax2.o):
    vdc_core.o                src/vdc_core.s:2062
shlax3 (aslax3.o):
    vdc_core.o                src/vdc_core.s:2062
shlax4 (aslax4.o):
    vdc_core.o                src/vdc_core.s:2062
shleax1 (asleax1.o):
    main.o                    src/main.s:12588
shrax1 (shrax1.o):
    main.o                    src/main.s:12588
shrax3 (shrax3.o):
    vdc_core.o                src/vdc_core.s:2062
shreax1 (shreax1.o):
    main.o                    src/main.s:12588
shreax2 (shreax2.o):
    main.o                    src/main.s:12588
sp (zeropage.o):
    memcpy.o                  common/memcpy.s:15
    vsnprintf.o               common/vsnprintf.s:11
    lcmp.o                    runtime/lcmp.s:10
    decsp6.o                  runtime/decsp6.s:8
    _printf.o                 /mnt/d/retro/cc65/asminc/zeropage.inc:11
    vfprintf.o                common/vfprintf.s:11
    vcprintf.o                conio/vcprintf.s:10
    toslong.o                 runtime/toslong.s:9
    subysp.o                  runtime/subysp.s:9
    subeqsp.o                 runtime/subeqsp.s:8
    sub.o                     runtime/sub.s:9
    steaxsp.o                 runtime/steaxsp.s:8
    staxsp.o                  runtime/staxsp.s:8
    staspidx.o                runtime/staspidx.s:9
    sprintf.o                 common/sprintf.s:9
    pushwsp.o                 runtime/pushwsp.s:8
    pushax.o                  runtime/pushax.s:8
    pusha.o                   runtime/pusha.s:8
    printf.o                  common/printf.s:9
    popptr1.o                 runtime/popptr1.s:9
    popa.o                    runtime/popa.s:8
    ludiv.o                   runtime/ludiv.s:10
    lsub.o                    runtime/lsub.s:12
    lpush.o                   runtime/lpush.s:13
    lmul.o                    runtime/lmul.s:10
    leaaxsp.o                 runtime/leaaxsp.s:8
    ldeaxysp.o                runtime/ldeaxysp.s:12
    ldaxsp.o                  runtime/ldaxsp.s:8
    ladd.o                    runtime/ladd.s:9
    incsp2.o                  runtime/incsp2.s:8
    incsp1.o                  runtime/incsp1.s:8
    icmp.o                    runtime/icmp.s:9
    decsp8.o                  runtime/decsp8.s:8
    decsp5.o                  runtime/decsp5.s:8
    decsp4.o                  runtime/decsp4.s:8
    decsp3.o                  runtime/decsp3.s:8
    decsp2.o                  runtime/decsp2.s:8
    decsp1.o                  runtime/decsp1.s:8
    crt0.o                    /mnt/d/retro/cc65/asminc/zeropage.inc:11
    cprintf.o                 conio/cprintf.s:9
    addysp.o                  runtime/addysp.s:8
    addeqsp.o                 runtime/addeqsp.s:8
    add.o                     runtime/add.s:12
    snes.o                    src/snes.s:10
    vdc_core.o                src/vdc_core.s:10
    main.o                    src/main.s:10
sreg (zeropage.o):
    lneg.o                    runtime/lneg.s:11
    ltoa.o                    common/ltoa.s:11
    lcmp.o                    runtime/lcmp.s:10
    _printf.o                 /mnt/d/retro/cc65/asminc/zeropage.inc:11
    udiv.o                    runtime/udiv.s:10
    steaxspi.o                runtime/steaxspi.s:10
    steaxsp.o                 runtime/steaxsp.s:8
    shreax2.o                 runtime/shreax2.s:8
    shreax1.o                 runtime/shreax1.s:8
    mod.o                     runtime/mod.s:12
    ludiv.o                   runtime/ludiv.s:10
    lsub.o                    runtime/lsub.s:12
    lpush.o                   runtime/lpush.s:13
    lmul.o                    runtime/lmul.s:10
    ldec.o                    runtime/ldec.s:9
    ldeaxysp.o                runtime/ldeaxysp.s:12
    ldeaxi.o                  runtime/ldeaxi.s:8
    ladd.o                    runtime/ladd.s:9
    icmp.o                    runtime/icmp.s:9
    clock.o                   cbm/clock.s:9
    axlong.o                  runtime/axlong.s:9
    asleax1.o                 runtime/asleax1.s:8
    main.o                    src/main.s:10
staspidx (staspidx.o):
    main.o                    src/main.s:12588
    main.o                    src/main.s:12588
stax0sp (staxsp.o):
    vdc_core.o                src/vdc_core.s:2062
    vdc_core.o                src/vdc_core.s:2062
    vdc_core.o                src/vdc_core.s:2062
    vdc_core.o                src/vdc_core.s:2062
    vdc_core.o                src/vdc_core.s:2062
    vdc_core.o                src/vdc_core.s:2062
    vdc_core.o                src/vdc_core.s:2062
    main.o                    src/main.s:12588
staxysp (staxsp.o):
    vsprintf.o                common/vsprintf.s:8
    vdc_core.o                src/vdc_core.s:2062
    vdc_core.o                src/vdc_core.s:2062
    vdc_core.o                src/vdc_core.s:2062
steax0sp (steaxsp.o):
    main.o                    src/main.s:12588
steaxspidx (steaxspi.o):
    main.o                    src/main.s:12588
    main.o                    src/main.s:12588
    main.o                    src/main.s:12588
    main.o                    src/main.s:12588
    main.o                    src/main.s:12588
    main.o                    src/main.s:12588
    main.o                    src/main.s:12588
    main.o                    src/main.s:12588
    main.o                    src/main.s:12588
    main.o                    src/main.s:12588
subeq0sp (subeqsp.o):
    vdc_core.o                src/vdc_core.s:2062
    vdc_core.o                src/vdc_core.s:2062
subeqysp (subeqsp.o):
    vdc_core.o                src/vdc_core.s:2062
subysp (subysp.o):
    main.o                    src/main.s:12588
    main.o                    src/main.s:12588
    main.o                    src/main.s:12588
tmp1 (zeropage.o):
    ltoa.o                    common/ltoa.s:11
    _printf.o                 /mnt/d/retro/cc65/asminc/zeropage.inc:13
    vcprintf.o                conio/vcprintf.s:10
    strchr.o                  common/strchr.s:10
    steaxspi.o                runtime/steaxspi.s:10
    staspidx.o                runtime/staspidx.s:9
    shreax2.o                 runtime/shreax2.s:8
    shreax1.o                 runtime/shreax1.s:8
    shrax3.o                  runtime/shrax3.s:8
    shrax1.o                  runtime/shrax1.s:8
    shelp.o                   runtime/shelp.s:12
    mul.o                     runtime/mul.s:10
    mod.o                     runtime/mod.s:12
    ldec.o                    runtime/ldec.s:9
    ladd.o                    runtime/ladd.s:9
    incaxy.o                  runtime/incaxy.s:8
    decaxy.o                  runtime/decaxy.s:8
    cputs.o                   conio/cputs.s:10
    cbm_read.o                cbm/cbm_read.s:42
    c_setlfs.o                cbm/c_setlfs.s:13
    c_save.o                  cbm/c_save.s:11
    asleax1.o                 runtime/asleax1.s:8
    aslax4.o                  runtime/aslax4.s:8
    aslax3.o                  runtime/aslax3.s:8
    aslax2.o                  runtime/aslax2.s:8
    aslax1.o                  runtime/aslax1.s:8
    add.o                     runtime/add.s:12
    vdc_core.o                src/vdc_core.s:11
    main.o                    src/main.s:11
tmp2 (zeropage.o):
    rwcommon.o                cbm/rwcommon.s:10
    steaxspi.o                runtime/steaxspi.s:10
    shelp.o                   runtime/shelp.s:12
    lmul.o                    runtime/lmul.s:10
tmp3 (zeropage.o):
    strcat.o                  common/strcat.s:10
    steaxspi.o                runtime/steaxspi.s:10
    ludiv.o                   runtime/ludiv.s:10
    lmul.o                    runtime/lmul.s:10
tmp4 (zeropage.o):
    ludiv.o                   runtime/ludiv.s:10
    lmul.o                    runtime/lmul.s:10
tosadda0 (add.o):
    main.o                    src/main.s:12588
    main.o                    src/main.s:12588
tosaddax (add.o):
    main.o                    src/main.s:12588
    main.o                    src/main.s:12588
    main.o                    src/main.s:12588
    main.o                    src/main.s:12588
    main.o                    src/main.s:12588
tosaddeax (ladd.o):
    main.o                    src/main.s:12588
toseqa0 (eq.o):
    main.o                    src/main.s:12588
    main.o                    src/main.s:12588
tosicmp (icmp.o):
    eq.o                      runtime/eq.s:8
    main.o                    src/main.s:12588
    main.o                    src/main.s:12588
tosicmp0 (icmp.o):
    main.o                    src/main.s:12588
    main.o                    src/main.s:12588
toslcmp (lcmp.o):
    lult.o                    runtime/lult.s:8
    lugt.o                    runtime/lugt.s:8
toslong (toslong.o):
    main.o                    src/main.s:12588
tosmoda0 (mod.o):
    main.o                    src/main.s:12588
    main.o                    src/main.s:12588
tosmula0 (mul8.o):
    main.o                    src/main.s:12588
    main.o                    src/main.s:12588
    main.o                    src/main.s:12588
    main.o                    src/main.s:12588
    main.o                    src/main.s:12588
    main.o                    src/main.s:12588
    main.o                    src/main.s:12588
    main.o                    src/main.s:12588
    main.o                    src/main.s:12588
    main.o                    src/main.s:12588
    main.o                    src/main.s:12588
    main.o                    src/main.s:12588
    main.o                    src/main.s:12588
    main.o                    src/main.s:12588
    main.o                    src/main.s:12588
    main.o                    src/main.s:12588
    main.o                    src/main.s:12588
    main.o                    src/main.s:12588
    main.o                    src/main.s:12588
    main.o                    src/main.s:12588
    main.o                    src/main.s:12588
    main.o                    src/main.s:12588
    main.o                    src/main.s:12588
    main.o                    src/main.s:12588
    main.o                    src/main.s:12588
    main.o                    src/main.s:12588
    main.o                    src/main.s:12588
tosmulax (mul.o):
    main.o                    src/main.s:12588
    main.o                    src/main.s:12588
    main.o                    src/main.s:12588
    main.o                    src/main.s:12588
tossub0ax (lsub.o):
    main.o                    src/main.s:12588
    main.o                    src/main.s:12588
    main.o                    src/main.s:12588
    main.o                    src/main.s:12588
tossuba0 (sub.o):
    main.o                    src/main.s:12588
    main.o                    src/main.s:12588
    main.o                    src/main.s:12588
    main.o                    src/main.s:12588
tossubax (sub.o):
    main.o                    src/main.s:12588
    main.o                    src/main.s:12588
tossubeax (lsub.o):
    main.o                    src/main.s:12588
    main.o                    src/main.s:12588
    main.o                    src/main.s:12588
    main.o                    src/main.s:12588
    main.o                    src/main.s:12588
tosudiv0ax (ludiv.o):
    main.o                    src/main.s:12588
    main.o                    src/main.s:12588
    main.o                    src/main.s:12588
tosudivax (udiv.o):
    fwrite.o                  common/fwrite.s:12
tosugteax (lugt.o):
    main.o                    src/main.s:12588
    main.o                    src/main.s:12588
tosulteax (lult.o):
    main.o                    src/main.s:12588
tosumul0ax (lmul.o):
    main.o                    src/main.s:12588
tosumula0 (mul8.o):
    vdc_core.o                src/vdc_core.s:2062
    vdc_core.o                src/vdc_core.s:2062
    vdc_core.o                src/vdc_core.s:2062
    vdc_core.o                src/vdc_core.s:2062
    main.o                    src/main.s:12588
    main.o                    src/main.s:12588
    main.o                    src/main.s:12588
tosumulax (mul.o):
    fwrite.o                  common/fwrite.s:12
    vdc_core.o                src/vdc_core.s:2062
udiv16 (udiv.o):
    shelp.o                   runtime/shelp.s:11
vsnprintf (vsnprintf.o):
    vsprintf.o                common/vsprintf.s:9
zerobss (zerobss.o):
    crt0.o                    c128/crt0.s:8

