Modules list:
-------------
vdc_core_assembly.o:
    MACO              Offs=000000  Size=000671  Align=00001  Fill=0000
sidplay_assembly.o:
    MACO              Offs=000671  Size=0000D3  Align=00001  Fill=0000
main.o:
    CODE              Offs=000000  Size=003EC5  Align=00001  Fill=0000
    RODATA            Offs=000000  Size=00066A  Align=00001  Fill=0000
    BSS               Offs=000000  Size=0001C2  Align=00001  Fill=0000
    DATA              Offs=000000  Size=001440  Align=00001  Fill=0000
vdc_core.o:
    CODE              Offs=003EC5  Size=000D0C  Align=00001  Fill=0000
    RODATA            Offs=00066A  Size=000050  Align=00001  Fill=0000
    DATA              Offs=001440  Size=000010  Align=00001  Fill=0000
sidplay.o:
    CODE              Offs=004BD1  Size=000033  Align=00001  Fill=0000
/mnt/d/retro/cc65/lib/c128.lib(_cursor.o):
    BSS               Offs=0001C2  Size=000001  Align=00001  Fill=0000
/mnt/d/retro/cc65/lib/c128.lib(_directerrno.o):
    CODE              Offs=004C04  Size=00000A  Align=00001  Fill=0000
/mnt/d/retro/cc65/lib/c128.lib(_file.o):
    DATA              Offs=001450  Size=00001E  Align=00001  Fill=0000
/mnt/d/retro/cc65/lib/c128.lib(_hextab.o):
    RODATA            Offs=0006BA  Size=000010  Align=00001  Fill=0000
/mnt/d/retro/cc65/lib/c128.lib(_longminstr.o):
    RODATA            Offs=0006CA  Size=00000C  Align=00001  Fill=0000
/mnt/d/retro/cc65/lib/c128.lib(_mappederrno.o):
    CODE              Offs=004C0E  Size=000010  Align=00001  Fill=0000
/mnt/d/retro/cc65/lib/c128.lib(_oserror.o):
    BSS               Offs=0001C3  Size=000001  Align=00001  Fill=0000
/mnt/d/retro/cc65/lib/c128.lib(_printf.o):
    CODE              Offs=004C1E  Size=0003A5  Align=00001  Fill=0000
    BSS               Offs=0001C4  Size=00002B  Align=00001  Fill=0000
    DATA              Offs=00146E  Size=000003  Align=00001  Fill=0000
/mnt/d/retro/cc65/lib/c128.lib(_seterrno.o):
    CODE              Offs=004FC3  Size=000009  Align=00001  Fill=0000
/mnt/d/retro/cc65/lib/c128.lib(acc_c128_speed.o):
    CODE              Offs=004FCC  Size=000010  Align=00001  Fill=0000
/mnt/d/retro/cc65/lib/c128.lib(add.o):
    CODE              Offs=004FDC  Size=00001C  Align=00001  Fill=0000
/mnt/d/retro/cc65/lib/c128.lib(addeqsp.o):
    CODE              Offs=004FF8  Size=000011  Align=00001  Fill=0000
/mnt/d/retro/cc65/lib/c128.lib(addysp.o):
    CODE              Offs=005009  Size=00000E  Align=00001  Fill=0000
/mnt/d/retro/cc65/lib/c128.lib(aslax1.o):
    CODE              Offs=005017  Size=000008  Align=00001  Fill=0000
/mnt/d/retro/cc65/lib/c128.lib(aslax2.o):
    CODE              Offs=00501F  Size=00000B  Align=00001  Fill=0000
/mnt/d/retro/cc65/lib/c128.lib(aslax3.o):
    CODE              Offs=00502A  Size=00000E  Align=00001  Fill=0000
/mnt/d/retro/cc65/lib/c128.lib(aslax4.o):
    CODE              Offs=005038  Size=000011  Align=00001  Fill=0000
/mnt/d/retro/cc65/lib/c128.lib(axlong.o):
    CODE              Offs=005049  Size=00000D  Align=00001  Fill=0000
/mnt/d/retro/cc65/lib/c128.lib(c_close.o):
    CODE              Offs=005056  Size=000004  Align=00001  Fill=0000
/mnt/d/retro/cc65/lib/c128.lib(c_load.o):
    CODE              Offs=00505A  Size=00001D  Align=00001  Fill=0000
/mnt/d/retro/cc65/lib/c128.lib(c_open.o):
    CODE              Offs=005077  Size=000009  Align=00001  Fill=0000
/mnt/d/retro/cc65/lib/c128.lib(c_save.o):
    CODE              Offs=005080  Size=000016  Align=00001  Fill=0000
/mnt/d/retro/cc65/lib/c128.lib(c_setlfs.o):
    CODE              Offs=005096  Size=00000E  Align=00001  Fill=0000
/mnt/d/retro/cc65/lib/c128.lib(c_setnam.o):
    CODE              Offs=0050A4  Size=000013  Align=00001  Fill=0000
/mnt/d/retro/cc65/lib/c128.lib(callmain.o):
    CODE              Offs=0050B7  Size=000017  Align=00001  Fill=0000
    DATA              Offs=001471  Size=000004  Align=00001  Fill=0000
/mnt/d/retro/cc65/lib/c128.lib(cbm_close.o):
/mnt/d/retro/cc65/lib/c128.lib(cbm_open.o):
    CODE              Offs=0050CE  Size=000016  Align=00001  Fill=0000
/mnt/d/retro/cc65/lib/c128.lib(cbm_read.o):
    CODE              Offs=0050E4  Size=00005B  Align=00001  Fill=0000
/mnt/d/retro/cc65/lib/c128.lib(cgetc.o):
    CODE              Offs=00513F  Size=000030  Align=00001  Fill=0000
    INIT              Offs=000000  Size=000002  Align=00001  Fill=0000
    ONCE              Offs=000000  Size=000013  Align=00001  Fill=0000
/mnt/d/retro/cc65/lib/c128.lib(clock.o):
    CODE              Offs=00516F  Size=00000A  Align=00001  Fill=0000
/mnt/d/retro/cc65/lib/c128.lib(clrscr.o):
/mnt/d/retro/cc65/lib/c128.lib(color.o):
    CODE              Offs=005179  Size=000060  Align=00001  Fill=0000
/mnt/d/retro/cc65/lib/c128.lib(condes.o):
    CODE              Offs=0051D9  Size=00000C  Align=00001  Fill=0000
    DATA              Offs=001475  Size=000025  Align=00001  Fill=0000
    ONCE              Offs=000013  Size=00000C  Align=00001  Fill=0000
/mnt/d/retro/cc65/lib/c128.lib(conio.o):
/mnt/d/retro/cc65/lib/c128.lib(cprintf.o):
    CODE              Offs=0051E5  Size=00002A  Align=00001  Fill=0000
    BSS               Offs=0001EF  Size=000001  Align=00001  Fill=0000
/mnt/d/retro/cc65/lib/c128.lib(cputc.o):
    CODE              Offs=00520F  Size=000049  Align=00001  Fill=0000
/mnt/d/retro/cc65/lib/c128.lib(cputs.o):
    CODE              Offs=005258  Size=000023  Align=00001  Fill=0000
/mnt/d/retro/cc65/lib/c128.lib(crt0.o):
    BSS               Offs=0001F0  Size=000002  Align=00001  Fill=0000
    STARTUP           Offs=000000  Size=000051  Align=00001  Fill=0000
    INIT              Offs=000002  Size=00001A  Align=00001  Fill=0000
/mnt/d/retro/cc65/lib/c128.lib(ctype.o):
    RODATA            Offs=0006D6  Size=00008B  Align=00001  Fill=0000
/mnt/d/retro/cc65/lib/c128.lib(ctypemask.o):
    CODE              Offs=00527B  Size=00001E  Align=00001  Fill=0000
/mnt/d/retro/cc65/lib/c128.lib(curdevice.o):
    CODE              Offs=005299  Size=000006  Align=00001  Fill=0000
/mnt/d/retro/cc65/lib/c128.lib(decax1.o):
    CODE              Offs=00529F  Size=000007  Align=00001  Fill=0000
/mnt/d/retro/cc65/lib/c128.lib(decaxy.o):
    CODE              Offs=0052A6  Size=000009  Align=00001  Fill=0000
/mnt/d/retro/cc65/lib/c128.lib(decsp1.o):
    CODE              Offs=0052AF  Size=000009  Align=00001  Fill=0000
/mnt/d/retro/cc65/lib/c128.lib(decsp2.o):
    CODE              Offs=0052B8  Size=00000D  Align=00001  Fill=0000
/mnt/d/retro/cc65/lib/c128.lib(decsp3.o):
    CODE              Offs=0052C5  Size=00000D  Align=00001  Fill=0000
/mnt/d/retro/cc65/lib/c128.lib(decsp4.o):
    CODE              Offs=0052D2  Size=00000D  Align=00001  Fill=0000
/mnt/d/retro/cc65/lib/c128.lib(decsp5.o):
    CODE              Offs=0052DF  Size=00000D  Align=00001  Fill=0000
/mnt/d/retro/cc65/lib/c128.lib(decsp6.o):
    CODE              Offs=0052EC  Size=00000D  Align=00001  Fill=0000
/mnt/d/retro/cc65/lib/c128.lib(decsp8.o):
    CODE              Offs=0052F9  Size=00000D  Align=00001  Fill=0000
/mnt/d/retro/cc65/lib/c128.lib(devnum.o):
/mnt/d/retro/cc65/lib/c128.lib(eq.o):
    CODE              Offs=005306  Size=00000A  Align=00001  Fill=0000
/mnt/d/retro/cc65/lib/c128.lib(errno.o):
    BSS               Offs=0001F2  Size=000002  Align=00001  Fill=0000
/mnt/d/retro/cc65/lib/c128.lib(exehdr.o):
    EXEHDR            Offs=000000  Size=00000C  Align=00001  Fill=0000
/mnt/d/retro/cc65/lib/c128.lib(filedes.o):
    CODE              Offs=005310  Size=00000E  Align=00001  Fill=0000
    DATA              Offs=00149A  Size=000010  Align=00001  Fill=0000
/mnt/d/retro/cc65/lib/c128.lib(filevars.o):
    INIT              Offs=00001C  Size=000001  Align=00001  Fill=0000
    ONCE              Offs=00001F  Size=00000C  Align=00001  Fill=0000
/mnt/d/retro/cc65/lib/c128.lib(fwrite.o):
    CODE              Offs=00531E  Size=00007B  Align=00001  Fill=0000
    BSS               Offs=0001F4  Size=000002  Align=00001  Fill=0000
/mnt/d/retro/cc65/lib/c128.lib(gotoxy.o):
    CODE              Offs=005399  Size=00000D  Align=00001  Fill=0000
/mnt/d/retro/cc65/lib/c128.lib(icmp.o):
    CODE              Offs=0053A6  Size=00002E  Align=00001  Fill=0000
/mnt/d/retro/cc65/lib/c128.lib(incax1.o):
    CODE              Offs=0053D4  Size=000007  Align=00001  Fill=0000
/mnt/d/retro/cc65/lib/c128.lib(incax2.o):
    CODE              Offs=0053DB  Size=000007  Align=00001  Fill=0000
/mnt/d/retro/cc65/lib/c128.lib(incax3.o):
    CODE              Offs=0053E2  Size=000005  Align=00001  Fill=0000
/mnt/d/retro/cc65/lib/c128.lib(incax8.o):
    CODE              Offs=0053E7  Size=000005  Align=00001  Fill=0000
/mnt/d/retro/cc65/lib/c128.lib(incaxy.o):
    CODE              Offs=0053EC  Size=00000B  Align=00001  Fill=0000
/mnt/d/retro/cc65/lib/c128.lib(incsp1.o):
    CODE              Offs=0053F7  Size=000007  Align=00001  Fill=0000
/mnt/d/retro/cc65/lib/c128.lib(incsp2.o):
    CODE              Offs=0053FE  Size=000016  Align=00001  Fill=0000
/mnt/d/retro/cc65/lib/c128.lib(incsp3.o):
    CODE              Offs=005414  Size=000005  Align=00001  Fill=0000
/mnt/d/retro/cc65/lib/c128.lib(incsp4.o):
    CODE              Offs=005419  Size=000005  Align=00001  Fill=0000
/mnt/d/retro/cc65/lib/c128.lib(incsp5.o):
    CODE              Offs=00541E  Size=000005  Align=00001  Fill=0000
/mnt/d/retro/cc65/lib/c128.lib(incsp6.o):
    CODE              Offs=005423  Size=000005  Align=00001  Fill=0000
/mnt/d/retro/cc65/lib/c128.lib(incsp7.o):
    CODE              Offs=005428  Size=000005  Align=00001  Fill=0000
/mnt/d/retro/cc65/lib/c128.lib(incsp8.o):
    CODE              Offs=00542D  Size=000005  Align=00001  Fill=0000
/mnt/d/retro/cc65/lib/c128.lib(isprint.o):
    CODE              Offs=005432  Size=00000A  Align=00001  Fill=0000
/mnt/d/retro/cc65/lib/c128.lib(joy-kernel.o):
    CODE              Offs=00543C  Size=00004D  Align=00001  Fill=0000
    RODATA            Offs=000761  Size=000004  Align=00001  Fill=0000
    BSS               Offs=0001F6  Size=000002  Align=00001  Fill=0000
    DATA              Offs=0014AA  Size=00000C  Align=00001  Fill=0000
/mnt/d/retro/cc65/lib/c128.lib(joy_read.o):
/mnt/d/retro/cc65/lib/c128.lib(joy_stat_stddrv.o):
/mnt/d/retro/cc65/lib/c128.lib(kbhit.o):
    CODE              Offs=005489  Size=000009  Align=00001  Fill=0000
/mnt/d/retro/cc65/lib/c128.lib(kernal.o):
/mnt/d/retro/cc65/lib/c128.lib(lcmp.o):
    CODE              Offs=005492  Size=00003B  Align=00001  Fill=0000
/mnt/d/retro/cc65/lib/c128.lib(ldaxi.o):
    CODE              Offs=0054CD  Size=00000D  Align=00001  Fill=0000
/mnt/d/retro/cc65/lib/c128.lib(ldaxsp.o):
    CODE              Offs=0054DA  Size=000009  Align=00001  Fill=0000
/mnt/d/retro/cc65/lib/c128.lib(ldeaxysp.o):
    CODE              Offs=0054E3  Size=000013  Align=00001  Fill=0000
/mnt/d/retro/cc65/lib/c128.lib(leaaxsp.o):
    CODE              Offs=0054F6  Size=00000C  Align=00001  Fill=0000
/mnt/d/retro/cc65/lib/c128.lib(libref.o):
/mnt/d/retro/cc65/lib/c128.lib(lneg.o):
    CODE              Offs=005502  Size=00001E  Align=00001  Fill=0000
/mnt/d/retro/cc65/lib/c128.lib(loadaddr.o):
    LOADADDR          Offs=000000  Size=000002  Align=00001  Fill=0000
/mnt/d/retro/cc65/lib/c128.lib(lpush.o):
    CODE              Offs=005520  Size=000021  Align=00001  Fill=0000
/mnt/d/retro/cc65/lib/c128.lib(lsub.o):
    CODE              Offs=005541  Size=000027  Align=00001  Fill=0000
/mnt/d/retro/cc65/lib/c128.lib(ltoa.o):
    CODE              Offs=005568  Size=000095  Align=00001  Fill=0000
/mnt/d/retro/cc65/lib/c128.lib(lult.o):
    CODE              Offs=0055FD  Size=000006  Align=00001  Fill=0000
/mnt/d/retro/cc65/lib/c128.lib(makebool.o):
    CODE              Offs=005603  Size=00002C  Align=00001  Fill=0000
/mnt/d/retro/cc65/lib/c128.lib(memcpy.o):
    CODE              Offs=00562F  Size=00003C  Align=00001  Fill=0000
/mnt/d/retro/cc65/lib/c128.lib(mod.o):
    CODE              Offs=00566B  Size=000011  Align=00001  Fill=0000
/mnt/d/retro/cc65/lib/c128.lib(mul.o):
    CODE              Offs=00567C  Size=000045  Align=00001  Fill=0000
/mnt/d/retro/cc65/lib/c128.lib(mul8.o):
    CODE              Offs=0056C1  Size=00003A  Align=00001  Fill=0000
/mnt/d/retro/cc65/lib/c128.lib(mulax10.o):
    CODE              Offs=0056FB  Size=000019  Align=00001  Fill=0000
/mnt/d/retro/cc65/lib/c128.lib(mulax3.o):
    CODE              Offs=005714  Size=000011  Align=00001  Fill=0000
/mnt/d/retro/cc65/lib/c128.lib(negabs.o):
    CODE              Offs=005725  Size=000012  Align=00001  Fill=0000
/mnt/d/retro/cc65/lib/c128.lib(oserror.o):
    CODE              Offs=005737  Size=000016  Align=00001  Fill=0000
    RODATA            Offs=000765  Size=00005A  Align=00001  Fill=0000
/mnt/d/retro/cc65/lib/c128.lib(popa.o):
    CODE              Offs=00574D  Size=00000C  Align=00001  Fill=0000
/mnt/d/retro/cc65/lib/c128.lib(popptr1.o):
    CODE              Offs=005759  Size=00000E  Align=00001  Fill=0000
/mnt/d/retro/cc65/lib/c128.lib(printf.o):
    CODE              Offs=005767  Size=000033  Align=00001  Fill=0000
    BSS               Offs=0001F8  Size=000001  Align=00001  Fill=0000
/mnt/d/retro/cc65/lib/c128.lib(push1.o):
    CODE              Offs=00579A  Size=000005  Align=00001  Fill=0000
/mnt/d/retro/cc65/lib/c128.lib(pusha.o):
    CODE              Offs=00579F  Size=000016  Align=00001  Fill=0000
/mnt/d/retro/cc65/lib/c128.lib(pushax.o):
    CODE              Offs=0057B5  Size=00001A  Align=00001  Fill=0000
/mnt/d/retro/cc65/lib/c128.lib(pushwsp.o):
    CODE              Offs=0057CF  Size=00001C  Align=00001  Fill=0000
/mnt/d/retro/cc65/lib/c128.lib(rand.o):
    CODE              Offs=0057EB  Size=000034  Align=00001  Fill=0000
    DATA              Offs=0014B6  Size=000004  Align=00001  Fill=0000
/mnt/d/retro/cc65/lib/c128.lib(return0.o):
    CODE              Offs=00581F  Size=000004  Align=00001  Fill=0000
/mnt/d/retro/cc65/lib/c128.lib(rwcommon.o):
    CODE              Offs=005823  Size=00001A  Align=00001  Fill=0000
/mnt/d/retro/cc65/lib/c128.lib(shelp.o):
    CODE              Offs=00583D  Size=000020  Align=00001  Fill=0000
/mnt/d/retro/cc65/lib/c128.lib(shrax1.o):
    CODE              Offs=00585D  Size=000008  Align=00001  Fill=0000
/mnt/d/retro/cc65/lib/c128.lib(shrax3.o):
    CODE              Offs=005865  Size=00000E  Align=00001  Fill=0000
/mnt/d/retro/cc65/lib/c128.lib(sprintf.o):
    CODE              Offs=005873  Size=00002B  Align=00001  Fill=0000
    BSS               Offs=0001F9  Size=000001  Align=00001  Fill=0000
/mnt/d/retro/cc65/lib/c128.lib(staspidx.o):
    CODE              Offs=00589E  Size=000016  Align=00001  Fill=0000
/mnt/d/retro/cc65/lib/c128.lib(status.o):
/mnt/d/retro/cc65/lib/c128.lib(staxsp.o):
    CODE              Offs=0058B4  Size=00000B  Align=00001  Fill=0000
/mnt/d/retro/cc65/lib/c128.lib(strcat.o):
    CODE              Offs=0058BF  Size=000031  Align=00001  Fill=0000
/mnt/d/retro/cc65/lib/c128.lib(strchr.o):
    CODE              Offs=0058F0  Size=000027  Align=00001  Fill=0000
/mnt/d/retro/cc65/lib/c128.lib(strcpy.o):
    CODE              Offs=005917  Size=00001F  Align=00001  Fill=0000
/mnt/d/retro/cc65/lib/c128.lib(strlen.o):
    CODE              Offs=005936  Size=000016  Align=00001  Fill=0000
/mnt/d/retro/cc65/lib/c128.lib(strlower.o):
    CODE              Offs=00594C  Size=000027  Align=00001  Fill=0000
/mnt/d/retro/cc65/lib/c128.lib(sub.o):
    CODE              Offs=005973  Size=000015  Align=00001  Fill=0000
/mnt/d/retro/cc65/lib/c128.lib(subeqsp.o):
    CODE              Offs=005988  Size=000015  Align=00001  Fill=0000
/mnt/d/retro/cc65/lib/c128.lib(subysp.o):
    CODE              Offs=00599D  Size=00000D  Align=00001  Fill=0000
/mnt/d/retro/cc65/lib/c128.lib(udiv.o):
    CODE              Offs=0059AA  Size=00004F  Align=00001  Fill=0000
/mnt/d/retro/cc65/lib/c128.lib(vcprintf.o):
    CODE              Offs=0059F9  Size=000078  Align=00001  Fill=0000
    DATA              Offs=0014BA  Size=000008  Align=00001  Fill=0000
/mnt/d/retro/cc65/lib/c128.lib(vfprintf.o):
    CODE              Offs=005A71  Size=000061  Align=00001  Fill=0000
    DATA              Offs=0014C2  Size=000008  Align=00001  Fill=0000
/mnt/d/retro/cc65/lib/c128.lib(videomode.o):
    CODE              Offs=005AD2  Size=000013  Align=00001  Fill=0000
/mnt/d/retro/cc65/lib/c128.lib(vsnprintf.o):
    CODE              Offs=005AE5  Size=0000DA  Align=00001  Fill=0000
    DATA              Offs=0014CA  Size=000008  Align=00001  Fill=0000
/mnt/d/retro/cc65/lib/c128.lib(vsprintf.o):
    CODE              Offs=005BBF  Size=000012  Align=00001  Fill=0000
/mnt/d/retro/cc65/lib/c128.lib(write.o):
    CODE              Offs=005BD1  Size=000054  Align=00001  Fill=0000
    ONCE              Offs=00002B  Size=000011  Align=00001  Fill=0000
/mnt/d/retro/cc65/lib/c128.lib(zerobss.o):
    CODE              Offs=005C25  Size=000023  Align=00001  Fill=0000
/mnt/d/retro/cc65/lib/c128.lib(zeropage.o):
    ZEROPAGE          Offs=000000  Size=00001A  Align=00001  Fill=0000
/mnt/d/retro/cc65/lib/c128.lib(c128-stdjoy-joy.o):
    CODE              Offs=005C48  Size=00002F  Align=00001  Fill=0000
    DATA              Offs=0014D2  Size=00000E  Align=00001  Fill=0000


Segment list:
-------------
Name                   Start     End    Size  Align
----------------------------------------------------
ZEROPAGE              000002  00001B  00001A  00001
MACO                  001300  001A43  000744  00001
LOADADDR              001BFF  001C00  000002  00001
EXEHDR                001C01  001C0C  00000C  00001
STARTUP               001C0D  001C5D  000051  00001
ONCE                  001C5E  001C9F  000042  00001
CODE                  001CA0  007916  005C77  00001
RODATA                007917  0080D7  0007C1  00001
DATA                  0080D8  0095B7  0014E0  00001
INIT                  0095B8  0095D4  00001D  00001
BSS                   0095D5  0097CE  0001FA  00001


Exports list by name:
---------------------
BASIN                     00FFCF RLA    BSOUT                     00FFD2 RLA    
CHKIN                     00FFC6 RLA    CKOUT                     00FFC9 RLA    
CLOSE                     00FFC3 RLA    CLRCH                     00FFCC RLA    
CURS_X                    0000EC RLZ    CURS_Y                    0000EB RLZ    
LOAD                      00FFD5 RLA    OPEN                      00FFC0 RLA    
RDTIM                     00FFDE RLA    READST                    00FFB7 RLA    
SAVE                      00FFD8 RLA    SETLFS                    00FFBA RLA    
SETNAM                    00FFBD RLA    ST                        000090 RLZ    
SWAPPER                   00FF5F RLA    _PEEKB_core               001939 RLA    
_POKEB                    006818 RLA    _POKEB_core               001901 RLA    
_PlayMusic                001977 RLA    _SetLoadSaveBank          006808 RLA    
_SetLoadSaveBank_core     0018F8 RLA    _StopMusic                0019C8 RLA    
_VDC_CopyMemToVDC         005C82 RLA    _VDC_CopyMemToVDC_core    0015FD RLA    
_VDC_CopyVDCToMem         005CCC RLA    _VDC_CopyVDCToMem_core    001678 RLA    
_VDC_CopyViewPortToVDC    0062BA RLA    _VDC_CopyViewPortToVDC_core 0017C8 RLA    
_VDC_DetectVDCMemSize_core 001393 RLA    _VDC_Exit                 005E4A RLA    
_VDC_FillArea             005D4D RLA    _VDC_FillArea_core        0017AE RLA    
_VDC_HChar                005C07 RLA    _VDC_HChar_core           0014E1 RLA    
_VDC_Init                 005D93 RLA    _VDC_LoadCharset          0060A1 RLA    
_VDC_LoadScreen           00613A RLA    _VDC_MemCopy_core         00146A RLA    
_VDC_Peek_core            001363 RLA    _VDC_PetsciiToScreenCode  005E64 RLA    
_VDC_Plot                 006234 RLA    _VDC_PlotString           00626C RLA    
_VDC_Poke_core            001333 RLA    _VDC_PrintAt              00601D RLA    
_VDC_ReadRegister_core    001312 RLA    _VDC_RedefineCharset_core 001700 RLA    
_VDC_ScrollCopy           0063B6 RLA    _VDC_ScrollCopy_core      001869 RLA    
_VDC_VChar                005C46 RLA    _VDC_VChar_core           001583 RLA    
_VDC_WriteRegister_core   001324 RLA    _VDC_addrh                001302 RLA    
_VDC_addrl                001303 RLA    _VDC_desth                001304 RLA    
_VDC_destl                001305 RLA    _VDC_regadd               001300 RLA    
_VDC_regval               001301 RLA    _VDC_strideh              001306 RLA    
_VDC_stridel              001307 RLA    _VDC_tmp1                 001309 RLA    
_VDC_tmp2                 00130A RLA    _VDC_tmp3                 00130B RLA    
_VDC_tmp4                 00130C RLA    _VDC_value                001308 RLA    
__BSS_RUN__               0095D5 RLA    __BSS_SIZE__              0001FA REA    
__CONSTRUCTOR_COUNT__     000003 REA    __CONSTRUCTOR_TABLE__     001C9A RLA    
__DESTRUCTOR_COUNT__      000001 REA    __DESTRUCTOR_TABLE__      0080D6 RLA    
__EXEHDR__                000001 REA    __LOADADDR__              000001 REA    
__MAIN_SIZE__             009BF3 REA    __MAIN_START__            001C0D RLA    
__STACKSIZE__             000800 REA    __STARTUP__               000001 REA    
__ctype                   007FED RLA    __ctypeidx                007FF8 RLA    
__directerrno             0068A4 RLA    __errno                   0097C7 RLA    
__hextab                  007FD1 RLA    __longminstr              007FE1 RLA    
__mappederrno             0068AE RLA    __oserror                 009798 RLA    
__osmaperrno              0073D7 RLA    __printf                  0069B1 RLA    
__seterrno                006C63 RLA    _bgcolor                  006E42 RLA    
_bootdevice               0095D5 RLA    _bordercolor              006E68 RLA    
_c128_stdjoy_joy          0095AA RLA    _cbm_close                006CF6 REA    
_cbm_k_close              006CF6 RLA    _cbm_k_load               006CFA RLA    
_cbm_k_open               006D17 RLA    _cbm_k_save               006D20 RLA    
_cbm_k_setlfs             006D36 RLA    _cbm_k_setnam             006D44 RLA    
_cbm_open                 006D6E RLA    _cbm_read                 006D84 RLA    
_cgetc                    006DDF RLA    _clock                    006E0F RLA    
_clrscr                   00C142 REA    _cprintf                  006E85 RLA    
_cputc                    006EB4 RLA    _cputs                    006F02 RLA    
_cputsxy                  006EF8 RLA    _exit                     001C42 RLA    
_fwrite                   006FBE RLA    _getcurrentdevice         006F39 RLA    
_gotoxy                   00703C RLA    _isprint                  0070D2 RLA    
_joy_install              0070DC RLA    _joy_read                 00958B REA    
_joy_static_stddrv        0095AA RLA    _joy_uninstall            00711C RLA    
_kbhit                    007129 RLA    _ltoa                     007220 RLA    
_main                     00582D RLA    _memcpy                   0072CF RLA    
_printf                   007407 RLA    _rand                     007497 RLA    
_set_c128_speed           006C6C RLA    _sprintf                  007513 RLA    
_srand                    00748B RLA    _stdout                   009542 RLA    
_strcat                   00755F RLA    _strchr                   007590 RLA    
_strcpy                   0075B7 RLA    _strlen                   0075D6 RLA    
_strlower                 0075EC RLA    _textcolor                006E19 RLA    
_ultoa                    007261 RLA    _vcprintf                 0076E1 RLA    
_vfprintf                 007749 RLA    _videomode                007772 RLA    
_vsprintf                 00785F RLA    _write                    007871 RLA    
addeq0sp                  006C98 RLA    addeqysp                  006C9A RLA    
addysp                    006CAA RLA    addysp1                   006CA9 RLA    
aslax2                    006CBF RLA    axlong                    006CE9 RLA    
axulong                   006CEF RLA    booleq                    0072A9 RLA    
boolult                   0072C2 RLA    callmain                  006D57 RLA    
ctypemask                 006F1B RLA    ctypemaskdirect           006F1F RLA    
cursor                    009797 RLA    curunit                   0095D4 RLA    
decax1                    006F3F RLA    decaxy                    006F46 RLA    
decsp1                    006F4F RLA    decsp2                    006F58 RLA    
decsp3                    006F65 RLA    decsp4                    006F72 RLA    
decsp5                    006F7F RLA    decsp6                    006F8C RLA    
decsp8                    006F99 RLA    devnum                    0000BA RLZ    
donecgetc                 006E00  LAI   donelib                   006E79 RLA    
fdtab                     009572 RLA    gotoxy                    007039 RLA    
incax1                    007074 RLA    incax2                    00707B RLA    
incax3                    007082 RLA    incax4                    00708C RLA    
incax8                    007087 RLA    incaxy                    00708E RLA    
incsp1                    007097 RLA    incsp2                    0070A6 RLA    
incsp3                    0070B4 RLA    incsp4                    0070B9 RLA    
incsp5                    0070BE RLA    incsp6                    0070C3 RLA    
incsp7                    0070C8 RLA    incsp8                    0070CD RLA    
initcgetc                 001C5E  LAI   initcurunit               001C7D  LAI   
initlib                   001C71 RLA    initstdout                001C89  LAI   
joy_libref                001C42 RLA    joy_read                  00958B RLA    
ldax0sp                   00717A RLA    ldaxi                     00716D RLA    
ldaxysp                   00717C RLA    ldeaxysp                  007185 RLA    
leaa0sp                   007196 RLA    mul8x16                   007363 RLA    
mul8x16a                  00736D RLA    mulax10                   00739B RLA    
mulax3                    0073B4 RLA    negax                     0073C9 RLA    
negeax                    0071A2 RLA    plot                      006EF0 RLA    
popa                      0073ED RLA    popax                     00709E RLA    
popptr1                   0073F9 RLA    popsargsudiv16            0074DD RLA    
ptr1                      00000A RLZ    ptr2                      00000C RLZ    
ptr3                      00000E RLZ    ptr4                      000010 RLZ    
push0                     007455 RLA    push1                     00743A RLA    
pusha                     007443 RLA    pusha0                    007457 RLA    
pushax                    007459 RLA    pusheax                   0071C9 RLA    
pushw0sp                  00746F RLA    pushwysp                  007471 RLA    
regbank                   000016 RLZ    return0                   0074BF RLA    
rwcommon                  0074C3 RLA    shlax1                    006CB7 RLA    
shlax2                    006CBF RLA    shlax3                    006CCA RLA    
shlax4                    006CD8 RLA    shrax1                    0074FD RLA    
shrax3                    007505 RLA    sp                        000002 RLZ    
sreg                      000004 RLZ    staspidx                  00753E RLA    
stax0sp                   007554 RLA    staxysp                   007556 RLA    
subeq0sp                  007628 RLA    subeqysp                  00762A RLA    
subysp                    00763D RLA    tmp1                      000012 RLZ    
tmp2                      000013 RLZ    tmp3                      000014 RLZ    
tosadda0                  006C7C RLA    tosaddax                  006C7E RLA    
toseqa0                   006FA8 RLA    tosicmp                   007048 RLA    
tosicmp0                  007046 RLA    toslcmp                   007132 RLA    
tosmoda0                  00730B RLA    tosmula0                  007361 RLA    
tosmulax                  00731C RLA    tossuba0                  007613 RLA    
tossubax                  007615 RLA    tossubeax                 0071E7 RLA    
tosudivax                 00764C RLA    tosulteax                 00729D RLA    
tosumula0                 007361 RLA    tosumulax                 00731C RLA    
udiv16                    00765B RLA    vsnprintf                 007788 RLA    
zerobss                   0078C5 RLA    


Exports list by value:
----------------------
__DESTRUCTOR_COUNT__      000001 REA    __EXEHDR__                000001 REA    
__LOADADDR__              000001 REA    __STARTUP__               000001 REA    
sp                        000002 RLZ    __CONSTRUCTOR_COUNT__     000003 REA    
sreg                      000004 RLZ    ptr1                      00000A RLZ    
ptr2                      00000C RLZ    ptr3                      00000E RLZ    
ptr4                      000010 RLZ    tmp1                      000012 RLZ    
tmp2                      000013 RLZ    tmp3                      000014 RLZ    
regbank                   000016 RLZ    ST                        000090 RLZ    
devnum                    0000BA RLZ    CURS_Y                    0000EB RLZ    
CURS_X                    0000EC RLZ    __BSS_SIZE__              0001FA REA    
__STACKSIZE__             000800 REA    _VDC_regadd               001300 RLA    
_VDC_regval               001301 RLA    _VDC_addrh                001302 RLA    
_VDC_addrl                001303 RLA    _VDC_desth                001304 RLA    
_VDC_destl                001305 RLA    _VDC_strideh              001306 RLA    
_VDC_stridel              001307 RLA    _VDC_value                001308 RLA    
_VDC_tmp1                 001309 RLA    _VDC_tmp2                 00130A RLA    
_VDC_tmp3                 00130B RLA    _VDC_tmp4                 00130C RLA    
_VDC_ReadRegister_core    001312 RLA    _VDC_WriteRegister_core   001324 RLA    
_VDC_Poke_core            001333 RLA    _VDC_Peek_core            001363 RLA    
_VDC_DetectVDCMemSize_core 001393 RLA    _VDC_MemCopy_core         00146A RLA    
_VDC_HChar_core           0014E1 RLA    _VDC_VChar_core           001583 RLA    
_VDC_CopyMemToVDC_core    0015FD RLA    _VDC_CopyVDCToMem_core    001678 RLA    
_VDC_RedefineCharset_core 001700 RLA    _VDC_FillArea_core        0017AE RLA    
_VDC_CopyViewPortToVDC_core 0017C8 RLA    _VDC_ScrollCopy_core      001869 RLA    
_SetLoadSaveBank_core     0018F8 RLA    _POKEB_core               001901 RLA    
_PEEKB_core               001939 RLA    _PlayMusic                001977 RLA    
_StopMusic                0019C8 RLA    __MAIN_START__            001C0D RLA    
_exit                     001C42 RLA    joy_libref                001C42 RLA    
initcgetc                 001C5E  LAI   initlib                   001C71 RLA    
initcurunit               001C7D  LAI   initstdout                001C89  LAI   
__CONSTRUCTOR_TABLE__     001C9A RLA    _main                     00582D RLA    
_VDC_HChar                005C07 RLA    _VDC_VChar                005C46 RLA    
_VDC_CopyMemToVDC         005C82 RLA    _VDC_CopyVDCToMem         005CCC RLA    
_VDC_FillArea             005D4D RLA    _VDC_Init                 005D93 RLA    
_VDC_Exit                 005E4A RLA    _VDC_PetsciiToScreenCode  005E64 RLA    
_VDC_PrintAt              00601D RLA    _VDC_LoadCharset          0060A1 RLA    
_VDC_LoadScreen           00613A RLA    _VDC_Plot                 006234 RLA    
_VDC_PlotString           00626C RLA    _VDC_CopyViewPortToVDC    0062BA RLA    
_VDC_ScrollCopy           0063B6 RLA    _SetLoadSaveBank          006808 RLA    
_POKEB                    006818 RLA    __directerrno             0068A4 RLA    
__mappederrno             0068AE RLA    __printf                  0069B1 RLA    
__seterrno                006C63 RLA    _set_c128_speed           006C6C RLA    
tosadda0                  006C7C RLA    tosaddax                  006C7E RLA    
addeq0sp                  006C98 RLA    addeqysp                  006C9A RLA    
addysp1                   006CA9 RLA    addysp                    006CAA RLA    
shlax1                    006CB7 RLA    aslax2                    006CBF RLA    
shlax2                    006CBF RLA    shlax3                    006CCA RLA    
shlax4                    006CD8 RLA    axlong                    006CE9 RLA    
axulong                   006CEF RLA    _cbm_close                006CF6 REA    
_cbm_k_close              006CF6 RLA    _cbm_k_load               006CFA RLA    
_cbm_k_open               006D17 RLA    _cbm_k_save               006D20 RLA    
_cbm_k_setlfs             006D36 RLA    _cbm_k_setnam             006D44 RLA    
callmain                  006D57 RLA    _cbm_open                 006D6E RLA    
_cbm_read                 006D84 RLA    _cgetc                    006DDF RLA    
donecgetc                 006E00  LAI   _clock                    006E0F RLA    
_textcolor                006E19 RLA    _bgcolor                  006E42 RLA    
_bordercolor              006E68 RLA    donelib                   006E79 RLA    
_cprintf                  006E85 RLA    _cputc                    006EB4 RLA    
plot                      006EF0 RLA    _cputsxy                  006EF8 RLA    
_cputs                    006F02 RLA    ctypemask                 006F1B RLA    
ctypemaskdirect           006F1F RLA    _getcurrentdevice         006F39 RLA    
decax1                    006F3F RLA    decaxy                    006F46 RLA    
decsp1                    006F4F RLA    decsp2                    006F58 RLA    
decsp3                    006F65 RLA    decsp4                    006F72 RLA    
decsp5                    006F7F RLA    decsp6                    006F8C RLA    
decsp8                    006F99 RLA    toseqa0                   006FA8 RLA    
_fwrite                   006FBE RLA    gotoxy                    007039 RLA    
_gotoxy                   00703C RLA    tosicmp0                  007046 RLA    
tosicmp                   007048 RLA    incax1                    007074 RLA    
incax2                    00707B RLA    incax3                    007082 RLA    
incax8                    007087 RLA    incax4                    00708C RLA    
incaxy                    00708E RLA    incsp1                    007097 RLA    
popax                     00709E RLA    incsp2                    0070A6 RLA    
incsp3                    0070B4 RLA    incsp4                    0070B9 RLA    
incsp5                    0070BE RLA    incsp6                    0070C3 RLA    
incsp7                    0070C8 RLA    incsp8                    0070CD RLA    
_isprint                  0070D2 RLA    _joy_install              0070DC RLA    
_joy_uninstall            00711C RLA    _kbhit                    007129 RLA    
toslcmp                   007132 RLA    ldaxi                     00716D RLA    
ldax0sp                   00717A RLA    ldaxysp                   00717C RLA    
ldeaxysp                  007185 RLA    leaa0sp                   007196 RLA    
negeax                    0071A2 RLA    pusheax                   0071C9 RLA    
tossubeax                 0071E7 RLA    _ltoa                     007220 RLA    
_ultoa                    007261 RLA    tosulteax                 00729D RLA    
booleq                    0072A9 RLA    boolult                   0072C2 RLA    
_memcpy                   0072CF RLA    tosmoda0                  00730B RLA    
tosmulax                  00731C RLA    tosumulax                 00731C RLA    
tosmula0                  007361 RLA    tosumula0                 007361 RLA    
mul8x16                   007363 RLA    mul8x16a                  00736D RLA    
mulax10                   00739B RLA    mulax3                    0073B4 RLA    
negax                     0073C9 RLA    __osmaperrno              0073D7 RLA    
popa                      0073ED RLA    popptr1                   0073F9 RLA    
_printf                   007407 RLA    push1                     00743A RLA    
pusha                     007443 RLA    push0                     007455 RLA    
pusha0                    007457 RLA    pushax                    007459 RLA    
pushw0sp                  00746F RLA    pushwysp                  007471 RLA    
_srand                    00748B RLA    _rand                     007497 RLA    
return0                   0074BF RLA    rwcommon                  0074C3 RLA    
popsargsudiv16            0074DD RLA    shrax1                    0074FD RLA    
shrax3                    007505 RLA    _sprintf                  007513 RLA    
staspidx                  00753E RLA    stax0sp                   007554 RLA    
staxysp                   007556 RLA    _strcat                   00755F RLA    
_strchr                   007590 RLA    _strcpy                   0075B7 RLA    
_strlen                   0075D6 RLA    _strlower                 0075EC RLA    
tossuba0                  007613 RLA    tossubax                  007615 RLA    
subeq0sp                  007628 RLA    subeqysp                  00762A RLA    
subysp                    00763D RLA    tosudivax                 00764C RLA    
udiv16                    00765B RLA    _vcprintf                 0076E1 RLA    
_vfprintf                 007749 RLA    _videomode                007772 RLA    
vsnprintf                 007788 RLA    _vsprintf                 00785F RLA    
_write                    007871 RLA    zerobss                   0078C5 RLA    
__hextab                  007FD1 RLA    __longminstr              007FE1 RLA    
__ctype                   007FED RLA    __ctypeidx                007FF8 RLA    
__DESTRUCTOR_TABLE__      0080D6 RLA    _stdout                   009542 RLA    
fdtab                     009572 RLA    _joy_read                 00958B REA    
joy_read                  00958B RLA    _c128_stdjoy_joy          0095AA RLA    
_joy_static_stddrv        0095AA RLA    curunit                   0095D4 RLA    
__BSS_RUN__               0095D5 RLA    _bootdevice               0095D5 RLA    
cursor                    009797 RLA    __oserror                 009798 RLA    
__errno                   0097C7 RLA    __MAIN_SIZE__             009BF3 REA    
_clrscr                   00C142 REA    SWAPPER                   00FF5F RLA    
READST                    00FFB7 RLA    SETLFS                    00FFBA RLA    
SETNAM                    00FFBD RLA    OPEN                      00FFC0 RLA    
CLOSE                     00FFC3 RLA    CHKIN                     00FFC6 RLA    
CKOUT                     00FFC9 RLA    CLRCH                     00FFCC RLA    
BASIN                     00FFCF RLA    BSOUT                     00FFD2 RLA    
LOAD                      00FFD5 RLA    SAVE                      00FFD8 RLA    
RDTIM                     00FFDE RLA    


Imports list:
-------------
BASIN (kernal.o):
    cbm_read.o                cbm/cbm.inc:47
BSOUT (kernal.o):
    write.o                   cbm/cbm.inc:49
    videomode.o               c128/videomode.s:9
    crt0.o                    c128/crt0.s:10
CHKIN (kernal.o):
    cbm_read.o                cbm/cbm.inc:44
CKOUT (kernal.o):
    write.o                   cbm/cbm.inc:45
CLOSE (kernal.o):
    c_close.o                 cbm/cbm.inc:36
CLRCH (kernal.o):
    write.o                   cbm/cbm.inc:46
    cbm_read.o                cbm/cbm.inc:46
CURS_X (conio.o):
    gotoxy.o                  cbm/gotoxy.s:9
CURS_Y (conio.o):
    gotoxy.o                  cbm/gotoxy.s:9
LOAD (kernal.o):
    c_load.o                  cbm/cbm.inc:37
OPEN (kernal.o):
    write.o                   cbm/cbm.inc:35
    c_open.o                  cbm/cbm.inc:35
RDTIM (kernal.o):
    clock.o                   cbm/cbm.inc:40
READST (kernal.o):
    write.o                   cbm/cbm.inc:32
    cbm_read.o                cbm/cbm.inc:32
SAVE (kernal.o):
    c_save.o                  cbm/cbm.inc:38
SETLFS (kernal.o):
    write.o                   cbm/cbm.inc:33
    c_setlfs.o                cbm/cbm.inc:33
SETNAM (kernal.o):
    c_setnam.o                cbm/cbm.inc:34
ST (status.o):
    crt0.o                    c128/crt0.s:12
SWAPPER (kernal.o):
    videomode.o               c128/videomode.s:9
_PEEKB_core (vdc_core_assembly.o):
    vdc_core.o                src/vdc_core.s:59
_POKEB (vdc_core.o):
    main.o                    src/main.s:55
_POKEB_core (vdc_core_assembly.o):
    vdc_core.o                src/vdc_core.s:58
_PlayMusic (sidplay_assembly.o):
    sidplay.o                 src/sidplay.s:18
    main.o                    src/main.s:56
_SetLoadSaveBank (vdc_core.o):
    sidplay.o                 src/sidplay.s:17
_SetLoadSaveBank_core (vdc_core_assembly.o):
    vdc_core.o                src/vdc_core.s:57
_StopMusic (sidplay_assembly.o):
    main.o                    src/main.s:57
_VDC_CopyMemToVDC (vdc_core.o):
    main.o                    src/main.s:42
_VDC_CopyMemToVDC_core (vdc_core_assembly.o):
    vdc_core.o                src/vdc_core.s:51
_VDC_CopyVDCToMem (vdc_core.o):
    main.o                    src/main.s:43
_VDC_CopyVDCToMem_core (vdc_core_assembly.o):
    vdc_core.o                src/vdc_core.s:52
_VDC_CopyViewPortToVDC (vdc_core.o):
    main.o                    src/main.s:53
_VDC_CopyViewPortToVDC_core (vdc_core_assembly.o):
    vdc_core.o                src/vdc_core.s:55
_VDC_DetectVDCMemSize_core (vdc_core_assembly.o):
    vdc_core.o                src/vdc_core.s:47
_VDC_Exit (vdc_core.o):
    main.o                    src/main.s:46
_VDC_FillArea (vdc_core.o):
    main.o                    src/main.s:44
_VDC_FillArea_core (vdc_core_assembly.o):
    vdc_core.o                src/vdc_core.s:54
_VDC_HChar (vdc_core.o):
    main.o                    src/main.s:40
_VDC_HChar_core (vdc_core_assembly.o):
    vdc_core.o                src/vdc_core.s:49
_VDC_Init (vdc_core.o):
    main.o                    src/main.s:45
_VDC_LoadCharset (vdc_core.o):
    main.o                    src/main.s:49
_VDC_LoadScreen (vdc_core.o):
    main.o                    src/main.s:50
_VDC_MemCopy_core (vdc_core_assembly.o):
    vdc_core.o                src/vdc_core.s:48
_VDC_Peek_core (vdc_core_assembly.o):
    vdc_core.o                src/vdc_core.s:46
_VDC_PetsciiToScreenCode (vdc_core.o):
    main.o                    src/main.s:47
_VDC_Plot (vdc_core.o):
    main.o                    src/main.s:51
_VDC_PlotString (vdc_core.o):
    main.o                    src/main.s:52
_VDC_Poke_core (vdc_core_assembly.o):
    vdc_core.o                src/vdc_core.s:45
_VDC_PrintAt (vdc_core.o):
    main.o                    src/main.s:48
_VDC_ReadRegister_core (vdc_core_assembly.o):
    vdc_core.o                src/vdc_core.s:43
_VDC_RedefineCharset_core (vdc_core_assembly.o):
    vdc_core.o                src/vdc_core.s:53
_VDC_ScrollCopy (vdc_core.o):
    main.o                    src/main.s:54
_VDC_ScrollCopy_core (vdc_core_assembly.o):
    vdc_core.o                src/vdc_core.s:56
_VDC_VChar (vdc_core.o):
    main.o                    src/main.s:41
_VDC_VChar_core (vdc_core_assembly.o):
    vdc_core.o                src/vdc_core.s:50
_VDC_WriteRegister_core (vdc_core_assembly.o):
    vdc_core.o                src/vdc_core.s:44
_VDC_addrh (vdc_core_assembly.o):
    vdc_core.o                src/vdc_core.s:32
_VDC_addrl (vdc_core_assembly.o):
    vdc_core.o                src/vdc_core.s:33
_VDC_desth (vdc_core_assembly.o):
    vdc_core.o                src/vdc_core.s:34
_VDC_destl (vdc_core_assembly.o):
    vdc_core.o                src/vdc_core.s:35
_VDC_regadd (vdc_core_assembly.o):
    vdc_core.o                src/vdc_core.s:30
_VDC_regval (vdc_core_assembly.o):
    vdc_core.o                src/vdc_core.s:31
_VDC_strideh (vdc_core_assembly.o):
    vdc_core.o                src/vdc_core.s:36
_VDC_stridel (vdc_core_assembly.o):
    vdc_core.o                src/vdc_core.s:37
_VDC_tmp1 (vdc_core_assembly.o):
    vdc_core.o                src/vdc_core.s:39
_VDC_tmp2 (vdc_core_assembly.o):
    vdc_core.o                src/vdc_core.s:40
_VDC_tmp3 (vdc_core_assembly.o):
    vdc_core.o                src/vdc_core.s:41
_VDC_tmp4 (vdc_core_assembly.o):
    vdc_core.o                src/vdc_core.s:42
_VDC_value (vdc_core_assembly.o):
    vdc_core.o                src/vdc_core.s:38
__BSS_RUN__ ([linker generated]):
    zerobss.o                 common/zerobss.s:8
__BSS_SIZE__ ([linker generated]):
    zerobss.o                 common/zerobss.s:8
__CONSTRUCTOR_COUNT__ ([linker generated]):
    condes.o                  runtime/condes.s:18
__CONSTRUCTOR_TABLE__ ([linker generated]):
    condes.o                  runtime/condes.s:18
__DESTRUCTOR_COUNT__ ([linker generated]):
    condes.o                  runtime/condes.s:19
__DESTRUCTOR_TABLE__ ([linker generated]):
    condes.o                  runtime/condes.s:19
__EXEHDR__ (exehdr.o):
    [linker generated]        careers-cc65config.cfg:3
__LOADADDR__ (loadaddr.o):
    [linker generated]        careers-cc65config.cfg:2
__MAIN_SIZE__ ([linker generated]):
    crt0.o                    c128/crt0.s:11
__MAIN_START__ ([linker generated]):
    crt0.o                    c128/crt0.s:11
__STACKSIZE__ ([linker generated]):
    crt0.o                    c128/crt0.s:11
    [linker generated]        careers-cc65config.cfg:10
__STARTUP__ (crt0.o):
    main.o                    src/main.s:13
__ctype (ctype.o):
    ctypemask.o               common/ctypemask.s:23
__ctypeidx (ctype.o):
    ctypemask.o               common/ctypemask.s:24
__directerrno (_directerrno.o):
    write.o                   /mnt/d/retro/cc65/asminc/errno.inc:10
    vsnprintf.o               /mnt/d/retro/cc65/asminc/errno.inc:10
__errno (errno.o):
    _seterrno.o               /mnt/d/retro/cc65/asminc/errno.inc:7
__hextab (_hextab.o):
    ltoa.o                    common/ltoa.s:10
__longminstr (_longminstr.o):
    ltoa.o                    common/ltoa.s:10
__mappederrno (_mappederrno.o):
    write.o                   /mnt/d/retro/cc65/asminc/errno.inc:10
__oserror (_oserror.o):
    _mappederrno.o            /mnt/d/retro/cc65/asminc/errno.inc:7
    _directerrno.o            /mnt/d/retro/cc65/asminc/errno.inc:7
    write.o                   /mnt/d/retro/cc65/asminc/errno.inc:7
    cbm_read.o                cbm/cbm_read.s:44
    cbm_open.o                cbm/cbm_open.s:24
    c_load.o                  cbm/c_load.s:10
    main.o                    src/main.s:32
__osmaperrno (oserror.o):
    _mappederrno.o            /mnt/d/retro/cc65/asminc/errno.inc:8
__printf (_printf.o):
    vsnprintf.o               common/vsnprintf.s:10
    vfprintf.o                common/vfprintf.s:10
    vcprintf.o                conio/vcprintf.s:9
__seterrno (_seterrno.o):
    _mappederrno.o            /mnt/d/retro/cc65/asminc/errno.inc:9
    _directerrno.o            /mnt/d/retro/cc65/asminc/errno.inc:9
    fwrite.o                  /mnt/d/retro/cc65/asminc/errno.inc:9
_bgcolor (color.o):
    vdc_core.o                src/vdc_core.s:24
_bootdevice (main.o):
    vdc_core.o                src/vdc_core.s:28
_bordercolor (color.o):
    vdc_core.o                src/vdc_core.s:25
_c128_stdjoy_joy (c128-stdjoy-joy.o):
    joy_stat_stddrv.o         c128/joy_stat_stddrv.s:10
_cbm_close (cbm_close.o):
    vdc_core.o                src/vdc_core.s:20
    main.o                    src/main.s:20
_cbm_k_close (c_close.o):
    cbm_close.o               cbm/cbm_close.s:7
_cbm_k_load (c_load.o):
    sidplay.o                 src/sidplay.s:13
    vdc_core.o                src/vdc_core.s:15
_cbm_k_open (c_open.o):
    cbm_open.o                cbm/cbm_open.s:23
_cbm_k_save (c_save.o):
    vdc_core.o                src/vdc_core.s:16
_cbm_k_setlfs (c_setlfs.o):
    cbm_open.o                cbm/cbm_open.s:23
    sidplay.o                 src/sidplay.s:14
    vdc_core.o                src/vdc_core.s:17
_cbm_k_setnam (c_setnam.o):
    cbm_open.o                cbm/cbm_open.s:23
    sidplay.o                 src/sidplay.s:15
    vdc_core.o                src/vdc_core.s:18
_cbm_open (cbm_open.o):
    vdc_core.o                src/vdc_core.s:19
    main.o                    src/main.s:19
_cbm_read (cbm_read.o):
    vdc_core.o                src/vdc_core.s:21
    main.o                    src/main.s:21
_cgetc (cgetc.o):
    main.o                    src/main.s:28
_clock (clock.o):
    main.o                    src/main.s:35
_clrscr (clrscr.o):
    vdc_core.o                src/vdc_core.s:22
_cprintf (cprintf.o):
    main.o                    src/main.s:27
_cputc (cputc.o):
    vcprintf.o                conio/vcprintf.s:9
    cputs.o                   conio/cputs.s:9
    main.o                    src/main.s:24
_cputs (cputs.o):
    main.o                    src/main.s:25
_cputsxy (cputs.o):
    main.o                    src/main.s:26
_exit (crt0.o):
    libref.o                  c128/libref.s:11
    vdc_core.o                src/vdc_core.s:26
_fwrite (fwrite.o):
    vfprintf.o                common/vfprintf.s:10
_getcurrentdevice (curdevice.o):
    sidplay.o                 src/sidplay.s:16
    main.o                    src/main.s:34
_gotoxy (gotoxy.o):
    main.o                    src/main.s:23
_isprint (isprint.o):
    main.o                    src/main.s:33
_joy_install (joy-kernel.o):
    main.o                    src/main.s:37
_joy_read (joy_read.o):
    main.o                    src/main.s:39
_joy_static_stddrv (joy_stat_stddrv.o):
    main.o                    src/main.s:36
_joy_uninstall (joy-kernel.o):
    main.o                    src/main.s:38
_kbhit (kbhit.o):
    main.o                    src/main.s:22
_ltoa (ltoa.o):
    _printf.o                 common/_printf.s:12
_main (main.o):
    callmain.o                runtime/callmain.s:11
_memcpy (memcpy.o):
    vsnprintf.o               common/vsnprintf.s:10
_printf (printf.o):
    vdc_core.o                src/vdc_core.s:13
_rand (rand.o):
    main.o                    src/main.s:30
_set_c128_speed (acc_c128_speed.o):
    vdc_core.o                src/vdc_core.s:27
_sprintf (sprintf.o):
    main.o                    src/main.s:14
_srand (rand.o):
    main.o                    src/main.s:31
_stdout (_file.o):
    printf.o                  common/printf.s:8
_strcat (strcat.o):
    main.o                    src/main.s:15
_strchr (strchr.o):
    main.o                    src/main.s:16
_strcpy (strcpy.o):
    main.o                    src/main.s:17
_strlen (strlen.o):
    _printf.o                 common/_printf.s:13
    main.o                    src/main.s:18
_strlower (strlower.o):
    _printf.o                 common/_printf.s:13
_textcolor (color.o):
    vdc_core.o                src/vdc_core.s:23
    main.o                    src/main.s:29
_ultoa (ltoa.o):
    _printf.o                 common/_printf.s:12
_vcprintf (vcprintf.o):
    cprintf.o                 conio/cprintf.s:8
_vfprintf (vfprintf.o):
    printf.o                  common/printf.s:8
_videomode (videomode.o):
    vdc_core.o                src/vdc_core.s:14
_vsprintf (vsprintf.o):
    sprintf.o                 common/sprintf.s:8
_write (write.o):
    fwrite.o                  common/fwrite.s:10
addeq0sp (addeqsp.o):
    vdc_core.o                src/vdc_core.s:2062
    vdc_core.o                src/vdc_core.s:2062
    vdc_core.o                src/vdc_core.s:2062
    vdc_core.o                src/vdc_core.s:2062
addeqysp (addeqsp.o):
    vdc_core.o                src/vdc_core.s:2062
    vdc_core.o                src/vdc_core.s:2062
    vdc_core.o                src/vdc_core.s:2062
addysp (addysp.o):
    fwrite.o                  common/fwrite.s:11
    sprintf.o                 common/sprintf.s:8
    printf.o                  common/printf.s:8
    incsp8.o                  runtime/incsp8.s:8
    incsp7.o                  runtime/incsp7.s:8
    incsp6.o                  runtime/incsp6.s:8
    incsp5.o                  runtime/incsp5.s:8
    incsp4.o                  runtime/incsp4.s:8
    incsp3.o                  runtime/incsp3.s:8
    cprintf.o                 conio/cprintf.s:8
    vdc_core.o                src/vdc_core.s:2062
    vdc_core.o                src/vdc_core.s:2062
    vdc_core.o                src/vdc_core.s:2062
    vdc_core.o                src/vdc_core.s:2062
    main.o                    src/main.s:9521
    main.o                    src/main.s:9521
    main.o                    src/main.s:9521
    main.o                    src/main.s:9521
    main.o                    src/main.s:9521
addysp1 (addysp.o):
    sub.o                     runtime/sub.s:8
    lsub.o                    runtime/lsub.s:11
aslax2 (aslax2.o):
    main.o                    src/main.s:9521
    main.o                    src/main.s:9521
    main.o                    src/main.s:9521
    main.o                    src/main.s:9521
    main.o                    src/main.s:9521
axlong (axlong.o):
    _printf.o                 common/_printf.s:11
axulong (axlong.o):
    _printf.o                 common/_printf.s:11
booleq (makebool.o):
    eq.o                      runtime/eq.s:8
    main.o                    src/main.s:9521
    main.o                    src/main.s:9521
    main.o                    src/main.s:9521
    main.o                    src/main.s:9521
boolult (makebool.o):
    lult.o                    runtime/lult.s:8
callmain (callmain.o):
    crt0.o                    c128/crt0.s:9
ctypemask (ctypemask.o):
    isprint.o                 common/isprint.s:15
ctypemaskdirect (ctypemask.o):
    strlower.o                common/strlower.s:14
cursor (_cursor.o):
    cgetc.o                   c128/cgetc.s:11
curunit (filevars.o):
    curdevice.o               cbm/curdevice.s:8
decax1 (decax1.o):
    main.o                    src/main.s:9521
    main.o                    src/main.s:9521
    main.o                    src/main.s:9521
    main.o                    src/main.s:9521
    main.o                    src/main.s:9521
    main.o                    src/main.s:9521
    main.o                    src/main.s:9521
    main.o                    src/main.s:9521
decaxy (decaxy.o):
    vdc_core.o                src/vdc_core.s:2062
    vdc_core.o                src/vdc_core.s:2062
    main.o                    src/main.s:9521
    main.o                    src/main.s:9521
decsp1 (decsp1.o):
    vdc_core.o                src/vdc_core.s:2062
    vdc_core.o                src/vdc_core.s:2062
    main.o                    src/main.s:9521
    main.o                    src/main.s:9521
    main.o                    src/main.s:9521
    main.o                    src/main.s:9521
    main.o                    src/main.s:9521
    main.o                    src/main.s:9521
    main.o                    src/main.s:9521
    main.o                    src/main.s:9521
decsp2 (decsp2.o):
    vdc_core.o                src/vdc_core.s:2062
    vdc_core.o                src/vdc_core.s:2062
    main.o                    src/main.s:9521
    main.o                    src/main.s:9521
    main.o                    src/main.s:9521
    main.o                    src/main.s:9521
    main.o                    src/main.s:9521
decsp3 (decsp3.o):
    vdc_core.o                src/vdc_core.s:2062
    main.o                    src/main.s:9521
    main.o                    src/main.s:9521
    main.o                    src/main.s:9521
    main.o                    src/main.s:9521
    main.o                    src/main.s:9521
decsp4 (decsp4.o):
    sprintf.o                 common/sprintf.s:8
    lpush.o                   runtime/lpush.s:12
    vdc_core.o                src/vdc_core.s:2062
    main.o                    src/main.s:9521
decsp5 (decsp5.o):
    main.o                    src/main.s:9521
    main.o                    src/main.s:9521
decsp6 (decsp6.o):
    _printf.o                 common/_printf.s:11
decsp8 (decsp8.o):
    main.o                    src/main.s:9521
devnum (devnum.o):
    filevars.o                cbm/filevars.s:9
donelib (condes.o):
    crt0.o                    c128/crt0.s:7
fdtab (filedes.o):
    write.o                   cbm/filedes.inc:7
gotoxy (gotoxy.o):
    cputs.o                   conio/cputs.s:9
    cputc.o                   c128/cputc.s:11
incax1 (incax1.o):
    vdc_core.o                src/vdc_core.s:2062
    main.o                    src/main.s:9521
    main.o                    src/main.s:9521
    main.o                    src/main.s:9521
    main.o                    src/main.s:9521
    main.o                    src/main.s:9521
    main.o                    src/main.s:9521
incax2 (incax2.o):
    vdc_core.o                src/vdc_core.s:2062
    main.o                    src/main.s:9521
    main.o                    src/main.s:9521
    main.o                    src/main.s:9521
incax3 (incax3.o):
    main.o                    src/main.s:9521
incax4 (incaxy.o):
    main.o                    src/main.s:9521
    main.o                    src/main.s:9521
incax8 (incax8.o):
    main.o                    src/main.s:9521
incaxy (incaxy.o):
    incax8.o                  runtime/incax8.s:8
    incax3.o                  runtime/incax3.s:8
    vdc_core.o                src/vdc_core.s:2062
    vdc_core.o                src/vdc_core.s:2062
    vdc_core.o                src/vdc_core.s:2062
    main.o                    src/main.s:9521
    main.o                    src/main.s:9521
    main.o                    src/main.s:9521
    main.o                    src/main.s:9521
    main.o                    src/main.s:9521
    main.o                    src/main.s:9521
    main.o                    src/main.s:9521
    main.o                    src/main.s:9521
incsp1 (incsp1.o):
    vdc_core.o                src/vdc_core.s:2062
    vdc_core.o                src/vdc_core.s:2062
    vdc_core.o                src/vdc_core.s:2062
    vdc_core.o                src/vdc_core.s:2062
    main.o                    src/main.s:9521
    main.o                    src/main.s:9521
    main.o                    src/main.s:9521
    main.o                    src/main.s:9521
    main.o                    src/main.s:9521
    main.o                    src/main.s:9521
incsp2 (incsp2.o):
    vsnprintf.o               common/vsnprintf.s:9
    staspidx.o                runtime/staspidx.s:8
    popptr1.o                 runtime/popptr1.s:8
    sidplay.o                 src/sidplay.s:52
    vdc_core.o                src/vdc_core.s:2062
    vdc_core.o                src/vdc_core.s:2062
    vdc_core.o                src/vdc_core.s:2062
    vdc_core.o                src/vdc_core.s:2062
    main.o                    src/main.s:9521
    main.o                    src/main.s:9521
    main.o                    src/main.s:9521
    main.o                    src/main.s:9521
    main.o                    src/main.s:9521
    main.o                    src/main.s:9521
incsp3 (incsp3.o):
    vdc_core.o                src/vdc_core.s:2062
    vdc_core.o                src/vdc_core.s:2062
    main.o                    src/main.s:9521
    main.o                    src/main.s:9521
incsp4 (incsp4.o):
    lcmp.o                    runtime/lcmp.s:9
    vdc_core.o                src/vdc_core.s:2062
    vdc_core.o                src/vdc_core.s:2062
    main.o                    src/main.s:9521
    main.o                    src/main.s:9521
    main.o                    src/main.s:9521
    main.o                    src/main.s:9521
incsp5 (incsp5.o):
    vdc_core.o                src/vdc_core.s:2062
    main.o                    src/main.s:9521
    main.o                    src/main.s:9521
    main.o                    src/main.s:9521
incsp6 (incsp6.o):
    vsnprintf.o               common/vsnprintf.s:9
    fwrite.o                  common/fwrite.s:11
    vfprintf.o                common/vfprintf.s:9
    vdc_core.o                src/vdc_core.s:2062
    vdc_core.o                src/vdc_core.s:2062
    vdc_core.o                src/vdc_core.s:2062
    main.o                    src/main.s:9521
    main.o                    src/main.s:9521
    main.o                    src/main.s:9521
incsp7 (incsp7.o):
    vdc_core.o                src/vdc_core.s:2062
    vdc_core.o                src/vdc_core.s:2062
    vdc_core.o                src/vdc_core.s:2062
    vdc_core.o                src/vdc_core.s:2062
    vdc_core.o                src/vdc_core.s:2062
    vdc_core.o                src/vdc_core.s:2062
    main.o                    src/main.s:9521
incsp8 (incsp8.o):
    vdc_core.o                src/vdc_core.s:2062
    vdc_core.o                src/vdc_core.s:2062
    vdc_core.o                src/vdc_core.s:2062
    main.o                    src/main.s:9521
    main.o                    src/main.s:9521
initlib (condes.o):
    crt0.o                    c128/crt0.s:7
joy_libref (libref.o):
    joy-kernel.o              joystick/joy-kernel.s:7
joy_read (joy-kernel.o):
    joy_read.o                /mnt/d/retro/cc65/asminc/joy-kernel.inc:71
ldax0sp (ldaxsp.o):
    sidplay.o                 src/sidplay.s:52
    vdc_core.o                src/vdc_core.s:2062
    vdc_core.o                src/vdc_core.s:2062
    main.o                    src/main.s:9521
ldaxi (ldaxi.o):
    main.o                    src/main.s:9521
ldaxysp (ldaxsp.o):
    vsnprintf.o               common/vsnprintf.s:9
    fwrite.o                  common/fwrite.s:11
    vdc_core.o                src/vdc_core.s:2062
    vdc_core.o                src/vdc_core.s:2062
    vdc_core.o                src/vdc_core.s:2062
    vdc_core.o                src/vdc_core.s:2062
    vdc_core.o                src/vdc_core.s:2062
    vdc_core.o                src/vdc_core.s:2062
    main.o                    src/main.s:9521
    main.o                    src/main.s:9521
    main.o                    src/main.s:9521
    main.o                    src/main.s:9521
    main.o                    src/main.s:9521
ldeaxysp (ldeaxysp.o):
    main.o                    src/main.s:9521
leaa0sp (leaaxsp.o):
    main.o                    src/main.s:9521
    main.o                    src/main.s:9521
    main.o                    src/main.s:9521
    main.o                    src/main.s:9521
mul8x16 (mul8.o):
    mul.o                     runtime/mul.s:8
mul8x16a (mul8.o):
    mul.o                     runtime/mul.s:8
mulax10 (mulax10.o):
    main.o                    src/main.s:9521
    main.o                    src/main.s:9521
mulax3 (mulax3.o):
    main.o                    src/main.s:9521
    main.o                    src/main.s:9521
    main.o                    src/main.s:9521
    main.o                    src/main.s:9521
    main.o                    src/main.s:9521
    main.o                    src/main.s:9521
negax (negabs.o):
    shelp.o                   runtime/shelp.s:11
    mod.o                     runtime/mod.s:11
negeax (lneg.o):
    ltoa.o                    common/ltoa.s:9
plot (cputc.o):
    gotoxy.o                  cbm/gotoxy.s:8
popa (popa.o):
    gotoxy.o                  cbm/gotoxy.s:8
    cbm_read.o                cbm/cbm_read.s:43
    cbm_open.o                cbm/cbm_open.s:22
    c_setlfs.o                cbm/c_setlfs.s:12
    c_load.o                  cbm/c_load.s:11
popax (incsp2.o):
    rwcommon.o                cbm/rwcommon.s:9
    memcpy.o                  common/memcpy.s:14
    vsnprintf.o               common/vsnprintf.s:9
    ltoa.o                    common/ltoa.s:9
    _printf.o                 common/_printf.s:11
    vcprintf.o                conio/vcprintf.s:8
    strcpy.o                  common/strcpy.s:8
    strchr.o                  common/strchr.s:9
    strcat.o                  common/strcat.s:9
    shelp.o                   runtime/shelp.s:11
    cbm_read.o                cbm/cbm_read.s:43
popptr1 (popptr1.o):
    rwcommon.o                cbm/rwcommon.s:9
    memcpy.o                  common/memcpy.s:14
    ltoa.o                    common/ltoa.s:9
    vcprintf.o                conio/vcprintf.s:8
    udiv.o                    runtime/udiv.s:9
    mul8.o                    runtime/mul8.s:9
    mul.o                     runtime/mul.s:9
    c_save.o                  cbm/c_save.s:10
popsargsudiv16 (shelp.o):
    mod.o                     runtime/mod.s:11
ptr1 (zeropage.o):
    memcpy.o                  common/memcpy.s:15
    write.o                   cbm/write.s:11
    vsnprintf.o               common/vsnprintf.s:11
    strlower.o                common/strlower.s:13
    ltoa.o                    common/ltoa.s:11
    lcmp.o                    runtime/lcmp.s:10
    fwrite.o                  common/fwrite.s:14
    _printf.o                 /mnt/d/retro/cc65/asminc/zeropage.inc:12
    zerobss.o                 common/zerobss.s:9
    vfprintf.o                common/vfprintf.s:11
    vcprintf.o                conio/vcprintf.s:10
    udiv.o                    runtime/udiv.s:10
    strcpy.o                  common/strcpy.s:9
    strchr.o                  common/strchr.s:10
    strcat.o                  common/strcat.s:10
    staspidx.o                runtime/staspidx.s:9
    sprintf.o                 common/sprintf.s:9
    shelp.o                   runtime/shelp.s:12
    printf.o                  common/printf.s:9
    popptr1.o                 runtime/popptr1.s:9
    mulax3.o                  runtime/mulax3.s:9
    mulax10.o                 runtime/mulax10.s:9
    mul8.o                    runtime/mul8.s:10
    mul.o                     runtime/mul.s:10
    ldaxi.o                   runtime/ldaxi.s:8
    joy-kernel.o              joystick/joy-kernel.s:8
    cputs.o                   conio/cputs.s:10
    cprintf.o                 conio/cprintf.s:9
    cbm_read.o                cbm/cbm_read.s:42
    c_setnam.o                cbm/c_setnam.s:10
    c_save.o                  cbm/c_save.s:11
    c_load.o                  cbm/c_load.s:12
    vdc_core.o                src/vdc_core.s:11
    main.o                    src/main.s:11
ptr2 (zeropage.o):
    rwcommon.o                cbm/rwcommon.s:10
    memcpy.o                  common/memcpy.s:15
    write.o                   cbm/write.s:11
    strlower.o                common/strlower.s:13
    ltoa.o                    common/ltoa.s:11
    _printf.o                 /mnt/d/retro/cc65/asminc/zeropage.inc:12
    vcprintf.o                conio/vcprintf.s:10
    strlen.o                  common/strlen.s:12
    strcpy.o                  common/strcpy.s:9
    strcat.o                  common/strcat.s:10
    cbm_read.o                cbm/cbm_read.s:42
ptr3 (zeropage.o):
    rwcommon.o                cbm/rwcommon.s:10
    memcpy.o                  common/memcpy.s:15
    write.o                   cbm/write.s:11
    ltoa.o                    common/ltoa.s:11
    vcprintf.o                conio/vcprintf.s:10
    cbm_read.o                cbm/cbm_read.s:42
ptr4 (zeropage.o):
    udiv.o                    runtime/udiv.s:10
    shelp.o                   runtime/shelp.s:12
    mul8.o                    runtime/mul8.s:10
    mul.o                     runtime/mul.s:10
push0 (pushax.o):
    vdc_core.o                src/vdc_core.s:2062
    vdc_core.o                src/vdc_core.s:2062
    main.o                    src/main.s:9521
    main.o                    src/main.s:9521
push1 (push1.o):
    _printf.o                 common/_printf.s:11
    vfprintf.o                common/vfprintf.s:9
pusha (pusha.o):
    sidplay.o                 src/sidplay.s:52
    vdc_core.o                src/vdc_core.s:2062
    vdc_core.o                src/vdc_core.s:2062
    vdc_core.o                src/vdc_core.s:2062
    vdc_core.o                src/vdc_core.s:2062
    vdc_core.o                src/vdc_core.s:2062
    vdc_core.o                src/vdc_core.s:2062
    vdc_core.o                src/vdc_core.s:2062
    vdc_core.o                src/vdc_core.s:2062
    vdc_core.o                src/vdc_core.s:2062
    vdc_core.o                src/vdc_core.s:2062
    vdc_core.o                src/vdc_core.s:2062
    vdc_core.o                src/vdc_core.s:2062
    vdc_core.o                src/vdc_core.s:2062
    vdc_core.o                src/vdc_core.s:2062
    vdc_core.o                src/vdc_core.s:2062
    vdc_core.o                src/vdc_core.s:2062
    vdc_core.o                src/vdc_core.s:2062
    vdc_core.o                src/vdc_core.s:2062
    vdc_core.o                src/vdc_core.s:2062
    vdc_core.o                src/vdc_core.s:2062
    vdc_core.o                src/vdc_core.s:2062
    vdc_core.o                src/vdc_core.s:2062
    vdc_core.o                src/vdc_core.s:2062
    vdc_core.o                src/vdc_core.s:2062
    vdc_core.o                src/vdc_core.s:2062
    main.o                    src/main.s:9521
    main.o                    src/main.s:9521
    main.o                    src/main.s:9521
    main.o                    src/main.s:9521
    main.o                    src/main.s:9521
    main.o                    src/main.s:9521
    main.o                    src/main.s:9521
    main.o                    src/main.s:9521
    main.o                    src/main.s:9521
    main.o                    src/main.s:9521
    main.o                    src/main.s:9521
    main.o                    src/main.s:9521
    main.o                    src/main.s:9521
    main.o                    src/main.s:9521
    main.o                    src/main.s:9521
    main.o                    src/main.s:9521
    main.o                    src/main.s:9521
    main.o                    src/main.s:9521
    main.o                    src/main.s:9521
    main.o                    src/main.s:9521
    main.o                    src/main.s:9521
    main.o                    src/main.s:9521
    main.o                    src/main.s:9521
    main.o                    src/main.s:9521
    main.o                    src/main.s:9521
    main.o                    src/main.s:9521
    main.o                    src/main.s:9521
    main.o                    src/main.s:9521
    main.o                    src/main.s:9521
    main.o                    src/main.s:9521
    main.o                    src/main.s:9521
    main.o                    src/main.s:9521
    main.o                    src/main.s:9521
    main.o                    src/main.s:9521
    main.o                    src/main.s:9521
    main.o                    src/main.s:9521
pusha0 (pushax.o):
    push1.o                   runtime/push1.s:8
    vdc_core.o                src/vdc_core.s:2062
    vdc_core.o                src/vdc_core.s:2062
    vdc_core.o                src/vdc_core.s:2062
    vdc_core.o                src/vdc_core.s:2062
    main.o                    src/main.s:9521
    main.o                    src/main.s:9521
    main.o                    src/main.s:9521
    main.o                    src/main.s:9521
    main.o                    src/main.s:9521
    main.o                    src/main.s:9521
    main.o                    src/main.s:9521
    main.o                    src/main.s:9521
    main.o                    src/main.s:9521
    main.o                    src/main.s:9521
    main.o                    src/main.s:9521
    main.o                    src/main.s:9521
    main.o                    src/main.s:9521
    main.o                    src/main.s:9521
    main.o                    src/main.s:9521
    main.o                    src/main.s:9521
    main.o                    src/main.s:9521
    main.o                    src/main.s:9521
    main.o                    src/main.s:9521
    main.o                    src/main.s:9521
    main.o                    src/main.s:9521
    main.o                    src/main.s:9521
    main.o                    src/main.s:9521
pushax (pushax.o):
    fwrite.o                  common/fwrite.s:11
    callmain.o                runtime/callmain.s:11
    _printf.o                 common/_printf.s:11
    vcprintf.o                conio/vcprintf.s:8
    printf.o                  common/printf.s:8
    cprintf.o                 conio/cprintf.s:8
    sidplay.o                 src/sidplay.s:52
    vdc_core.o                src/vdc_core.s:2062
    vdc_core.o                src/vdc_core.s:2062
    vdc_core.o                src/vdc_core.s:2062
    vdc_core.o                src/vdc_core.s:2062
    vdc_core.o                src/vdc_core.s:2062
    vdc_core.o                src/vdc_core.s:2062
    vdc_core.o                src/vdc_core.s:2062
    vdc_core.o                src/vdc_core.s:2062
    vdc_core.o                src/vdc_core.s:2062
    vdc_core.o                src/vdc_core.s:2062
    vdc_core.o                src/vdc_core.s:2062
    vdc_core.o                src/vdc_core.s:2062
    vdc_core.o                src/vdc_core.s:2062
    main.o                    src/main.s:9521
    main.o                    src/main.s:9521
    main.o                    src/main.s:9521
    main.o                    src/main.s:9521
    main.o                    src/main.s:9521
    main.o                    src/main.s:9521
    main.o                    src/main.s:9521
    main.o                    src/main.s:9521
    main.o                    src/main.s:9521
    main.o                    src/main.s:9521
    main.o                    src/main.s:9521
    main.o                    src/main.s:9521
    main.o                    src/main.s:9521
    main.o                    src/main.s:9521
    main.o                    src/main.s:9521
    main.o                    src/main.s:9521
    main.o                    src/main.s:9521
    main.o                    src/main.s:9521
    main.o                    src/main.s:9521
    main.o                    src/main.s:9521
    main.o                    src/main.s:9521
    main.o                    src/main.s:9521
    main.o                    src/main.s:9521
    main.o                    src/main.s:9521
    main.o                    src/main.s:9521
    main.o                    src/main.s:9521
    main.o                    src/main.s:9521
    main.o                    src/main.s:9521
pusheax (lpush.o):
    _printf.o                 common/_printf.s:11
    main.o                    src/main.s:9521
pushw0sp (pushwsp.o):
    vsprintf.o                common/vsprintf.s:8
    vdc_core.o                src/vdc_core.s:2062
    vdc_core.o                src/vdc_core.s:2062
    main.o                    src/main.s:9521
pushwysp (pushwsp.o):
    fwrite.o                  common/fwrite.s:11
    vfprintf.o                common/vfprintf.s:9
    vdc_core.o                src/vdc_core.s:2062
    vdc_core.o                src/vdc_core.s:2062
    vdc_core.o                src/vdc_core.s:2062
    vdc_core.o                src/vdc_core.s:2062
    vdc_core.o                src/vdc_core.s:2062
    main.o                    src/main.s:9521
    main.o                    src/main.s:9521
regbank (zeropage.o):
    _printf.o                 /mnt/d/retro/cc65/asminc/zeropage.inc:14
return0 (return0.o):
    color.o                   c128/color.s:10
rwcommon (rwcommon.o):
    write.o                   cbm/write.s:10
shlax1 (aslax1.o):
    vdc_core.o                src/vdc_core.s:2062
shlax2 (aslax2.o):
    vdc_core.o                src/vdc_core.s:2062
shlax3 (aslax3.o):
    vdc_core.o                src/vdc_core.s:2062
shlax4 (aslax4.o):
    vdc_core.o                src/vdc_core.s:2062
shrax1 (shrax1.o):
    main.o                    src/main.s:9521
shrax3 (shrax3.o):
    vdc_core.o                src/vdc_core.s:2062
sp (zeropage.o):
    memcpy.o                  common/memcpy.s:15
    vsnprintf.o               common/vsnprintf.s:11
    lcmp.o                    runtime/lcmp.s:10
    decsp6.o                  runtime/decsp6.s:8
    _printf.o                 /mnt/d/retro/cc65/asminc/zeropage.inc:11
    vfprintf.o                common/vfprintf.s:11
    vcprintf.o                conio/vcprintf.s:10
    subysp.o                  runtime/subysp.s:9
    subeqsp.o                 runtime/subeqsp.s:8
    sub.o                     runtime/sub.s:9
    staxsp.o                  runtime/staxsp.s:8
    staspidx.o                runtime/staspidx.s:9
    sprintf.o                 common/sprintf.s:9
    pushwsp.o                 runtime/pushwsp.s:8
    pushax.o                  runtime/pushax.s:8
    pusha.o                   runtime/pusha.s:8
    printf.o                  common/printf.s:9
    popptr1.o                 runtime/popptr1.s:9
    popa.o                    runtime/popa.s:8
    lsub.o                    runtime/lsub.s:12
    lpush.o                   runtime/lpush.s:13
    leaaxsp.o                 runtime/leaaxsp.s:8
    ldeaxysp.o                runtime/ldeaxysp.s:12
    ldaxsp.o                  runtime/ldaxsp.s:8
    incsp2.o                  runtime/incsp2.s:8
    incsp1.o                  runtime/incsp1.s:8
    icmp.o                    runtime/icmp.s:9
    decsp8.o                  runtime/decsp8.s:8
    decsp5.o                  runtime/decsp5.s:8
    decsp4.o                  runtime/decsp4.s:8
    decsp3.o                  runtime/decsp3.s:8
    decsp2.o                  runtime/decsp2.s:8
    decsp1.o                  runtime/decsp1.s:8
    crt0.o                    /mnt/d/retro/cc65/asminc/zeropage.inc:11
    cprintf.o                 conio/cprintf.s:9
    addysp.o                  runtime/addysp.s:8
    addeqsp.o                 runtime/addeqsp.s:8
    add.o                     runtime/add.s:12
    vdc_core.o                src/vdc_core.s:10
    main.o                    src/main.s:10
sreg (zeropage.o):
    lneg.o                    runtime/lneg.s:11
    ltoa.o                    common/ltoa.s:11
    lcmp.o                    runtime/lcmp.s:10
    axlong.o                  runtime/axlong.s:9
    _printf.o                 /mnt/d/retro/cc65/asminc/zeropage.inc:11
    udiv.o                    runtime/udiv.s:10
    mod.o                     runtime/mod.s:12
    lsub.o                    runtime/lsub.s:12
    lpush.o                   runtime/lpush.s:13
    ldeaxysp.o                runtime/ldeaxysp.s:12
    icmp.o                    runtime/icmp.s:9
    clock.o                   cbm/clock.s:9
    main.o                    src/main.s:10
staspidx (staspidx.o):
    main.o                    src/main.s:9521
    main.o                    src/main.s:9521
stax0sp (staxsp.o):
    vdc_core.o                src/vdc_core.s:2062
    vdc_core.o                src/vdc_core.s:2062
    vdc_core.o                src/vdc_core.s:2062
    vdc_core.o                src/vdc_core.s:2062
    vdc_core.o                src/vdc_core.s:2062
    vdc_core.o                src/vdc_core.s:2062
    vdc_core.o                src/vdc_core.s:2062
    main.o                    src/main.s:9521
staxysp (staxsp.o):
    vsprintf.o                common/vsprintf.s:8
    vdc_core.o                src/vdc_core.s:2062
    vdc_core.o                src/vdc_core.s:2062
    vdc_core.o                src/vdc_core.s:2062
subeq0sp (subeqsp.o):
    vdc_core.o                src/vdc_core.s:2062
    vdc_core.o                src/vdc_core.s:2062
subeqysp (subeqsp.o):
    vdc_core.o                src/vdc_core.s:2062
subysp (subysp.o):
    main.o                    src/main.s:9521
    main.o                    src/main.s:9521
    main.o                    src/main.s:9521
tmp1 (zeropage.o):
    ltoa.o                    common/ltoa.s:11
    _printf.o                 /mnt/d/retro/cc65/asminc/zeropage.inc:13
    vcprintf.o                conio/vcprintf.s:10
    strchr.o                  common/strchr.s:10
    staspidx.o                runtime/staspidx.s:9
    shrax3.o                  runtime/shrax3.s:8
    shrax1.o                  runtime/shrax1.s:8
    shelp.o                   runtime/shelp.s:12
    mul.o                     runtime/mul.s:10
    mod.o                     runtime/mod.s:12
    incaxy.o                  runtime/incaxy.s:8
    decaxy.o                  runtime/decaxy.s:8
    cputs.o                   conio/cputs.s:10
    cbm_read.o                cbm/cbm_read.s:42
    c_setlfs.o                cbm/c_setlfs.s:13
    c_save.o                  cbm/c_save.s:11
    aslax4.o                  runtime/aslax4.s:8
    aslax3.o                  runtime/aslax3.s:8
    aslax2.o                  runtime/aslax2.s:8
    aslax1.o                  runtime/aslax1.s:8
    add.o                     runtime/add.s:12
    vdc_core.o                src/vdc_core.s:11
    main.o                    src/main.s:11
tmp2 (zeropage.o):
    rwcommon.o                cbm/rwcommon.s:10
    shelp.o                   runtime/shelp.s:12
tmp3 (zeropage.o):
    strcat.o                  common/strcat.s:10
tosadda0 (add.o):
    main.o                    src/main.s:9521
tosaddax (add.o):
    main.o                    src/main.s:9521
    main.o                    src/main.s:9521
    main.o                    src/main.s:9521
    main.o                    src/main.s:9521
    main.o                    src/main.s:9521
    main.o                    src/main.s:9521
toseqa0 (eq.o):
    main.o                    src/main.s:9521
    main.o                    src/main.s:9521
tosicmp (icmp.o):
    eq.o                      runtime/eq.s:8
    main.o                    src/main.s:9521
tosicmp0 (icmp.o):
    main.o                    src/main.s:9521
toslcmp (lcmp.o):
    lult.o                    runtime/lult.s:8
tosmoda0 (mod.o):
    main.o                    src/main.s:9521
    main.o                    src/main.s:9521
tosmula0 (mul8.o):
    main.o                    src/main.s:9521
    main.o                    src/main.s:9521
    main.o                    src/main.s:9521
    main.o                    src/main.s:9521
    main.o                    src/main.s:9521
    main.o                    src/main.s:9521
    main.o                    src/main.s:9521
    main.o                    src/main.s:9521
    main.o                    src/main.s:9521
    main.o                    src/main.s:9521
    main.o                    src/main.s:9521
    main.o                    src/main.s:9521
    main.o                    src/main.s:9521
    main.o                    src/main.s:9521
    main.o                    src/main.s:9521
    main.o                    src/main.s:9521
    main.o                    src/main.s:9521
tosmulax (mul.o):
    main.o                    src/main.s:9521
    main.o                    src/main.s:9521
tossuba0 (sub.o):
    main.o                    src/main.s:9521
    main.o                    src/main.s:9521
tossubax (sub.o):
    main.o                    src/main.s:9521
    main.o                    src/main.s:9521
tossubeax (lsub.o):
    main.o                    src/main.s:9521
tosudivax (udiv.o):
    fwrite.o                  common/fwrite.s:12
tosulteax (lult.o):
    main.o                    src/main.s:9521
tosumula0 (mul8.o):
    vdc_core.o                src/vdc_core.s:2062
    vdc_core.o                src/vdc_core.s:2062
    vdc_core.o                src/vdc_core.s:2062
    vdc_core.o                src/vdc_core.s:2062
    main.o                    src/main.s:9521
    main.o                    src/main.s:9521
    main.o                    src/main.s:9521
tosumulax (mul.o):
    fwrite.o                  common/fwrite.s:12
    vdc_core.o                src/vdc_core.s:2062
udiv16 (udiv.o):
    shelp.o                   runtime/shelp.s:11
vsnprintf (vsnprintf.o):
    vsprintf.o                common/vsprintf.s:9
zerobss (zerobss.o):
    crt0.o                    c128/crt0.s:8

