Modules list:
-------------
vdc_core_assembly.o:
    MACO              Offs=000000  Size=00047F  Align=00001  Fill=0000
sidplay_assembly.o:
    MACO              Offs=00047F  Size=0000D3  Align=00001  Fill=0000
careertext.o:
    CTXT              Offs=000000  Size=0005DE  Align=00001  Fill=0000
main.o:
    CODE              Offs=000000  Size=0039E3  Align=00001  Fill=0000
    RODATA            Offs=000000  Size=000317  Align=00001  Fill=0000
    BSS               Offs=000000  Size=0001EE  Align=00001  Fill=0000
    DATA              Offs=000000  Size=000951  Align=00001  Fill=0000
ring1.o:
    OVERLAY1          Offs=000000  Size=0011B8  Align=00001  Fill=0000
ring2.o:
    OVERLAY2          Offs=000000  Size=001037  Align=00001  Fill=0000
ring3.o:
    OVERLAY3          Offs=000000  Size=00097A  Align=00001  Fill=0000
ring4.o:
    OVERLAY4          Offs=000000  Size=00115A  Align=00001  Fill=0000
career1.o:
    OVERLAY5          Offs=000000  Size=000985  Align=00001  Fill=0000
career2.o:
    OVERLAY6          Offs=000000  Size=0009FA  Align=00001  Fill=0000
menu1.o:
    OVERLAY7          Offs=000000  Size=001066  Align=00001  Fill=0000
menu2.o:
    OVERLAY8          Offs=000000  Size=000F9D  Align=00001  Fill=0000
vdc_core.o:
    CODE              Offs=0039E3  Size=000DA9  Align=00001  Fill=0000
    RODATA            Offs=000317  Size=000050  Align=00001  Fill=0000
    DATA              Offs=000951  Size=000010  Align=00001  Fill=0000
sidplay.o:
    CODE              Offs=00478C  Size=000033  Align=00001  Fill=0000
snes.o:
    CODE              Offs=0047BF  Size=0000C9  Align=00001  Fill=0000
    BSS               Offs=0001EE  Size=000002  Align=00001  Fill=0000
/mnt/d/retro/cc65/lib/c128.lib(_cursor.o):
    BSS               Offs=0001F0  Size=000001  Align=00001  Fill=0000
/mnt/d/retro/cc65/lib/c128.lib(_directerrno.o):
    CODE              Offs=004888  Size=00000A  Align=00001  Fill=0000
/mnt/d/retro/cc65/lib/c128.lib(_file.o):
    DATA              Offs=000961  Size=00001E  Align=00001  Fill=0000
/mnt/d/retro/cc65/lib/c128.lib(_hextab.o):
    RODATA            Offs=000367  Size=000010  Align=00001  Fill=0000
/mnt/d/retro/cc65/lib/c128.lib(_longminstr.o):
    RODATA            Offs=000377  Size=00000C  Align=00001  Fill=0000
/mnt/d/retro/cc65/lib/c128.lib(_mappederrno.o):
    CODE              Offs=004892  Size=000010  Align=00001  Fill=0000
/mnt/d/retro/cc65/lib/c128.lib(_oserror.o):
    BSS               Offs=0001F1  Size=000001  Align=00001  Fill=0000
/mnt/d/retro/cc65/lib/c128.lib(_printf.o):
    CODE              Offs=0048A2  Size=0003A5  Align=00001  Fill=0000
    BSS               Offs=0001F2  Size=00002B  Align=00001  Fill=0000
    DATA              Offs=00097F  Size=000003  Align=00001  Fill=0000
/mnt/d/retro/cc65/lib/c128.lib(_seterrno.o):
    CODE              Offs=004C47  Size=000009  Align=00001  Fill=0000
/mnt/d/retro/cc65/lib/c128.lib(acc_c128_speed.o):
    CODE              Offs=004C50  Size=000010  Align=00001  Fill=0000
/mnt/d/retro/cc65/lib/c128.lib(add.o):
    CODE              Offs=004C60  Size=00001C  Align=00001  Fill=0000
/mnt/d/retro/cc65/lib/c128.lib(addeqsp.o):
    CODE              Offs=004C7C  Size=000011  Align=00001  Fill=0000
/mnt/d/retro/cc65/lib/c128.lib(addysp.o):
    CODE              Offs=004C8D  Size=00000E  Align=00001  Fill=0000
/mnt/d/retro/cc65/lib/c128.lib(aslax1.o):
    CODE              Offs=004C9B  Size=000008  Align=00001  Fill=0000
/mnt/d/retro/cc65/lib/c128.lib(aslax2.o):
    CODE              Offs=004CA3  Size=00000B  Align=00001  Fill=0000
/mnt/d/retro/cc65/lib/c128.lib(aslax3.o):
    CODE              Offs=004CAE  Size=00000E  Align=00001  Fill=0000
/mnt/d/retro/cc65/lib/c128.lib(aslax4.o):
    CODE              Offs=004CBC  Size=000011  Align=00001  Fill=0000
/mnt/d/retro/cc65/lib/c128.lib(asleax1.o):
    CODE              Offs=004CCD  Size=00000C  Align=00001  Fill=0000
/mnt/d/retro/cc65/lib/c128.lib(axlong.o):
    CODE              Offs=004CD9  Size=00000D  Align=00001  Fill=0000
/mnt/d/retro/cc65/lib/c128.lib(c_close.o):
    CODE              Offs=004CE6  Size=000004  Align=00001  Fill=0000
/mnt/d/retro/cc65/lib/c128.lib(c_load.o):
    CODE              Offs=004CEA  Size=00001D  Align=00001  Fill=0000
/mnt/d/retro/cc65/lib/c128.lib(c_open.o):
    CODE              Offs=004D07  Size=000009  Align=00001  Fill=0000
/mnt/d/retro/cc65/lib/c128.lib(c_save.o):
    CODE              Offs=004D10  Size=000016  Align=00001  Fill=0000
/mnt/d/retro/cc65/lib/c128.lib(c_setlfs.o):
    CODE              Offs=004D26  Size=00000E  Align=00001  Fill=0000
/mnt/d/retro/cc65/lib/c128.lib(c_setnam.o):
    CODE              Offs=004D34  Size=000013  Align=00001  Fill=0000
/mnt/d/retro/cc65/lib/c128.lib(callmain.o):
    CODE              Offs=004D47  Size=000017  Align=00001  Fill=0000
    DATA              Offs=000982  Size=000004  Align=00001  Fill=0000
/mnt/d/retro/cc65/lib/c128.lib(cbm_close.o):
/mnt/d/retro/cc65/lib/c128.lib(cbm_load.o):
    CODE              Offs=004D5E  Size=000044  Align=00001  Fill=0000
/mnt/d/retro/cc65/lib/c128.lib(cbm_open.o):
    CODE              Offs=004DA2  Size=000016  Align=00001  Fill=0000
/mnt/d/retro/cc65/lib/c128.lib(cbm_read.o):
    CODE              Offs=004DB8  Size=00005B  Align=00001  Fill=0000
/mnt/d/retro/cc65/lib/c128.lib(cgetc.o):
    CODE              Offs=004E13  Size=000030  Align=00001  Fill=0000
    INIT              Offs=000000  Size=000002  Align=00001  Fill=0000
    ONCE              Offs=000000  Size=000013  Align=00001  Fill=0000
/mnt/d/retro/cc65/lib/c128.lib(clock.o):
    CODE              Offs=004E43  Size=00000A  Align=00001  Fill=0000
/mnt/d/retro/cc65/lib/c128.lib(clrscr.o):
/mnt/d/retro/cc65/lib/c128.lib(color.o):
    CODE              Offs=004E4D  Size=000060  Align=00001  Fill=0000
/mnt/d/retro/cc65/lib/c128.lib(condes.o):
    CODE              Offs=004EAD  Size=00000C  Align=00001  Fill=0000
    DATA              Offs=000986  Size=000025  Align=00001  Fill=0000
    ONCE              Offs=000013  Size=00000C  Align=00001  Fill=0000
/mnt/d/retro/cc65/lib/c128.lib(conio.o):
/mnt/d/retro/cc65/lib/c128.lib(cprintf.o):
    CODE              Offs=004EB9  Size=00002A  Align=00001  Fill=0000
    BSS               Offs=00021D  Size=000001  Align=00001  Fill=0000
/mnt/d/retro/cc65/lib/c128.lib(cputc.o):
    CODE              Offs=004EE3  Size=000049  Align=00001  Fill=0000
/mnt/d/retro/cc65/lib/c128.lib(cputs.o):
    CODE              Offs=004F2C  Size=000023  Align=00001  Fill=0000
/mnt/d/retro/cc65/lib/c128.lib(crt0.o):
    BSS               Offs=00021E  Size=000002  Align=00001  Fill=0000
    STARTUP           Offs=000000  Size=000051  Align=00001  Fill=0000
    INIT              Offs=000002  Size=00001A  Align=00001  Fill=0000
/mnt/d/retro/cc65/lib/c128.lib(ctype.o):
    RODATA            Offs=000383  Size=00008B  Align=00001  Fill=0000
/mnt/d/retro/cc65/lib/c128.lib(ctypemask.o):
    CODE              Offs=004F4F  Size=00001E  Align=00001  Fill=0000
/mnt/d/retro/cc65/lib/c128.lib(curdevice.o):
    CODE              Offs=004F6D  Size=000006  Align=00001  Fill=0000
/mnt/d/retro/cc65/lib/c128.lib(decax1.o):
    CODE              Offs=004F73  Size=000007  Align=00001  Fill=0000
/mnt/d/retro/cc65/lib/c128.lib(decaxy.o):
    CODE              Offs=004F7A  Size=000009  Align=00001  Fill=0000
/mnt/d/retro/cc65/lib/c128.lib(decsp1.o):
    CODE              Offs=004F83  Size=000009  Align=00001  Fill=0000
/mnt/d/retro/cc65/lib/c128.lib(decsp2.o):
    CODE              Offs=004F8C  Size=00000D  Align=00001  Fill=0000
/mnt/d/retro/cc65/lib/c128.lib(decsp3.o):
    CODE              Offs=004F99  Size=00000D  Align=00001  Fill=0000
/mnt/d/retro/cc65/lib/c128.lib(decsp4.o):
    CODE              Offs=004FA6  Size=00000D  Align=00001  Fill=0000
/mnt/d/retro/cc65/lib/c128.lib(decsp5.o):
    CODE              Offs=004FB3  Size=00000D  Align=00001  Fill=0000
/mnt/d/retro/cc65/lib/c128.lib(decsp6.o):
    CODE              Offs=004FC0  Size=00000D  Align=00001  Fill=0000
/mnt/d/retro/cc65/lib/c128.lib(decsp8.o):
    CODE              Offs=004FCD  Size=00000D  Align=00001  Fill=0000
/mnt/d/retro/cc65/lib/c128.lib(devnum.o):
/mnt/d/retro/cc65/lib/c128.lib(diskcmd.o):
    CODE              Offs=004FDA  Size=0000C4  Align=00001  Fill=0000
    BSS               Offs=000220  Size=000017  Align=00001  Fill=0000
/mnt/d/retro/cc65/lib/c128.lib(errno.o):
    BSS               Offs=000237  Size=000002  Align=00001  Fill=0000
/mnt/d/retro/cc65/lib/c128.lib(exehdr.o):
    EXEHDR            Offs=000000  Size=00000C  Align=00001  Fill=0000
/mnt/d/retro/cc65/lib/c128.lib(filedes.o):
    CODE              Offs=00509E  Size=00000E  Align=00001  Fill=0000
    DATA              Offs=0009AB  Size=000010  Align=00001  Fill=0000
/mnt/d/retro/cc65/lib/c128.lib(filename.o):
    CODE              Offs=0050AC  Size=0000A0  Align=00001  Fill=0000
    BSS               Offs=000239  Size=000003  Align=00001  Fill=0000
    DATA              Offs=0009BB  Size=000024  Align=00001  Fill=0000
/mnt/d/retro/cc65/lib/c128.lib(filetype.o):
    DATA              Offs=0009DF  Size=000001  Align=00001  Fill=0000
/mnt/d/retro/cc65/lib/c128.lib(filevars.o):
    INIT              Offs=00001C  Size=000001  Align=00001  Fill=0000
    ONCE              Offs=00001F  Size=00000C  Align=00001  Fill=0000
/mnt/d/retro/cc65/lib/c128.lib(fwrite.o):
    CODE              Offs=00514C  Size=00007B  Align=00001  Fill=0000
    BSS               Offs=00023C  Size=000002  Align=00001  Fill=0000
/mnt/d/retro/cc65/lib/c128.lib(gotoxy.o):
    CODE              Offs=0051C7  Size=00000D  Align=00001  Fill=0000
/mnt/d/retro/cc65/lib/c128.lib(icmp.o):
    CODE              Offs=0051D4  Size=00002E  Align=00001  Fill=0000
/mnt/d/retro/cc65/lib/c128.lib(incax1.o):
    CODE              Offs=005202  Size=000007  Align=00001  Fill=0000
/mnt/d/retro/cc65/lib/c128.lib(incax2.o):
    CODE              Offs=005209  Size=000007  Align=00001  Fill=0000
/mnt/d/retro/cc65/lib/c128.lib(incax3.o):
    CODE              Offs=005210  Size=000005  Align=00001  Fill=0000
/mnt/d/retro/cc65/lib/c128.lib(incax5.o):
    CODE              Offs=005215  Size=000005  Align=00001  Fill=0000
/mnt/d/retro/cc65/lib/c128.lib(incax6.o):
    CODE              Offs=00521A  Size=000005  Align=00001  Fill=0000
/mnt/d/retro/cc65/lib/c128.lib(incax7.o):
    CODE              Offs=00521F  Size=000005  Align=00001  Fill=0000
/mnt/d/retro/cc65/lib/c128.lib(incax8.o):
    CODE              Offs=005224  Size=000005  Align=00001  Fill=0000
/mnt/d/retro/cc65/lib/c128.lib(incaxy.o):
    CODE              Offs=005229  Size=00000B  Align=00001  Fill=0000
/mnt/d/retro/cc65/lib/c128.lib(incsp1.o):
    CODE              Offs=005234  Size=000007  Align=00001  Fill=0000
/mnt/d/retro/cc65/lib/c128.lib(incsp2.o):
    CODE              Offs=00523B  Size=000016  Align=00001  Fill=0000
/mnt/d/retro/cc65/lib/c128.lib(incsp3.o):
    CODE              Offs=005251  Size=000005  Align=00001  Fill=0000
/mnt/d/retro/cc65/lib/c128.lib(incsp4.o):
    CODE              Offs=005256  Size=000005  Align=00001  Fill=0000
/mnt/d/retro/cc65/lib/c128.lib(incsp5.o):
    CODE              Offs=00525B  Size=000005  Align=00001  Fill=0000
/mnt/d/retro/cc65/lib/c128.lib(incsp6.o):
    CODE              Offs=005260  Size=000005  Align=00001  Fill=0000
/mnt/d/retro/cc65/lib/c128.lib(incsp7.o):
    CODE              Offs=005265  Size=000005  Align=00001  Fill=0000
/mnt/d/retro/cc65/lib/c128.lib(incsp8.o):
    CODE              Offs=00526A  Size=000005  Align=00001  Fill=0000
/mnt/d/retro/cc65/lib/c128.lib(isprint.o):
    CODE              Offs=00526F  Size=00000A  Align=00001  Fill=0000
/mnt/d/retro/cc65/lib/c128.lib(joy-kernel.o):
    CODE              Offs=005279  Size=00004D  Align=00001  Fill=0000
    RODATA            Offs=00040E  Size=000004  Align=00001  Fill=0000
    BSS               Offs=00023E  Size=000002  Align=00001  Fill=0000
    DATA              Offs=0009E0  Size=00000C  Align=00001  Fill=0000
/mnt/d/retro/cc65/lib/c128.lib(joy_read.o):
/mnt/d/retro/cc65/lib/c128.lib(joy_stat_stddrv.o):
/mnt/d/retro/cc65/lib/c128.lib(kbhit.o):
    CODE              Offs=0052C6  Size=000009  Align=00001  Fill=0000
/mnt/d/retro/cc65/lib/c128.lib(kernal.o):
/mnt/d/retro/cc65/lib/c128.lib(ladd.o):
    CODE              Offs=0052CF  Size=000025  Align=00001  Fill=0000
/mnt/d/retro/cc65/lib/c128.lib(laddeqsp.o):
    CODE              Offs=0052F4  Size=000023  Align=00001  Fill=0000
/mnt/d/retro/cc65/lib/c128.lib(land.o):
    CODE              Offs=005317  Size=000024  Align=00001  Fill=0000
/mnt/d/retro/cc65/lib/c128.lib(lbneg.o):
    CODE              Offs=00533B  Size=000011  Align=00001  Fill=0000
/mnt/d/retro/cc65/lib/c128.lib(lcmp.o):
    CODE              Offs=00534C  Size=00003B  Align=00001  Fill=0000
/mnt/d/retro/cc65/lib/c128.lib(ldaxi.o):
    CODE              Offs=005387  Size=00000D  Align=00001  Fill=0000
/mnt/d/retro/cc65/lib/c128.lib(ldaxsp.o):
    CODE              Offs=005394  Size=000009  Align=00001  Fill=0000
/mnt/d/retro/cc65/lib/c128.lib(ldeaxi.o):
    CODE              Offs=00539D  Size=000017  Align=00001  Fill=0000
/mnt/d/retro/cc65/lib/c128.lib(ldeaxysp.o):
    CODE              Offs=0053B4  Size=000013  Align=00001  Fill=0000
/mnt/d/retro/cc65/lib/c128.lib(ldec.o):
    CODE              Offs=0053C7  Size=000015  Align=00001  Fill=0000
/mnt/d/retro/cc65/lib/c128.lib(leaaxsp.o):
    CODE              Offs=0053DC  Size=00000C  Align=00001  Fill=0000
/mnt/d/retro/cc65/lib/c128.lib(libref.o):
/mnt/d/retro/cc65/lib/c128.lib(lmul.o):
    CODE              Offs=0053E8  Size=00005C  Align=00001  Fill=0000
/mnt/d/retro/cc65/lib/c128.lib(lneg.o):
    CODE              Offs=005444  Size=00001E  Align=00001  Fill=0000
/mnt/d/retro/cc65/lib/c128.lib(loadaddr.o):
    LOADADDR          Offs=000000  Size=000002  Align=00001  Fill=0000
/mnt/d/retro/cc65/lib/c128.lib(lor.o):
    CODE              Offs=005462  Size=000024  Align=00001  Fill=0000
/mnt/d/retro/cc65/lib/c128.lib(lpush.o):
    CODE              Offs=005486  Size=000021  Align=00001  Fill=0000
/mnt/d/retro/cc65/lib/c128.lib(lsub.o):
    CODE              Offs=0054A7  Size=000027  Align=00001  Fill=0000
/mnt/d/retro/cc65/lib/c128.lib(ltoa.o):
    CODE              Offs=0054CE  Size=000095  Align=00001  Fill=0000
/mnt/d/retro/cc65/lib/c128.lib(ludiv.o):
    CODE              Offs=005563  Size=00007A  Align=00001  Fill=0000
/mnt/d/retro/cc65/lib/c128.lib(lugt.o):
    CODE              Offs=0055DD  Size=000006  Align=00001  Fill=0000
/mnt/d/retro/cc65/lib/c128.lib(lult.o):
    CODE              Offs=0055E3  Size=000006  Align=00001  Fill=0000
/mnt/d/retro/cc65/lib/c128.lib(makebool.o):
    CODE              Offs=0055E9  Size=00002C  Align=00001  Fill=0000
/mnt/d/retro/cc65/lib/c128.lib(memcpy.o):
    CODE              Offs=005615  Size=00003C  Align=00001  Fill=0000
/mnt/d/retro/cc65/lib/c128.lib(mod.o):
    CODE              Offs=005651  Size=000011  Align=00001  Fill=0000
/mnt/d/retro/cc65/lib/c128.lib(mul.o):
    CODE              Offs=005662  Size=000045  Align=00001  Fill=0000
/mnt/d/retro/cc65/lib/c128.lib(mul8.o):
    CODE              Offs=0056A7  Size=00003A  Align=00001  Fill=0000
/mnt/d/retro/cc65/lib/c128.lib(mulax10.o):
    CODE              Offs=0056E1  Size=000019  Align=00001  Fill=0000
/mnt/d/retro/cc65/lib/c128.lib(mulax3.o):
    CODE              Offs=0056FA  Size=000011  Align=00001  Fill=0000
/mnt/d/retro/cc65/lib/c128.lib(negabs.o):
    CODE              Offs=00570B  Size=000012  Align=00001  Fill=0000
/mnt/d/retro/cc65/lib/c128.lib(oserror.o):
    CODE              Offs=00571D  Size=000016  Align=00001  Fill=0000
    RODATA            Offs=000412  Size=00005A  Align=00001  Fill=0000
/mnt/d/retro/cc65/lib/c128.lib(overlayaddr.o):
    OVL1ADDR          Offs=000000  Size=000002  Align=00001  Fill=0000
    OVL2ADDR          Offs=000000  Size=000002  Align=00001  Fill=0000
    OVL3ADDR          Offs=000000  Size=000002  Align=00001  Fill=0000
    OVL4ADDR          Offs=000000  Size=000002  Align=00001  Fill=0000
    OVL5ADDR          Offs=000000  Size=000002  Align=00001  Fill=0000
    OVL6ADDR          Offs=000000  Size=000002  Align=00001  Fill=0000
    OVL7ADDR          Offs=000000  Size=000002  Align=00001  Fill=0000
    OVL8ADDR          Offs=000000  Size=000002  Align=00001  Fill=0000
    OVL9ADDR          Offs=000000  Size=000002  Align=00001  Fill=0000
/mnt/d/retro/cc65/lib/c128.lib(popa.o):
    CODE              Offs=005733  Size=00000C  Align=00001  Fill=0000
/mnt/d/retro/cc65/lib/c128.lib(popptr1.o):
    CODE              Offs=00573F  Size=00000E  Align=00001  Fill=0000
/mnt/d/retro/cc65/lib/c128.lib(printf.o):
    CODE              Offs=00574D  Size=000033  Align=00001  Fill=0000
    BSS               Offs=000240  Size=000001  Align=00001  Fill=0000
/mnt/d/retro/cc65/lib/c128.lib(push1.o):
    CODE              Offs=005780  Size=000005  Align=00001  Fill=0000
/mnt/d/retro/cc65/lib/c128.lib(pusha.o):
    CODE              Offs=005785  Size=000016  Align=00001  Fill=0000
/mnt/d/retro/cc65/lib/c128.lib(pushax.o):
    CODE              Offs=00579B  Size=00001A  Align=00001  Fill=0000
/mnt/d/retro/cc65/lib/c128.lib(pushw.o):
    CODE              Offs=0057B5  Size=00000F  Align=00001  Fill=0000
/mnt/d/retro/cc65/lib/c128.lib(pushwsp.o):
    CODE              Offs=0057C4  Size=00001C  Align=00001  Fill=0000
/mnt/d/retro/cc65/lib/c128.lib(rand.o):
    CODE              Offs=0057E0  Size=000034  Align=00001  Fill=0000
    DATA              Offs=0009EC  Size=000004  Align=00001  Fill=0000
/mnt/d/retro/cc65/lib/c128.lib(remove.o):
    CODE              Offs=005814  Size=000006  Align=00001  Fill=0000
/mnt/d/retro/cc65/lib/c128.lib(return0.o):
    CODE              Offs=00581A  Size=000004  Align=00001  Fill=0000
/mnt/d/retro/cc65/lib/c128.lib(rwcommon.o):
    CODE              Offs=00581E  Size=00001A  Align=00001  Fill=0000
/mnt/d/retro/cc65/lib/c128.lib(scratch.o):
    CODE              Offs=005838  Size=000019  Align=00001  Fill=0000
/mnt/d/retro/cc65/lib/c128.lib(shelp.o):
    CODE              Offs=005851  Size=000020  Align=00001  Fill=0000
/mnt/d/retro/cc65/lib/c128.lib(shrax1.o):
    CODE              Offs=005871  Size=000008  Align=00001  Fill=0000
/mnt/d/retro/cc65/lib/c128.lib(shrax3.o):
    CODE              Offs=005879  Size=00000E  Align=00001  Fill=0000
/mnt/d/retro/cc65/lib/c128.lib(shreax1.o):
    CODE              Offs=005887  Size=00000C  Align=00001  Fill=0000
/mnt/d/retro/cc65/lib/c128.lib(shreax2.o):
    CODE              Offs=005893  Size=000013  Align=00001  Fill=0000
/mnt/d/retro/cc65/lib/c128.lib(sprintf.o):
    CODE              Offs=0058A6  Size=00002B  Align=00001  Fill=0000
    BSS               Offs=000241  Size=000001  Align=00001  Fill=0000
/mnt/d/retro/cc65/lib/c128.lib(staspidx.o):
    CODE              Offs=0058D1  Size=000016  Align=00001  Fill=0000
/mnt/d/retro/cc65/lib/c128.lib(status.o):
/mnt/d/retro/cc65/lib/c128.lib(staxsp.o):
    CODE              Offs=0058E7  Size=00000B  Align=00001  Fill=0000
/mnt/d/retro/cc65/lib/c128.lib(steaxsp.o):
    CODE              Offs=0058F2  Size=000015  Align=00001  Fill=0000
/mnt/d/retro/cc65/lib/c128.lib(steaxspi.o):
    CODE              Offs=005907  Size=000022  Align=00001  Fill=0000
/mnt/d/retro/cc65/lib/c128.lib(strcat.o):
    CODE              Offs=005929  Size=000031  Align=00001  Fill=0000
/mnt/d/retro/cc65/lib/c128.lib(strchr.o):
    CODE              Offs=00595A  Size=000027  Align=00001  Fill=0000
/mnt/d/retro/cc65/lib/c128.lib(strlen.o):
    CODE              Offs=005981  Size=000016  Align=00001  Fill=0000
/mnt/d/retro/cc65/lib/c128.lib(strlower.o):
    CODE              Offs=005997  Size=000027  Align=00001  Fill=0000
/mnt/d/retro/cc65/lib/c128.lib(sub.o):
    CODE              Offs=0059BE  Size=000015  Align=00001  Fill=0000
/mnt/d/retro/cc65/lib/c128.lib(subeqsp.o):
    CODE              Offs=0059D3  Size=000015  Align=00001  Fill=0000
/mnt/d/retro/cc65/lib/c128.lib(subysp.o):
    CODE              Offs=0059E8  Size=00000D  Align=00001  Fill=0000
/mnt/d/retro/cc65/lib/c128.lib(sysremove.o):
    CODE              Offs=0059F5  Size=000009  Align=00001  Fill=0000
/mnt/d/retro/cc65/lib/c128.lib(toslong.o):
    CODE              Offs=0059FE  Size=000038  Align=00001  Fill=0000
/mnt/d/retro/cc65/lib/c128.lib(udiv.o):
    CODE              Offs=005A36  Size=00004F  Align=00001  Fill=0000
/mnt/d/retro/cc65/lib/c128.lib(vcprintf.o):
    CODE              Offs=005A85  Size=000078  Align=00001  Fill=0000
    DATA              Offs=0009F0  Size=000008  Align=00001  Fill=0000
/mnt/d/retro/cc65/lib/c128.lib(vfprintf.o):
    CODE              Offs=005AFD  Size=000061  Align=00001  Fill=0000
    DATA              Offs=0009F8  Size=000008  Align=00001  Fill=0000
/mnt/d/retro/cc65/lib/c128.lib(videomode.o):
    CODE              Offs=005B5E  Size=000013  Align=00001  Fill=0000
/mnt/d/retro/cc65/lib/c128.lib(vsnprintf.o):
    CODE              Offs=005B71  Size=0000DA  Align=00001  Fill=0000
    DATA              Offs=000A00  Size=000008  Align=00001  Fill=0000
/mnt/d/retro/cc65/lib/c128.lib(vsprintf.o):
    CODE              Offs=005C4B  Size=000012  Align=00001  Fill=0000
/mnt/d/retro/cc65/lib/c128.lib(write.o):
    CODE              Offs=005C5D  Size=000054  Align=00001  Fill=0000
    ONCE              Offs=00002B  Size=000011  Align=00001  Fill=0000
/mnt/d/retro/cc65/lib/c128.lib(zerobss.o):
    CODE              Offs=005CB1  Size=000023  Align=00001  Fill=0000
/mnt/d/retro/cc65/lib/c128.lib(zeropage.o):
    ZEROPAGE          Offs=000000  Size=00001A  Align=00001  Fill=0000
/mnt/d/retro/cc65/lib/c128.lib(c128-stdjoy-joy.o):
    CODE              Offs=005CD4  Size=00002F  Align=00001  Fill=0000
    DATA              Offs=000A08  Size=00000E  Align=00001  Fill=0000


Segment list:
-------------
Name                   Start     End    Size  Align
----------------------------------------------------
ZEROPAGE              000002  00001B  00001A  00001
MACO                  001300  001851  000552  00001
LOADADDR              001BFF  001C00  000002  00001
EXEHDR                001C01  001C0C  00000C  00001
STARTUP               001C0D  001C5D  000051  00001
ONCE                  001C5E  001C9F  000042  00001
CODE                  001CA0  0079A2  005D03  00001
RODATA                0079A3  007E10  00046E  00001
DATA                  007E11  008826  000A16  00001
INIT                  008827  008843  00001D  00001
BSS                   008844  008A85  000242  00001
CTXT                  008DBE  00939B  0005DE  00001
OVL1ADDR              00AE3E  00AE3F  000002  00001
OVL2ADDR              00AE3E  00AE3F  000002  00001
OVL3ADDR              00AE3E  00AE3F  000002  00001
OVL4ADDR              00AE3E  00AE3F  000002  00001
OVL5ADDR              00AE3E  00AE3F  000002  00001
OVL6ADDR              00AE3E  00AE3F  000002  00001
OVL7ADDR              00AE3E  00AE3F  000002  00001
OVL8ADDR              00AE3E  00AE3F  000002  00001
OVL9ADDR              00AE3E  00AE3F  000002  00001
OVERLAY1              00AE40  00BFF7  0011B8  00001
OVERLAY2              00AE40  00BE76  001037  00001
OVERLAY3              00AE40  00B7B9  00097A  00001
OVERLAY4              00AE40  00BF99  00115A  00001
OVERLAY5              00AE40  00B7C4  000985  00001
OVERLAY6              00AE40  00B839  0009FA  00001
OVERLAY7              00AE40  00BEA5  001066  00001
OVERLAY8              00AE40  00BDDC  000F9D  00001


Exports list by name:
---------------------
BASIN                     00FFCF RLA    BSOUT                     00FFD2 RLA    
CHKIN                     00FFC6 RLA    CKOUT                     00FFC9 RLA    
CLOSE                     00FFC3 RLA    CLRCH                     00FFCC RLA    
CURS_X                    0000EC RLZ    CURS_Y                    0000EB RLZ    
LOAD                      00FFD5 RLA    OPEN                      00FFC0 RLA    
RDTIM                     00FFDE RLA    READST                    00FFB7 RLA    
SAVE                      00FFD8 RLA    SETLFS                    00FFBA RLA    
SETNAM                    00FFBD RLA    ST                        000090 RLZ    
SWAPPER                   00FF5F RLA    _BankMemCopy_core         0016EC RLA    
_BankMemSet_core          00174D RLA    _PEEKB                    006362 RLA    
_PEEKB_core               0016D4 RLA    _POKEB                    006336 RLA    
_POKEB_core               0016BC RLA    _PlayMusic                001785 RLA    
_SNES                     008A32 RLA    _SetLoadSaveBank          006326 RLA    
_SetLoadSaveBank_core     0016B3 RLA    _StopMusic                0017D6 RLA    
_VDC_CopyMemToVDC         0057A0 RLA    _VDC_CopyMemToVDC_core    0014E0 RLA    
_VDC_CopyVDCToMem         0057EA RLA    _VDC_CopyVDCToMem_core    001523 RLA    
_VDC_CopyViewPortToVDC    005DD8 RLA    _VDC_CopyViewPortToVDC_core 0015EB RLA    
_VDC_DetectVDCMemSize_core 001396 RLA    _VDC_Exit                 005968 RLA    
_VDC_FillArea             00586B RLA    _VDC_FillArea_core        0015D1 RLA    
_VDC_HChar                005725 RLA    _VDC_HChar_core           001444 RLA    
_VDC_Init                 0058B1 RLA    _VDC_LoadCharset          005BBF RLA    
_VDC_LoadScreen           005C58 RLA    _VDC_MemCopy_core         0013FD RLA    
_VDC_Peek_core            00137E RLA    _VDC_PetsciiToScreenCode  005982 RLA    
_VDC_Plot                 005D52 RLA    _VDC_PlotString           005D8A RLA    
_VDC_Poke_core            001366 RLA    _VDC_PrintAt              005B3B RLA    
_VDC_ReadRegister_core    001352 RLA    _VDC_RedefineCharset_core 001573 RLA    
_VDC_ScrollCopy           005ED4 RLA    _VDC_ScrollCopy_core      001654 RLA    
_VDC_VChar                005764 RLA    _VDC_VChar_core           001496 RLA    
_VDC_WriteRegister_core   00135C RLA    _VDC_addrh                001302 RLA    
_VDC_addrl                001303 RLA    _VDC_desth                001304 RLA    
_VDC_destl                001305 RLA    _VDC_regadd               001300 RLA    
_VDC_regval               001301 RLA    _VDC_strideh              001306 RLA    
_VDC_stridel              001307 RLA    _VDC_tmp1                 001309 RLA    
_VDC_tmp2                 00130A RLA    _VDC_tmp3                 00130B RLA    
_VDC_tmp4                 00130C RLA    _VDC_value                001308 RLA    
__BSS_RUN__               008844 RLA    __BSS_SIZE__              000242 REA    
__CONSTRUCTOR_COUNT__     000003 REA    __CONSTRUCTOR_TABLE__     001C9A RLA    
__DESTRUCTOR_COUNT__      000001 REA    __DESTRUCTOR_TABLE__      007E0F RLA    
__EXEHDR__                000001 REA    __LOADADDR__              000001 REA    
__MAIN_SIZE__             008A33 REA    __MAIN_START__            001C0D RLA    
__OVERLAYADDR__           000001 REA    __OVERLAYSIZE__           0011C0 REA    
__STACKSIZE__             000800 REA    __STARTUP__               000001 REA    
__ctype                   007D26 RLA    __ctypeidx                007D31 RLA    
__directerrno             006528 RLA    __errno                   008A7B RLA    
__filetype                0087F0 RLA    __hextab                  007D0A RLA    
__longminstr              007D1A RLA    __mappederrno             006532 RLA    
__oserror                 008A35 RLA    __osmaperrno              0073BD RLA    
__printf                  006635 RLA    __seterrno                0068E7 RLA    
__sysremove               007695 RLA    _alldirections            008211 RLA    
_anotherturn              008A2B RLA    _bgcolor                  006B16 RLA    
_board_reposition         003395 RLA    _board_reset              003B8D RLA    
_board_scroll             00BBC8 RLA    _bootdevice               008868 RLA    
_bordercolor              006B3C RLA    _c128_stdjoy_joy          008819 RLA    
_card_selectopportunity   004697 RLA    _cards_actiontext         0047BA RLA    
_cards_show               00B1DB RLA    _career                   00829A RLA    
_career_generic           00AF7C RLA    _career_getexperiencecard 00B109 RLA    
_career_getfame           00B77E RLA    _career_getfamebuthospital 00B6AB RLA    
_career_getfamenohappiness 00B3F9 RLA    _career_gethappiness      00B04D RLA    
_career_gethappinessandfame 00B309 RLA    _career_getmoney          00B623 RLA    
_career_getmoneyandfame   00B224 RLA    _career_getmoneytimesdie  00B215 RLA    
_career_getopportunitycard 00AFAD RLA    _career_getsalary         00B0FB RLA    
_career_getsalarytimesdie 00B4E1 RLA    _career_gotohospital      00B4DA RLA    
_career_gotoparkbench     00B479 RLA    _career_looseallfame      00B5F1 RLA    
_career_loosehalffame     00B37A RLA    _career_loosehalfmoney    00B6C7 RLA    
_career_loosehalfsalary   00B19F RLA    _career_loosemoneyorparkbench 00B53B RLA    
_career_skipturn          00B74C RLA    _career_throwagain        00B5D5 RLA    
_career_waitforkey        00B02D RLA    _careerfield              008352 RLA    
_cbm_close                006986 REA    _cbm_k_close              006986 RLA    
_cbm_k_load               00698A RLA    _cbm_k_open               0069A7 RLA    
_cbm_k_save               0069B0 RLA    _cbm_k_setlfs             0069C6 RLA    
_cbm_k_setnam             0069D4 RLA    _cbm_load                 0069FE RLA    
_cbm_open                 006A42 RLA    _cbm_read                 006A58 RLA    
_cgetc                    006AB3 RLA    _clock                    006AE3 RLA    
_clrscr                   00C142 REA    _cprintf                  006B59 RLA    
_cputc                    006B88 RLA    _cputs                    006BD6 RLA    
_cputsxy                  006BCC RLA    _dice_throw               00440F RLA    
_dice_total               008A30 RLA    _exit                     001C42 RLA    
_fieldinformation         00875F RLA    _fileerrormessage         0031B6 RLA    
_fwrite                   006DEC RLA    _gameendflag              008A2A RLA    
_getcurrentdevice         006C0D RLA    _getkey                   001E6E RLA    
_gotoxy                   006E6A RLA    _information_colorlegend  00B9F0 RLA    
_information_credits      00BC75 RLA    _information_gamescore    00B508 RLA    
_input                    001FB9 RLA    _input_number             00247A RLA    
_isprint                  006F0F RLA    _joy_install              006F19 RLA    
_joy_read                 0087FA REA    _joy_static_stddrv        008819 RLA    
_joy_uninstall            006F59 RLA    _kbhit                    006F66 RLA    
_loadgame                 00B61A RLA    _ltoa                     007186 RLA    
_main                     005368 RLA    _memcpy                   0072B5 RLA    
_menumakeborder           00271A RLA    _menupulldown             002914 RLA    
_opportunitycard          0086D2 RLA    _paidforleave             008A2E RLA    
_pawn_erase               00387F RLA    _pawn_place               00346E RLA    
_player                   00890A RLA    _player_collegeexperience 0045FB RLA    
_playerturn               008A2C RLA    _printcentered            001E28 RLA    
_printf                   0073ED RLA    _pulldownmenutitles       007E62 RLA    
_rand                     00748C RLA    _remove                   0074B4 RLA    
_ring                     00821A RLA    _ring_artgallery          00B48A RLA    
_ring_automobileshow      00B84E RLA    _ring_business            00B2D2 RLA    
_ring_college             00BC68 RLA    _ring_farming             00B652 RLA    
_ring_floridavacation     00B6CB RLA    _ring_hollywood           00B51A RLA    
_ring_hospital            00BF13 RLA    _ring_moon                00B9B4 RLA    
_ring_opportunity         00B2FC RLA    _ring_parkbench           00B8CB RLA    
_ring_payday              00B1F5 RLA    _ring_payfoodbills        00B1DD RLA    
_ring_payrent             00B08A RLA    _ring_paytaxes            00B41A RLA    
_ring_politics            00B1B8 RLA    _ring_sea                 00B71F RLA    
_ring_shoppingspree       00B385 RLA    _ring_statueinthepark     00BB8D RLA    
_ring_stockmarket         00B0FF RLA    _ring_uranium             00B3CE RLA    
_ring_yachtharbor         00B5A7 RLA    _saveconfigfile           003222 RLA    
_savegame                 00AEE8 RLA    _set_c128_speed           0068F0 RLA    
_snes_init                00645F RLA    _snes_read                006465 RLA    
_sprintf                  007546 RLA    _srand                    007480 RLA    
_stdout                   00878C RLA    _strcat                   0075C9 RLA    
_strchr                   0075FA RLA    _strlen                   007621 RLA    
_strlower                 007637 RLA    _textcolor                006AED RLA    
_ultoa                    0071C7 RLA    _vcprintf                 00776D RLA    
_vfprintf                 0077D5 RLA    _videomode                0077FE RLA    
_vsprintf                 0078EB RLA    _waitkeyflag              008A2D RLA    
_windowrestore            00262B RLA    _write                    0078FD RLA    
_xoffset                  008760 RLA    _yoffset                  008761 RLA    
addeq0sp                  00691C RLA    addeqysp                  00691E RLA    
addysp                    00692E RLA    addysp1                   00692D RLA    
aslax2                    006943 RLA    aslax3                    00694E RLA    
axlong                    006979 RLA    axulong                   00697F RLA    
bnegeax                   006FDB RLA    booleq                    00728F RLA    
boolugt                   0072AE RLA    boolult                   0072A8 RLA    
callmain                  0069E7 RLA    closecmdchannel           006CB0 RLA    
ctypemask                 006BEF RLA    ctypemaskdirect           006BF3 RLA    
cursor                    008A34 RLA    curunit                   008843 RLA    
decax1                    006C13 RLA    decaxy                    006C1A RLA    
deceaxy                   007067 RLA    decsp1                    006C23 RLA    
decsp2                    006C2C RLA    decsp3                    006C39 RLA    
decsp4                    006C46 RLA    decsp5                    006C53 RLA    
decsp6                    006C60 RLA    decsp8                    006C6D RLA    
devnum                    0000BA RLZ    donecgetc                 006AD4  LAI   
donelib                   006B4D RLA    fdtab                     0087BC RLA    
fncmd                     0087CC RLA    fnlen                     008A7E RLA    
fnparse                   006D67 RLA    fnunit                    008A7D RLA    
gotoxy                    006E67 RLA    incax1                    006EA2 RLA    
incax2                    006EA9 RLA    incax3                    006EB0 RLA    
incax4                    006EC9 RLA    incax5                    006EB5 RLA    
incax6                    006EBA RLA    incax7                    006EBF RLA    
incax8                    006EC4 RLA    incaxy                    006ECB RLA    
incsp1                    006ED4 RLA    incsp2                    006EE3 RLA    
incsp3                    006EF1 RLA    incsp4                    006EF6 RLA    
incsp5                    006EFB RLA    incsp6                    006F00 RLA    
incsp7                    006F05 RLA    incsp8                    006F0A RLA    
initcgetc                 001C5E  LAI   initcurunit               001C7D  LAI   
initlib                   001C71 RLA    initstdout                001C89  LAI   
joy_libref                001C42 RLA    joy_read                  0087FA RLA    
laddeqysp                 006F96 RLA    ldax0sp                   007034 RLA    
ldaxi                     007027 RLA    ldaxysp                   007036 RLA    
ldeax0sp                  007054 RLA    ldeaxidx                  00703F RLA    
ldeaxysp                  007056 RLA    leaa0sp                   00707C RLA    
leaaxsp                   00707E RLA    mul8x16                   007349 RLA    
mul8x16a                  007353 RLA    mulax10                   007381 RLA    
mulax3                    00739A RLA    negax                     0073AF RLA    
negeax                    0070E4 RLA    opencmdchannel            006C83 RLA    
plot                      006BC4 RLA    popa                      0073D3 RLA    
popax                     006EDB RLA    popptr1                   0073DF RLA    
popsargsudiv16            0074F1 RLA    ptr1                      00000A RLZ    
ptr2                      00000C RLZ    ptr3                      00000E RLZ    
ptr4                      000010 RLZ    push0                     00743B RLA    
push1                     007420 RLA    pusha                     007429 RLA    
pusha0                    00743D RLA    pushax                    00743F RLA    
pusheax                   00712F RLA    pushl0                    007126 RLA    
pushw0sp                  007464 RLA    pushwidx                  007457 RLA    
pushwysp                  007466 RLA    regbank                   000016 RLZ    
return0                   0074BA RLA    rwcommon                  0074BE RLA    
scratch                   0074D8 RLA    shlax1                    00693B RLA    
shlax2                    006943 RLA    shlax3                    00694E RLA    
shlax4                    00695C RLA    shleax1                   00696D RLA    
shrax1                    007511 RLA    shrax3                    007519 RLA    
shreax1                   007527 RLA    shreax2                   007533 RLA    
sp                        000002 RLZ    sreg                      000004 RLZ    
staspidx                  007571 RLA    stax0sp                   007587 RLA    
staxysp                   007589 RLA    steax0sp                  007592 RLA    
steaxspidx                0075A7 RLA    steaxysp                  007594 RLA    
subeq0sp                  007673 RLA    subeqysp                  007675 RLA    
subysp                    007688 RLA    tmp1                      000012 RLZ    
tmp2                      000013 RLZ    tmp3                      000014 RLZ    
tmp4                      000015 RLZ    tosadda0                  006900 RLA    
tosaddax                  006902 RLA    tosaddeax                 006F75 RLA    
tosandeax                 006FBD RLA    tosicmp                   006E76 RLA    
tosicmp0                  006E74 RLA    toslcmp                   006FEC RLA    
toslong                   0076BC RLA    tosmoda0                  0072F1 RLA    
tosmula0                  007347 RLA    tosmulax                  007302 RLA    
tosoreax                  007108 RLA    tossub0ax                 007147 RLA    
tossuba0                  00765E RLA    tossubax                  007660 RLA    
tossubeax                 00714D RLA    tosudiv0ax                007203 RLA    
tosudivax                 0076D8 RLA    tosugteax                 00727D RLA    
tosulteax                 007283 RLA    tosumul0ax                007088 RLA    
tosumula0                 007347 RLA    tosumulax                 007302 RLA    
tosumuleax                00708E RLA    udiv16                    0076E7 RLA    
vsnprintf                 007814 RLA    writefndiskcmd            006D03 RLA    
zerobss                   007951 RLA    


Exports list by value:
----------------------
__DESTRUCTOR_COUNT__      000001 REA    __EXEHDR__                000001 REA    
__LOADADDR__              000001 REA    __OVERLAYADDR__           000001 REA    
__STARTUP__               000001 REA    sp                        000002 RLZ    
__CONSTRUCTOR_COUNT__     000003 REA    sreg                      000004 RLZ    
ptr1                      00000A RLZ    ptr2                      00000C RLZ    
ptr3                      00000E RLZ    ptr4                      000010 RLZ    
tmp1                      000012 RLZ    tmp2                      000013 RLZ    
tmp3                      000014 RLZ    tmp4                      000015 RLZ    
regbank                   000016 RLZ    ST                        000090 RLZ    
devnum                    0000BA RLZ    CURS_Y                    0000EB RLZ    
CURS_X                    0000EC RLZ    __BSS_SIZE__              000242 REA    
__STACKSIZE__             000800 REA    __OVERLAYSIZE__           0011C0 REA    
_VDC_regadd               001300 RLA    _VDC_regval               001301 RLA    
_VDC_addrh                001302 RLA    _VDC_addrl                001303 RLA    
_VDC_desth                001304 RLA    _VDC_destl                001305 RLA    
_VDC_strideh              001306 RLA    _VDC_stridel              001307 RLA    
_VDC_value                001308 RLA    _VDC_tmp1                 001309 RLA    
_VDC_tmp2                 00130A RLA    _VDC_tmp3                 00130B RLA    
_VDC_tmp4                 00130C RLA    _VDC_ReadRegister_core    001352 RLA    
_VDC_WriteRegister_core   00135C RLA    _VDC_Poke_core            001366 RLA    
_VDC_Peek_core            00137E RLA    _VDC_DetectVDCMemSize_core 001396 RLA    
_VDC_MemCopy_core         0013FD RLA    _VDC_HChar_core           001444 RLA    
_VDC_VChar_core           001496 RLA    _VDC_CopyMemToVDC_core    0014E0 RLA    
_VDC_CopyVDCToMem_core    001523 RLA    _VDC_RedefineCharset_core 001573 RLA    
_VDC_FillArea_core        0015D1 RLA    _VDC_CopyViewPortToVDC_core 0015EB RLA    
_VDC_ScrollCopy_core      001654 RLA    _SetLoadSaveBank_core     0016B3 RLA    
_POKEB_core               0016BC RLA    _PEEKB_core               0016D4 RLA    
_BankMemCopy_core         0016EC RLA    _BankMemSet_core          00174D RLA    
_PlayMusic                001785 RLA    _StopMusic                0017D6 RLA    
__MAIN_START__            001C0D RLA    _exit                     001C42 RLA    
joy_libref                001C42 RLA    initcgetc                 001C5E  LAI   
initlib                   001C71 RLA    initcurunit               001C7D  LAI   
initstdout                001C89  LAI   __CONSTRUCTOR_TABLE__     001C9A RLA    
_printcentered            001E28 RLA    _getkey                   001E6E RLA    
_input                    001FB9 RLA    _input_number             00247A RLA    
_windowrestore            00262B RLA    _menumakeborder           00271A RLA    
_menupulldown             002914 RLA    _fileerrormessage         0031B6 RLA    
_saveconfigfile           003222 RLA    _board_reposition         003395 RLA    
_pawn_place               00346E RLA    _pawn_erase               00387F RLA    
_board_reset              003B8D RLA    _dice_throw               00440F RLA    
_player_collegeexperience 0045FB RLA    _card_selectopportunity   004697 RLA    
_cards_actiontext         0047BA RLA    _main                     005368 RLA    
_VDC_HChar                005725 RLA    _VDC_VChar                005764 RLA    
_VDC_CopyMemToVDC         0057A0 RLA    _VDC_CopyVDCToMem         0057EA RLA    
_VDC_FillArea             00586B RLA    _VDC_Init                 0058B1 RLA    
_VDC_Exit                 005968 RLA    _VDC_PetsciiToScreenCode  005982 RLA    
_VDC_PrintAt              005B3B RLA    _VDC_LoadCharset          005BBF RLA    
_VDC_LoadScreen           005C58 RLA    _VDC_Plot                 005D52 RLA    
_VDC_PlotString           005D8A RLA    _VDC_CopyViewPortToVDC    005DD8 RLA    
_VDC_ScrollCopy           005ED4 RLA    _SetLoadSaveBank          006326 RLA    
_POKEB                    006336 RLA    _PEEKB                    006362 RLA    
_snes_init                00645F RLA    _snes_read                006465 RLA    
__directerrno             006528 RLA    __mappederrno             006532 RLA    
__printf                  006635 RLA    __seterrno                0068E7 RLA    
_set_c128_speed           0068F0 RLA    tosadda0                  006900 RLA    
tosaddax                  006902 RLA    addeq0sp                  00691C RLA    
addeqysp                  00691E RLA    addysp1                   00692D RLA    
addysp                    00692E RLA    shlax1                    00693B RLA    
aslax2                    006943 RLA    shlax2                    006943 RLA    
aslax3                    00694E RLA    shlax3                    00694E RLA    
shlax4                    00695C RLA    shleax1                   00696D RLA    
axlong                    006979 RLA    axulong                   00697F RLA    
_cbm_close                006986 REA    _cbm_k_close              006986 RLA    
_cbm_k_load               00698A RLA    _cbm_k_open               0069A7 RLA    
_cbm_k_save               0069B0 RLA    _cbm_k_setlfs             0069C6 RLA    
_cbm_k_setnam             0069D4 RLA    callmain                  0069E7 RLA    
_cbm_load                 0069FE RLA    _cbm_open                 006A42 RLA    
_cbm_read                 006A58 RLA    _cgetc                    006AB3 RLA    
donecgetc                 006AD4  LAI   _clock                    006AE3 RLA    
_textcolor                006AED RLA    _bgcolor                  006B16 RLA    
_bordercolor              006B3C RLA    donelib                   006B4D RLA    
_cprintf                  006B59 RLA    _cputc                    006B88 RLA    
plot                      006BC4 RLA    _cputsxy                  006BCC RLA    
_cputs                    006BD6 RLA    ctypemask                 006BEF RLA    
ctypemaskdirect           006BF3 RLA    _getcurrentdevice         006C0D RLA    
decax1                    006C13 RLA    decaxy                    006C1A RLA    
decsp1                    006C23 RLA    decsp2                    006C2C RLA    
decsp3                    006C39 RLA    decsp4                    006C46 RLA    
decsp5                    006C53 RLA    decsp6                    006C60 RLA    
decsp8                    006C6D RLA    opencmdchannel            006C83 RLA    
closecmdchannel           006CB0 RLA    writefndiskcmd            006D03 RLA    
fnparse                   006D67 RLA    _fwrite                   006DEC RLA    
gotoxy                    006E67 RLA    _gotoxy                   006E6A RLA    
tosicmp0                  006E74 RLA    tosicmp                   006E76 RLA    
incax1                    006EA2 RLA    incax2                    006EA9 RLA    
incax3                    006EB0 RLA    incax5                    006EB5 RLA    
incax6                    006EBA RLA    incax7                    006EBF RLA    
incax8                    006EC4 RLA    incax4                    006EC9 RLA    
incaxy                    006ECB RLA    incsp1                    006ED4 RLA    
popax                     006EDB RLA    incsp2                    006EE3 RLA    
incsp3                    006EF1 RLA    incsp4                    006EF6 RLA    
incsp5                    006EFB RLA    incsp6                    006F00 RLA    
incsp7                    006F05 RLA    incsp8                    006F0A RLA    
_isprint                  006F0F RLA    _joy_install              006F19 RLA    
_joy_uninstall            006F59 RLA    _kbhit                    006F66 RLA    
tosaddeax                 006F75 RLA    laddeqysp                 006F96 RLA    
tosandeax                 006FBD RLA    bnegeax                   006FDB RLA    
toslcmp                   006FEC RLA    ldaxi                     007027 RLA    
ldax0sp                   007034 RLA    ldaxysp                   007036 RLA    
ldeaxidx                  00703F RLA    ldeax0sp                  007054 RLA    
ldeaxysp                  007056 RLA    deceaxy                   007067 RLA    
leaa0sp                   00707C RLA    leaaxsp                   00707E RLA    
tosumul0ax                007088 RLA    tosumuleax                00708E RLA    
negeax                    0070E4 RLA    tosoreax                  007108 RLA    
pushl0                    007126 RLA    pusheax                   00712F RLA    
tossub0ax                 007147 RLA    tossubeax                 00714D RLA    
_ltoa                     007186 RLA    _ultoa                    0071C7 RLA    
tosudiv0ax                007203 RLA    tosugteax                 00727D RLA    
tosulteax                 007283 RLA    booleq                    00728F RLA    
boolult                   0072A8 RLA    boolugt                   0072AE RLA    
_memcpy                   0072B5 RLA    tosmoda0                  0072F1 RLA    
tosmulax                  007302 RLA    tosumulax                 007302 RLA    
tosmula0                  007347 RLA    tosumula0                 007347 RLA    
mul8x16                   007349 RLA    mul8x16a                  007353 RLA    
mulax10                   007381 RLA    mulax3                    00739A RLA    
negax                     0073AF RLA    __osmaperrno              0073BD RLA    
popa                      0073D3 RLA    popptr1                   0073DF RLA    
_printf                   0073ED RLA    push1                     007420 RLA    
pusha                     007429 RLA    push0                     00743B RLA    
pusha0                    00743D RLA    pushax                    00743F RLA    
pushwidx                  007457 RLA    pushw0sp                  007464 RLA    
pushwysp                  007466 RLA    _srand                    007480 RLA    
_rand                     00748C RLA    _remove                   0074B4 RLA    
return0                   0074BA RLA    rwcommon                  0074BE RLA    
scratch                   0074D8 RLA    popsargsudiv16            0074F1 RLA    
shrax1                    007511 RLA    shrax3                    007519 RLA    
shreax1                   007527 RLA    shreax2                   007533 RLA    
_sprintf                  007546 RLA    staspidx                  007571 RLA    
stax0sp                   007587 RLA    staxysp                   007589 RLA    
steax0sp                  007592 RLA    steaxysp                  007594 RLA    
steaxspidx                0075A7 RLA    _strcat                   0075C9 RLA    
_strchr                   0075FA RLA    _strlen                   007621 RLA    
_strlower                 007637 RLA    tossuba0                  00765E RLA    
tossubax                  007660 RLA    subeq0sp                  007673 RLA    
subeqysp                  007675 RLA    subysp                    007688 RLA    
__sysremove               007695 RLA    toslong                   0076BC RLA    
tosudivax                 0076D8 RLA    udiv16                    0076E7 RLA    
_vcprintf                 00776D RLA    _vfprintf                 0077D5 RLA    
_videomode                0077FE RLA    vsnprintf                 007814 RLA    
_vsprintf                 0078EB RLA    _write                    0078FD RLA    
zerobss                   007951 RLA    __hextab                  007D0A RLA    
__longminstr              007D1A RLA    __ctype                   007D26 RLA    
__ctypeidx                007D31 RLA    __DESTRUCTOR_TABLE__      007E0F RLA    
_pulldownmenutitles       007E62 RLA    _alldirections            008211 RLA    
_ring                     00821A RLA    _career                   00829A RLA    
_careerfield              008352 RLA    _opportunitycard          0086D2 RLA    
_fieldinformation         00875F RLA    _xoffset                  008760 RLA    
_yoffset                  008761 RLA    _stdout                   00878C RLA    
fdtab                     0087BC RLA    fncmd                     0087CC RLA    
__filetype                0087F0 RLA    _joy_read                 0087FA REA    
joy_read                  0087FA RLA    _c128_stdjoy_joy          008819 RLA    
_joy_static_stddrv        008819 RLA    curunit                   008843 RLA    
__BSS_RUN__               008844 RLA    _bootdevice               008868 RLA    
_player                   00890A RLA    _gameendflag              008A2A RLA    
_anotherturn              008A2B RLA    _playerturn               008A2C RLA    
_waitkeyflag              008A2D RLA    _paidforleave             008A2E RLA    
_dice_total               008A30 RLA    _SNES                     008A32 RLA    
__MAIN_SIZE__             008A33 REA    cursor                    008A34 RLA    
__oserror                 008A35 RLA    __errno                   008A7B RLA    
fnunit                    008A7D RLA    fnlen                     008A7E RLA    
_savegame                 00AEE8 RLA    _career_generic           00AF7C RLA    
_career_getopportunitycard 00AFAD RLA    _career_waitforkey        00B02D RLA    
_career_gethappiness      00B04D RLA    _ring_payrent             00B08A RLA    
_career_getsalary         00B0FB RLA    _ring_stockmarket         00B0FF RLA    
_career_getexperiencecard 00B109 RLA    _career_loosehalfsalary   00B19F RLA    
_ring_politics            00B1B8 RLA    _cards_show               00B1DB RLA    
_ring_payfoodbills        00B1DD RLA    _ring_payday              00B1F5 RLA    
_career_getmoneytimesdie  00B215 RLA    _career_getmoneyandfame   00B224 RLA    
_ring_business            00B2D2 RLA    _ring_opportunity         00B2FC RLA    
_career_gethappinessandfame 00B309 RLA    _career_loosehalffame     00B37A RLA    
_ring_shoppingspree       00B385 RLA    _ring_uranium             00B3CE RLA    
_career_getfamenohappiness 00B3F9 RLA    _ring_paytaxes            00B41A RLA    
_career_gotoparkbench     00B479 RLA    _ring_artgallery          00B48A RLA    
_career_gotohospital      00B4DA RLA    _career_getsalarytimesdie 00B4E1 RLA    
_information_gamescore    00B508 RLA    _ring_hollywood           00B51A RLA    
_career_loosemoneyorparkbench 00B53B RLA    _ring_yachtharbor         00B5A7 RLA    
_career_throwagain        00B5D5 RLA    _career_looseallfame      00B5F1 RLA    
_loadgame                 00B61A RLA    _career_getmoney          00B623 RLA    
_ring_farming             00B652 RLA    _career_getfamebuthospital 00B6AB RLA    
_career_loosehalfmoney    00B6C7 RLA    _ring_floridavacation     00B6CB RLA    
_ring_sea                 00B71F RLA    _career_skipturn          00B74C RLA    
_career_getfame           00B77E RLA    _ring_automobileshow      00B84E RLA    
_ring_parkbench           00B8CB RLA    _ring_moon                00B9B4 RLA    
_information_colorlegend  00B9F0 RLA    _ring_statueinthepark     00BB8D RLA    
_board_scroll             00BBC8 RLA    _ring_college             00BC68 RLA    
_information_credits      00BC75 RLA    _ring_hospital            00BF13 RLA    
_clrscr                   00C142 REA    SWAPPER                   00FF5F RLA    
READST                    00FFB7 RLA    SETLFS                    00FFBA RLA    
SETNAM                    00FFBD RLA    OPEN                      00FFC0 RLA    
CLOSE                     00FFC3 RLA    CHKIN                     00FFC6 RLA    
CKOUT                     00FFC9 RLA    CLRCH                     00FFCC RLA    
BASIN                     00FFCF RLA    BSOUT                     00FFD2 RLA    
LOAD                      00FFD5 RLA    SAVE                      00FFD8 RLA    
RDTIM                     00FFDE RLA    


Imports list:
-------------
BASIN (kernal.o):
    diskcmd.o                 cbm/cbm.inc:47
    cbm_read.o                cbm/cbm.inc:47
BSOUT (kernal.o):
    diskcmd.o                 cbm/cbm.inc:49
    write.o                   cbm/cbm.inc:49
    videomode.o               c128/videomode.s:9
    crt0.o                    c128/crt0.s:10
CHKIN (kernal.o):
    diskcmd.o                 cbm/cbm.inc:44
    cbm_read.o                cbm/cbm.inc:44
CKOUT (kernal.o):
    diskcmd.o                 cbm/cbm.inc:45
    write.o                   cbm/cbm.inc:45
CLOSE (kernal.o):
    diskcmd.o                 cbm/cbm.inc:36
    c_close.o                 cbm/cbm.inc:36
CLRCH (kernal.o):
    diskcmd.o                 cbm/cbm.inc:46
    write.o                   cbm/cbm.inc:46
    cbm_read.o                cbm/cbm.inc:46
CURS_X (conio.o):
    gotoxy.o                  cbm/gotoxy.s:9
CURS_Y (conio.o):
    gotoxy.o                  cbm/gotoxy.s:9
LOAD (kernal.o):
    c_load.o                  cbm/cbm.inc:37
OPEN (kernal.o):
    diskcmd.o                 cbm/cbm.inc:35
    write.o                   cbm/cbm.inc:35
    c_open.o                  cbm/cbm.inc:35
RDTIM (kernal.o):
    clock.o                   cbm/cbm.inc:40
READST (kernal.o):
    write.o                   cbm/cbm.inc:32
    cbm_read.o                cbm/cbm.inc:32
SAVE (kernal.o):
    c_save.o                  cbm/cbm.inc:38
SETLFS (kernal.o):
    diskcmd.o                 cbm/cbm.inc:33
    write.o                   cbm/cbm.inc:33
    c_setlfs.o                cbm/cbm.inc:33
SETNAM (kernal.o):
    diskcmd.o                 cbm/cbm.inc:34
    filename.o                cbm/cbm.inc:34
    c_setnam.o                cbm/cbm.inc:34
ST (status.o):
    crt0.o                    c128/crt0.s:12
SWAPPER (kernal.o):
    videomode.o               c128/videomode.s:9
_BankMemCopy_core (vdc_core_assembly.o):
    vdc_core.o                src/vdc_core.s:60
_BankMemSet_core (vdc_core_assembly.o):
    vdc_core.o                src/vdc_core.s:61
_PEEKB (vdc_core.o):
    career1.o                 src/career1.s:20
    main.o                    src/main.s:66
_PEEKB_core (vdc_core_assembly.o):
    vdc_core.o                src/vdc_core.s:59
_POKEB (vdc_core.o):
    main.o                    src/main.s:65
_POKEB_core (vdc_core_assembly.o):
    vdc_core.o                src/vdc_core.s:58
_PlayMusic (sidplay_assembly.o):
    sidplay.o                 src/sidplay.s:18
    main.o                    src/main.s:67
_SNES (snes.o):
    main.o                    src/main.s:69
_SetLoadSaveBank (vdc_core.o):
    sidplay.o                 src/sidplay.s:17
    menu2.o                   src/menu2.s:23
    main.o                    src/main.s:64
_SetLoadSaveBank_core (vdc_core_assembly.o):
    vdc_core.o                src/vdc_core.s:57
_StopMusic (sidplay_assembly.o):
    main.o                    src/main.s:68
_VDC_CopyMemToVDC (vdc_core.o):
    main.o                    src/main.s:52
_VDC_CopyMemToVDC_core (vdc_core_assembly.o):
    vdc_core.o                src/vdc_core.s:51
_VDC_CopyVDCToMem (vdc_core.o):
    main.o                    src/main.s:53
_VDC_CopyVDCToMem_core (vdc_core_assembly.o):
    vdc_core.o                src/vdc_core.s:52
_VDC_CopyViewPortToVDC (vdc_core.o):
    main.o                    src/main.s:63
_VDC_CopyViewPortToVDC_core (vdc_core_assembly.o):
    vdc_core.o                src/vdc_core.s:55
_VDC_DetectVDCMemSize_core (vdc_core_assembly.o):
    vdc_core.o                src/vdc_core.s:47
_VDC_Exit (vdc_core.o):
    main.o                    src/main.s:56
_VDC_FillArea (vdc_core.o):
    main.o                    src/main.s:54
_VDC_FillArea_core (vdc_core_assembly.o):
    vdc_core.o                src/vdc_core.s:54
_VDC_HChar (vdc_core.o):
    main.o                    src/main.s:50
_VDC_HChar_core (vdc_core_assembly.o):
    vdc_core.o                src/vdc_core.s:49
_VDC_Init (vdc_core.o):
    main.o                    src/main.s:55
_VDC_LoadCharset (vdc_core.o):
    main.o                    src/main.s:59
_VDC_LoadScreen (vdc_core.o):
    main.o                    src/main.s:60
_VDC_MemCopy_core (vdc_core_assembly.o):
    vdc_core.o                src/vdc_core.s:48
_VDC_Peek_core (vdc_core_assembly.o):
    vdc_core.o                src/vdc_core.s:46
_VDC_PetsciiToScreenCode (vdc_core.o):
    main.o                    src/main.s:57
_VDC_Plot (vdc_core.o):
    menu1.o                   src/menu1.s:19
    career2.o                 src/career2.s:17
    career1.o                 src/career1.s:19
    ring4.o                   src/ring4.s:18
    ring3.o                   src/ring3.s:18
    ring2.o                   src/ring2.s:18
    ring1.o                   src/ring1.s:18
    main.o                    src/main.s:61
_VDC_PlotString (vdc_core.o):
    menu1.o                   src/menu1.s:20
    main.o                    src/main.s:62
_VDC_Poke_core (vdc_core_assembly.o):
    vdc_core.o                src/vdc_core.s:45
_VDC_PrintAt (vdc_core.o):
    main.o                    src/main.s:58
_VDC_ReadRegister_core (vdc_core_assembly.o):
    vdc_core.o                src/vdc_core.s:43
_VDC_RedefineCharset_core (vdc_core_assembly.o):
    vdc_core.o                src/vdc_core.s:53
_VDC_ScrollCopy (vdc_core.o):
    menu2.o                   src/menu2.s:22
_VDC_ScrollCopy_core (vdc_core_assembly.o):
    vdc_core.o                src/vdc_core.s:56
_VDC_VChar (vdc_core.o):
    main.o                    src/main.s:51
_VDC_VChar_core (vdc_core_assembly.o):
    vdc_core.o                src/vdc_core.s:50
_VDC_WriteRegister_core (vdc_core_assembly.o):
    vdc_core.o                src/vdc_core.s:44
_VDC_addrh (vdc_core_assembly.o):
    vdc_core.o                src/vdc_core.s:32
_VDC_addrl (vdc_core_assembly.o):
    vdc_core.o                src/vdc_core.s:33
_VDC_desth (vdc_core_assembly.o):
    vdc_core.o                src/vdc_core.s:34
_VDC_destl (vdc_core_assembly.o):
    vdc_core.o                src/vdc_core.s:35
_VDC_regadd (vdc_core_assembly.o):
    vdc_core.o                src/vdc_core.s:30
_VDC_regval (vdc_core_assembly.o):
    vdc_core.o                src/vdc_core.s:31
_VDC_strideh (vdc_core_assembly.o):
    vdc_core.o                src/vdc_core.s:36
_VDC_stridel (vdc_core_assembly.o):
    vdc_core.o                src/vdc_core.s:37
_VDC_tmp1 (vdc_core_assembly.o):
    vdc_core.o                src/vdc_core.s:39
_VDC_tmp2 (vdc_core_assembly.o):
    vdc_core.o                src/vdc_core.s:40
_VDC_tmp3 (vdc_core_assembly.o):
    vdc_core.o                src/vdc_core.s:41
_VDC_tmp4 (vdc_core_assembly.o):
    vdc_core.o                src/vdc_core.s:42
_VDC_value (vdc_core_assembly.o):
    vdc_core.o                src/vdc_core.s:38
__BSS_RUN__ ([linker generated]):
    zerobss.o                 common/zerobss.s:8
__BSS_SIZE__ ([linker generated]):
    zerobss.o                 common/zerobss.s:8
__CONSTRUCTOR_COUNT__ ([linker generated]):
    condes.o                  runtime/condes.s:18
__CONSTRUCTOR_TABLE__ ([linker generated]):
    condes.o                  runtime/condes.s:18
__DESTRUCTOR_COUNT__ ([linker generated]):
    condes.o                  runtime/condes.s:19
__DESTRUCTOR_TABLE__ ([linker generated]):
    condes.o                  runtime/condes.s:19
__EXEHDR__ (exehdr.o):
    [linker generated]        careers-cc65config.cfg:3
__LOADADDR__ (loadaddr.o):
    [linker generated]        careers-cc65config.cfg:2
__MAIN_SIZE__ ([linker generated]):
    crt0.o                    c128/crt0.s:11
__MAIN_START__ ([linker generated]):
    crt0.o                    c128/crt0.s:11
__OVERLAYADDR__ (overlayaddr.o):
    [linker generated]        careers-cc65config.cfg:4
__OVERLAYSIZE__ ([linker generated]):
    [linker generated]        careers-cc65config.cfg:32
    [linker generated]        careers-cc65config.cfg:32
    [linker generated]        careers-cc65config.cfg:31
    [linker generated]        careers-cc65config.cfg:30
    [linker generated]        careers-cc65config.cfg:30
    [linker generated]        careers-cc65config.cfg:29
    [linker generated]        careers-cc65config.cfg:28
    [linker generated]        careers-cc65config.cfg:28
    [linker generated]        careers-cc65config.cfg:27
    [linker generated]        careers-cc65config.cfg:26
    [linker generated]        careers-cc65config.cfg:26
    [linker generated]        careers-cc65config.cfg:25
    [linker generated]        careers-cc65config.cfg:24
    [linker generated]        careers-cc65config.cfg:24
    [linker generated]        careers-cc65config.cfg:23
    [linker generated]        careers-cc65config.cfg:22
    [linker generated]        careers-cc65config.cfg:22
    [linker generated]        careers-cc65config.cfg:21
    [linker generated]        careers-cc65config.cfg:20
    [linker generated]        careers-cc65config.cfg:20
    [linker generated]        careers-cc65config.cfg:19
    [linker generated]        careers-cc65config.cfg:18
    [linker generated]        careers-cc65config.cfg:18
    [linker generated]        careers-cc65config.cfg:17
    [linker generated]        careers-cc65config.cfg:16
    [linker generated]        careers-cc65config.cfg:16
    [linker generated]        careers-cc65config.cfg:15
    [linker generated]        careers-cc65config.cfg:12
__STACKSIZE__ ([linker generated]):
    crt0.o                    c128/crt0.s:11
    [linker generated]        careers-cc65config.cfg:12
__STARTUP__ (crt0.o):
    main.o                    src/main.s:13
__ctype (ctype.o):
    ctypemask.o               common/ctypemask.s:23
__ctypeidx (ctype.o):
    ctypemask.o               common/ctypemask.s:24
__directerrno (_directerrno.o):
    write.o                   /mnt/d/retro/cc65/asminc/errno.inc:10
    vsnprintf.o               /mnt/d/retro/cc65/asminc/errno.inc:10
__errno (errno.o):
    _seterrno.o               /mnt/d/retro/cc65/asminc/errno.inc:7
__filetype (filetype.o):
    filename.o                cbm/filename.s:11
__hextab (_hextab.o):
    ltoa.o                    common/ltoa.s:10
__longminstr (_longminstr.o):
    ltoa.o                    common/ltoa.s:10
__mappederrno (_mappederrno.o):
    write.o                   /mnt/d/retro/cc65/asminc/errno.inc:10
    remove.o                  common/remove.s:10
__oserror (_oserror.o):
    _directerrno.o            /mnt/d/retro/cc65/asminc/errno.inc:7
    write.o                   /mnt/d/retro/cc65/asminc/errno.inc:7
    _mappederrno.o            /mnt/d/retro/cc65/asminc/errno.inc:7
    cbm_read.o                cbm/cbm_read.s:44
    cbm_open.o                cbm/cbm_open.s:24
    c_load.o                  cbm/c_load.s:10
    main.o                    src/main.s:42
__osmaperrno (oserror.o):
    _mappederrno.o            /mnt/d/retro/cc65/asminc/errno.inc:8
__printf (_printf.o):
    vsnprintf.o               common/vsnprintf.s:10
    vfprintf.o                common/vfprintf.s:10
    vcprintf.o                conio/vcprintf.s:9
__seterrno (_seterrno.o):
    _directerrno.o            /mnt/d/retro/cc65/asminc/errno.inc:9
    fwrite.o                  /mnt/d/retro/cc65/asminc/errno.inc:9
    _mappederrno.o            /mnt/d/retro/cc65/asminc/errno.inc:9
__sysremove (sysremove.o):
    remove.o                  common/remove.s:9
_alldirections (main.o):
    menu2.o                   src/menu2.s:25
_anotherturn (main.o):
    menu2.o                   src/menu2.s:30
    career2.o                 src/career2.s:22
    ring1.o                   src/ring1.s:22
_bgcolor (color.o):
    vdc_core.o                src/vdc_core.s:24
_board_reposition (main.o):
    menu2.o                   src/menu2.s:41
_board_reset (main.o):
    menu2.o                   src/menu2.s:43
_board_scroll (menu2.o):
    main.o                    src/main.s:162
_bootdevice (main.o):
    vdc_core.o                src/vdc_core.s:28
_bordercolor (color.o):
    vdc_core.o                src/vdc_core.s:25
_c128_stdjoy_joy (c128-stdjoy-joy.o):
    joy_stat_stddrv.o         c128/joy_stat_stddrv.s:10
_card_selectopportunity (main.o):
    career2.o                 src/career2.s:26
    ring1.o                   src/ring1.s:29
_cards_actiontext (main.o):
    menu1.o                   src/menu1.s:30
    career2.o                 src/career2.s:27
    ring1.o                   src/ring1.s:30
_cards_show (menu1.o):
    main.o                    src/main.s:158
_career (main.o):
    menu1.o                   src/menu1.s:22
    career1.o                 src/career1.s:21
_career_generic (career1.o):
    main.o                    src/main.s:135
_career_getexperiencecard (career1.o):
    main.o                    src/main.s:138
_career_getfame (career2.o):
    main.o                    src/main.s:157
_career_getfamebuthospital (career1.o):
    main.o                    src/main.s:144
_career_getfamenohappiness (career2.o):
    main.o                    src/main.s:150
_career_gethappiness (career1.o):
    main.o                    src/main.s:137
_career_gethappinessandfame (career1.o):
    main.o                    src/main.s:140
_career_getmoney (career2.o):
    main.o                    src/main.s:154
_career_getmoneyandfame (career2.o):
    main.o                    src/main.s:148
_career_getmoneytimesdie (career1.o):
    main.o                    src/main.s:139
_career_getopportunitycard (career2.o):
    main.o                    src/main.s:145
_career_getsalary (career2.o):
    main.o                    src/main.s:146
_career_getsalarytimesdie (career2.o):
    main.o                    src/main.s:151
_career_gotohospital (career1.o):
    main.o                    src/main.s:142
_career_gotoparkbench (career1.o):
    main.o                    src/main.s:141
_career_looseallfame (career2.o):
    main.o                    src/main.s:153
_career_loosehalffame (career2.o):
    main.o                    src/main.s:149
_career_loosehalfmoney (career2.o):
    main.o                    src/main.s:155
_career_loosehalfsalary (career2.o):
    main.o                    src/main.s:147
_career_loosemoneyorparkbench (career1.o):
    main.o                    src/main.s:143
_career_skipturn (career2.o):
    main.o                    src/main.s:156
_career_throwagain (career2.o):
    main.o                    src/main.s:152
_career_waitforkey (career1.o):
    main.o                    src/main.s:136
_careerfield (main.o):
    career2.o                 src/career2.s:18
    career1.o                 src/career1.s:22
_cbm_close (cbm_close.o):
    vdc_core.o                src/vdc_core.s:20
    main.o                    src/main.s:28
_cbm_k_close (c_close.o):
    cbm_close.o               cbm/cbm_close.s:7
_cbm_k_load (c_load.o):
    cbm_load.o                ../libwrk/c128/cbm_load.s:13
    sidplay.o                 src/sidplay.s:13
    vdc_core.o                src/vdc_core.s:15
    menu2.o                   src/menu2.s:16
    main.o                    src/main.s:22
_cbm_k_open (c_open.o):
    cbm_open.o                cbm/cbm_open.s:23
_cbm_k_save (c_save.o):
    vdc_core.o                src/vdc_core.s:16
    menu2.o                   src/menu2.s:17
    main.o                    src/main.s:23
_cbm_k_setlfs (c_setlfs.o):
    cbm_open.o                cbm/cbm_open.s:23
    cbm_load.o                ../libwrk/c128/cbm_load.s:14
    sidplay.o                 src/sidplay.s:14
    vdc_core.o                src/vdc_core.s:17
    menu2.o                   src/menu2.s:18
    main.o                    src/main.s:24
_cbm_k_setnam (c_setnam.o):
    cbm_open.o                cbm/cbm_open.s:23
    cbm_load.o                ../libwrk/c128/cbm_load.s:15
    sidplay.o                 src/sidplay.s:15
    vdc_core.o                src/vdc_core.s:18
    menu2.o                   src/menu2.s:19
    main.o                    src/main.s:25
_cbm_load (cbm_load.o):
    main.o                    src/main.s:26
_cbm_open (cbm_open.o):
    vdc_core.o                src/vdc_core.s:19
    main.o                    src/main.s:27
_cbm_read (cbm_read.o):
    vdc_core.o                src/vdc_core.s:21
    main.o                    src/main.s:29
_cgetc (cgetc.o):
    main.o                    src/main.s:37
_clock (clock.o):
    main.o                    src/main.s:45
_clrscr (clrscr.o):
    vdc_core.o                src/vdc_core.s:22
    main.o                    src/main.s:30
_cprintf (cprintf.o):
    menu1.o                   src/menu1.s:17
    career2.o                 src/career2.s:15
    career1.o                 src/career1.s:16
    ring4.o                   src/ring4.s:16
    ring3.o                   src/ring3.s:16
    ring2.o                   src/ring2.s:16
    ring1.o                   src/ring1.s:16
    main.o                    src/main.s:36
_cputc (cputc.o):
    vcprintf.o                conio/vcprintf.s:9
    cputs.o                   conio/cputs.s:9
    career1.o                 src/career1.s:14
    main.o                    src/main.s:33
_cputs (cputs.o):
    menu1.o                   src/menu1.s:15
    ring4.o                   src/ring4.s:14
    ring3.o                   src/ring3.s:14
    ring2.o                   src/ring2.s:14
    ring1.o                   src/ring1.s:14
    main.o                    src/main.s:34
_cputsxy (cputs.o):
    menu2.o                   src/menu2.s:20
    menu1.o                   src/menu1.s:16
    career2.o                 src/career2.s:14
    career1.o                 src/career1.s:15
    ring4.o                   src/ring4.s:15
    ring3.o                   src/ring3.s:15
    ring2.o                   src/ring2.s:15
    ring1.o                   src/ring1.s:15
    main.o                    src/main.s:35
_dice_throw (main.o):
    career2.o                 src/career2.s:25
    career1.o                 src/career1.s:34
    ring4.o                   src/ring4.s:28
    ring3.o                   src/ring3.s:27
    ring2.o                   src/ring2.s:30
_dice_total (main.o):
    career2.o                 src/career2.s:24
    career1.o                 src/career1.s:27
    ring4.o                   src/ring4.s:22
    ring3.o                   src/ring3.s:22
    ring2.o                   src/ring2.s:24
_exit (crt0.o):
    libref.o                  c128/libref.s:11
    vdc_core.o                src/vdc_core.s:26
    main.o                    src/main.s:41
_fieldinformation (main.o):
    career2.o                 src/career2.s:21
    career1.o                 src/career1.s:24
    ring4.o                   src/ring4.s:20
    ring3.o                   src/ring3.s:20
    ring2.o                   src/ring2.s:20
    ring1.o                   src/ring1.s:21
_fileerrormessage (main.o):
    menu2.o                   src/menu2.s:39
_fwrite (fwrite.o):
    vfprintf.o                common/vfprintf.s:10
_gameendflag (main.o):
    menu2.o                   src/menu2.s:29
    ring2.o                   src/ring2.s:21
_getcurrentdevice (curdevice.o):
    sidplay.o                 src/sidplay.s:16
    menu2.o                   src/menu2.s:21
    main.o                    src/main.s:44
_getkey (main.o):
    menu2.o                   src/menu2.s:34
    menu1.o                   src/menu1.s:27
    career1.o                 src/career1.s:28
    ring4.o                   src/ring4.s:23
    ring3.o                   src/ring3.s:23
    ring2.o                   src/ring2.s:25
    ring1.o                   src/ring1.s:24
_gotoxy (gotoxy.o):
    menu1.o                   src/menu1.s:14
    career2.o                 src/career2.s:13
    career1.o                 src/career1.s:13
    ring4.o                   src/ring4.s:13
    ring3.o                   src/ring3.s:13
    ring2.o                   src/ring2.s:13
    ring1.o                   src/ring1.s:13
    main.o                    src/main.s:32
_information_colorlegend (menu1.o):
    main.o                    src/main.s:160
_information_credits (menu1.o):
    main.o                    src/main.s:161
_information_gamescore (menu1.o):
    main.o                    src/main.s:159
_input (main.o):
    menu2.o                   src/menu2.s:35
_input_number (main.o):
    ring4.o                   src/ring4.s:24
    ring2.o                   src/ring2.s:26
    ring1.o                   src/ring1.s:25
_isprint (isprint.o):
    main.o                    src/main.s:43
_joy_install (joy-kernel.o):
    main.o                    src/main.s:47
_joy_read (joy_read.o):
    main.o                    src/main.s:49
_joy_static_stddrv (joy_stat_stddrv.o):
    main.o                    src/main.s:46
_joy_uninstall (joy-kernel.o):
    main.o                    src/main.s:48
_kbhit (kbhit.o):
    main.o                    src/main.s:31
_loadgame (menu2.o):
    main.o                    src/main.s:164
_ltoa (ltoa.o):
    _printf.o                 common/_printf.s:12
_main (main.o):
    callmain.o                runtime/callmain.s:11
_memcpy (memcpy.o):
    vsnprintf.o               common/vsnprintf.s:10
_menumakeborder (main.o):
    menu2.o                   src/menu2.s:37
    menu1.o                   src/menu1.s:29
    career1.o                 src/career1.s:30
    ring4.o                   src/ring4.s:26
    ring3.o                   src/ring3.s:25
    ring2.o                   src/ring2.s:28
    ring1.o                   src/ring1.s:27
_menupulldown (main.o):
    menu2.o                   src/menu2.s:38
    career1.o                 src/career1.s:31
    ring4.o                   src/ring4.s:27
    ring3.o                   src/ring3.s:26
    ring2.o                   src/ring2.s:29
    ring1.o                   src/ring1.s:28
_opportunitycard (main.o):
    menu2.o                   src/menu2.s:27
    menu1.o                   src/menu1.s:23
    career2.o                 src/career2.s:19
    ring1.o                   src/ring1.s:19
_paidforleave (main.o):
    ring2.o                   src/ring2.s:23
_pawn_erase (main.o):
    career1.o                 src/career1.s:33
_pawn_place (main.o):
    menu2.o                   src/menu2.s:42
    career1.o                 src/career1.s:32
_player (main.o):
    menu2.o                   src/menu2.s:28
    menu1.o                   src/menu1.s:24
    career2.o                 src/career2.s:20
    career1.o                 src/career1.s:23
    ring4.o                   src/ring4.s:19
    ring3.o                   src/ring3.s:19
    ring2.o                   src/ring2.s:19
    ring1.o                   src/ring1.s:20
_player_collegeexperience (main.o):
    ring2.o                   src/ring2.s:31
_playerturn (main.o):
    menu2.o                   src/menu2.s:31
    menu1.o                   src/menu1.s:25
    career2.o                 src/career2.s:23
    career1.o                 src/career1.s:25
    ring4.o                   src/ring4.s:21
    ring3.o                   src/ring3.s:21
    ring2.o                   src/ring2.s:22
    ring1.o                   src/ring1.s:23
_printcentered (main.o):
    menu1.o                   src/menu1.s:26
_printf (printf.o):
    vdc_core.o                src/vdc_core.s:13
    main.o                    src/main.s:14
_pulldownmenutitles (main.o):
    menu2.o                   src/menu2.s:24
    menu1.o                   src/menu1.s:21
_rand (rand.o):
    career1.o                 src/career1.s:18
    main.o                    src/main.s:39
_remove (remove.o):
    menu2.o                   src/menu2.s:13
    main.o                    src/main.s:15
_ring (main.o):
    menu2.o                   src/menu2.s:26
_ring_artgallery (ring2.o):
    main.o                    src/main.s:122
_ring_automobileshow (ring1.o):
    main.o                    src/main.s:117
_ring_business (ring2.o):
    main.o                    src/main.s:121
_ring_college (ring1.o):
    main.o                    src/main.s:118
_ring_farming (ring1.o):
    main.o                    src/main.s:116
_ring_floridavacation (ring3.o):
    main.o                    src/main.s:129
_ring_hollywood (ring3.o):
    main.o                    src/main.s:128
_ring_hospital (ring1.o):
    main.o                    src/main.s:119
_ring_moon (ring4.o):
    main.o                    src/main.s:133
_ring_opportunity (ring1.o):
    main.o                    src/main.s:114
_ring_parkbench (ring2.o):
    main.o                    src/main.s:124
_ring_payday (ring1.o):
    main.o                    src/main.s:113
_ring_payfoodbills (ring2.o):
    main.o                    src/main.s:120
_ring_payrent (ring3.o):
    main.o                    src/main.s:125
_ring_paytaxes (ring1.o):
    main.o                    src/main.s:115
_ring_politics (ring3.o):
    main.o                    src/main.s:126
_ring_sea (ring2.o):
    main.o                    src/main.s:123
_ring_shoppingspree (ring3.o):
    main.o                    src/main.s:127
_ring_statueinthepark (ring4.o):
    main.o                    src/main.s:134
_ring_stockmarket (ring4.o):
    main.o                    src/main.s:130
_ring_uranium (ring4.o):
    main.o                    src/main.s:131
_ring_yachtharbor (ring4.o):
    main.o                    src/main.s:132
_saveconfigfile (main.o):
    menu2.o                   src/menu2.s:40
_savegame (menu2.o):
    main.o                    src/main.s:163
_set_c128_speed (acc_c128_speed.o):
[...]
    ring1.o                   src/ring1.s:1901
shrax1 (shrax1.o):
    main.o                    src/main.s:8727
shrax3 (shrax3.o):
    vdc_core.o                src/vdc_core.s:2162
shreax1 (shreax1.o):
    career2.o                 src/career2.s:1251
    career2.o                 src/career2.s:1251
    ring3.o                   src/ring3.s:998
    ring2.o                   src/ring2.s:1728
    ring2.o                   src/ring2.s:1728
    ring1.o                   src/ring1.s:1901
shreax2 (shreax2.o):
    ring2.o                   src/ring2.s:1728
sp (zeropage.o):
    memcpy.o                  common/memcpy.s:15
    vsnprintf.o               common/vsnprintf.s:11
    lcmp.o                    runtime/lcmp.s:10
    decsp6.o                  runtime/decsp6.s:8
    _printf.o                 /mnt/d/retro/cc65/asminc/zeropage.inc:11
    vfprintf.o                common/vfprintf.s:11
    vcprintf.o                conio/vcprintf.s:10
    toslong.o                 runtime/toslong.s:9
    subysp.o                  runtime/subysp.s:9
    subeqsp.o                 runtime/subeqsp.s:8
    sub.o                     runtime/sub.s:9
    steaxsp.o                 runtime/steaxsp.s:8
    staxsp.o                  runtime/staxsp.s:8
    staspidx.o                runtime/staspidx.s:9
    sprintf.o                 common/sprintf.s:9
    pushwsp.o                 runtime/pushwsp.s:8
    pushax.o                  runtime/pushax.s:8
    pusha.o                   runtime/pusha.s:8
    printf.o                  common/printf.s:9
    popptr1.o                 runtime/popptr1.s:9
    popa.o                    runtime/popa.s:8
    ludiv.o                   runtime/ludiv.s:10
    lsub.o                    runtime/lsub.s:12
    lpush.o                   runtime/lpush.s:13
    lor.o                     runtime/lor.s:10
    lmul.o                    runtime/lmul.s:10
    leaaxsp.o                 runtime/leaaxsp.s:8
    ldeaxysp.o                runtime/ldeaxysp.s:12
    ldaxsp.o                  runtime/ldaxsp.s:8
    land.o                    runtime/land.s:10
    laddeqsp.o                runtime/laddeqsp.s:8
    ladd.o                    runtime/ladd.s:9
    incsp2.o                  runtime/incsp2.s:8
    incsp1.o                  runtime/incsp1.s:8
    icmp.o                    runtime/icmp.s:9
    decsp8.o                  runtime/decsp8.s:8
    decsp5.o                  runtime/decsp5.s:8
    decsp4.o                  runtime/decsp4.s:8
    decsp3.o                  runtime/decsp3.s:8
    decsp2.o                  runtime/decsp2.s:8
    decsp1.o                  runtime/decsp1.s:8
    crt0.o                    /mnt/d/retro/cc65/asminc/zeropage.inc:11
    cprintf.o                 conio/cprintf.s:9
    cbm_load.o                ../libwrk/c128/cbm_load.s:10
    addysp.o                  runtime/addysp.s:8
    addeqsp.o                 runtime/addeqsp.s:8
    add.o                     runtime/add.s:12
    snes.o                    src/snes.s:10
    vdc_core.o                src/vdc_core.s:10
    menu2.o                   src/menu2.s:10
    menu1.o                   src/menu1.s:10
    career2.o                 src/career2.s:10
    career1.o                 src/career1.s:10
    ring4.o                   src/ring4.s:10
    ring3.o                   src/ring3.s:10
    ring2.o                   src/ring2.s:10
    ring1.o                   src/ring1.s:10
    main.o                    src/main.s:10
sreg (zeropage.o):
    lneg.o                    runtime/lneg.s:11
    ltoa.o                    common/ltoa.s:11
    lcmp.o                    runtime/lcmp.s:10
    _printf.o                 /mnt/d/retro/cc65/asminc/zeropage.inc:11
    udiv.o                    runtime/udiv.s:10
    steaxspi.o                runtime/steaxspi.s:10
    steaxsp.o                 runtime/steaxsp.s:8
    shreax2.o                 runtime/shreax2.s:8
    shreax1.o                 runtime/shreax1.s:8
    mod.o                     runtime/mod.s:12
    ludiv.o                   runtime/ludiv.s:10
    lsub.o                    runtime/lsub.s:12
    lpush.o                   runtime/lpush.s:13
    lor.o                     runtime/lor.s:10
    lmul.o                    runtime/lmul.s:10
    ldec.o                    runtime/ldec.s:9
    ldeaxysp.o                runtime/ldeaxysp.s:12
    ldeaxi.o                  runtime/ldeaxi.s:8
    lbneg.o                   runtime/lbneg.s:8
    land.o                    runtime/land.s:10
    laddeqsp.o                runtime/laddeqsp.s:8
    ladd.o                    runtime/ladd.s:9
    icmp.o                    runtime/icmp.s:9
    clock.o                   cbm/clock.s:9
    axlong.o                  runtime/axlong.s:9
    asleax1.o                 runtime/asleax1.s:8
    menu2.o                   src/menu2.s:10
    career2.o                 src/career2.s:10
    career1.o                 src/career1.s:10
    ring4.o                   src/ring4.s:10
    ring3.o                   src/ring3.s:10
    ring2.o                   src/ring2.s:10
    ring1.o                   src/ring1.s:10
    main.o                    src/main.s:10
staspidx (staspidx.o):
    menu2.o                   src/menu2.s:1883
    career2.o                 src/career2.s:1251
    career2.o                 src/career2.s:1251
    career2.o                 src/career2.s:1251
    career1.o                 src/career1.s:1183
    career1.o                 src/career1.s:1183
    career1.o                 src/career1.s:1183
    main.o                    src/main.s:8727
    main.o                    src/main.s:8727
    main.o                    src/main.s:8727
    main.o                    src/main.s:8727
    main.o                    src/main.s:8727
stax0sp (staxsp.o):
    vdc_core.o                src/vdc_core.s:2162
    vdc_core.o                src/vdc_core.s:2162
    vdc_core.o                src/vdc_core.s:2162
    vdc_core.o                src/vdc_core.s:2162
    vdc_core.o                src/vdc_core.s:2162
    vdc_core.o                src/vdc_core.s:2162
    vdc_core.o                src/vdc_core.s:2162
    menu2.o                   src/menu2.s:1883
    menu2.o                   src/menu2.s:1883
    main.o                    src/main.s:8727
staxysp (staxsp.o):
    vsprintf.o                common/vsprintf.s:8
    vdc_core.o                src/vdc_core.s:2162
    vdc_core.o                src/vdc_core.s:2162
    vdc_core.o                src/vdc_core.s:2162
    main.o                    src/main.s:8727
steax0sp (steaxsp.o):
    ring4.o                   src/ring4.s:1887
    ring4.o                   src/ring4.s:1887
    ring3.o                   src/ring3.s:998
    ring3.o                   src/ring3.s:998
    ring1.o                   src/ring1.s:1901
steaxspidx (steaxspi.o):
    menu2.o                   src/menu2.s:1883
    career2.o                 src/career2.s:1251
    career2.o                 src/career2.s:1251
    career2.o                 src/career2.s:1251
    career2.o                 src/career2.s:1251
    career2.o                 src/career2.s:1251
    career2.o                 src/career2.s:1251
    career1.o                 src/career1.s:1183
    career1.o                 src/career1.s:1183
    ring4.o                   src/ring4.s:1887
    ring4.o                   src/ring4.s:1887
    ring4.o                   src/ring4.s:1887
    ring4.o                   src/ring4.s:1887
    ring4.o                   src/ring4.s:1887
    ring3.o                   src/ring3.s:998
    ring3.o                   src/ring3.s:998
    ring3.o                   src/ring3.s:998
    ring3.o                   src/ring3.s:998
    ring2.o                   src/ring2.s:1728
    ring2.o                   src/ring2.s:1728
    ring2.o                   src/ring2.s:1728
    ring2.o                   src/ring2.s:1728
    ring2.o                   src/ring2.s:1728
    ring2.o                   src/ring2.s:1728
    ring1.o                   src/ring1.s:1901
    ring1.o                   src/ring1.s:1901
    ring1.o                   src/ring1.s:1901
    ring1.o                   src/ring1.s:1901
    ring1.o                   src/ring1.s:1901
    main.o                    src/main.s:8727
steaxysp (steaxsp.o):
    ring4.o                   src/ring4.s:1887
    ring4.o                   src/ring4.s:1887
    ring2.o                   src/ring2.s:1728
subeq0sp (subeqsp.o):
    vdc_core.o                src/vdc_core.s:2162
    vdc_core.o                src/vdc_core.s:2162
    vdc_core.o                src/vdc_core.s:2162
    vdc_core.o                src/vdc_core.s:2162
subeqysp (subeqsp.o):
    vdc_core.o                src/vdc_core.s:2162
subysp (subysp.o):
    menu2.o                   src/menu2.s:1883
    menu2.o                   src/menu2.s:1883
    menu1.o                   src/menu1.s:1725
    main.o                    src/main.s:8727
    main.o                    src/main.s:8727
    main.o                    src/main.s:8727
    main.o                    src/main.s:8727
tmp1 (zeropage.o):
    diskcmd.o                 cbm/diskcmd.s:15
    ltoa.o                    common/ltoa.s:11
    filename.o                cbm/filename.s:12
    _printf.o                 /mnt/d/retro/cc65/asminc/zeropage.inc:13
    vcprintf.o                conio/vcprintf.s:10
    strchr.o                  common/strchr.s:10
    steaxspi.o                runtime/steaxspi.s:10
    staspidx.o                runtime/staspidx.s:9
    shreax2.o                 runtime/shreax2.s:8
    shreax1.o                 runtime/shreax1.s:8
    shrax3.o                  runtime/shrax3.s:8
    shrax1.o                  runtime/shrax1.s:8
    shelp.o                   runtime/shelp.s:12
    mul.o                     runtime/mul.s:10
    mod.o                     runtime/mod.s:12
    lor.o                     runtime/lor.s:10
    ldec.o                    runtime/ldec.s:9
    lbneg.o                   runtime/lbneg.s:8
    land.o                    runtime/land.s:10
    ladd.o                    runtime/ladd.s:9
    incaxy.o                  runtime/incaxy.s:8
    decaxy.o                  runtime/decaxy.s:8
    cputs.o                   conio/cputs.s:10
    cbm_read.o                cbm/cbm_read.s:42
    c_setlfs.o                cbm/c_setlfs.s:13
    c_save.o                  cbm/c_save.s:11
    asleax1.o                 runtime/asleax1.s:8
    aslax4.o                  runtime/aslax4.s:8
    aslax3.o                  runtime/aslax3.s:8
    aslax2.o                  runtime/aslax2.s:8
    aslax1.o                  runtime/aslax1.s:8
    add.o                     runtime/add.s:12
    vdc_core.o                src/vdc_core.s:11
    ring2.o                   src/ring2.s:11
    main.o                    src/main.s:11
tmp2 (zeropage.o):
    rwcommon.o                cbm/rwcommon.s:10
    steaxspi.o                runtime/steaxspi.s:10
    shelp.o                   runtime/shelp.s:12
    lmul.o                    runtime/lmul.s:10
tmp3 (zeropage.o):
    strcat.o                  common/strcat.s:10
    steaxspi.o                runtime/steaxspi.s:10
    ludiv.o                   runtime/ludiv.s:10
    lmul.o                    runtime/lmul.s:10
tmp4 (zeropage.o):
    ludiv.o                   runtime/ludiv.s:10
    lmul.o                    runtime/lmul.s:10
tosadda0 (add.o):
    career2.o                 src/career2.s:1251
    career2.o                 src/career2.s:1251
    career2.o                 src/career2.s:1251
    career1.o                 src/career1.s:1183
    career1.o                 src/career1.s:1183
    career1.o                 src/career1.s:1183
    main.o                    src/main.s:8727
    main.o                    src/main.s:8727
tosaddax (add.o):
    main.o                    src/main.s:8727
    main.o                    src/main.s:8727
    main.o                    src/main.s:8727
    main.o                    src/main.s:8727
    main.o                    src/main.s:8727
tosaddeax (ladd.o):
    career2.o                 src/career2.s:1251
    career2.o                 src/career2.s:1251
    career2.o                 src/career2.s:1251
    career2.o                 src/career2.s:1251
    career1.o                 src/career1.s:1183
    ring4.o                   src/ring4.s:1887
    ring2.o                   src/ring2.s:1728
    ring1.o                   src/ring1.s:1901
tosandeax (land.o):
    menu2.o                   src/menu2.s:1883
tosicmp (icmp.o):
    ring1.o                   src/ring1.s:1901
    main.o                    src/main.s:8727
    main.o                    src/main.s:8727
tosicmp0 (icmp.o):
    main.o                    src/main.s:8727
toslcmp (lcmp.o):
    lult.o                    runtime/lult.s:8
    lugt.o                    runtime/lugt.s:8
toslong (toslong.o):
    ring4.o                   src/ring4.s:1887
    ring1.o                   src/ring1.s:1901
tosmoda0 (mod.o):
    career1.o                 src/career1.s:1183
    main.o                    src/main.s:8727
    main.o                    src/main.s:8727
tosmula0 (mul8.o):
    menu2.o                   src/menu2.s:1883
    menu2.o                   src/menu2.s:1883
    menu2.o                   src/menu2.s:1883
    menu1.o                   src/menu1.s:1725
    menu1.o                   src/menu1.s:1725
    career2.o                 src/career2.s:1251
    career2.o                 src/career2.s:1251
    career2.o                 src/career2.s:1251
    career2.o                 src/career2.s:1251
    career2.o                 src/career2.s:1251
    career2.o                 src/career2.s:1251
    career2.o                 src/career2.s:1251
    career2.o                 src/career2.s:1251
    career2.o                 src/career2.s:1251
    career2.o                 src/career2.s:1251
    career2.o                 src/career2.s:1251
    career2.o                 src/career2.s:1251
    career1.o                 src/career1.s:1183
    career1.o                 src/career1.s:1183
    career1.o                 src/career1.s:1183
    career1.o                 src/career1.s:1183
    career1.o                 src/career1.s:1183
    career1.o                 src/career1.s:1183
    career1.o                 src/career1.s:1183
    career1.o                 src/career1.s:1183
    career1.o                 src/career1.s:1183
    ring4.o                   src/ring4.s:1887
    ring4.o                   src/ring4.s:1887
    ring4.o                   src/ring4.s:1887
    ring4.o                   src/ring4.s:1887
    ring4.o                   src/ring4.s:1887
    ring3.o                   src/ring3.s:998
    ring3.o                   src/ring3.s:998
    ring3.o                   src/ring3.s:998
    ring3.o                   src/ring3.s:998
    ring3.o                   src/ring3.s:998
    ring2.o                   src/ring2.s:1728
    ring2.o                   src/ring2.s:1728
    ring2.o                   src/ring2.s:1728
    ring2.o                   src/ring2.s:1728
    ring2.o                   src/ring2.s:1728
    ring2.o                   src/ring2.s:1728
    ring2.o                   src/ring2.s:1728
    ring1.o                   src/ring1.s:1901
    ring1.o                   src/ring1.s:1901
    ring1.o                   src/ring1.s:1901
    ring1.o                   src/ring1.s:1901
    ring1.o                   src/ring1.s:1901
    ring1.o                   src/ring1.s:1901
    main.o                    src/main.s:8727
    main.o                    src/main.s:8727
    main.o                    src/main.s:8727
    main.o                    src/main.s:8727
    main.o                    src/main.s:8727
    main.o                    src/main.s:8727
    main.o                    src/main.s:8727
    main.o                    src/main.s:8727
    main.o                    src/main.s:8727
    main.o                    src/main.s:8727
    main.o                    src/main.s:8727
    main.o                    src/main.s:8727
    main.o                    src/main.s:8727
    main.o                    src/main.s:8727
    main.o                    src/main.s:8727
    main.o                    src/main.s:8727
tosmulax (mul.o):
    career2.o                 src/career2.s:1251
    career2.o                 src/career2.s:1251
    career2.o                 src/career2.s:1251
    career2.o                 src/career2.s:1251
    career1.o                 src/career1.s:1183
    career1.o                 src/career1.s:1183
    ring4.o                   src/ring4.s:1887
    ring2.o                   src/ring2.s:1728
    ring1.o                   src/ring1.s:1901
tosoreax (lor.o):
    menu2.o                   src/menu2.s:1883
tossub0ax (lsub.o):
    ring4.o                   src/ring4.s:1887
    ring4.o                   src/ring4.s:1887
    ring4.o                   src/ring4.s:1887
    ring4.o                   src/ring4.s:1887
    ring3.o                   src/ring3.s:998
    ring3.o                   src/ring3.s:998
    ring2.o                   src/ring2.s:1728
    ring1.o                   src/ring1.s:1901
    ring1.o                   src/ring1.s:1901
    ring1.o                   src/ring1.s:1901
tossuba0 (sub.o):
    menu1.o                   src/menu1.s:1725
    menu1.o                   src/menu1.s:1725
    ring4.o                   src/ring4.s:1887
    ring4.o                   src/ring4.s:1887
    ring1.o                   src/ring1.s:1901
    main.o                    src/main.s:8727
tossubax (sub.o):
    main.o                    src/main.s:8727
    main.o                    src/main.s:8727
tossubeax (lsub.o):
    career2.o                 src/career2.s:1251
    career2.o                 src/career2.s:1251
    career1.o                 src/career1.s:1183
    ring4.o                   src/ring4.s:1887
    ring4.o                   src/ring4.s:1887
    ring4.o                   src/ring4.s:1887
    ring3.o                   src/ring3.s:998
    ring3.o                   src/ring3.s:998
    ring2.o                   src/ring2.s:1728
    ring2.o                   src/ring2.s:1728
    ring2.o                   src/ring2.s:1728
    ring2.o                   src/ring2.s:1728
    ring1.o                   src/ring1.s:1901
    ring1.o                   src/ring1.s:1901
    main.o                    src/main.s:8727
tosudiv0ax (ludiv.o):
    ring4.o                   src/ring4.s:1887
    ring3.o                   src/ring3.s:998
    ring2.o                   src/ring2.s:1728
    ring1.o                   src/ring1.s:1901
    ring1.o                   src/ring1.s:1901
tosudivax (udiv.o):
    fwrite.o                  common/fwrite.s:12
tosugteax (lugt.o):
    ring4.o                   src/ring4.s:1887
    ring3.o                   src/ring3.s:998
    ring1.o                   src/ring1.s:1901
    ring1.o                   src/ring1.s:1901
tosulteax (lult.o):
    career1.o                 src/career1.s:1183
    ring2.o                   src/ring2.s:1728
    ring2.o                   src/ring2.s:1728
    main.o                    src/main.s:8727
tosumul0ax (lmul.o):
    ring1.o                   src/ring1.s:1901
tosumula0 (mul8.o):
    vdc_core.o                src/vdc_core.s:2162
    vdc_core.o                src/vdc_core.s:2162
    vdc_core.o                src/vdc_core.s:2162
    vdc_core.o                src/vdc_core.s:2162
    main.o                    src/main.s:8727
    main.o                    src/main.s:8727
    main.o                    src/main.s:8727
tosumulax (mul.o):
    fwrite.o                  common/fwrite.s:12
    vdc_core.o                src/vdc_core.s:2162
tosumuleax (lmul.o):
    career2.o                 src/career2.s:1251
    career1.o                 src/career1.s:1183
    ring3.o                   src/ring3.s:998
    ring2.o                   src/ring2.s:1728
udiv16 (udiv.o):
    shelp.o                   runtime/shelp.s:11
vsnprintf (vsnprintf.o):
    vsprintf.o                common/vsprintf.s:9
writefndiskcmd (diskcmd.o):
    scratch.o                 cbm/scratch.s:8
zerobss (zerobss.o):
    crt0.o                    c128/crt0.s:8

