Modules list:
-------------
vdc_core_assembly.o:
    MACO              Offs=000000  Size=000671  Align=00001  Fill=0000
sidplay_assembly.o:
    MACO              Offs=000671  Size=0000D3  Align=00001  Fill=0000
main.o:
    CODE              Offs=000000  Size=003F67  Align=00001  Fill=0000
    RODATA            Offs=000000  Size=000688  Align=00001  Fill=0000
    BSS               Offs=000000  Size=0001C2  Align=00001  Fill=0000
    DATA              Offs=000000  Size=001440  Align=00001  Fill=0000
vdc_core.o:
    CODE              Offs=003F67  Size=000D0C  Align=00001  Fill=0000
    RODATA            Offs=000688  Size=000050  Align=00001  Fill=0000
    DATA              Offs=001440  Size=000010  Align=00001  Fill=0000
sidplay.o:
    CODE              Offs=004C73  Size=000033  Align=00001  Fill=0000
snes.o:
    CODE              Offs=004CA6  Size=0000C9  Align=00001  Fill=0000
    BSS               Offs=0001C2  Size=000002  Align=00001  Fill=0000
/mnt/d/retro/cc65/lib/c128.lib(_cursor.o):
    BSS               Offs=0001C4  Size=000001  Align=00001  Fill=0000
/mnt/d/retro/cc65/lib/c128.lib(_directerrno.o):
    CODE              Offs=004D6F  Size=00000A  Align=00001  Fill=0000
/mnt/d/retro/cc65/lib/c128.lib(_file.o):
    DATA              Offs=001450  Size=00001E  Align=00001  Fill=0000
/mnt/d/retro/cc65/lib/c128.lib(_hextab.o):
    RODATA            Offs=0006D8  Size=000010  Align=00001  Fill=0000
/mnt/d/retro/cc65/lib/c128.lib(_longminstr.o):
    RODATA            Offs=0006E8  Size=00000C  Align=00001  Fill=0000
/mnt/d/retro/cc65/lib/c128.lib(_mappederrno.o):
    CODE              Offs=004D79  Size=000010  Align=00001  Fill=0000
/mnt/d/retro/cc65/lib/c128.lib(_oserror.o):
    BSS               Offs=0001C5  Size=000001  Align=00001  Fill=0000
/mnt/d/retro/cc65/lib/c128.lib(_printf.o):
    CODE              Offs=004D89  Size=0003A5  Align=00001  Fill=0000
    BSS               Offs=0001C6  Size=00002B  Align=00001  Fill=0000
    DATA              Offs=00146E  Size=000003  Align=00001  Fill=0000
/mnt/d/retro/cc65/lib/c128.lib(_seterrno.o):
    CODE              Offs=00512E  Size=000009  Align=00001  Fill=0000
/mnt/d/retro/cc65/lib/c128.lib(acc_c128_speed.o):
    CODE              Offs=005137  Size=000010  Align=00001  Fill=0000
/mnt/d/retro/cc65/lib/c128.lib(add.o):
    CODE              Offs=005147  Size=00001C  Align=00001  Fill=0000
/mnt/d/retro/cc65/lib/c128.lib(addeqsp.o):
    CODE              Offs=005163  Size=000011  Align=00001  Fill=0000
/mnt/d/retro/cc65/lib/c128.lib(addysp.o):
    CODE              Offs=005174  Size=00000E  Align=00001  Fill=0000
/mnt/d/retro/cc65/lib/c128.lib(aslax1.o):
    CODE              Offs=005182  Size=000008  Align=00001  Fill=0000
/mnt/d/retro/cc65/lib/c128.lib(aslax2.o):
    CODE              Offs=00518A  Size=00000B  Align=00001  Fill=0000
/mnt/d/retro/cc65/lib/c128.lib(aslax3.o):
    CODE              Offs=005195  Size=00000E  Align=00001  Fill=0000
/mnt/d/retro/cc65/lib/c128.lib(aslax4.o):
    CODE              Offs=0051A3  Size=000011  Align=00001  Fill=0000
/mnt/d/retro/cc65/lib/c128.lib(axlong.o):
    CODE              Offs=0051B4  Size=00000D  Align=00001  Fill=0000
/mnt/d/retro/cc65/lib/c128.lib(c_close.o):
    CODE              Offs=0051C1  Size=000004  Align=00001  Fill=0000
/mnt/d/retro/cc65/lib/c128.lib(c_load.o):
    CODE              Offs=0051C5  Size=00001D  Align=00001  Fill=0000
/mnt/d/retro/cc65/lib/c128.lib(c_open.o):
    CODE              Offs=0051E2  Size=000009  Align=00001  Fill=0000
/mnt/d/retro/cc65/lib/c128.lib(c_save.o):
    CODE              Offs=0051EB  Size=000016  Align=00001  Fill=0000
/mnt/d/retro/cc65/lib/c128.lib(c_setlfs.o):
    CODE              Offs=005201  Size=00000E  Align=00001  Fill=0000
/mnt/d/retro/cc65/lib/c128.lib(c_setnam.o):
    CODE              Offs=00520F  Size=000013  Align=00001  Fill=0000
/mnt/d/retro/cc65/lib/c128.lib(callmain.o):
    CODE              Offs=005222  Size=000017  Align=00001  Fill=0000
    DATA              Offs=001471  Size=000004  Align=00001  Fill=0000
/mnt/d/retro/cc65/lib/c128.lib(cbm_close.o):
/mnt/d/retro/cc65/lib/c128.lib(cbm_open.o):
    CODE              Offs=005239  Size=000016  Align=00001  Fill=0000
/mnt/d/retro/cc65/lib/c128.lib(cbm_read.o):
    CODE              Offs=00524F  Size=00005B  Align=00001  Fill=0000
/mnt/d/retro/cc65/lib/c128.lib(cgetc.o):
    CODE              Offs=0052AA  Size=000030  Align=00001  Fill=0000
    INIT              Offs=000000  Size=000002  Align=00001  Fill=0000
    ONCE              Offs=000000  Size=000013  Align=00001  Fill=0000
/mnt/d/retro/cc65/lib/c128.lib(clock.o):
    CODE              Offs=0052DA  Size=00000A  Align=00001  Fill=0000
/mnt/d/retro/cc65/lib/c128.lib(clrscr.o):
/mnt/d/retro/cc65/lib/c128.lib(color.o):
    CODE              Offs=0052E4  Size=000060  Align=00001  Fill=0000
/mnt/d/retro/cc65/lib/c128.lib(condes.o):
    CODE              Offs=005344  Size=00000C  Align=00001  Fill=0000
    DATA              Offs=001475  Size=000025  Align=00001  Fill=0000
    ONCE              Offs=000013  Size=00000C  Align=00001  Fill=0000
/mnt/d/retro/cc65/lib/c128.lib(conio.o):
/mnt/d/retro/cc65/lib/c128.lib(cprintf.o):
    CODE              Offs=005350  Size=00002A  Align=00001  Fill=0000
    BSS               Offs=0001F1  Size=000001  Align=00001  Fill=0000
/mnt/d/retro/cc65/lib/c128.lib(cputc.o):
    CODE              Offs=00537A  Size=000049  Align=00001  Fill=0000
/mnt/d/retro/cc65/lib/c128.lib(cputs.o):
    CODE              Offs=0053C3  Size=000023  Align=00001  Fill=0000
/mnt/d/retro/cc65/lib/c128.lib(crt0.o):
    BSS               Offs=0001F2  Size=000002  Align=00001  Fill=0000
    STARTUP           Offs=000000  Size=000051  Align=00001  Fill=0000
    INIT              Offs=000002  Size=00001A  Align=00001  Fill=0000
/mnt/d/retro/cc65/lib/c128.lib(ctype.o):
    RODATA            Offs=0006F4  Size=00008B  Align=00001  Fill=0000
/mnt/d/retro/cc65/lib/c128.lib(ctypemask.o):
    CODE              Offs=0053E6  Size=00001E  Align=00001  Fill=0000
/mnt/d/retro/cc65/lib/c128.lib(curdevice.o):
    CODE              Offs=005404  Size=000006  Align=00001  Fill=0000
/mnt/d/retro/cc65/lib/c128.lib(decax1.o):
    CODE              Offs=00540A  Size=000007  Align=00001  Fill=0000
/mnt/d/retro/cc65/lib/c128.lib(decaxy.o):
    CODE              Offs=005411  Size=000009  Align=00001  Fill=0000
/mnt/d/retro/cc65/lib/c128.lib(decsp1.o):
    CODE              Offs=00541A  Size=000009  Align=00001  Fill=0000
/mnt/d/retro/cc65/lib/c128.lib(decsp2.o):
    CODE              Offs=005423  Size=00000D  Align=00001  Fill=0000
/mnt/d/retro/cc65/lib/c128.lib(decsp3.o):
    CODE              Offs=005430  Size=00000D  Align=00001  Fill=0000
/mnt/d/retro/cc65/lib/c128.lib(decsp4.o):
    CODE              Offs=00543D  Size=00000D  Align=00001  Fill=0000
/mnt/d/retro/cc65/lib/c128.lib(decsp5.o):
    CODE              Offs=00544A  Size=00000D  Align=00001  Fill=0000
/mnt/d/retro/cc65/lib/c128.lib(decsp6.o):
    CODE              Offs=005457  Size=00000D  Align=00001  Fill=0000
/mnt/d/retro/cc65/lib/c128.lib(decsp8.o):
    CODE              Offs=005464  Size=00000D  Align=00001  Fill=0000
/mnt/d/retro/cc65/lib/c128.lib(devnum.o):
/mnt/d/retro/cc65/lib/c128.lib(eq.o):
    CODE              Offs=005471  Size=00000A  Align=00001  Fill=0000
/mnt/d/retro/cc65/lib/c128.lib(errno.o):
    BSS               Offs=0001F4  Size=000002  Align=00001  Fill=0000
/mnt/d/retro/cc65/lib/c128.lib(exehdr.o):
    EXEHDR            Offs=000000  Size=00000C  Align=00001  Fill=0000
/mnt/d/retro/cc65/lib/c128.lib(filedes.o):
    CODE              Offs=00547B  Size=00000E  Align=00001  Fill=0000
    DATA              Offs=00149A  Size=000010  Align=00001  Fill=0000
/mnt/d/retro/cc65/lib/c128.lib(filevars.o):
    INIT              Offs=00001C  Size=000001  Align=00001  Fill=0000
    ONCE              Offs=00001F  Size=00000C  Align=00001  Fill=0000
/mnt/d/retro/cc65/lib/c128.lib(fwrite.o):
    CODE              Offs=005489  Size=00007B  Align=00001  Fill=0000
    BSS               Offs=0001F6  Size=000002  Align=00001  Fill=0000
/mnt/d/retro/cc65/lib/c128.lib(gotoxy.o):
    CODE              Offs=005504  Size=00000D  Align=00001  Fill=0000
/mnt/d/retro/cc65/lib/c128.lib(icmp.o):
    CODE              Offs=005511  Size=00002E  Align=00001  Fill=0000
/mnt/d/retro/cc65/lib/c128.lib(incax1.o):
    CODE              Offs=00553F  Size=000007  Align=00001  Fill=0000
/mnt/d/retro/cc65/lib/c128.lib(incax2.o):
    CODE              Offs=005546  Size=000007  Align=00001  Fill=0000
/mnt/d/retro/cc65/lib/c128.lib(incax3.o):
    CODE              Offs=00554D  Size=000005  Align=00001  Fill=0000
/mnt/d/retro/cc65/lib/c128.lib(incax8.o):
    CODE              Offs=005552  Size=000005  Align=00001  Fill=0000
/mnt/d/retro/cc65/lib/c128.lib(incaxy.o):
    CODE              Offs=005557  Size=00000B  Align=00001  Fill=0000
/mnt/d/retro/cc65/lib/c128.lib(incsp1.o):
    CODE              Offs=005562  Size=000007  Align=00001  Fill=0000
/mnt/d/retro/cc65/lib/c128.lib(incsp2.o):
    CODE              Offs=005569  Size=000016  Align=00001  Fill=0000
/mnt/d/retro/cc65/lib/c128.lib(incsp3.o):
    CODE              Offs=00557F  Size=000005  Align=00001  Fill=0000
/mnt/d/retro/cc65/lib/c128.lib(incsp4.o):
    CODE              Offs=005584  Size=000005  Align=00001  Fill=0000
/mnt/d/retro/cc65/lib/c128.lib(incsp5.o):
    CODE              Offs=005589  Size=000005  Align=00001  Fill=0000
/mnt/d/retro/cc65/lib/c128.lib(incsp6.o):
    CODE              Offs=00558E  Size=000005  Align=00001  Fill=0000
/mnt/d/retro/cc65/lib/c128.lib(incsp7.o):
    CODE              Offs=005593  Size=000005  Align=00001  Fill=0000
/mnt/d/retro/cc65/lib/c128.lib(incsp8.o):
    CODE              Offs=005598  Size=000005  Align=00001  Fill=0000
/mnt/d/retro/cc65/lib/c128.lib(isprint.o):
    CODE              Offs=00559D  Size=00000A  Align=00001  Fill=0000
/mnt/d/retro/cc65/lib/c128.lib(joy-kernel.o):
    CODE              Offs=0055A7  Size=00004D  Align=00001  Fill=0000
    RODATA            Offs=00077F  Size=000004  Align=00001  Fill=0000
    BSS               Offs=0001F8  Size=000002  Align=00001  Fill=0000
    DATA              Offs=0014AA  Size=00000C  Align=00001  Fill=0000
/mnt/d/retro/cc65/lib/c128.lib(joy_read.o):
/mnt/d/retro/cc65/lib/c128.lib(joy_stat_stddrv.o):
/mnt/d/retro/cc65/lib/c128.lib(kbhit.o):
    CODE              Offs=0055F4  Size=000009  Align=00001  Fill=0000
/mnt/d/retro/cc65/lib/c128.lib(kernal.o):
/mnt/d/retro/cc65/lib/c128.lib(lcmp.o):
    CODE              Offs=0055FD  Size=00003B  Align=00001  Fill=0000
/mnt/d/retro/cc65/lib/c128.lib(ldaxi.o):
    CODE              Offs=005638  Size=00000D  Align=00001  Fill=0000
/mnt/d/retro/cc65/lib/c128.lib(ldaxsp.o):
    CODE              Offs=005645  Size=000009  Align=00001  Fill=0000
/mnt/d/retro/cc65/lib/c128.lib(ldeaxysp.o):
    CODE              Offs=00564E  Size=000013  Align=00001  Fill=0000
/mnt/d/retro/cc65/lib/c128.lib(leaaxsp.o):
    CODE              Offs=005661  Size=00000C  Align=00001  Fill=0000
/mnt/d/retro/cc65/lib/c128.lib(libref.o):
/mnt/d/retro/cc65/lib/c128.lib(lneg.o):
    CODE              Offs=00566D  Size=00001E  Align=00001  Fill=0000
/mnt/d/retro/cc65/lib/c128.lib(loadaddr.o):
    LOADADDR          Offs=000000  Size=000002  Align=00001  Fill=0000
/mnt/d/retro/cc65/lib/c128.lib(lpush.o):
    CODE              Offs=00568B  Size=000021  Align=00001  Fill=0000
/mnt/d/retro/cc65/lib/c128.lib(lsub.o):
    CODE              Offs=0056AC  Size=000027  Align=00001  Fill=0000
/mnt/d/retro/cc65/lib/c128.lib(ltoa.o):
    CODE              Offs=0056D3  Size=000095  Align=00001  Fill=0000
/mnt/d/retro/cc65/lib/c128.lib(lult.o):
    CODE              Offs=005768  Size=000006  Align=00001  Fill=0000
/mnt/d/retro/cc65/lib/c128.lib(makebool.o):
    CODE              Offs=00576E  Size=00002C  Align=00001  Fill=0000
/mnt/d/retro/cc65/lib/c128.lib(memcpy.o):
    CODE              Offs=00579A  Size=00003C  Align=00001  Fill=0000
/mnt/d/retro/cc65/lib/c128.lib(mod.o):
    CODE              Offs=0057D6  Size=000011  Align=00001  Fill=0000
/mnt/d/retro/cc65/lib/c128.lib(mul.o):
    CODE              Offs=0057E7  Size=000045  Align=00001  Fill=0000
/mnt/d/retro/cc65/lib/c128.lib(mul8.o):
    CODE              Offs=00582C  Size=00003A  Align=00001  Fill=0000
/mnt/d/retro/cc65/lib/c128.lib(mulax10.o):
    CODE              Offs=005866  Size=000019  Align=00001  Fill=0000
/mnt/d/retro/cc65/lib/c128.lib(mulax3.o):
    CODE              Offs=00587F  Size=000011  Align=00001  Fill=0000
/mnt/d/retro/cc65/lib/c128.lib(negabs.o):
    CODE              Offs=005890  Size=000012  Align=00001  Fill=0000
/mnt/d/retro/cc65/lib/c128.lib(oserror.o):
    CODE              Offs=0058A2  Size=000016  Align=00001  Fill=0000
    RODATA            Offs=000783  Size=00005A  Align=00001  Fill=0000
/mnt/d/retro/cc65/lib/c128.lib(popa.o):
    CODE              Offs=0058B8  Size=00000C  Align=00001  Fill=0000
/mnt/d/retro/cc65/lib/c128.lib(popptr1.o):
    CODE              Offs=0058C4  Size=00000E  Align=00001  Fill=0000
/mnt/d/retro/cc65/lib/c128.lib(printf.o):
    CODE              Offs=0058D2  Size=000033  Align=00001  Fill=0000
    BSS               Offs=0001FA  Size=000001  Align=00001  Fill=0000
/mnt/d/retro/cc65/lib/c128.lib(push1.o):
    CODE              Offs=005905  Size=000005  Align=00001  Fill=0000
/mnt/d/retro/cc65/lib/c128.lib(pusha.o):
    CODE              Offs=00590A  Size=000016  Align=00001  Fill=0000
/mnt/d/retro/cc65/lib/c128.lib(pushax.o):
    CODE              Offs=005920  Size=00001A  Align=00001  Fill=0000
/mnt/d/retro/cc65/lib/c128.lib(pushwsp.o):
    CODE              Offs=00593A  Size=00001C  Align=00001  Fill=0000
/mnt/d/retro/cc65/lib/c128.lib(rand.o):
    CODE              Offs=005956  Size=000034  Align=00001  Fill=0000
    DATA              Offs=0014B6  Size=000004  Align=00001  Fill=0000
/mnt/d/retro/cc65/lib/c128.lib(return0.o):
    CODE              Offs=00598A  Size=000004  Align=00001  Fill=0000
/mnt/d/retro/cc65/lib/c128.lib(rwcommon.o):
    CODE              Offs=00598E  Size=00001A  Align=00001  Fill=0000
/mnt/d/retro/cc65/lib/c128.lib(shelp.o):
    CODE              Offs=0059A8  Size=000020  Align=00001  Fill=0000
/mnt/d/retro/cc65/lib/c128.lib(shrax1.o):
    CODE              Offs=0059C8  Size=000008  Align=00001  Fill=0000
/mnt/d/retro/cc65/lib/c128.lib(shrax3.o):
    CODE              Offs=0059D0  Size=00000E  Align=00001  Fill=0000
/mnt/d/retro/cc65/lib/c128.lib(sprintf.o):
    CODE              Offs=0059DE  Size=00002B  Align=00001  Fill=0000
    BSS               Offs=0001FB  Size=000001  Align=00001  Fill=0000
/mnt/d/retro/cc65/lib/c128.lib(staspidx.o):
    CODE              Offs=005A09  Size=000016  Align=00001  Fill=0000
/mnt/d/retro/cc65/lib/c128.lib(status.o):
/mnt/d/retro/cc65/lib/c128.lib(staxsp.o):
    CODE              Offs=005A1F  Size=00000B  Align=00001  Fill=0000
/mnt/d/retro/cc65/lib/c128.lib(strcat.o):
    CODE              Offs=005A2A  Size=000031  Align=00001  Fill=0000
/mnt/d/retro/cc65/lib/c128.lib(strchr.o):
    CODE              Offs=005A5B  Size=000027  Align=00001  Fill=0000
/mnt/d/retro/cc65/lib/c128.lib(strcpy.o):
    CODE              Offs=005A82  Size=00001F  Align=00001  Fill=0000
/mnt/d/retro/cc65/lib/c128.lib(strlen.o):
    CODE              Offs=005AA1  Size=000016  Align=00001  Fill=0000
/mnt/d/retro/cc65/lib/c128.lib(strlower.o):
    CODE              Offs=005AB7  Size=000027  Align=00001  Fill=0000
/mnt/d/retro/cc65/lib/c128.lib(sub.o):
    CODE              Offs=005ADE  Size=000015  Align=00001  Fill=0000
/mnt/d/retro/cc65/lib/c128.lib(subeqsp.o):
    CODE              Offs=005AF3  Size=000015  Align=00001  Fill=0000
/mnt/d/retro/cc65/lib/c128.lib(subysp.o):
    CODE              Offs=005B08  Size=00000D  Align=00001  Fill=0000
/mnt/d/retro/cc65/lib/c128.lib(udiv.o):
    CODE              Offs=005B15  Size=00004F  Align=00001  Fill=0000
/mnt/d/retro/cc65/lib/c128.lib(vcprintf.o):
    CODE              Offs=005B64  Size=000078  Align=00001  Fill=0000
    DATA              Offs=0014BA  Size=000008  Align=00001  Fill=0000
/mnt/d/retro/cc65/lib/c128.lib(vfprintf.o):
    CODE              Offs=005BDC  Size=000061  Align=00001  Fill=0000
    DATA              Offs=0014C2  Size=000008  Align=00001  Fill=0000
/mnt/d/retro/cc65/lib/c128.lib(videomode.o):
    CODE              Offs=005C3D  Size=000013  Align=00001  Fill=0000
/mnt/d/retro/cc65/lib/c128.lib(vsnprintf.o):
    CODE              Offs=005C50  Size=0000DA  Align=00001  Fill=0000
    DATA              Offs=0014CA  Size=000008  Align=00001  Fill=0000
/mnt/d/retro/cc65/lib/c128.lib(vsprintf.o):
    CODE              Offs=005D2A  Size=000012  Align=00001  Fill=0000
/mnt/d/retro/cc65/lib/c128.lib(write.o):
    CODE              Offs=005D3C  Size=000054  Align=00001  Fill=0000
    ONCE              Offs=00002B  Size=000011  Align=00001  Fill=0000
/mnt/d/retro/cc65/lib/c128.lib(zerobss.o):
    CODE              Offs=005D90  Size=000023  Align=00001  Fill=0000
/mnt/d/retro/cc65/lib/c128.lib(zeropage.o):
    ZEROPAGE          Offs=000000  Size=00001A  Align=00001  Fill=0000
/mnt/d/retro/cc65/lib/c128.lib(c128-stdjoy-joy.o):
    CODE              Offs=005DB3  Size=00002F  Align=00001  Fill=0000
    DATA              Offs=0014D2  Size=00000E  Align=00001  Fill=0000


Segment list:
-------------
Name                   Start     End    Size  Align
----------------------------------------------------
ZEROPAGE              000002  00001B  00001A  00001
MACO                  001300  001A43  000744  00001
LOADADDR              001BFF  001C00  000002  00001
EXEHDR                001C01  001C0C  00000C  00001
STARTUP               001C0D  001C5D  000051  00001
ONCE                  001C5E  001C9F  000042  00001
CODE                  001CA0  007A81  005DE2  00001
RODATA                007A82  008260  0007DF  00001
DATA                  008261  009740  0014E0  00001
INIT                  009741  00975D  00001D  00001
BSS                   00975E  009959  0001FC  00001


Exports list by name:
---------------------
BASIN                     00FFCF RLA    BSOUT                     00FFD2 RLA    
CHKIN                     00FFC6 RLA    CKOUT                     00FFC9 RLA    
CLOSE                     00FFC3 RLA    CLRCH                     00FFCC RLA    
CURS_X                    0000EC RLZ    CURS_Y                    0000EB RLZ    
LOAD                      00FFD5 RLA    OPEN                      00FFC0 RLA    
RDTIM                     00FFDE RLA    READST                    00FFB7 RLA    
SAVE                      00FFD8 RLA    SETLFS                    00FFBA RLA    
SETNAM                    00FFBD RLA    ST                        000090 RLZ    
SWAPPER                   00FF5F RLA    _PEEKB_core               001939 RLA    
_POKEB                    0068BA RLA    _POKEB_core               001901 RLA    
_PlayMusic                001977 RLA    _SNES                     009920 RLA    
_SetLoadSaveBank          0068AA RLA    _SetLoadSaveBank_core     0018F8 RLA    
_StopMusic                0019C8 RLA    _VDC_CopyMemToVDC         005D24 RLA    
_VDC_CopyMemToVDC_core    0015FD RLA    _VDC_CopyVDCToMem         005D6E RLA    
_VDC_CopyVDCToMem_core    001678 RLA    _VDC_CopyViewPortToVDC    00635C RLA    
_VDC_CopyViewPortToVDC_core 0017C8 RLA    _VDC_DetectVDCMemSize_core 001393 RLA    
_VDC_Exit                 005EEC RLA    _VDC_FillArea             005DEF RLA    
_VDC_FillArea_core        0017AE RLA    _VDC_HChar                005CA9 RLA    
_VDC_HChar_core           0014E1 RLA    _VDC_Init                 005E35 RLA    
_VDC_LoadCharset          006143 RLA    _VDC_LoadScreen           0061DC RLA    
_VDC_MemCopy_core         00146A RLA    _VDC_Peek_core            001363 RLA    
_VDC_PetsciiToScreenCode  005F06 RLA    _VDC_Plot                 0062D6 RLA    
_VDC_PlotString           00630E RLA    _VDC_Poke_core            001333 RLA    
_VDC_PrintAt              0060BF RLA    _VDC_ReadRegister_core    001312 RLA    
_VDC_RedefineCharset_core 001700 RLA    _VDC_ScrollCopy           006458 RLA    
_VDC_ScrollCopy_core      001869 RLA    _VDC_VChar                005CE8 RLA    
_VDC_VChar_core           001583 RLA    _VDC_WriteRegister_core   001324 RLA    
_VDC_addrh                001302 RLA    _VDC_addrl                001303 RLA    
_VDC_desth                001304 RLA    _VDC_destl                001305 RLA    
_VDC_regadd               001300 RLA    _VDC_regval               001301 RLA    
_VDC_strideh              001306 RLA    _VDC_stridel              001307 RLA    
_VDC_tmp1                 001309 RLA    _VDC_tmp2                 00130A RLA    
_VDC_tmp3                 00130B RLA    _VDC_tmp4                 00130C RLA    
_VDC_value                001308 RLA    __BSS_RUN__               00975E RLA    
__BSS_SIZE__              0001FC REA    __CONSTRUCTOR_COUNT__     000003 REA    
__CONSTRUCTOR_TABLE__     001C9A RLA    __DESTRUCTOR_COUNT__      000001 REA    
__DESTRUCTOR_TABLE__      00825F RLA    __EXEHDR__                000001 REA    
__LOADADDR__              000001 REA    __MAIN_SIZE__             009BF3 REA    
__MAIN_START__            001C0D RLA    __STACKSIZE__             000800 REA    
__STARTUP__               000001 REA    __ctype                   008176 RLA    
__ctypeidx                008181 RLA    __directerrno             006A0F RLA    
__errno                   009952 RLA    __hextab                  00815A RLA    
__longminstr              00816A RLA    __mappederrno             006A19 RLA    
__oserror                 009923 RLA    __osmaperrno              007542 RLA    
__printf                  006B1C RLA    __seterrno                006DCE RLA    
_bgcolor                  006FAD RLA    _bootdevice               00975E RLA    
_bordercolor              006FD3 RLA    _c128_stdjoy_joy          009733 RLA    
_cbm_close                006E61 REA    _cbm_k_close              006E61 RLA    
_cbm_k_load               006E65 RLA    _cbm_k_open               006E82 RLA    
_cbm_k_save               006E8B RLA    _cbm_k_setlfs             006EA1 RLA    
_cbm_k_setnam             006EAF RLA    _cbm_open                 006ED9 RLA    
_cbm_read                 006EEF RLA    _cgetc                    006F4A RLA    
_clock                    006F7A RLA    _clrscr                   00C142 REA    
_cprintf                  006FF0 RLA    _cputc                    00701F RLA    
_cputs                    00706D RLA    _cputsxy                  007063 RLA    
_exit                     001C42 RLA    _fwrite                   007129 RLA    
_getcurrentdevice         0070A4 RLA    _gotoxy                   0071A7 RLA    
_isprint                  00723D RLA    _joy_install              007247 RLA    
_joy_read                 009714 REA    _joy_static_stddrv        009733 RLA    
_joy_uninstall            007287 RLA    _kbhit                    007294 RLA    
_ltoa                     00738B RLA    _main                     0058CF RLA    
_memcpy                   00743A RLA    _printf                   007572 RLA    
_rand                     007602 RLA    _set_c128_speed           006DD7 RLA    
_snes_init                006946 RLA    _snes_read                00694C RLA    
_sprintf                  00767E RLA    _srand                    0075F6 RLA    
_stdout                   0096CB RLA    _strcat                   0076CA RLA    
_strchr                   0076FB RLA    _strcpy                   007722 RLA    
_strlen                   007741 RLA    _strlower                 007757 RLA    
_textcolor                006F84 RLA    _ultoa                    0073CC RLA    
_vcprintf                 00784C RLA    _vfprintf                 0078B4 RLA    
_videomode                0078DD RLA    _vsprintf                 0079CA RLA    
_write                    0079DC RLA    addeq0sp                  006E03 RLA    
addeqysp                  006E05 RLA    addysp                    006E15 RLA    
addysp1                   006E14 RLA    aslax2                    006E2A RLA    
axlong                    006E54 RLA    axulong                   006E5A RLA    
booleq                    007414 RLA    boolult                   00742D RLA    
callmain                  006EC2 RLA    ctypemask                 007086 RLA    
ctypemaskdirect           00708A RLA    cursor                    009922 RLA    
curunit                   00975D RLA    decax1                    0070AA RLA    
decaxy                    0070B1 RLA    decsp1                    0070BA RLA    
decsp2                    0070C3 RLA    decsp3                    0070D0 RLA    
decsp4                    0070DD RLA    decsp5                    0070EA RLA    
decsp6                    0070F7 RLA    decsp8                    007104 RLA    
devnum                    0000BA RLZ    donecgetc                 006F6B  LAI   
donelib                   006FE4 RLA    fdtab                     0096FB RLA    
gotoxy                    0071A4 RLA    incax1                    0071DF RLA    
incax2                    0071E6 RLA    incax3                    0071ED RLA    
incax4                    0071F7 RLA    incax8                    0071F2 RLA    
incaxy                    0071F9 RLA    incsp1                    007202 RLA    
incsp2                    007211 RLA    incsp3                    00721F RLA    
incsp4                    007224 RLA    incsp5                    007229 RLA    
incsp6                    00722E RLA    incsp7                    007233 RLA    
incsp8                    007238 RLA    initcgetc                 001C5E  LAI   
initcurunit               001C7D  LAI   initlib                   001C71 RLA    
initstdout                001C89  LAI   joy_libref                001C42 RLA    
joy_read                  009714 RLA    ldax0sp                   0072E5 RLA    
ldaxi                     0072D8 RLA    ldaxysp                   0072E7 RLA    
ldeaxysp                  0072F0 RLA    leaa0sp                   007301 RLA    
mul8x16                   0074CE RLA    mul8x16a                  0074D8 RLA    
mulax10                   007506 RLA    mulax3                    00751F RLA    
negax                     007534 RLA    negeax                    00730D RLA    
plot                      00705B RLA    popa                      007558 RLA    
popax                     007209 RLA    popptr1                   007564 RLA    
popsargsudiv16            007648 RLA    ptr1                      00000A RLZ    
ptr2                      00000C RLZ    ptr3                      00000E RLZ    
ptr4                      000010 RLZ    push0                     0075C0 RLA    
push1                     0075A5 RLA    pusha                     0075AE RLA    
pusha0                    0075C2 RLA    pushax                    0075C4 RLA    
pusheax                   007334 RLA    pushw0sp                  0075DA RLA    
pushwysp                  0075DC RLA    regbank                   000016 RLZ    
return0                   00762A RLA    rwcommon                  00762E RLA    
shlax1                    006E22 RLA    shlax2                    006E2A RLA    
shlax3                    006E35 RLA    shlax4                    006E43 RLA    
shrax1                    007668 RLA    shrax3                    007670 RLA    
sp                        000002 RLZ    sreg                      000004 RLZ    
staspidx                  0076A9 RLA    stax0sp                   0076BF RLA    
staxysp                   0076C1 RLA    subeq0sp                  007793 RLA    
subeqysp                  007795 RLA    subysp                    0077A8 RLA    
tmp1                      000012 RLZ    tmp2                      000013 RLZ    
tmp3                      000014 RLZ    tosadda0                  006DE7 RLA    
tosaddax                  006DE9 RLA    toseqa0                   007113 RLA    
tosicmp                   0071B3 RLA    tosicmp0                  0071B1 RLA    
toslcmp                   00729D RLA    tosmoda0                  007476 RLA    
tosmula0                  0074CC RLA    tosmulax                  007487 RLA    
tossuba0                  00777E RLA    tossubax                  007780 RLA    
tossubeax                 007352 RLA    tosudivax                 0077B7 RLA    
tosulteax                 007408 RLA    tosumula0                 0074CC RLA    
tosumulax                 007487 RLA    udiv16                    0077C6 RLA    
vsnprintf                 0078F3 RLA    zerobss                   007A30 RLA    



Exports list by value:
----------------------
__DESTRUCTOR_COUNT__      000001 REA    __EXEHDR__                000001 REA    
__LOADADDR__              000001 REA    __STARTUP__               000001 REA    
sp                        000002 RLZ    __CONSTRUCTOR_COUNT__     000003 REA    
sreg                      000004 RLZ    ptr1                      00000A RLZ    
ptr2                      00000C RLZ    ptr3                      00000E RLZ    
ptr4                      000010 RLZ    tmp1                      000012 RLZ    
tmp2                      000013 RLZ    tmp3                      000014 RLZ    
regbank                   000016 RLZ    ST                        000090 RLZ    
devnum                    0000BA RLZ    CURS_Y                    0000EB RLZ    
CURS_X                    0000EC RLZ    __BSS_SIZE__              0001FC REA    
__STACKSIZE__             000800 REA    _VDC_regadd               001300 RLA    
_VDC_regval               001301 RLA    _VDC_addrh                001302 RLA    
_VDC_addrl                001303 RLA    _VDC_desth                001304 RLA    
_VDC_destl                001305 RLA    _VDC_strideh              001306 RLA    
_VDC_stridel              001307 RLA    _VDC_value                001308 RLA    
_VDC_tmp1                 001309 RLA    _VDC_tmp2                 00130A RLA    
_VDC_tmp3                 00130B RLA    _VDC_tmp4                 00130C RLA    
_VDC_ReadRegister_core    001312 RLA    _VDC_WriteRegister_core   001324 RLA    
_VDC_Poke_core            001333 RLA    _VDC_Peek_core            001363 RLA    
_VDC_DetectVDCMemSize_core 001393 RLA    _VDC_MemCopy_core         00146A RLA    
_VDC_HChar_core           0014E1 RLA    _VDC_VChar_core           001583 RLA    
_VDC_CopyMemToVDC_core    0015FD RLA    _VDC_CopyVDCToMem_core    001678 RLA    
_VDC_RedefineCharset_core 001700 RLA    _VDC_FillArea_core        0017AE RLA    
_VDC_CopyViewPortToVDC_core 0017C8 RLA    _VDC_ScrollCopy_core      001869 RLA    
_SetLoadSaveBank_core     0018F8 RLA    _POKEB_core               001901 RLA    
_PEEKB_core               001939 RLA    _PlayMusic                001977 RLA    
_StopMusic                0019C8 RLA    __MAIN_START__            001C0D RLA    
_exit                     001C42 RLA    joy_libref                001C42 RLA    
initcgetc                 001C5E  LAI   initlib                   001C71 RLA    
initcurunit               001C7D  LAI   initstdout                001C89  LAI   
__CONSTRUCTOR_TABLE__     001C9A RLA    _main                     0058CF RLA    
_VDC_HChar                005CA9 RLA    _VDC_VChar                005CE8 RLA    
_VDC_CopyMemToVDC         005D24 RLA    _VDC_CopyVDCToMem         005D6E RLA    
_VDC_FillArea             005DEF RLA    _VDC_Init                 005E35 RLA    
_VDC_Exit                 005EEC RLA    _VDC_PetsciiToScreenCode  005F06 RLA    
_VDC_PrintAt              0060BF RLA    _VDC_LoadCharset          006143 RLA    
_VDC_LoadScreen           0061DC RLA    _VDC_Plot                 0062D6 RLA    
_VDC_PlotString           00630E RLA    _VDC_CopyViewPortToVDC    00635C RLA    
_VDC_ScrollCopy           006458 RLA    _SetLoadSaveBank          0068AA RLA    
_POKEB                    0068BA RLA    _snes_init                006946 RLA    
_snes_read                00694C RLA    __directerrno             006A0F RLA    
__mappederrno             006A19 RLA    __printf                  006B1C RLA    
__seterrno                006DCE RLA    _set_c128_speed           006DD7 RLA    
tosadda0                  006DE7 RLA    tosaddax                  006DE9 RLA    
addeq0sp                  006E03 RLA    addeqysp                  006E05 RLA    
addysp1                   006E14 RLA    addysp                    006E15 RLA    
shlax1                    006E22 RLA    aslax2                    006E2A RLA    
shlax2                    006E2A RLA    shlax3                    006E35 RLA    
shlax4                    006E43 RLA    axlong                    006E54 RLA    
axulong                   006E5A RLA    _cbm_close                006E61 REA    
_cbm_k_close              006E61 RLA    _cbm_k_load               006E65 RLA    
_cbm_k_open               006E82 RLA    _cbm_k_save               006E8B RLA    
_cbm_k_setlfs             006EA1 RLA    _cbm_k_setnam             006EAF RLA    
callmain                  006EC2 RLA    _cbm_open                 006ED9 RLA    
_cbm_read                 006EEF RLA    _cgetc                    006F4A RLA    
donecgetc                 006F6B  LAI   _clock                    006F7A RLA    
_textcolor                006F84 RLA    _bgcolor                  006FAD RLA    
_bordercolor              006FD3 RLA    donelib                   006FE4 RLA    
_cprintf                  006FF0 RLA    _cputc                    00701F RLA    
plot                      00705B RLA    _cputsxy                  007063 RLA    
_cputs                    00706D RLA    ctypemask                 007086 RLA    
ctypemaskdirect           00708A RLA    _getcurrentdevice         0070A4 RLA    
decax1                    0070AA RLA    decaxy                    0070B1 RLA    
decsp1                    0070BA RLA    decsp2                    0070C3 RLA    
decsp3                    0070D0 RLA    decsp4                    0070DD RLA    
decsp5                    0070EA RLA    decsp6                    0070F7 RLA    
decsp8                    007104 RLA    toseqa0                   007113 RLA    
_fwrite                   007129 RLA    gotoxy                    0071A4 RLA    
_gotoxy                   0071A7 RLA    tosicmp0                  0071B1 RLA    
tosicmp                   0071B3 RLA    incax1                    0071DF RLA    
incax2                    0071E6 RLA    incax3                    0071ED RLA    
incax8                    0071F2 RLA    incax4                    0071F7 RLA    
incaxy                    0071F9 RLA    incsp1                    007202 RLA    
popax                     007209 RLA    incsp2                    007211 RLA    
incsp3                    00721F RLA    incsp4                    007224 RLA    
incsp5                    007229 RLA    incsp6                    00722E RLA    
incsp7                    007233 RLA    incsp8                    007238 RLA    
_isprint                  00723D RLA    _joy_install              007247 RLA    
_joy_uninstall            007287 RLA    _kbhit                    007294 RLA    
toslcmp                   00729D RLA    ldaxi                     0072D8 RLA    
ldax0sp                   0072E5 RLA    ldaxysp                   0072E7 RLA    
ldeaxysp                  0072F0 RLA    leaa0sp                   007301 RLA    
negeax                    00730D RLA    pusheax                   007334 RLA    
tossubeax                 007352 RLA    _ltoa                     00738B RLA    
_ultoa                    0073CC RLA    tosulteax                 007408 RLA    
booleq                    007414 RLA    boolult                   00742D RLA    
_memcpy                   00743A RLA    tosmoda0                  007476 RLA    
tosmulax                  007487 RLA    tosumulax                 007487 RLA    
tosmula0                  0074CC RLA    tosumula0                 0074CC RLA    
mul8x16                   0074CE RLA    mul8x16a                  0074D8 RLA    
mulax10                   007506 RLA    mulax3                    00751F RLA    
negax                     007534 RLA    __osmaperrno              007542 RLA    
popa                      007558 RLA    popptr1                   007564 RLA    
_printf                   007572 RLA    push1                     0075A5 RLA    
pusha                     0075AE RLA    push0                     0075C0 RLA    
pusha0                    0075C2 RLA    pushax                    0075C4 RLA    
pushw0sp                  0075DA RLA    pushwysp                  0075DC RLA    
_srand                    0075F6 RLA    _rand                     007602 RLA    
return0                   00762A RLA    rwcommon                  00762E RLA    
popsargsudiv16            007648 RLA    shrax1                    007668 RLA    
shrax3                    007670 RLA    _sprintf                  00767E RLA    
staspidx                  0076A9 RLA    stax0sp                   0076BF RLA    
staxysp                   0076C1 RLA    _strcat                   0076CA RLA    
_strchr                   0076FB RLA    _strcpy                   007722 RLA    
_strlen                   007741 RLA    _strlower                 007757 RLA    
tossuba0                  00777E RLA    tossubax                  007780 RLA    
subeq0sp                  007793 RLA    subeqysp                  007795 RLA    
subysp                    0077A8 RLA    tosudivax                 0077B7 RLA    
udiv16                    0077C6 RLA    _vcprintf                 00784C RLA    
_vfprintf                 0078B4 RLA    _videomode                0078DD RLA    
vsnprintf                 0078F3 RLA    _vsprintf                 0079CA RLA    
_write                    0079DC RLA    zerobss                   007A30 RLA    
__hextab                  00815A RLA    __longminstr              00816A RLA    
__ctype                   008176 RLA    __ctypeidx                008181 RLA    
__DESTRUCTOR_TABLE__      00825F RLA    _stdout                   0096CB RLA    
fdtab                     0096FB RLA    _joy_read                 009714 REA    
joy_read                  009714 RLA    _c128_stdjoy_joy          009733 RLA    
_joy_static_stddrv        009733 RLA    curunit                   00975D RLA    
__BSS_RUN__               00975E RLA    _bootdevice               00975E RLA    
_SNES                     009920 RLA    cursor                    009922 RLA    
__oserror                 009923 RLA    __errno                   009952 RLA    
__MAIN_SIZE__             009BF3 REA    _clrscr                   00C142 REA    
SWAPPER                   00FF5F RLA    READST                    00FFB7 RLA    
SETLFS                    00FFBA RLA    SETNAM                    00FFBD RLA    
OPEN                      00FFC0 RLA    CLOSE                     00FFC3 RLA    
CHKIN                     00FFC6 RLA    CKOUT                     00FFC9 RLA    
CLRCH                     00FFCC RLA    BASIN                     00FFCF RLA    
BSOUT                     00FFD2 RLA    LOAD                      00FFD5 RLA    
SAVE                      00FFD8 RLA    RDTIM                     00FFDE RLA    



Imports list:
-------------
BASIN (kernal.o):
    cbm_read.o                cbm/cbm.inc:47
BSOUT (kernal.o):
    write.o                   cbm/cbm.inc:49
    videomode.o               c128/videomode.s:9
    crt0.o                    c128/crt0.s:10
CHKIN (kernal.o):
    cbm_read.o                cbm/cbm.inc:44
CKOUT (kernal.o):
    write.o                   cbm/cbm.inc:45
CLOSE (kernal.o):
    c_close.o                 cbm/cbm.inc:36
CLRCH (kernal.o):
    write.o                   cbm/cbm.inc:46
    cbm_read.o                cbm/cbm.inc:46
CURS_X (conio.o):
    gotoxy.o                  cbm/gotoxy.s:9
CURS_Y (conio.o):
    gotoxy.o                  cbm/gotoxy.s:9
LOAD (kernal.o):
    c_load.o                  cbm/cbm.inc:37
OPEN (kernal.o):
    write.o                   cbm/cbm.inc:35
    c_open.o                  cbm/cbm.inc:35
RDTIM (kernal.o):
    clock.o                   cbm/cbm.inc:40
READST (kernal.o):
    write.o                   cbm/cbm.inc:32
    cbm_read.o                cbm/cbm.inc:32
SAVE (kernal.o):
    c_save.o                  cbm/cbm.inc:38
SETLFS (kernal.o):
    write.o                   cbm/cbm.inc:33
    c_setlfs.o                cbm/cbm.inc:33
SETNAM (kernal.o):
    c_setnam.o                cbm/cbm.inc:34
ST (status.o):
    crt0.o                    c128/crt0.s:12
SWAPPER (kernal.o):
    videomode.o               c128/videomode.s:9
_PEEKB_core (vdc_core_assembly.o):
    vdc_core.o                src/vdc_core.s:59
_POKEB (vdc_core.o):
    main.o                    src/main.s:55
_POKEB_core (vdc_core_assembly.o):
    vdc_core.o                src/vdc_core.s:58
_PlayMusic (sidplay_assembly.o):
    sidplay.o                 src/sidplay.s:18
    main.o                    src/main.s:56
_SNES (snes.o):
    main.o                    src/main.s:58
_SetLoadSaveBank (vdc_core.o):
    sidplay.o                 src/sidplay.s:17
_SetLoadSaveBank_core (vdc_core_assembly.o):
    vdc_core.o                src/vdc_core.s:57
_StopMusic (sidplay_assembly.o):
    main.o                    src/main.s:57
_VDC_CopyMemToVDC (vdc_core.o):
    main.o                    src/main.s:42
_VDC_CopyMemToVDC_core (vdc_core_assembly.o):
    vdc_core.o                src/vdc_core.s:51
_VDC_CopyVDCToMem (vdc_core.o):
    main.o                    src/main.s:43
_VDC_CopyVDCToMem_core (vdc_core_assembly.o):
    vdc_core.o                src/vdc_core.s:52
_VDC_CopyViewPortToVDC (vdc_core.o):
    main.o                    src/main.s:53
_VDC_CopyViewPortToVDC_core (vdc_core_assembly.o):
    vdc_core.o                src/vdc_core.s:55
_VDC_DetectVDCMemSize_core (vdc_core_assembly.o):
    vdc_core.o                src/vdc_core.s:47
_VDC_Exit (vdc_core.o):
    main.o                    src/main.s:46
_VDC_FillArea (vdc_core.o):
    main.o                    src/main.s:44
_VDC_FillArea_core (vdc_core_assembly.o):
    vdc_core.o                src/vdc_core.s:54
_VDC_HChar (vdc_core.o):
    main.o                    src/main.s:40
_VDC_HChar_core (vdc_core_assembly.o):
    vdc_core.o                src/vdc_core.s:49
_VDC_Init (vdc_core.o):
    main.o                    src/main.s:45
_VDC_LoadCharset (vdc_core.o):
    main.o                    src/main.s:49
_VDC_LoadScreen (vdc_core.o):
    main.o                    src/main.s:50
_VDC_MemCopy_core (vdc_core_assembly.o):
    vdc_core.o                src/vdc_core.s:48
_VDC_Peek_core (vdc_core_assembly.o):
    vdc_core.o                src/vdc_core.s:46
_VDC_PetsciiToScreenCode (vdc_core.o):
    main.o                    src/main.s:47
_VDC_Plot (vdc_core.o):
    main.o                    src/main.s:51
_VDC_PlotString (vdc_core.o):
    main.o                    src/main.s:52
_VDC_Poke_core (vdc_core_assembly.o):
    vdc_core.o                src/vdc_core.s:45
_VDC_PrintAt (vdc_core.o):
    main.o                    src/main.s:48
_VDC_ReadRegister_core (vdc_core_assembly.o):
    vdc_core.o                src/vdc_core.s:43
_VDC_RedefineCharset_core (vdc_core_assembly.o):
    vdc_core.o                src/vdc_core.s:53
_VDC_ScrollCopy (vdc_core.o):
    main.o                    src/main.s:54
_VDC_ScrollCopy_core (vdc_core_assembly.o):
    vdc_core.o                src/vdc_core.s:56
_VDC_VChar (vdc_core.o):
    main.o                    src/main.s:41
_VDC_VChar_core (vdc_core_assembly.o):
    vdc_core.o                src/vdc_core.s:50
_VDC_WriteRegister_core (vdc_core_assembly.o):
    vdc_core.o                src/vdc_core.s:44
_VDC_addrh (vdc_core_assembly.o):
    vdc_core.o                src/vdc_core.s:32
_VDC_addrl (vdc_core_assembly.o):
    vdc_core.o                src/vdc_core.s:33
_VDC_desth (vdc_core_assembly.o):
    vdc_core.o                src/vdc_core.s:34
_VDC_destl (vdc_core_assembly.o):
    vdc_core.o                src/vdc_core.s:35
_VDC_regadd (vdc_core_assembly.o):
    vdc_core.o                src/vdc_core.s:30
_VDC_regval (vdc_core_assembly.o):
    vdc_core.o                src/vdc_core.s:31
_VDC_strideh (vdc_core_assembly.o):
    vdc_core.o                src/vdc_core.s:36
_VDC_stridel (vdc_core_assembly.o):
    vdc_core.o                src/vdc_core.s:37
_VDC_tmp1 (vdc_core_assembly.o):
    vdc_core.o                src/vdc_core.s:39
_VDC_tmp2 (vdc_core_assembly.o):
    vdc_core.o                src/vdc_core.s:40
_VDC_tmp3 (vdc_core_assembly.o):
    vdc_core.o                src/vdc_core.s:41
_VDC_tmp4 (vdc_core_assembly.o):
    vdc_core.o                src/vdc_core.s:42
_VDC_value (vdc_core_assembly.o):
    vdc_core.o                src/vdc_core.s:38
__BSS_RUN__ ([linker generated]):
    zerobss.o                 common/zerobss.s:8
__BSS_SIZE__ ([linker generated]):
    zerobss.o                 common/zerobss.s:8
__CONSTRUCTOR_COUNT__ ([linker generated]):
    condes.o                  runtime/condes.s:18
__CONSTRUCTOR_TABLE__ ([linker generated]):
    condes.o                  runtime/condes.s:18
__DESTRUCTOR_COUNT__ ([linker generated]):
    condes.o                  runtime/condes.s:19
__DESTRUCTOR_TABLE__ ([linker generated]):
    condes.o                  runtime/condes.s:19
__EXEHDR__ (exehdr.o):
    [linker generated]        careers-cc65config.cfg:3
__LOADADDR__ (loadaddr.o):
    [linker generated]        careers-cc65config.cfg:2
__MAIN_SIZE__ ([linker generated]):
    crt0.o                    c128/crt0.s:11
__MAIN_START__ ([linker generated]):
    crt0.o                    c128/crt0.s:11
__STACKSIZE__ ([linker generated]):
    crt0.o                    c128/crt0.s:11
    [linker generated]        careers-cc65config.cfg:10
__STARTUP__ (crt0.o):
    main.o                    src/main.s:13
__ctype (ctype.o):
    ctypemask.o               common/ctypemask.s:23
__ctypeidx (ctype.o):
    ctypemask.o               common/ctypemask.s:24
__directerrno (_directerrno.o):
    write.o                   /mnt/d/retro/cc65/asminc/errno.inc:10
    vsnprintf.o               /mnt/d/retro/cc65/asminc/errno.inc:10
__errno (errno.o):
    _seterrno.o               /mnt/d/retro/cc65/asminc/errno.inc:7
__hextab (_hextab.o):
    ltoa.o                    common/ltoa.s:10
__longminstr (_longminstr.o):
    ltoa.o                    common/ltoa.s:10
__mappederrno (_mappederrno.o):
    write.o                   /mnt/d/retro/cc65/asminc/errno.inc:10
__oserror (_oserror.o):
    _mappederrno.o            /mnt/d/retro/cc65/asminc/errno.inc:7
    _directerrno.o            /mnt/d/retro/cc65/asminc/errno.inc:7
    write.o                   /mnt/d/retro/cc65/asminc/errno.inc:7
    cbm_read.o                cbm/cbm_read.s:44
    cbm_open.o                cbm/cbm_open.s:24
    c_load.o                  cbm/c_load.s:10
    main.o                    src/main.s:32
__osmaperrno (oserror.o):
    _mappederrno.o            /mnt/d/retro/cc65/asminc/errno.inc:8
__printf (_printf.o):
    vsnprintf.o               common/vsnprintf.s:10
    vfprintf.o                common/vfprintf.s:10
    vcprintf.o                conio/vcprintf.s:9
__seterrno (_seterrno.o):
    _mappederrno.o            /mnt/d/retro/cc65/asminc/errno.inc:9
    _directerrno.o            /mnt/d/retro/cc65/asminc/errno.inc:9
    fwrite.o                  /mnt/d/retro/cc65/asminc/errno.inc:9
_bgcolor (color.o):
    vdc_core.o                src/vdc_core.s:24
_bootdevice (main.o):
    vdc_core.o                src/vdc_core.s:28
_bordercolor (color.o):
    vdc_core.o                src/vdc_core.s:25
_c128_stdjoy_joy (c128-stdjoy-joy.o):
    joy_stat_stddrv.o         c128/joy_stat_stddrv.s:10
_cbm_close (cbm_close.o):
    vdc_core.o                src/vdc_core.s:20
    main.o                    src/main.s:20
_cbm_k_close (c_close.o):
    cbm_close.o               cbm/cbm_close.s:7
_cbm_k_load (c_load.o):
    sidplay.o                 src/sidplay.s:13
    vdc_core.o                src/vdc_core.s:15
_cbm_k_open (c_open.o):
    cbm_open.o                cbm/cbm_open.s:23
_cbm_k_save (c_save.o):
    vdc_core.o                src/vdc_core.s:16
_cbm_k_setlfs (c_setlfs.o):
    cbm_open.o                cbm/cbm_open.s:23
    sidplay.o                 src/sidplay.s:14
    vdc_core.o                src/vdc_core.s:17
_cbm_k_setnam (c_setnam.o):
    cbm_open.o                cbm/cbm_open.s:23
    sidplay.o                 src/sidplay.s:15
    vdc_core.o                src/vdc_core.s:18
_cbm_open (cbm_open.o):
    vdc_core.o                src/vdc_core.s:19
    main.o                    src/main.s:19
_cbm_read (cbm_read.o):
    vdc_core.o                src/vdc_core.s:21
    main.o                    src/main.s:21
_cgetc (cgetc.o):
    main.o                    src/main.s:28
_clock (clock.o):
    main.o                    src/main.s:35
_clrscr (clrscr.o):
    vdc_core.o                src/vdc_core.s:22
_cprintf (cprintf.o):
    main.o                    src/main.s:27
_cputc (cputc.o):
    vcprintf.o                conio/vcprintf.s:9
    cputs.o                   conio/cputs.s:9
    main.o                    src/main.s:24
_cputs (cputs.o):
    main.o                    src/main.s:25
_cputsxy (cputs.o):
    main.o                    src/main.s:26
_exit (crt0.o):
    libref.o                  c128/libref.s:11
    vdc_core.o                src/vdc_core.s:26
_fwrite (fwrite.o):
    vfprintf.o                common/vfprintf.s:10
_getcurrentdevice (curdevice.o):
    sidplay.o                 src/sidplay.s:16
    main.o                    src/main.s:34
_gotoxy (gotoxy.o):
    main.o                    src/main.s:23
_isprint (isprint.o):
    main.o                    src/main.s:33
_joy_install (joy-kernel.o):
    main.o                    src/main.s:37
_joy_read (joy_read.o):
    main.o                    src/main.s:39
_joy_static_stddrv (joy_stat_stddrv.o):
    main.o                    src/main.s:36
_joy_uninstall (joy-kernel.o):
    main.o                    src/main.s:38
_kbhit (kbhit.o):
    main.o                    src/main.s:22
_ltoa (ltoa.o):
    _printf.o                 common/_printf.s:12
_main (main.o):
    callmain.o                runtime/callmain.s:11
_memcpy (memcpy.o):
    vsnprintf.o               common/vsnprintf.s:10
_printf (printf.o):
    vdc_core.o                src/vdc_core.s:13
_rand (rand.o):
    main.o                    src/main.s:30
_set_c128_speed (acc_c128_speed.o):
    vdc_core.o                src/vdc_core.s:27
_snes_init (snes.o):
    main.o                    src/main.s:59
_snes_read (snes.o):
    main.o                    src/main.s:60
_sprintf (sprintf.o):
    main.o                    src/main.s:14
_srand (rand.o):
    main.o                    src/main.s:31
_stdout (_file.o):
    printf.o                  common/printf.s:8
_strcat (strcat.o):
    main.o                    src/main.s:15
_strchr (strchr.o):
    main.o                    src/main.s:16
_strcpy (strcpy.o):
    main.o                    src/main.s:17
_strlen (strlen.o):
    _printf.o                 common/_printf.s:13
    main.o                    src/main.s:18
_strlower (strlower.o):
    _printf.o                 common/_printf.s:13
_textcolor (color.o):
    vdc_core.o                src/vdc_core.s:23
    main.o                    src/main.s:29
_ultoa (ltoa.o):
    _printf.o                 common/_printf.s:12
_vcprintf (vcprintf.o):
    cprintf.o                 conio/cprintf.s:8
_vfprintf (vfprintf.o):
    printf.o                  common/printf.s:8
_videomode (videomode.o):
    vdc_core.o                src/vdc_core.s:14
_vsprintf (vsprintf.o):
    sprintf.o                 common/sprintf.s:8
_write (write.o):
    fwrite.o                  common/fwrite.s:10
addeq0sp (addeqsp.o):
    vdc_core.o                src/vdc_core.s:2062
    vdc_core.o                src/vdc_core.s:2062
    vdc_core.o                src/vdc_core.s:2062
    vdc_core.o                src/vdc_core.s:2062
addeqysp (addeqsp.o):
    vdc_core.o                src/vdc_core.s:2062
    vdc_core.o                src/vdc_core.s:2062
    vdc_core.o                src/vdc_core.s:2062
addysp (addysp.o):
    fwrite.o                  common/fwrite.s:11
    sprintf.o                 common/sprintf.s:8
    printf.o                  common/printf.s:8
    incsp8.o                  runtime/incsp8.s:8
    incsp7.o                  runtime/incsp7.s:8
    incsp6.o                  runtime/incsp6.s:8
    incsp5.o                  runtime/incsp5.s:8
    incsp4.o                  runtime/incsp4.s:8
    incsp3.o                  runtime/incsp3.s:8
    cprintf.o                 conio/cprintf.s:8
    vdc_core.o                src/vdc_core.s:2062
    vdc_core.o                src/vdc_core.s:2062
    vdc_core.o                src/vdc_core.s:2062
    vdc_core.o                src/vdc_core.s:2062
    main.o                    src/main.s:9602
    main.o                    src/main.s:9602
    main.o                    src/main.s:9602
    main.o                    src/main.s:9602
    main.o                    src/main.s:9602
addysp1 (addysp.o):
    sub.o                     runtime/sub.s:8
    lsub.o                    runtime/lsub.s:11
aslax2 (aslax2.o):
    main.o                    src/main.s:9602
    main.o                    src/main.s:9602
    main.o                    src/main.s:9602
    main.o                    src/main.s:9602
    main.o                    src/main.s:9602
axlong (axlong.o):
    _printf.o                 common/_printf.s:11
axulong (axlong.o):
    _printf.o                 common/_printf.s:11
booleq (makebool.o):
    eq.o                      runtime/eq.s:8
    main.o                    src/main.s:9602
    main.o                    src/main.s:9602
    main.o                    src/main.s:9602
    main.o                    src/main.s:9602
boolult (makebool.o):
    lult.o                    runtime/lult.s:8
callmain (callmain.o):
    crt0.o                    c128/crt0.s:9
ctypemask (ctypemask.o):
    isprint.o                 common/isprint.s:15
ctypemaskdirect (ctypemask.o):
    strlower.o                common/strlower.s:14
cursor (_cursor.o):
    cgetc.o                   c128/cgetc.s:11
curunit (filevars.o):
    curdevice.o               cbm/curdevice.s:8
decax1 (decax1.o):
    main.o                    src/main.s:9602
    main.o                    src/main.s:9602
    main.o                    src/main.s:9602
    main.o                    src/main.s:9602
    main.o                    src/main.s:9602
    main.o                    src/main.s:9602
    main.o                    src/main.s:9602
    main.o                    src/main.s:9602
decaxy (decaxy.o):
    vdc_core.o                src/vdc_core.s:2062
    vdc_core.o                src/vdc_core.s:2062
    main.o                    src/main.s:9602
    main.o                    src/main.s:9602
decsp1 (decsp1.o):
    snes.o                    src/snes.s:164
    vdc_core.o                src/vdc_core.s:2062
    vdc_core.o                src/vdc_core.s:2062
    main.o                    src/main.s:9602
    main.o                    src/main.s:9602
    main.o                    src/main.s:9602
    main.o                    src/main.s:9602
    main.o                    src/main.s:9602
    main.o                    src/main.s:9602
    main.o                    src/main.s:9602
    main.o                    src/main.s:9602
decsp2 (decsp2.o):
    vdc_core.o                src/vdc_core.s:2062
    vdc_core.o                src/vdc_core.s:2062
    main.o                    src/main.s:9602
    main.o                    src/main.s:9602
    main.o                    src/main.s:9602
    main.o                    src/main.s:9602
    main.o                    src/main.s:9602
decsp3 (decsp3.o):
    vdc_core.o                src/vdc_core.s:2062
    main.o                    src/main.s:9602
    main.o                    src/main.s:9602
    main.o                    src/main.s:9602
    main.o                    src/main.s:9602
    main.o                    src/main.s:9602
decsp4 (decsp4.o):
    sprintf.o                 common/sprintf.s:8
    lpush.o                   runtime/lpush.s:12
    vdc_core.o                src/vdc_core.s:2062
    main.o                    src/main.s:9602
decsp5 (decsp5.o):
    main.o                    src/main.s:9602
    main.o                    src/main.s:9602
decsp6 (decsp6.o):
    _printf.o                 common/_printf.s:11
decsp8 (decsp8.o):
    main.o                    src/main.s:9602
devnum (devnum.o):
    filevars.o                cbm/filevars.s:9
donelib (condes.o):
    crt0.o                    c128/crt0.s:7
fdtab (filedes.o):
    write.o                   cbm/filedes.inc:7
gotoxy (gotoxy.o):
    cputs.o                   conio/cputs.s:9
    cputc.o                   c128/cputc.s:11
incax1 (incax1.o):
    vdc_core.o                src/vdc_core.s:2062
    main.o                    src/main.s:9602
    main.o                    src/main.s:9602
    main.o                    src/main.s:9602
    main.o                    src/main.s:9602
    main.o                    src/main.s:9602
    main.o                    src/main.s:9602
incax2 (incax2.o):
    vdc_core.o                src/vdc_core.s:2062
    main.o                    src/main.s:9602
    main.o                    src/main.s:9602
    main.o                    src/main.s:9602
incax3 (incax3.o):
    main.o                    src/main.s:9602
incax4 (incaxy.o):
    main.o                    src/main.s:9602
    main.o                    src/main.s:9602
incax8 (incax8.o):
    main.o                    src/main.s:9602
incaxy (incaxy.o):
    incax8.o                  runtime/incax8.s:8
    incax3.o                  runtime/incax3.s:8
    vdc_core.o                src/vdc_core.s:2062
    vdc_core.o                src/vdc_core.s:2062
    vdc_core.o                src/vdc_core.s:2062
    main.o                    src/main.s:9602
    main.o                    src/main.s:9602
    main.o                    src/main.s:9602
    main.o                    src/main.s:9602
    main.o                    src/main.s:9602
    main.o                    src/main.s:9602
    main.o                    src/main.s:9602
    main.o                    src/main.s:9602
incsp1 (incsp1.o):
    snes.o                    src/snes.s:164
    vdc_core.o                src/vdc_core.s:2062
    vdc_core.o                src/vdc_core.s:2062
    vdc_core.o                src/vdc_core.s:2062
    vdc_core.o                src/vdc_core.s:2062
    main.o                    src/main.s:9602
    main.o                    src/main.s:9602
    main.o                    src/main.s:9602
    main.o                    src/main.s:9602
    main.o                    src/main.s:9602
    main.o                    src/main.s:9602
incsp2 (incsp2.o):
    vsnprintf.o               common/vsnprintf.s:9
    staspidx.o                runtime/staspidx.s:8
    popptr1.o                 runtime/popptr1.s:8
    sidplay.o                 src/sidplay.s:52
    vdc_core.o                src/vdc_core.s:2062
    vdc_core.o                src/vdc_core.s:2062
    vdc_core.o                src/vdc_core.s:2062
    vdc_core.o                src/vdc_core.s:2062
    main.o                    src/main.s:9602
    main.o                    src/main.s:9602
    main.o                    src/main.s:9602
    main.o                    src/main.s:9602
    main.o                    src/main.s:9602
    main.o                    src/main.s:9602
incsp3 (incsp3.o):
    vdc_core.o                src/vdc_core.s:2062
    vdc_core.o                src/vdc_core.s:2062
    main.o                    src/main.s:9602
    main.o                    src/main.s:9602
incsp4 (incsp4.o):
    lcmp.o                    runtime/lcmp.s:9
    vdc_core.o                src/vdc_core.s:2062
    vdc_core.o                src/vdc_core.s:2062
    main.o                    src/main.s:9602
    main.o                    src/main.s:9602
    main.o                    src/main.s:9602
    main.o                    src/main.s:9602
incsp5 (incsp5.o):
    vdc_core.o                src/vdc_core.s:2062
    main.o                    src/main.s:9602
    main.o                    src/main.s:9602
    main.o                    src/main.s:9602
incsp6 (incsp6.o):
    vsnprintf.o               common/vsnprintf.s:9
    fwrite.o                  common/fwrite.s:11
    vfprintf.o                common/vfprintf.s:9
    vdc_core.o                src/vdc_core.s:2062
    vdc_core.o                src/vdc_core.s:2062
    vdc_core.o                src/vdc_core.s:2062
    main.o                    src/main.s:9602
    main.o                    src/main.s:9602
    main.o                    src/main.s:9602
incsp7 (incsp7.o):
    vdc_core.o                src/vdc_core.s:2062
    vdc_core.o                src/vdc_core.s:2062
    vdc_core.o                src/vdc_core.s:2062
    vdc_core.o                src/vdc_core.s:2062
    vdc_core.o                src/vdc_core.s:2062
    vdc_core.o                src/vdc_core.s:2062
    main.o                    src/main.s:9602
incsp8 (incsp8.o):
    vdc_core.o                src/vdc_core.s:2062
    vdc_core.o                src/vdc_core.s:2062
    vdc_core.o                src/vdc_core.s:2062
    main.o                    src/main.s:9602
    main.o                    src/main.s:9602
initlib (condes.o):
    crt0.o                    c128/crt0.s:7
joy_libref (libref.o):
    joy-kernel.o              joystick/joy-kernel.s:7
joy_read (joy-kernel.o):
    joy_read.o                /mnt/d/retro/cc65/asminc/joy-kernel.inc:71
ldax0sp (ldaxsp.o):
    sidplay.o                 src/sidplay.s:52
    vdc_core.o                src/vdc_core.s:2062
    vdc_core.o                src/vdc_core.s:2062
    main.o                    src/main.s:9602
ldaxi (ldaxi.o):
    main.o                    src/main.s:9602
ldaxysp (ldaxsp.o):
    vsnprintf.o               common/vsnprintf.s:9
    fwrite.o                  common/fwrite.s:11
    vdc_core.o                src/vdc_core.s:2062
    vdc_core.o                src/vdc_core.s:2062
    vdc_core.o                src/vdc_core.s:2062
    vdc_core.o                src/vdc_core.s:2062
    vdc_core.o                src/vdc_core.s:2062
    vdc_core.o                src/vdc_core.s:2062
    main.o                    src/main.s:9602
    main.o                    src/main.s:9602
    main.o                    src/main.s:9602
    main.o                    src/main.s:9602
    main.o                    src/main.s:9602
ldeaxysp (ldeaxysp.o):
    main.o                    src/main.s:9602
leaa0sp (leaaxsp.o):
    main.o                    src/main.s:9602
    main.o                    src/main.s:9602
    main.o                    src/main.s:9602
    main.o                    src/main.s:9602
mul8x16 (mul8.o):
    mul.o                     runtime/mul.s:8
mul8x16a (mul8.o):
    mul.o                     runtime/mul.s:8
mulax10 (mulax10.o):
    main.o                    src/main.s:9602
    main.o                    src/main.s:9602
mulax3 (mulax3.o):
    main.o                    src/main.s:9602
    main.o                    src/main.s:9602
    main.o                    src/main.s:9602
    main.o                    src/main.s:9602
    main.o                    src/main.s:9602
    main.o                    src/main.s:9602
negax (negabs.o):
    shelp.o                   runtime/shelp.s:11
    mod.o                     runtime/mod.s:11
negeax (lneg.o):
    ltoa.o                    common/ltoa.s:9
plot (cputc.o):
    gotoxy.o                  cbm/gotoxy.s:8
popa (popa.o):
    gotoxy.o                  cbm/gotoxy.s:8
    cbm_read.o                cbm/cbm_read.s:43
    cbm_open.o                cbm/cbm_open.s:22
    c_setlfs.o                cbm/c_setlfs.s:12
    c_load.o                  cbm/c_load.s:11
popax (incsp2.o):
    rwcommon.o                cbm/rwcommon.s:9
    memcpy.o                  common/memcpy.s:14
    vsnprintf.o               common/vsnprintf.s:9
    ltoa.o                    common/ltoa.s:9
    _printf.o                 common/_printf.s:11
    vcprintf.o                conio/vcprintf.s:8
    strcpy.o                  common/strcpy.s:8
    strchr.o                  common/strchr.s:9
    strcat.o                  common/strcat.s:9
    shelp.o                   runtime/shelp.s:11
    cbm_read.o                cbm/cbm_read.s:43
popptr1 (popptr1.o):
    rwcommon.o                cbm/rwcommon.s:9
    memcpy.o                  common/memcpy.s:14
    ltoa.o                    common/ltoa.s:9
    vcprintf.o                conio/vcprintf.s:8
    udiv.o                    runtime/udiv.s:9
    mul8.o                    runtime/mul8.s:9
    mul.o                     runtime/mul.s:9
    c_save.o                  cbm/c_save.s:10
popsargsudiv16 (shelp.o):
    mod.o                     runtime/mod.s:11
ptr1 (zeropage.o):
    memcpy.o                  common/memcpy.s:15
    write.o                   cbm/write.s:11
    vsnprintf.o               common/vsnprintf.s:11
    strlower.o                common/strlower.s:13
    ltoa.o                    common/ltoa.s:11
    lcmp.o                    runtime/lcmp.s:10
    fwrite.o                  common/fwrite.s:14
    _printf.o                 /mnt/d/retro/cc65/asminc/zeropage.inc:12
    zerobss.o                 common/zerobss.s:9
    vfprintf.o                common/vfprintf.s:11
    vcprintf.o                conio/vcprintf.s:10
    udiv.o                    runtime/udiv.s:10
    strcpy.o                  common/strcpy.s:9
    strchr.o                  common/strchr.s:10
    strcat.o                  common/strcat.s:10
    staspidx.o                runtime/staspidx.s:9
    sprintf.o                 common/sprintf.s:9
    shelp.o                   runtime/shelp.s:12
    printf.o                  common/printf.s:9
    popptr1.o                 runtime/popptr1.s:9
    mulax3.o                  runtime/mulax3.s:9
    mulax10.o                 runtime/mulax10.s:9
    mul8.o                    runtime/mul8.s:10
    mul.o                     runtime/mul.s:10
    ldaxi.o                   runtime/ldaxi.s:8
    joy-kernel.o              joystick/joy-kernel.s:8
    cputs.o                   conio/cputs.s:10
    cprintf.o                 conio/cprintf.s:9
    cbm_read.o                cbm/cbm_read.s:42
    c_setnam.o                cbm/c_setnam.s:10
    c_save.o                  cbm/c_save.s:11
    c_load.o                  cbm/c_load.s:12
    vdc_core.o                src/vdc_core.s:11
    main.o                    src/main.s:11
ptr2 (zeropage.o):
    rwcommon.o                cbm/rwcommon.s:10
    memcpy.o                  common/memcpy.s:15
    write.o                   cbm/write.s:11
    strlower.o                common/strlower.s:13
    ltoa.o                    common/ltoa.s:11
    _printf.o                 /mnt/d/retro/cc65/asminc/zeropage.inc:12
    vcprintf.o                conio/vcprintf.s:10
    strlen.o                  common/strlen.s:12
    strcpy.o                  common/strcpy.s:9
    strcat.o                  common/strcat.s:10
    cbm_read.o                cbm/cbm_read.s:42
ptr3 (zeropage.o):
    rwcommon.o                cbm/rwcommon.s:10
    memcpy.o                  common/memcpy.s:15
    write.o                   cbm/write.s:11
    ltoa.o                    common/ltoa.s:11
    vcprintf.o                conio/vcprintf.s:10
    cbm_read.o                cbm/cbm_read.s:42
ptr4 (zeropage.o):
    udiv.o                    runtime/udiv.s:10
    shelp.o                   runtime/shelp.s:12
    mul8.o                    runtime/mul8.s:10
    mul.o                     runtime/mul.s:10
push0 (pushax.o):
    vdc_core.o                src/vdc_core.s:2062
    vdc_core.o                src/vdc_core.s:2062
    main.o                    src/main.s:9602
    main.o                    src/main.s:9602
push1 (push1.o):
    _printf.o                 common/_printf.s:11
    vfprintf.o                common/vfprintf.s:9
pusha (pusha.o):
    sidplay.o                 src/sidplay.s:52
    vdc_core.o                src/vdc_core.s:2062
    vdc_core.o                src/vdc_core.s:2062
    vdc_core.o                src/vdc_core.s:2062
    vdc_core.o                src/vdc_core.s:2062
    vdc_core.o                src/vdc_core.s:2062
    vdc_core.o                src/vdc_core.s:2062
    vdc_core.o                src/vdc_core.s:2062
    vdc_core.o                src/vdc_core.s:2062
    vdc_core.o                src/vdc_core.s:2062
    vdc_core.o                src/vdc_core.s:2062
    vdc_core.o                src/vdc_core.s:2062
    vdc_core.o                src/vdc_core.s:2062
    vdc_core.o                src/vdc_core.s:2062
    vdc_core.o                src/vdc_core.s:2062
    vdc_core.o                src/vdc_core.s:2062
    vdc_core.o                src/vdc_core.s:2062
    vdc_core.o                src/vdc_core.s:2062
    vdc_core.o                src/vdc_core.s:2062
    vdc_core.o                src/vdc_core.s:2062
    vdc_core.o                src/vdc_core.s:2062
    vdc_core.o                src/vdc_core.s:2062
    vdc_core.o                src/vdc_core.s:2062
    vdc_core.o                src/vdc_core.s:2062
    vdc_core.o                src/vdc_core.s:2062
    vdc_core.o                src/vdc_core.s:2062
    main.o                    src/main.s:9602
    main.o                    src/main.s:9602
    main.o                    src/main.s:9602
    main.o                    src/main.s:9602
    main.o                    src/main.s:9602
    main.o                    src/main.s:9602
    main.o                    src/main.s:9602
    main.o                    src/main.s:9602
    main.o                    src/main.s:9602
    main.o                    src/main.s:9602
    main.o                    src/main.s:9602
    main.o                    src/main.s:9602
    main.o                    src/main.s:9602
    main.o                    src/main.s:9602
    main.o                    src/main.s:9602
    main.o                    src/main.s:9602
    main.o                    src/main.s:9602
    main.o                    src/main.s:9602
    main.o                    src/main.s:9602
    main.o                    src/main.s:9602
    main.o                    src/main.s:9602
    main.o                    src/main.s:9602
    main.o                    src/main.s:9602
    main.o                    src/main.s:9602
    main.o                    src/main.s:9602
    main.o                    src/main.s:9602
    main.o                    src/main.s:9602
    main.o                    src/main.s:9602
    main.o                    src/main.s:9602
    main.o                    src/main.s:9602
    main.o                    src/main.s:9602
    main.o                    src/main.s:9602
    main.o                    src/main.s:9602
    main.o                    src/main.s:9602
    main.o                    src/main.s:9602
    main.o                    src/main.s:9602
pusha0 (pushax.o):
    push1.o                   runtime/push1.s:8
    vdc_core.o                src/vdc_core.s:2062
    vdc_core.o                src/vdc_core.s:2062
    vdc_core.o                src/vdc_core.s:2062
    vdc_core.o                src/vdc_core.s:2062
    main.o                    src/main.s:9602
    main.o                    src/main.s:9602
    main.o                    src/main.s:9602
    main.o                    src/main.s:9602
    main.o                    src/main.s:9602
    main.o                    src/main.s:9602
    main.o                    src/main.s:9602
    main.o                    src/main.s:9602
    main.o                    src/main.s:9602
    main.o                    src/main.s:9602
    main.o                    src/main.s:9602
    main.o                    src/main.s:9602
    main.o                    src/main.s:9602
    main.o                    src/main.s:9602
    main.o                    src/main.s:9602
    main.o                    src/main.s:9602
    main.o                    src/main.s:9602
    main.o                    src/main.s:9602
    main.o                    src/main.s:9602
    main.o                    src/main.s:9602
    main.o                    src/main.s:9602
    main.o                    src/main.s:9602
    main.o                    src/main.s:9602
pushax (pushax.o):
    fwrite.o                  common/fwrite.s:11
    callmain.o                runtime/callmain.s:11
    _printf.o                 common/_printf.s:11
    vcprintf.o                conio/vcprintf.s:8
    printf.o                  common/printf.s:8
    cprintf.o                 conio/cprintf.s:8
    sidplay.o                 src/sidplay.s:52
    vdc_core.o                src/vdc_core.s:2062
    vdc_core.o                src/vdc_core.s:2062
    vdc_core.o                src/vdc_core.s:2062
    vdc_core.o                src/vdc_core.s:2062
    vdc_core.o                src/vdc_core.s:2062
    vdc_core.o                src/vdc_core.s:2062
    vdc_core.o                src/vdc_core.s:2062
    vdc_core.o                src/vdc_core.s:2062
    vdc_core.o                src/vdc_core.s:2062
    vdc_core.o                src/vdc_core.s:2062
    vdc_core.o                src/vdc_core.s:2062
    vdc_core.o                src/vdc_core.s:2062
    vdc_core.o                src/vdc_core.s:2062
    main.o                    src/main.s:9602
    main.o                    src/main.s:9602
    main.o                    src/main.s:9602
    main.o                    src/main.s:9602
    main.o                    src/main.s:9602
    main.o                    src/main.s:9602
    main.o                    src/main.s:9602
    main.o                    src/main.s:9602
    main.o                    src/main.s:9602
    main.o                    src/main.s:9602
    main.o                    src/main.s:9602
    main.o                    src/main.s:9602
    main.o                    src/main.s:9602
    main.o                    src/main.s:9602
    main.o                    src/main.s:9602
    main.o                    src/main.s:9602
    main.o                    src/main.s:9602
    main.o                    src/main.s:9602
    main.o                    src/main.s:9602
    main.o                    src/main.s:9602
    main.o                    src/main.s:9602
    main.o                    src/main.s:9602
    main.o                    src/main.s:9602
    main.o                    src/main.s:9602
    main.o                    src/main.s:9602
    main.o                    src/main.s:9602
    main.o                    src/main.s:9602
    main.o                    src/main.s:9602
pusheax (lpush.o):
    _printf.o                 common/_printf.s:11
    main.o                    src/main.s:9602
pushw0sp (pushwsp.o):
    vsprintf.o                common/vsprintf.s:8
    vdc_core.o                src/vdc_core.s:2062
    vdc_core.o                src/vdc_core.s:2062
    main.o                    src/main.s:9602
pushwysp (pushwsp.o):
    fwrite.o                  common/fwrite.s:11
    vfprintf.o                common/vfprintf.s:9
    vdc_core.o                src/vdc_core.s:2062
    vdc_core.o                src/vdc_core.s:2062
    vdc_core.o                src/vdc_core.s:2062
    vdc_core.o                src/vdc_core.s:2062
    vdc_core.o                src/vdc_core.s:2062
    main.o                    src/main.s:9602
    main.o                    src/main.s:9602
regbank (zeropage.o):
    _printf.o                 /mnt/d/retro/cc65/asminc/zeropage.inc:14
return0 (return0.o):
    color.o                   c128/color.s:10
rwcommon (rwcommon.o):
    write.o                   cbm/write.s:10
shlax1 (aslax1.o):
    vdc_core.o                src/vdc_core.s:2062
shlax2 (aslax2.o):
    vdc_core.o                src/vdc_core.s:2062
shlax3 (aslax3.o):
    vdc_core.o                src/vdc_core.s:2062
shlax4 (aslax4.o):
    vdc_core.o                src/vdc_core.s:2062
shrax1 (shrax1.o):
    main.o                    src/main.s:9602
shrax3 (shrax3.o):
    vdc_core.o                src/vdc_core.s:2062
sp (zeropage.o):
    memcpy.o                  common/memcpy.s:15
    vsnprintf.o               common/vsnprintf.s:11
    lcmp.o                    runtime/lcmp.s:10
    decsp6.o                  runtime/decsp6.s:8
    _printf.o                 /mnt/d/retro/cc65/asminc/zeropage.inc:11
    vfprintf.o                common/vfprintf.s:11
    vcprintf.o                conio/vcprintf.s:10
    subysp.o                  runtime/subysp.s:9
    subeqsp.o                 runtime/subeqsp.s:8
    sub.o                     runtime/sub.s:9
    staxsp.o                  runtime/staxsp.s:8
    staspidx.o                runtime/staspidx.s:9
    sprintf.o                 common/sprintf.s:9
    pushwsp.o                 runtime/pushwsp.s:8
    pushax.o                  runtime/pushax.s:8
    pusha.o                   runtime/pusha.s:8
    printf.o                  common/printf.s:9
    popptr1.o                 runtime/popptr1.s:9
    popa.o                    runtime/popa.s:8
    lsub.o                    runtime/lsub.s:12
    lpush.o                   runtime/lpush.s:13
    leaaxsp.o                 runtime/leaaxsp.s:8
    ldeaxysp.o                runtime/ldeaxysp.s:12
    ldaxsp.o                  runtime/ldaxsp.s:8
    incsp2.o                  runtime/incsp2.s:8
    incsp1.o                  runtime/incsp1.s:8
    icmp.o                    runtime/icmp.s:9
    decsp8.o                  runtime/decsp8.s:8
    decsp5.o                  runtime/decsp5.s:8
    decsp4.o                  runtime/decsp4.s:8
    decsp3.o                  runtime/decsp3.s:8
    decsp2.o                  runtime/decsp2.s:8
    decsp1.o                  runtime/decsp1.s:8
    crt0.o                    /mnt/d/retro/cc65/asminc/zeropage.inc:11
    cprintf.o                 conio/cprintf.s:9
    addysp.o                  runtime/addysp.s:8
    addeqsp.o                 runtime/addeqsp.s:8
    add.o                     runtime/add.s:12
    snes.o                    src/snes.s:10
    vdc_core.o                src/vdc_core.s:10
    main.o                    src/main.s:10
sreg (zeropage.o):
    lneg.o                    runtime/lneg.s:11
    ltoa.o                    common/ltoa.s:11
    lcmp.o                    runtime/lcmp.s:10
    axlong.o                  runtime/axlong.s:9
    _printf.o                 /mnt/d/retro/cc65/asminc/zeropage.inc:11
    udiv.o                    runtime/udiv.s:10
    mod.o                     runtime/mod.s:12
    lsub.o                    runtime/lsub.s:12
    lpush.o                   runtime/lpush.s:13
    ldeaxysp.o                runtime/ldeaxysp.s:12
    icmp.o                    runtime/icmp.s:9
    clock.o                   cbm/clock.s:9
    main.o                    src/main.s:10
staspidx (staspidx.o):
    main.o                    src/main.s:9602
    main.o                    src/main.s:9602
stax0sp (staxsp.o):
    vdc_core.o                src/vdc_core.s:2062
    vdc_core.o                src/vdc_core.s:2062
    vdc_core.o                src/vdc_core.s:2062
    vdc_core.o                src/vdc_core.s:2062
    vdc_core.o                src/vdc_core.s:2062
    vdc_core.o                src/vdc_core.s:2062
    vdc_core.o                src/vdc_core.s:2062
    main.o                    src/main.s:9602
staxysp (staxsp.o):
    vsprintf.o                common/vsprintf.s:8
    vdc_core.o                src/vdc_core.s:2062
    vdc_core.o                src/vdc_core.s:2062
    vdc_core.o                src/vdc_core.s:2062
subeq0sp (subeqsp.o):
    vdc_core.o                src/vdc_core.s:2062
    vdc_core.o                src/vdc_core.s:2062
subeqysp (subeqsp.o):
    vdc_core.o                src/vdc_core.s:2062
subysp (subysp.o):
    main.o                    src/main.s:9602
    main.o                    src/main.s:9602
    main.o                    src/main.s:9602
tmp1 (zeropage.o):
    ltoa.o                    common/ltoa.s:11
    _printf.o                 /mnt/d/retro/cc65/asminc/zeropage.inc:13
    vcprintf.o                conio/vcprintf.s:10
    strchr.o                  common/strchr.s:10
    staspidx.o                runtime/staspidx.s:9
    shrax3.o                  runtime/shrax3.s:8
    shrax1.o                  runtime/shrax1.s:8
    shelp.o                   runtime/shelp.s:12
    mul.o                     runtime/mul.s:10
    mod.o                     runtime/mod.s:12
    incaxy.o                  runtime/incaxy.s:8
    decaxy.o                  runtime/decaxy.s:8
    cputs.o                   conio/cputs.s:10
    cbm_read.o                cbm/cbm_read.s:42
    c_setlfs.o                cbm/c_setlfs.s:13
    c_save.o                  cbm/c_save.s:11
    aslax4.o                  runtime/aslax4.s:8
    aslax3.o                  runtime/aslax3.s:8
    aslax2.o                  runtime/aslax2.s:8
    aslax1.o                  runtime/aslax1.s:8
    add.o                     runtime/add.s:12
    vdc_core.o                src/vdc_core.s:11
    main.o                    src/main.s:11
tmp2 (zeropage.o):
    rwcommon.o                cbm/rwcommon.s:10
    shelp.o                   runtime/shelp.s:12
tmp3 (zeropage.o):
    strcat.o                  common/strcat.s:10
tosadda0 (add.o):
    main.o                    src/main.s:9602
tosaddax (add.o):
    main.o                    src/main.s:9602
    main.o                    src/main.s:9602
    main.o                    src/main.s:9602
    main.o                    src/main.s:9602
    main.o                    src/main.s:9602
    main.o                    src/main.s:9602
toseqa0 (eq.o):
    main.o                    src/main.s:9602
    main.o                    src/main.s:9602
tosicmp (icmp.o):
    eq.o                      runtime/eq.s:8
    main.o                    src/main.s:9602
tosicmp0 (icmp.o):
    main.o                    src/main.s:9602
toslcmp (lcmp.o):
    lult.o                    runtime/lult.s:8
tosmoda0 (mod.o):
    main.o                    src/main.s:9602
    main.o                    src/main.s:9602
tosmula0 (mul8.o):
    main.o                    src/main.s:9602
    main.o                    src/main.s:9602
    main.o                    src/main.s:9602
    main.o                    src/main.s:9602
    main.o                    src/main.s:9602
    main.o                    src/main.s:9602
    main.o                    src/main.s:9602
    main.o                    src/main.s:9602
    main.o                    src/main.s:9602
    main.o                    src/main.s:9602
    main.o                    src/main.s:9602
    main.o                    src/main.s:9602
    main.o                    src/main.s:9602
    main.o                    src/main.s:9602
    main.o                    src/main.s:9602
    main.o                    src/main.s:9602
    main.o                    src/main.s:9602
tosmulax (mul.o):
    main.o                    src/main.s:9602
    main.o                    src/main.s:9602
tossuba0 (sub.o):
    main.o                    src/main.s:9602
    main.o                    src/main.s:9602
tossubax (sub.o):
    main.o                    src/main.s:9602
    main.o                    src/main.s:9602
tossubeax (lsub.o):
    main.o                    src/main.s:9602
tosudivax (udiv.o):
    fwrite.o                  common/fwrite.s:12
tosulteax (lult.o):
    main.o                    src/main.s:9602
tosumula0 (mul8.o):
    vdc_core.o                src/vdc_core.s:2062
    vdc_core.o                src/vdc_core.s:2062
    vdc_core.o                src/vdc_core.s:2062
    vdc_core.o                src/vdc_core.s:2062
    main.o                    src/main.s:9602
    main.o                    src/main.s:9602
    main.o                    src/main.s:9602
tosumulax (mul.o):
    fwrite.o                  common/fwrite.s:12
    vdc_core.o                src/vdc_core.s:2062
udiv16 (udiv.o):
    shelp.o                   runtime/shelp.s:11
vsnprintf (vsnprintf.o):
    vsprintf.o                common/vsprintf.s:9
zerobss (zerobss.o):
    crt0.o                    c128/crt0.s:8

