Modules list:
-------------
vdc_core_assembly.o:
    MACO              Offs=000000  Size=00047F  Align=00001  Fill=0000
sidplay_assembly.o:
    MACO              Offs=00047F  Size=0000D3  Align=00001  Fill=0000
careertext.o:
    CTXT              Offs=000000  Size=0005DE  Align=00001  Fill=0000
main.o:
    CODE              Offs=000000  Size=0045E5  Align=00001  Fill=0000
    RODATA            Offs=000000  Size=0003AB  Align=00001  Fill=0000
    BSS               Offs=000000  Size=0001F6  Align=00001  Fill=0000
    DATA              Offs=000000  Size=000952  Align=00001  Fill=0000
ring1.o:
    OVERLAY1          Offs=000000  Size=001128  Align=00001  Fill=0000
ring2.o:
    OVERLAY2          Offs=000000  Size=001060  Align=00001  Fill=0000
ring3.o:
    OVERLAY3          Offs=000000  Size=00110B  Align=00001  Fill=0000
ring4.o:
    OVERLAY4          Offs=000000  Size=0010F0  Align=00001  Fill=0000
career1.o:
    OVERLAY5          Offs=000000  Size=00111D  Align=00001  Fill=0000
career2.o:
    OVERLAY6          Offs=000000  Size=000A48  Align=00001  Fill=0000
menu1.o:
    OVERLAY7          Offs=000000  Size=001079  Align=00001  Fill=0000
menu2.o:
    OVERLAY8          Offs=000000  Size=001044  Align=00001  Fill=0000
menu3.o:
    OVERLAY9          Offs=000000  Size=000E11  Align=00001  Fill=0000
vdc_core.o:
    CODE              Offs=0045E5  Size=000D8D  Align=00001  Fill=0000
    RODATA            Offs=0003AB  Size=000050  Align=00001  Fill=0000
    DATA              Offs=000952  Size=000014  Align=00001  Fill=0000
sidplay.o:
    MACO              Offs=000552  Size=000033  Align=00001  Fill=0000
snes.o:
    BSS               Offs=0001F6  Size=000002  Align=00001  Fill=0000
    MACO              Offs=000585  Size=0000C9  Align=00001  Fill=0000
/mnt/d/retro/cc65/lib/c128.lib(_cursor.o):
    BSS               Offs=0001F8  Size=000001  Align=00001  Fill=0000
/mnt/d/retro/cc65/lib/c128.lib(_directerrno.o):
    CODE              Offs=005372  Size=00000A  Align=00001  Fill=0000
/mnt/d/retro/cc65/lib/c128.lib(_file.o):
    DATA              Offs=000966  Size=00001E  Align=00001  Fill=0000
/mnt/d/retro/cc65/lib/c128.lib(_hextab.o):
    RODATA            Offs=0003FB  Size=000010  Align=00001  Fill=0000
/mnt/d/retro/cc65/lib/c128.lib(_longminstr.o):
    RODATA            Offs=00040B  Size=00000C  Align=00001  Fill=0000
/mnt/d/retro/cc65/lib/c128.lib(_mappederrno.o):
    CODE              Offs=00537C  Size=000010  Align=00001  Fill=0000
/mnt/d/retro/cc65/lib/c128.lib(_oserror.o):
    BSS               Offs=0001F9  Size=000001  Align=00001  Fill=0000
/mnt/d/retro/cc65/lib/c128.lib(_printf.o):
    CODE              Offs=00538C  Size=0003A5  Align=00001  Fill=0000
    BSS               Offs=0001FA  Size=00002B  Align=00001  Fill=0000
    DATA              Offs=000984  Size=000003  Align=00001  Fill=0000
/mnt/d/retro/cc65/lib/c128.lib(_seterrno.o):
    CODE              Offs=005731  Size=000009  Align=00001  Fill=0000
/mnt/d/retro/cc65/lib/c128.lib(acc_c128_speed.o):
    CODE              Offs=00573A  Size=000010  Align=00001  Fill=0000
/mnt/d/retro/cc65/lib/c128.lib(add.o):
    CODE              Offs=00574A  Size=00001C  Align=00001  Fill=0000
/mnt/d/retro/cc65/lib/c128.lib(addeqsp.o):
    CODE              Offs=005766  Size=000011  Align=00001  Fill=0000
/mnt/d/retro/cc65/lib/c128.lib(addysp.o):
    CODE              Offs=005777  Size=00000E  Align=00001  Fill=0000
/mnt/d/retro/cc65/lib/c128.lib(aslax1.o):
    CODE              Offs=005785  Size=000008  Align=00001  Fill=0000
/mnt/d/retro/cc65/lib/c128.lib(aslax2.o):
    CODE              Offs=00578D  Size=00000B  Align=00001  Fill=0000
/mnt/d/retro/cc65/lib/c128.lib(aslax3.o):
    CODE              Offs=005798  Size=00000E  Align=00001  Fill=0000
/mnt/d/retro/cc65/lib/c128.lib(aslax4.o):
    CODE              Offs=0057A6  Size=000011  Align=00001  Fill=0000
/mnt/d/retro/cc65/lib/c128.lib(asleax1.o):
    CODE              Offs=0057B7  Size=00000C  Align=00001  Fill=0000
/mnt/d/retro/cc65/lib/c128.lib(axlong.o):
    CODE              Offs=0057C3  Size=00000D  Align=00001  Fill=0000
/mnt/d/retro/cc65/lib/c128.lib(bneg.o):
    CODE              Offs=0057D0  Size=00000E  Align=00001  Fill=0000
/mnt/d/retro/cc65/lib/c128.lib(c_close.o):
    CODE              Offs=0057DE  Size=000004  Align=00001  Fill=0000
/mnt/d/retro/cc65/lib/c128.lib(c_load.o):
    CODE              Offs=0057E2  Size=00001D  Align=00001  Fill=0000
/mnt/d/retro/cc65/lib/c128.lib(c_open.o):
    CODE              Offs=0057FF  Size=000009  Align=00001  Fill=0000
/mnt/d/retro/cc65/lib/c128.lib(c_save.o):
    CODE              Offs=005808  Size=000016  Align=00001  Fill=0000
/mnt/d/retro/cc65/lib/c128.lib(c_setlfs.o):
    CODE              Offs=00581E  Size=00000E  Align=00001  Fill=0000
/mnt/d/retro/cc65/lib/c128.lib(c_setnam.o):
    CODE              Offs=00582C  Size=000013  Align=00001  Fill=0000
/mnt/d/retro/cc65/lib/c128.lib(callmain.o):
    CODE              Offs=00583F  Size=000017  Align=00001  Fill=0000
    DATA              Offs=000987  Size=000004  Align=00001  Fill=0000
/mnt/d/retro/cc65/lib/c128.lib(cbm_close.o):
/mnt/d/retro/cc65/lib/c128.lib(cbm_load.o):
    CODE              Offs=005856  Size=000044  Align=00001  Fill=0000
/mnt/d/retro/cc65/lib/c128.lib(cbm_open.o):
    CODE              Offs=00589A  Size=000016  Align=00001  Fill=0000
/mnt/d/retro/cc65/lib/c128.lib(cbm_read.o):
    CODE              Offs=0058B0  Size=00005B  Align=00001  Fill=0000
/mnt/d/retro/cc65/lib/c128.lib(cgetc.o):
    CODE              Offs=00590B  Size=000030  Align=00001  Fill=0000
    INIT              Offs=000000  Size=000002  Align=00001  Fill=0000
    ONCE              Offs=000000  Size=000013  Align=00001  Fill=0000
/mnt/d/retro/cc65/lib/c128.lib(clock.o):
    CODE              Offs=00593B  Size=00000A  Align=00001  Fill=0000
/mnt/d/retro/cc65/lib/c128.lib(clrscr.o):
/mnt/d/retro/cc65/lib/c128.lib(color.o):
    CODE              Offs=005945  Size=000060  Align=00001  Fill=0000
/mnt/d/retro/cc65/lib/c128.lib(condes.o):
    CODE              Offs=0059A5  Size=00000C  Align=00001  Fill=0000
    DATA              Offs=00098B  Size=000025  Align=00001  Fill=0000
    ONCE              Offs=000013  Size=00000C  Align=00001  Fill=0000
/mnt/d/retro/cc65/lib/c128.lib(conio.o):
/mnt/d/retro/cc65/lib/c128.lib(cprintf.o):
    CODE              Offs=0059B1  Size=00002A  Align=00001  Fill=0000
    BSS               Offs=000225  Size=000001  Align=00001  Fill=0000
/mnt/d/retro/cc65/lib/c128.lib(cputc.o):
    CODE              Offs=0059DB  Size=000049  Align=00001  Fill=0000
/mnt/d/retro/cc65/lib/c128.lib(cputs.o):
    CODE              Offs=005A24  Size=000023  Align=00001  Fill=0000
/mnt/d/retro/cc65/lib/c128.lib(crt0.o):
    BSS               Offs=000226  Size=000002  Align=00001  Fill=0000
    STARTUP           Offs=000000  Size=000051  Align=00001  Fill=0000
    INIT              Offs=000002  Size=00001A  Align=00001  Fill=0000
/mnt/d/retro/cc65/lib/c128.lib(ctype.o):
    RODATA            Offs=000417  Size=00008B  Align=00001  Fill=0000
/mnt/d/retro/cc65/lib/c128.lib(ctypemask.o):
    CODE              Offs=005A47  Size=00001E  Align=00001  Fill=0000
/mnt/d/retro/cc65/lib/c128.lib(curdevice.o):
    CODE              Offs=005A65  Size=000006  Align=00001  Fill=0000
/mnt/d/retro/cc65/lib/c128.lib(decax1.o):
    CODE              Offs=005A6B  Size=000007  Align=00001  Fill=0000
/mnt/d/retro/cc65/lib/c128.lib(decax3.o):
    CODE              Offs=005A72  Size=000007  Align=00001  Fill=0000
/mnt/d/retro/cc65/lib/c128.lib(decaxy.o):
    CODE              Offs=005A79  Size=000009  Align=00001  Fill=0000
/mnt/d/retro/cc65/lib/c128.lib(decsp1.o):
    CODE              Offs=005A82  Size=000009  Align=00001  Fill=0000
/mnt/d/retro/cc65/lib/c128.lib(decsp2.o):
    CODE              Offs=005A8B  Size=00000D  Align=00001  Fill=0000
/mnt/d/retro/cc65/lib/c128.lib(decsp3.o):
    CODE              Offs=005A98  Size=00000D  Align=00001  Fill=0000
/mnt/d/retro/cc65/lib/c128.lib(decsp4.o):
    CODE              Offs=005AA5  Size=00000D  Align=00001  Fill=0000
/mnt/d/retro/cc65/lib/c128.lib(decsp5.o):
    CODE              Offs=005AB2  Size=00000D  Align=00001  Fill=0000
/mnt/d/retro/cc65/lib/c128.lib(decsp6.o):
    CODE              Offs=005ABF  Size=00000D  Align=00001  Fill=0000
/mnt/d/retro/cc65/lib/c128.lib(decsp8.o):
    CODE              Offs=005ACC  Size=00000D  Align=00001  Fill=0000
/mnt/d/retro/cc65/lib/c128.lib(devnum.o):
/mnt/d/retro/cc65/lib/c128.lib(diskcmd.o):
    CODE              Offs=005AD9  Size=0000C4  Align=00001  Fill=0000
    BSS               Offs=000228  Size=000017  Align=00001  Fill=0000
/mnt/d/retro/cc65/lib/c128.lib(errno.o):
    BSS               Offs=00023F  Size=000002  Align=00001  Fill=0000
/mnt/d/retro/cc65/lib/c128.lib(exehdr.o):
    EXEHDR            Offs=000000  Size=00000C  Align=00001  Fill=0000
/mnt/d/retro/cc65/lib/c128.lib(filedes.o):
    CODE              Offs=005B9D  Size=00000E  Align=00001  Fill=0000
    DATA              Offs=0009B0  Size=000010  Align=00001  Fill=0000
/mnt/d/retro/cc65/lib/c128.lib(filename.o):
    CODE              Offs=005BAB  Size=0000A0  Align=00001  Fill=0000
    BSS               Offs=000241  Size=000003  Align=00001  Fill=0000
    DATA              Offs=0009C0  Size=000024  Align=00001  Fill=0000
/mnt/d/retro/cc65/lib/c128.lib(filetype.o):
    DATA              Offs=0009E4  Size=000001  Align=00001  Fill=0000
/mnt/d/retro/cc65/lib/c128.lib(filevars.o):
    INIT              Offs=00001C  Size=000001  Align=00001  Fill=0000
    ONCE              Offs=00001F  Size=00000C  Align=00001  Fill=0000
/mnt/d/retro/cc65/lib/c128.lib(fwrite.o):
    CODE              Offs=005C4B  Size=00007B  Align=00001  Fill=0000
    BSS               Offs=000244  Size=000002  Align=00001  Fill=0000
/mnt/d/retro/cc65/lib/c128.lib(gotoxy.o):
    CODE              Offs=005CC6  Size=00000D  Align=00001  Fill=0000
/mnt/d/retro/cc65/lib/c128.lib(icmp.o):
    CODE              Offs=005CD3  Size=00002E  Align=00001  Fill=0000
/mnt/d/retro/cc65/lib/c128.lib(incax1.o):
    CODE              Offs=005D01  Size=000007  Align=00001  Fill=0000
/mnt/d/retro/cc65/lib/c128.lib(incax2.o):
    CODE              Offs=005D08  Size=000007  Align=00001  Fill=0000
/mnt/d/retro/cc65/lib/c128.lib(incax3.o):
    CODE              Offs=005D0F  Size=000005  Align=00001  Fill=0000
/mnt/d/retro/cc65/lib/c128.lib(incax5.o):
    CODE              Offs=005D14  Size=000005  Align=00001  Fill=0000
/mnt/d/retro/cc65/lib/c128.lib(incax6.o):
    CODE              Offs=005D19  Size=000005  Align=00001  Fill=0000
/mnt/d/retro/cc65/lib/c128.lib(incax7.o):
    CODE              Offs=005D1E  Size=000005  Align=00001  Fill=0000
/mnt/d/retro/cc65/lib/c128.lib(incax8.o):
    CODE              Offs=005D23  Size=000005  Align=00001  Fill=0000
/mnt/d/retro/cc65/lib/c128.lib(incaxy.o):
    CODE              Offs=005D28  Size=00000B  Align=00001  Fill=0000
/mnt/d/retro/cc65/lib/c128.lib(incsp1.o):
    CODE              Offs=005D33  Size=000007  Align=00001  Fill=0000
/mnt/d/retro/cc65/lib/c128.lib(incsp2.o):
    CODE              Offs=005D3A  Size=000016  Align=00001  Fill=0000
/mnt/d/retro/cc65/lib/c128.lib(incsp3.o):
    CODE              Offs=005D50  Size=000005  Align=00001  Fill=0000
/mnt/d/retro/cc65/lib/c128.lib(incsp4.o):
    CODE              Offs=005D55  Size=000005  Align=00001  Fill=0000
/mnt/d/retro/cc65/lib/c128.lib(incsp5.o):
    CODE              Offs=005D5A  Size=000005  Align=00001  Fill=0000
/mnt/d/retro/cc65/lib/c128.lib(incsp6.o):
    CODE              Offs=005D5F  Size=000005  Align=00001  Fill=0000
/mnt/d/retro/cc65/lib/c128.lib(incsp7.o):
    CODE              Offs=005D64  Size=000005  Align=00001  Fill=0000
/mnt/d/retro/cc65/lib/c128.lib(incsp8.o):
    CODE              Offs=005D69  Size=000005  Align=00001  Fill=0000
/mnt/d/retro/cc65/lib/c128.lib(isprint.o):
    CODE              Offs=005D6E  Size=00000A  Align=00001  Fill=0000
/mnt/d/retro/cc65/lib/c128.lib(joy-kernel.o):
    CODE              Offs=005D78  Size=00004D  Align=00001  Fill=0000
    RODATA            Offs=0004A2  Size=000004  Align=00001  Fill=0000
    BSS               Offs=000246  Size=000002  Align=00001  Fill=0000
    DATA              Offs=0009E5  Size=00000C  Align=00001  Fill=0000
/mnt/d/retro/cc65/lib/c128.lib(joy_read.o):
/mnt/d/retro/cc65/lib/c128.lib(joy_stat_stddrv.o):
/mnt/d/retro/cc65/lib/c128.lib(kbhit.o):
    CODE              Offs=005DC5  Size=000009  Align=00001  Fill=0000
/mnt/d/retro/cc65/lib/c128.lib(kernal.o):
/mnt/d/retro/cc65/lib/c128.lib(ladd.o):
    CODE              Offs=005DCE  Size=000025  Align=00001  Fill=0000
/mnt/d/retro/cc65/lib/c128.lib(laddeqsp.o):
    CODE              Offs=005DF3  Size=000023  Align=00001  Fill=0000
/mnt/d/retro/cc65/lib/c128.lib(land.o):
    CODE              Offs=005E16  Size=000024  Align=00001  Fill=0000
/mnt/d/retro/cc65/lib/c128.lib(lbneg.o):
    CODE              Offs=005E3A  Size=000011  Align=00001  Fill=0000
/mnt/d/retro/cc65/lib/c128.lib(lcmp.o):
    CODE              Offs=005E4B  Size=00003B  Align=00001  Fill=0000
/mnt/d/retro/cc65/lib/c128.lib(ldaxi.o):
    CODE              Offs=005E86  Size=00000D  Align=00001  Fill=0000
/mnt/d/retro/cc65/lib/c128.lib(ldaxsp.o):
    CODE              Offs=005E93  Size=000009  Align=00001  Fill=0000
/mnt/d/retro/cc65/lib/c128.lib(ldeaxi.o):
    CODE              Offs=005E9C  Size=000017  Align=00001  Fill=0000
/mnt/d/retro/cc65/lib/c128.lib(ldeaxysp.o):
    CODE              Offs=005EB3  Size=000013  Align=00001  Fill=0000
/mnt/d/retro/cc65/lib/c128.lib(ldec.o):
    CODE              Offs=005EC6  Size=000015  Align=00001  Fill=0000
/mnt/d/retro/cc65/lib/c128.lib(leaaxsp.o):
    CODE              Offs=005EDB  Size=00000C  Align=00001  Fill=0000
/mnt/d/retro/cc65/lib/c128.lib(libref.o):
/mnt/d/retro/cc65/lib/c128.lib(lmul.o):
    CODE              Offs=005EE7  Size=00005C  Align=00001  Fill=0000
/mnt/d/retro/cc65/lib/c128.lib(lneg.o):
    CODE              Offs=005F43  Size=00001E  Align=00001  Fill=0000
/mnt/d/retro/cc65/lib/c128.lib(loadaddr.o):
    LOADADDR          Offs=000000  Size=000002  Align=00001  Fill=0000
/mnt/d/retro/cc65/lib/c128.lib(lpush.o):
    CODE              Offs=005F61  Size=000021  Align=00001  Fill=0000
/mnt/d/retro/cc65/lib/c128.lib(lsub.o):
    CODE              Offs=005F82  Size=000027  Align=00001  Fill=0000
/mnt/d/retro/cc65/lib/c128.lib(ltoa.o):
    CODE              Offs=005FA9  Size=000095  Align=00001  Fill=0000
/mnt/d/retro/cc65/lib/c128.lib(ludiv.o):
    CODE              Offs=00603E  Size=00007A  Align=00001  Fill=0000
/mnt/d/retro/cc65/lib/c128.lib(lugt.o):
    CODE              Offs=0060B8  Size=000006  Align=00001  Fill=0000
/mnt/d/retro/cc65/lib/c128.lib(lult.o):
    CODE              Offs=0060BE  Size=000006  Align=00001  Fill=0000
/mnt/d/retro/cc65/lib/c128.lib(makebool.o):
    CODE              Offs=0060C4  Size=00002C  Align=00001  Fill=0000
/mnt/d/retro/cc65/lib/c128.lib(memcpy.o):
    CODE              Offs=0060F0  Size=00003C  Align=00001  Fill=0000
/mnt/d/retro/cc65/lib/c128.lib(mod.o):
    CODE              Offs=00612C  Size=000011  Align=00001  Fill=0000
/mnt/d/retro/cc65/lib/c128.lib(mul.o):
    CODE              Offs=00613D  Size=000045  Align=00001  Fill=0000
/mnt/d/retro/cc65/lib/c128.lib(mul8.o):
    CODE              Offs=006182  Size=00003A  Align=00001  Fill=0000
/mnt/d/retro/cc65/lib/c128.lib(mulax10.o):
    CODE              Offs=0061BC  Size=000019  Align=00001  Fill=0000
/mnt/d/retro/cc65/lib/c128.lib(mulax3.o):
    CODE              Offs=0061D5  Size=000011  Align=00001  Fill=0000
/mnt/d/retro/cc65/lib/c128.lib(negabs.o):
    CODE              Offs=0061E6  Size=000012  Align=00001  Fill=0000
/mnt/d/retro/cc65/lib/c128.lib(oserror.o):
    CODE              Offs=0061F8  Size=000016  Align=00001  Fill=0000
    RODATA            Offs=0004A6  Size=00005A  Align=00001  Fill=0000
/mnt/d/retro/cc65/lib/c128.lib(overlayaddr.o):
    OVL1ADDR          Offs=000000  Size=000002  Align=00001  Fill=0000
    OVL2ADDR          Offs=000000  Size=000002  Align=00001  Fill=0000
    OVL3ADDR          Offs=000000  Size=000002  Align=00001  Fill=0000
    OVL4ADDR          Offs=000000  Size=000002  Align=00001  Fill=0000
    OVL5ADDR          Offs=000000  Size=000002  Align=00001  Fill=0000
    OVL6ADDR          Offs=000000  Size=000002  Align=00001  Fill=0000
    OVL7ADDR          Offs=000000  Size=000002  Align=00001  Fill=0000
    OVL8ADDR          Offs=000000  Size=000002  Align=00001  Fill=0000
    OVL9ADDR          Offs=000000  Size=000002  Align=00001  Fill=0000
/mnt/d/retro/cc65/lib/c128.lib(popa.o):
    CODE              Offs=00620E  Size=00000C  Align=00001  Fill=0000
/mnt/d/retro/cc65/lib/c128.lib(popptr1.o):
    CODE              Offs=00621A  Size=00000E  Align=00001  Fill=0000
/mnt/d/retro/cc65/lib/c128.lib(printf.o):
    CODE              Offs=006228  Size=000033  Align=00001  Fill=0000
    BSS               Offs=000248  Size=000001  Align=00001  Fill=0000
/mnt/d/retro/cc65/lib/c128.lib(push1.o):
    CODE              Offs=00625B  Size=000005  Align=00001  Fill=0000
/mnt/d/retro/cc65/lib/c128.lib(pusha.o):
    CODE              Offs=006260  Size=000016  Align=00001  Fill=0000
/mnt/d/retro/cc65/lib/c128.lib(pushax.o):
    CODE              Offs=006276  Size=00001A  Align=00001  Fill=0000
/mnt/d/retro/cc65/lib/c128.lib(pushw.o):
    CODE              Offs=006290  Size=00000F  Align=00001  Fill=0000
/mnt/d/retro/cc65/lib/c128.lib(pushwsp.o):
    CODE              Offs=00629F  Size=00001C  Align=00001  Fill=0000
/mnt/d/retro/cc65/lib/c128.lib(rand.o):
    CODE              Offs=0062BB  Size=000034  Align=00001  Fill=0000
    DATA              Offs=0009F1  Size=000004  Align=00001  Fill=0000
/mnt/d/retro/cc65/lib/c128.lib(remove.o):
    CODE              Offs=0062EF  Size=000006  Align=00001  Fill=0000
/mnt/d/retro/cc65/lib/c128.lib(return0.o):
    CODE              Offs=0062F5  Size=000004  Align=00001  Fill=0000
/mnt/d/retro/cc65/lib/c128.lib(rwcommon.o):
    CODE              Offs=0062F9  Size=00001A  Align=00001  Fill=0000
/mnt/d/retro/cc65/lib/c128.lib(scratch.o):
    CODE              Offs=006313  Size=000019  Align=00001  Fill=0000
/mnt/d/retro/cc65/lib/c128.lib(shelp.o):
    CODE              Offs=00632C  Size=000020  Align=00001  Fill=0000
/mnt/d/retro/cc65/lib/c128.lib(shrax1.o):
    CODE              Offs=00634C  Size=000008  Align=00001  Fill=0000
/mnt/d/retro/cc65/lib/c128.lib(shrax3.o):
    CODE              Offs=006354  Size=00000E  Align=00001  Fill=0000
/mnt/d/retro/cc65/lib/c128.lib(shreax1.o):
    CODE              Offs=006362  Size=00000C  Align=00001  Fill=0000
/mnt/d/retro/cc65/lib/c128.lib(shreax2.o):
    CODE              Offs=00636E  Size=000013  Align=00001  Fill=0000
/mnt/d/retro/cc65/lib/c128.lib(sprintf.o):
    CODE              Offs=006381  Size=00002B  Align=00001  Fill=0000
    BSS               Offs=000249  Size=000001  Align=00001  Fill=0000
/mnt/d/retro/cc65/lib/c128.lib(staspidx.o):
    CODE              Offs=0063AC  Size=000016  Align=00001  Fill=0000
/mnt/d/retro/cc65/lib/c128.lib(status.o):
/mnt/d/retro/cc65/lib/c128.lib(staxsp.o):
    CODE              Offs=0063C2  Size=00000B  Align=00001  Fill=0000
/mnt/d/retro/cc65/lib/c128.lib(steaxsp.o):
    CODE              Offs=0063CD  Size=000015  Align=00001  Fill=0000
/mnt/d/retro/cc65/lib/c128.lib(steaxspi.o):
    CODE              Offs=0063E2  Size=000022  Align=00001  Fill=0000
/mnt/d/retro/cc65/lib/c128.lib(strcat.o):
    CODE              Offs=006404  Size=000031  Align=00001  Fill=0000
/mnt/d/retro/cc65/lib/c128.lib(strchr.o):
    CODE              Offs=006435  Size=000027  Align=00001  Fill=0000
/mnt/d/retro/cc65/lib/c128.lib(strlen.o):
    CODE              Offs=00645C  Size=000016  Align=00001  Fill=0000
/mnt/d/retro/cc65/lib/c128.lib(strlower.o):
    CODE              Offs=006472  Size=000027  Align=00001  Fill=0000
/mnt/d/retro/cc65/lib/c128.lib(sub.o):
    CODE              Offs=006499  Size=000015  Align=00001  Fill=0000
/mnt/d/retro/cc65/lib/c128.lib(subeqsp.o):
    CODE              Offs=0064AE  Size=000015  Align=00001  Fill=0000
/mnt/d/retro/cc65/lib/c128.lib(subysp.o):
    CODE              Offs=0064C3  Size=00000D  Align=00001  Fill=0000
/mnt/d/retro/cc65/lib/c128.lib(sysremove.o):
    CODE              Offs=0064D0  Size=000009  Align=00001  Fill=0000
/mnt/d/retro/cc65/lib/c128.lib(toslong.o):
    CODE              Offs=0064D9  Size=000038  Align=00001  Fill=0000
/mnt/d/retro/cc65/lib/c128.lib(udiv.o):
    CODE              Offs=006511  Size=00004F  Align=00001  Fill=0000
/mnt/d/retro/cc65/lib/c128.lib(vcprintf.o):
    CODE              Offs=006560  Size=000078  Align=00001  Fill=0000
    DATA              Offs=0009F5  Size=000008  Align=00001  Fill=0000
/mnt/d/retro/cc65/lib/c128.lib(vfprintf.o):
    CODE              Offs=0065D8  Size=000061  Align=00001  Fill=0000
    DATA              Offs=0009FD  Size=000008  Align=00001  Fill=0000
/mnt/d/retro/cc65/lib/c128.lib(videomode.o):
    CODE              Offs=006639  Size=000013  Align=00001  Fill=0000
/mnt/d/retro/cc65/lib/c128.lib(vsnprintf.o):
    CODE              Offs=00664C  Size=0000DA  Align=00001  Fill=0000
    DATA              Offs=000A05  Size=000008  Align=00001  Fill=0000
/mnt/d/retro/cc65/lib/c128.lib(vsprintf.o):
    CODE              Offs=006726  Size=000012  Align=00001  Fill=0000
/mnt/d/retro/cc65/lib/c128.lib(write.o):
    CODE              Offs=006738  Size=000054  Align=00001  Fill=0000
    ONCE              Offs=00002B  Size=000011  Align=00001  Fill=0000
/mnt/d/retro/cc65/lib/c128.lib(zerobss.o):
    CODE              Offs=00678C  Size=000023  Align=00001  Fill=0000
/mnt/d/retro/cc65/lib/c128.lib(zeropage.o):
    ZEROPAGE          Offs=000000  Size=00001A  Align=00001  Fill=0000
/mnt/d/retro/cc65/lib/c128.lib(c128-stdjoy-joy.o):
    CODE              Offs=0067AF  Size=00002F  Align=00001  Fill=0000
    DATA              Offs=000A0D  Size=00000E  Align=00001  Fill=0000


Segment list:
-------------
Name                   Start     End    Size  Align
----------------------------------------------------
ZEROPAGE              000002  00001B  00001A  00001
MACO                  001300  00194D  00064E  00001
LOADADDR              001BFF  001C00  000002  00001
EXEHDR                001C01  001C0C  00000C  00001
STARTUP               001C0D  001C5D  000051  00001
ONCE                  001C5E  001C9F  000042  00001
CODE                  001CA0  00847D  0067DE  00001
RODATA                00847E  00897F  000502  00001
DATA                  008980  00939A  000A1B  00001
CTXT                  008DBE  00939B  0005DE  00001
INIT                  00939B  0093B7  00001D  00001
BSS                   0093B8  009601  00024A  00001
OVL1ADDR              00AE3E  00AE3F  000002  00001
OVL2ADDR              00AE3E  00AE3F  000002  00001
OVL3ADDR              00AE3E  00AE3F  000002  00001
OVL4ADDR              00AE3E  00AE3F  000002  00001
OVL5ADDR              00AE3E  00AE3F  000002  00001
OVL6ADDR              00AE3E  00AE3F  000002  00001
OVL7ADDR              00AE3E  00AE3F  000002  00001
OVL8ADDR              00AE3E  00AE3F  000002  00001
OVL9ADDR              00AE3E  00AE3F  000002  00001
OVERLAY1              00AE40  00BF67  001128  00001
OVERLAY2              00AE40  00BE9F  001060  00001
OVERLAY3              00AE40  00BF4A  00110B  00001
OVERLAY4              00AE40  00BF2F  0010F0  00001
OVERLAY5              00AE40  00BF5C  00111D  00001
OVERLAY6              00AE40  00B887  000A48  00001
OVERLAY7              00AE40  00BEB8  001079  00001
OVERLAY8              00AE40  00BE83  001044  00001
OVERLAY9              00AE40  00BC50  000E11  00001


Exports list by name:
---------------------
BASIN                     00FFCF RLA    BSOUT                     00FFD2 RLA    
CHKIN                     00FFC6 RLA    CKOUT                     00FFC9 RLA    
CLOSE                     00FFC3 RLA    CLRCH                     00FFCC RLA    
CURS_X                    0000EC RLZ    CURS_Y                    0000EB RLZ    
LOAD                      00FFD5 RLA    OPEN                      00FFC0 RLA    
RDTIM                     00FFDE RLA    READST                    00FFB7 RLA    
SAVE                      00FFD8 RLA    SETLFS                    00FFBA RLA    
SETNAM                    00FFBD RLA    ST                        000090 RLZ    
SWAPPER                   00FF5F RLA    _BankMemCopy              006F86 RLA    
_BankMemCopy_core         0016EC RLA    _BankMemSet_core          00174D RLA    
_LoadMusic                001852 RLA    _PEEKB                    006F5F RLA    
_PEEKB_core               0016D4 RLA    _POKEB                    006F38 RLA    
_POKEB_core               0016BC RLA    _PlayMusic                001785 RLA    
_SNES                     0095AE RLA    _SetLoadSaveBank          006F28 RLA    
_SetLoadSaveBank_core     0016B3 RLA    _StopMusic                0017D6 RLA    
_VDC_CopyMemToVDC         0063A2 RLA    _VDC_CopyMemToVDC_core    0014E0 RLA    
_VDC_CopyVDCToMem         0063EC RLA    _VDC_CopyVDCToMem_core    001523 RLA    
_VDC_CopyViewPortToVDC    0069DA RLA    _VDC_CopyViewPortToVDC_core 0015EB RLA    
_VDC_DetectVDCMemSize_core 001396 RLA    _VDC_Exit                 00656A RLA    
_VDC_FillArea             00646D RLA    _VDC_FillArea_core        0015D1 RLA    
_VDC_HChar                006327 RLA    _VDC_HChar_core           001444 RLA    
_VDC_Init                 0064B3 RLA    _VDC_LoadCharset          0067C1 RLA    
_VDC_LoadScreen           00685A RLA    _VDC_MemCopy_core         0013FD RLA    
_VDC_Peek_core            00137E RLA    _VDC_PetsciiToScreenCode  006584 RLA    
_VDC_Plot                 006954 RLA    _VDC_PlotString           00698C RLA    
_VDC_Poke_core            001366 RLA    _VDC_PrintAt              00673D RLA    
_VDC_ReadRegister_core    001352 RLA    _VDC_RedefineCharset_core 001573 RLA    
_VDC_ScrollCopy           006AD6 RLA    _VDC_ScrollCopy_core      001654 RLA    
_VDC_VChar                006366 RLA    _VDC_VChar_core           001496 RLA    
_VDC_WriteRegister_core   00135C RLA    _VDC_addrh                001302 RLA    
_VDC_addrl                001303 RLA    _VDC_desth                001304 RLA    
_VDC_destl                001305 RLA    _VDC_regadd               001300 RLA    
_VDC_regval               001301 RLA    _VDC_strideh              001306 RLA    
_VDC_stridel              001307 RLA    _VDC_tmp1                 001309 RLA    
_VDC_tmp2                 00130A RLA    _VDC_tmp3                 00130B RLA    
_VDC_tmp4                 00130C RLA    _VDC_value                001308 RLA    
__BSS_RUN__               0093B8 RLA    __BSS_SIZE__              00024A REA    
__CONSTRUCTOR_COUNT__     000003 REA    __CONSTRUCTOR_TABLE__     001C9A RLA    
__DESTRUCTOR_COUNT__      000001 REA    __DESTRUCTOR_TABLE__      00897E RLA    
__EXEHDR__                000001 REA    __LOADADDR__              000001 REA    
__MAIN_SIZE__             008A33 REA    __MAIN_START__            001C0D RLA    
__OVERLAYADDR__           000001 REA    __OVERLAYSIZE__           0011C0 REA    
__STACKSIZE__             000800 REA    __STARTUP__               000001 REA    
__ctype                   008895 RLA    __ctypeidx                0088A0 RLA    
__directerrno             007012 RLA    __errno                   0095F7 RLA    
__filetype                009364 RLA    __hextab                  008879 RLA    
__longminstr              008889 RLA    __mappederrno             00701C RLA    
__oserror                 0095B1 RLA    __osmaperrno              007E98 RLA    
__printf                  00711F RLA    __seterrno                0073D1 RLA    
__sysremove               008170 RLA    _alldirections            008D80 RLA    
_anotherturn              0095A7 RLA    _bgcolor                  00760E RLA    
_board_reposition         0035B1 RLA    _board_scroll             00BC6F RLA    
_bootdevice               0093F7 RLA    _bordercolor              007634 RLA    
_buffer                   009420 RLA    _c128_stdjoy_joy          00938D RLA    
_card_selectopportunity   004852 RLA    _cards_actiontext         004977 RLA    
_cards_show               00B1C0 RLA    _cards_useexperience      00AF17 RLA    
_cards_useopportunity     00AFFF RLA    _career                   008E09 RLA    
_career_endofcareer       00B905 RLA    _career_generic           00B0CF RLA    
_career_getexperiencecard 00B249 RLA    _career_getfame           00B7CC RLA    
_career_getfamebuthospital 00B7EB RLA    _career_getfamenohappiness 00B40D RLA    
_career_gethappiness      00B18D RLA    _career_gethappinessandfame 00B449 RLA    
_career_getmoney          00B671 RLA    _career_getmoneyandfame   00B238 RLA    
_career_getmoneytimesdie  00B355 RLA    _career_getopportunitycard 00AFC1 RLA    
_career_getsalary         00B10F RLA    _career_getsalarytimesdie 00B4F5 RLA    
_career_gotohospital      00B61A RLA    _career_gotoparkbench     00B5B9 RLA    
_career_looaseallcash     00B637 RLA    _career_looseallfame      00B605 RLA    
_career_loosehalffame     00B38E RLA    _career_loosehalfmoney    00B715 RLA    
_career_loosehalfsalary   00B1B3 RLA    _career_loosemoneyorparkbench 00B67B RLA    
_career_skipturn          00B79A RLA    _career_throwagain        00B5E9 RLA    
_career_waitforkey        00B180 RLA    _careerfield              008EC1 RLA    
_cbm_close                00747E REA    _cbm_k_close              00747E RLA    
_cbm_k_load               007482 RLA    _cbm_k_open               00749F RLA    
_cbm_k_save               0074A8 RLA    _cbm_k_setlfs             0074BE RLA    
_cbm_k_setnam             0074CC RLA    _cbm_load                 0074F6 RLA    
_cbm_open                 00753A RLA    _cbm_read                 007550 RLA    
_cgetc                    0075AB RLA    _checkforbump_check       005652 RLA    
_clock                    0075DB RLA    _clrscr                   00C142 REA    
_computer_hospitalparkbench 00BC16 RLA    _computer_playexperiencecards 00B80D RLA    
_computer_playopportunitycards 00B784 RLA    _cprintf                  007651 RLA    
_cputc                    007680 RLA    _cputs                    0076CE RLA    
_cputsxy                  0076C4 RLA    _dice_throw               0045DD RLA    
_dice_total               0095AC RLA    _exit                     001C42 RLA    
_fieldinformation         0092CE RLA    _fileerrormessage         0033E5 RLA    
_fwrite                   0078EB RLA    _gameendflag              0095A6 RLA    
_getcurrentdevice         007705 RLA    _getkey                   002076 RLA    
_gotoxy                   007969 RLA    _information_colorlegend  00B98E RLA    
_information_credits      00BC00 RLA    _information_gamescore    00B4EC RLA    
_input                    0021C1 RLA    _input_number             002682 RLA    
_isprint                  007A0E RLA    _joy_install              007A18 RLA    
_joy_read                 00936E REA    _joy_static_stddrv        00938D RLA    
_joy_uninstall            007A58 RLA    _joyinterface             008D87 RLA    
_kbhit                    007A65 RLA    _loadgame                 00B60F RLA    
_ltoa                     007C61 RLA    _main                     005B0C RLA    
_memcpy                   007D90 RLA    _menumakeborder           002949 RLA    
_menupulldown             002B43 RLA    _musicnext                00BE31 RLA    
_musicnumber              008D86 RLA    _opportunitycard          009241 RLA    
_paidforleave             0095AA RLA    _pawn_erase               003A48 RLA    
_pawn_place               00368A RLA    _player                   009487 RLA    
_player_collegeexperience 0047B6 RLA    _playerturn               0095A8 RLA    
_presskeyprompt           002740 RLA    _printcentered            002030 RLA    
_printf                   007EC8 RLA    _pulldownmenutitles       0089D2 RLA    
_rand                     007F67 RLA    _receive_salary           00BDE8 RLA    
_remove                   007F8F RLA    _ring                     008D89 RLA    
_ring_artgallery          00B46D RLA    _ring_automobileshow      00B7F7 RLA    
_ring_business            00B2C8 RLA    _ring_college             00BBFE RLA    
_ring_farming             00B60E RLA    _ring_floridavacation     00B6A8 RLA    
_ring_hollywood           00B50A RLA    _ring_hospital            00BE96 RLA    
_ring_leavefloridavacation 00BCD5 RLA    _ring_leavehospital       00B949 RLA    
_ring_leaveparkbench      00BB8E RLA    _ring_moon                00B970 RLA    
_ring_opportunity         00B2DE RLA    _ring_parkbench           00B888 RLA    
_ring_payday              00B1EA RLA    _ring_payfoodbills        00B1E6 RLA    
_ring_payrent             00B0B3 RLA    _ring_paytaxes            00B3E9 RLA    
_ring_politics            00B1CE RLA    _ring_sea                 00B6EF RLA    
_ring_shoppingspree       00B388 RLA    _ring_statueinthepark     00BB36 RLA    
_ring_stockmarket         00B0F4 RLA    _ring_uranium             00B3B0 RLA    
_ring_yachtharbor         00B576 RLA    _saveconfigfile           00343E RLA    
_savegame                 00AEDD RLA    _set_c128_speed           0073DA RLA    
_snes_init                001885 RLA    _snes_read                00188B RLA    
_sprintf                  008021 RLA    _srand                    007F5B RLA    
_stdout                   009300 RLA    _strcat                   0080A4 RLA    
_strchr                   0080D5 RLA    _strlen                   0080FC RLA    
_strlower                 008112 RLA    _textcolor                0075E5 RLA    
_ultoa                    007CA2 RLA    _updownenter              008D79 RLA    
_vcprintf                 008248 RLA    _vfprintf                 0082B0 RLA    
_videomode                0082D9 RLA    _vsprintf                 0083C6 RLA    
_waitkeyflag              0095A9 RLA    _whichcard                009593 RLA    
_windowrestore            00285A RLA    _write                    0083D8 RLA    
_xoffset                  0092D0 RLA    _yoffset                  0092D1 RLA    
addeq0sp                  007406 RLA    addeqysp                  007408 RLA    
addysp                    007418 RLA    addysp1                   007417 RLA    
aslax2                    00742D RLA    aslax3                    007438 RLA    
axlong                    007463 RLA    axulong                   007469 RLA    
bnega                     007474 RLA    bnegeax                   007ADA RLA    
booleq                    007D6A RLA    boolugt                   007D89 RLA    
boolult                   007D83 RLA    callmain                  0074DF RLA    
closecmdchannel           0077AF RLA    ctypemask                 0076E7 RLA    
ctypemaskdirect           0076EB RLA    cursor                    0095B0 RLA    
curunit                   0093B7 RLA    decax1                    00770B RLA    
decax3                    007712 RLA    decaxy                    007719 RLA    
deceaxy                   007B66 RLA    decsp1                    007722 RLA    
decsp2                    00772B RLA    decsp3                    007738 RLA    
decsp4                    007745 RLA    decsp5                    007752 RLA    
decsp6                    00775F RLA    decsp8                    00776C RLA    
devnum                    0000BA RLZ    donecgetc                 0075CC  LAI   
donelib                   007645 RLA    fdtab                     009330 RLA    
fncmd                     009340 RLA    fnlen                     0095FA RLA    
fnparse                   007866 RLA    fnunit                    0095F9 RLA    
gotoxy                    007966 RLA    incax1                    0079A1 RLA    
incax2                    0079A8 RLA    incax3                    0079AF RLA    
incax4                    0079C8 RLA    incax5                    0079B4 RLA    
incax6                    0079B9 RLA    incax7                    0079BE RLA    
incax8                    0079C3 RLA    incaxy                    0079CA RLA    
incsp1                    0079D3 RLA    incsp2                    0079E2 RLA    
incsp3                    0079F0 RLA    incsp4                    0079F5 RLA    
incsp5                    0079FA RLA    incsp6                    0079FF RLA    
incsp7                    007A04 RLA    incsp8                    007A09 RLA    
initcgetc                 001C5E  LAI   initcurunit               001C7D  LAI   
initlib                   001C71 RLA    initstdout                001C89  LAI   
joy_libref                001C42 RLA    joy_read                  00936E RLA    
laddeqysp                 007A95 RLA    ldax0sp                   007B33 RLA    
ldaxi                     007B26 RLA    ldaxysp                   007B35 RLA    
ldeax0sp                  007B53 RLA    ldeaxidx                  007B3E RLA    
ldeaxysp                  007B55 RLA    leaa0sp                   007B7B RLA    
leaaxsp                   007B7D RLA    mul8x16                   007E24 RLA    
mul8x16a                  007E2E RLA    mulax10                   007E5C RLA    
mulax3                    007E75 RLA    negax                     007E8A RLA    
negeax                    007BE3 RLA    opencmdchannel            007782 RLA    
plot                      0076BC RLA    popa                      007EAE RLA    
popax                     0079DA RLA    popptr1                   007EBA RLA    
popsargsudiv16            007FCC RLA    ptr1                      00000A RLZ    
ptr2                      00000C RLZ    ptr3                      00000E RLZ    
ptr4                      000010 RLZ    push0                     007F16 RLA    
push1                     007EFB RLA    pusha                     007F04 RLA    
pusha0                    007F18 RLA    pushax                    007F1A RLA    
pusheax                   007C0A RLA    pushl0                    007C01 RLA    
pushw0sp                  007F3F RLA    pushwidx                  007F32 RLA    
pushwysp                  007F41 RLA    regbank                   000016 RLZ    
return0                   007F95 RLA    rwcommon                  007F99 RLA    
scratch                   007FB3 RLA    shlax1                    007425 RLA    
shlax2                    00742D RLA    shlax3                    007438 RLA    
shlax4                    007446 RLA    shleax1                   007457 RLA    
shrax1                    007FEC RLA    shrax3                    007FF4 RLA    
shreax1                   008002 RLA    shreax2                   00800E RLA    
sp                        000002 RLZ    sreg                      000004 RLZ    
staspidx                  00804C RLA    stax0sp                   008062 RLA    
staxysp                   008064 RLA    steax0sp                  00806D RLA    
steaxspidx                008082 RLA    steaxysp                  00806F RLA    
subeq0sp                  00814E RLA    subeqysp                  008150 RLA    
subysp                    008163 RLA    tmp1                      000012 RLZ    
tmp2                      000013 RLZ    tmp3                      000014 RLZ    
tmp4                      000015 RLZ    tosadd0ax                 007A6E RLA    
tosadda0                  0073EA RLA    tosaddax                  0073EC RLA    
tosaddeax                 007A74 RLA    tosandeax                 007ABC RLA    
tosicmp                   007975 RLA    tosicmp0                  007973 RLA    
toslcmp                   007AEB RLA    toslong                   008197 RLA    
tosmoda0                  007DCC RLA    tosmula0                  007E22 RLA    
tosmulax                  007DDD RLA    tossub0ax                 007C22 RLA    
tossuba0                  008139 RLA    tossubax                  00813B RLA    
tossubeax                 007C28 RLA    tosudiv0ax                007CDE RLA    
tosudivax                 0081B3 RLA    tosugteax                 007D58 RLA    
tosulteax                 007D5E RLA    tosumul0ax                007B87 RLA    
tosumula0                 007E22 RLA    tosumulax                 007DDD RLA    
tosumuleax                007B8D RLA    udiv16                    0081C2 RLA    
vsnprintf                 0082EF RLA    writefndiskcmd            007802 RLA    
zerobss                   00842C RLA    


Exports list by value:
----------------------
__DESTRUCTOR_COUNT__      000001 REA    __EXEHDR__                000001 REA    
__LOADADDR__              000001 REA    __OVERLAYADDR__           000001 REA    
__STARTUP__               000001 REA    sp                        000002 RLZ    
__CONSTRUCTOR_COUNT__     000003 REA    sreg                      000004 RLZ    
ptr1                      00000A RLZ    ptr2                      00000C RLZ    
ptr3                      00000E RLZ    ptr4                      000010 RLZ    
tmp1                      000012 RLZ    tmp2                      000013 RLZ    
tmp3                      000014 RLZ    tmp4                      000015 RLZ    
regbank                   000016 RLZ    ST                        000090 RLZ    
devnum                    0000BA RLZ    CURS_Y                    0000EB RLZ    
CURS_X                    0000EC RLZ    __BSS_SIZE__              00024A REA    
__STACKSIZE__             000800 REA    __OVERLAYSIZE__           0011C0 REA    
_VDC_regadd               001300 RLA    _VDC_regval               001301 RLA    
_VDC_addrh                001302 RLA    _VDC_addrl                001303 RLA    
_VDC_desth                001304 RLA    _VDC_destl                001305 RLA    
_VDC_strideh              001306 RLA    _VDC_stridel              001307 RLA    
_VDC_value                001308 RLA    _VDC_tmp1                 001309 RLA    
_VDC_tmp2                 00130A RLA    _VDC_tmp3                 00130B RLA    
_VDC_tmp4                 00130C RLA    _VDC_ReadRegister_core    001352 RLA    
_VDC_WriteRegister_core   00135C RLA    _VDC_Poke_core            001366 RLA    
_VDC_Peek_core            00137E RLA    _VDC_DetectVDCMemSize_core 001396 RLA    
_VDC_MemCopy_core         0013FD RLA    _VDC_HChar_core           001444 RLA    
_VDC_VChar_core           001496 RLA    _VDC_CopyMemToVDC_core    0014E0 RLA    
_VDC_CopyVDCToMem_core    001523 RLA    _VDC_RedefineCharset_core 001573 RLA    
_VDC_FillArea_core        0015D1 RLA    _VDC_CopyViewPortToVDC_core 0015EB RLA    
_VDC_ScrollCopy_core      001654 RLA    _SetLoadSaveBank_core     0016B3 RLA    
_POKEB_core               0016BC RLA    _PEEKB_core               0016D4 RLA    
_BankMemCopy_core         0016EC RLA    _BankMemSet_core          00174D RLA    
_PlayMusic                001785 RLA    _StopMusic                0017D6 RLA    
_LoadMusic                001852 RLA    _snes_init                001885 RLA    
_snes_read                00188B RLA    __MAIN_START__            001C0D RLA    
_exit                     001C42 RLA    joy_libref                001C42 RLA    
initcgetc                 001C5E  LAI   initlib                   001C71 RLA    
initcurunit               001C7D  LAI   initstdout                001C89  LAI   
__CONSTRUCTOR_TABLE__     001C9A RLA    _printcentered            002030 RLA    
_getkey                   002076 RLA    _input                    0021C1 RLA    
_input_number             002682 RLA    _presskeyprompt           002740 RLA    
_windowrestore            00285A RLA    _menumakeborder           002949 RLA    
_menupulldown             002B43 RLA    _fileerrormessage         0033E5 RLA    
_saveconfigfile           00343E RLA    _board_reposition         0035B1 RLA    
_pawn_place               00368A RLA    _pawn_erase               003A48 RLA    
_dice_throw               0045DD RLA    _player_collegeexperience 0047B6 RLA    
_card_selectopportunity   004852 RLA    _cards_actiontext         004977 RLA    
_checkforbump_check       005652 RLA    _main                     005B0C RLA    
_VDC_HChar                006327 RLA    _VDC_VChar                006366 RLA    
_VDC_CopyMemToVDC         0063A2 RLA    _VDC_CopyVDCToMem         0063EC RLA    
_VDC_FillArea             00646D RLA    _VDC_Init                 0064B3 RLA    
_VDC_Exit                 00656A RLA    _VDC_PetsciiToScreenCode  006584 RLA    
_VDC_PrintAt              00673D RLA    _VDC_LoadCharset          0067C1 RLA    
_VDC_LoadScreen           00685A RLA    _VDC_Plot                 006954 RLA    
_VDC_PlotString           00698C RLA    _VDC_CopyViewPortToVDC    0069DA RLA    
_VDC_ScrollCopy           006AD6 RLA    _SetLoadSaveBank          006F28 RLA    
_POKEB                    006F38 RLA    _PEEKB                    006F5F RLA    
_BankMemCopy              006F86 RLA    __directerrno             007012 RLA    
__mappederrno             00701C RLA    __printf                  00711F RLA    
__seterrno                0073D1 RLA    _set_c128_speed           0073DA RLA    
tosadda0                  0073EA RLA    tosaddax                  0073EC RLA    
addeq0sp                  007406 RLA    addeqysp                  007408 RLA    
addysp1                   007417 RLA    addysp                    007418 RLA    
shlax1                    007425 RLA    aslax2                    00742D RLA    
shlax2                    00742D RLA    aslax3                    007438 RLA    
shlax3                    007438 RLA    shlax4                    007446 RLA    
shleax1                   007457 RLA    axlong                    007463 RLA    
axulong                   007469 RLA    bnega                     007474 RLA    
_cbm_close                00747E REA    _cbm_k_close              00747E RLA    
_cbm_k_load               007482 RLA    _cbm_k_open               00749F RLA    
_cbm_k_save               0074A8 RLA    _cbm_k_setlfs             0074BE RLA    
_cbm_k_setnam             0074CC RLA    callmain                  0074DF RLA    
_cbm_load                 0074F6 RLA    _cbm_open                 00753A RLA    
_cbm_read                 007550 RLA    _cgetc                    0075AB RLA    
donecgetc                 0075CC  LAI   _clock                    0075DB RLA    
_textcolor                0075E5 RLA    _bgcolor                  00760E RLA    
_bordercolor              007634 RLA    donelib                   007645 RLA    
_cprintf                  007651 RLA    _cputc                    007680 RLA    
plot                      0076BC RLA    _cputsxy                  0076C4 RLA    
_cputs                    0076CE RLA    ctypemask                 0076E7 RLA    
ctypemaskdirect           0076EB RLA    _getcurrentdevice         007705 RLA    
decax1                    00770B RLA    decax3                    007712 RLA    
decaxy                    007719 RLA    decsp1                    007722 RLA    
decsp2                    00772B RLA    decsp3                    007738 RLA    
decsp4                    007745 RLA    decsp5                    007752 RLA    
decsp6                    00775F RLA    decsp8                    00776C RLA    
opencmdchannel            007782 RLA    closecmdchannel           0077AF RLA    
writefndiskcmd            007802 RLA    fnparse                   007866 RLA    
_fwrite                   0078EB RLA    gotoxy                    007966 RLA    
_gotoxy                   007969 RLA    tosicmp0                  007973 RLA    
tosicmp                   007975 RLA    incax1                    0079A1 RLA    
incax2                    0079A8 RLA    incax3                    0079AF RLA    
incax5                    0079B4 RLA    incax6                    0079B9 RLA    
incax7                    0079BE RLA    incax8                    0079C3 RLA    
incax4                    0079C8 RLA    incaxy                    0079CA RLA    
incsp1                    0079D3 RLA    popax                     0079DA RLA    
incsp2                    0079E2 RLA    incsp3                    0079F0 RLA    
incsp4                    0079F5 RLA    incsp5                    0079FA RLA    
incsp6                    0079FF RLA    incsp7                    007A04 RLA    
incsp8                    007A09 RLA    _isprint                  007A0E RLA    
_joy_install              007A18 RLA    _joy_uninstall            007A58 RLA    
_kbhit                    007A65 RLA    tosadd0ax                 007A6E RLA    
tosaddeax                 007A74 RLA    laddeqysp                 007A95 RLA    
tosandeax                 007ABC RLA    bnegeax                   007ADA RLA    
toslcmp                   007AEB RLA    ldaxi                     007B26 RLA    
ldax0sp                   007B33 RLA    ldaxysp                   007B35 RLA    
ldeaxidx                  007B3E RLA    ldeax0sp                  007B53 RLA    
ldeaxysp                  007B55 RLA    deceaxy                   007B66 RLA    
leaa0sp                   007B7B RLA    leaaxsp                   007B7D RLA    
tosumul0ax                007B87 RLA    tosumuleax                007B8D RLA    
negeax                    007BE3 RLA    pushl0                    007C01 RLA    
pusheax                   007C0A RLA    tossub0ax                 007C22 RLA    
tossubeax                 007C28 RLA    _ltoa                     007C61 RLA    
_ultoa                    007CA2 RLA    tosudiv0ax                007CDE RLA    
tosugteax                 007D58 RLA    tosulteax                 007D5E RLA    
booleq                    007D6A RLA    boolult                   007D83 RLA    
boolugt                   007D89 RLA    _memcpy                   007D90 RLA    
tosmoda0                  007DCC RLA    tosmulax                  007DDD RLA    
tosumulax                 007DDD RLA    tosmula0                  007E22 RLA    
tosumula0                 007E22 RLA    mul8x16                   007E24 RLA    
mul8x16a                  007E2E RLA    mulax10                   007E5C RLA    
mulax3                    007E75 RLA    negax                     007E8A RLA    
__osmaperrno              007E98 RLA    popa                      007EAE RLA    
popptr1                   007EBA RLA    _printf                   007EC8 RLA    
push1                     007EFB RLA    pusha                     007F04 RLA    
push0                     007F16 RLA    pusha0                    007F18 RLA    
pushax                    007F1A RLA    pushwidx                  007F32 RLA    
pushw0sp                  007F3F RLA    pushwysp                  007F41 RLA    
_srand                    007F5B RLA    _rand                     007F67 RLA    
_remove                   007F8F RLA    return0                   007F95 RLA    
rwcommon                  007F99 RLA    scratch                   007FB3 RLA    
popsargsudiv16            007FCC RLA    shrax1                    007FEC RLA    
shrax3                    007FF4 RLA    shreax1                   008002 RLA    
shreax2                   00800E RLA    _sprintf                  008021 RLA    
staspidx                  00804C RLA    stax0sp                   008062 RLA    
staxysp                   008064 RLA    steax0sp                  00806D RLA    
steaxysp                  00806F RLA    steaxspidx                008082 RLA    
_strcat                   0080A4 RLA    _strchr                   0080D5 RLA    
_strlen                   0080FC RLA    _strlower                 008112 RLA    
tossuba0                  008139 RLA    tossubax                  00813B RLA    
subeq0sp                  00814E RLA    subeqysp                  008150 RLA    
subysp                    008163 RLA    __sysremove               008170 RLA    
toslong                   008197 RLA    tosudivax                 0081B3 RLA    
udiv16                    0081C2 RLA    _vcprintf                 008248 RLA    
_vfprintf                 0082B0 RLA    _videomode                0082D9 RLA    
vsnprintf                 0082EF RLA    _vsprintf                 0083C6 RLA    
_write                    0083D8 RLA    zerobss                   00842C RLA    
__hextab                  008879 RLA    __longminstr              008889 RLA    
__ctype                   008895 RLA    __ctypeidx                0088A0 RLA    
__DESTRUCTOR_TABLE__      00897E RLA    _pulldownmenutitles       0089D2 RLA    
__MAIN_SIZE__             008A33 REA    _updownenter              008D79 RLA    
_alldirections            008D80 RLA    _musicnumber              008D86 RLA    
_joyinterface             008D87 RLA    _ring                     008D89 RLA    
_career                   008E09 RLA    _careerfield              008EC1 RLA    
_opportunitycard          009241 RLA    _fieldinformation         0092CE RLA    
_xoffset                  0092D0 RLA    _yoffset                  0092D1 RLA    
_stdout                   009300 RLA    fdtab                     009330 RLA    
fncmd                     009340 RLA    __filetype                009364 RLA    
_joy_read                 00936E REA    joy_read                  00936E RLA    
_c128_stdjoy_joy          00938D RLA    _joy_static_stddrv        00938D RLA    
curunit                   0093B7 RLA    __BSS_RUN__               0093B8 RLA    
_bootdevice               0093F7 RLA    _buffer                   009420 RLA    
_player                   009487 RLA    _whichcard                009593 RLA    
_gameendflag              0095A6 RLA    _anotherturn              0095A7 RLA    
_playerturn               0095A8 RLA    _waitkeyflag              0095A9 RLA    
_paidforleave             0095AA RLA    _dice_total               0095AC RLA    
_SNES                     0095AE RLA    cursor                    0095B0 RLA    
__oserror                 0095B1 RLA    __errno                   0095F7 RLA    
fnunit                    0095F9 RLA    fnlen                     0095FA RLA    
_savegame                 00AEDD RLA    _cards_useexperience      00AF17 RLA    
_career_getopportunitycard 00AFC1 RLA    _cards_useopportunity     00AFFF RLA    
_ring_payrent             00B0B3 RLA    _career_generic           00B0CF RLA    
_ring_stockmarket         00B0F4 RLA    _career_getsalary         00B10F RLA    
_career_waitforkey        00B180 RLA    _career_gethappiness      00B18D RLA    
_career_loosehalfsalary   00B1B3 RLA    _cards_show               00B1C0 RLA    
_ring_politics            00B1CE RLA    _ring_payfoodbills        00B1E6 RLA    
_ring_payday              00B1EA RLA    _career_getmoneyandfame   00B238 RLA    
_career_getexperiencecard 00B249 RLA    _ring_business            00B2C8 RLA    
_ring_opportunity         00B2DE RLA    _career_getmoneytimesdie  00B355 RLA    
_ring_shoppingspree       00B388 RLA    _career_loosehalffame     00B38E RLA    
_ring_uranium             00B3B0 RLA    _ring_paytaxes            00B3E9 RLA    
_career_getfamenohappiness 00B40D RLA    _career_gethappinessandfame 00B449 RLA    
_ring_artgallery          00B46D RLA    _information_gamescore    00B4EC RLA    
_career_getsalarytimesdie 00B4F5 RLA    _ring_hollywood           00B50A RLA    
_ring_yachtharbor         00B576 RLA    _career_gotoparkbench     00B5B9 RLA    
_career_throwagain        00B5E9 RLA    _career_looseallfame      00B605 RLA    
_ring_farming             00B60E RLA    _loadgame                 00B60F RLA    
_career_gotohospital      00B61A RLA    _career_looaseallcash     00B637 RLA    
_career_getmoney          00B671 RLA    _career_loosemoneyorparkbench 00B67B RLA    
_ring_floridavacation     00B6A8 RLA    _ring_sea                 00B6EF RLA    
_career_loosehalfmoney    00B715 RLA    _computer_playopportunitycards 00B784 RLA    
_career_skipturn          00B79A RLA    _career_getfame           00B7CC RLA    
_career_getfamebuthospital 00B7EB RLA    _ring_automobileshow      00B7F7 RLA    
_computer_playexperiencecards 00B80D RLA    _ring_parkbench           00B888 RLA    
_career_endofcareer       00B905 RLA    _ring_leavehospital       00B949 RLA    
_ring_moon                00B970 RLA    _information_colorlegend  00B98E RLA    
_ring_statueinthepark     00BB36 RLA    _ring_leaveparkbench      00BB8E RLA    
_ring_college             00BBFE RLA    _information_credits      00BC00 RLA    
_computer_hospitalparkbench 00BC16 RLA    _board_scroll             00BC6F RLA    
_ring_leavefloridavacation 00BCD5 RLA    _receive_salary           00BDE8 RLA    
_musicnext                00BE31 RLA    _ring_hospital            00BE96 RLA    
_clrscr                   00C142 REA    SWAPPER                   00FF5F RLA    
READST                    00FFB7 RLA    SETLFS                    00FFBA RLA    
SETNAM                    00FFBD RLA    OPEN                      00FFC0 RLA    
CLOSE                     00FFC3 RLA    CHKIN                     00FFC6 RLA    
CKOUT                     00FFC9 RLA    CLRCH                     00FFCC RLA    
BASIN                     00FFCF RLA    BSOUT                     00FFD2 RLA    
LOAD                      00FFD5 RLA    SAVE                      00FFD8 RLA    
RDTIM                     00FFDE RLA    


Imports list:
-------------
BASIN (kernal.o):
    diskcmd.o                 cbm/cbm.inc:47
    cbm_read.o                cbm/cbm.inc:47
BSOUT (kernal.o):
    diskcmd.o                 cbm/cbm.inc:49
    write.o                   cbm/cbm.inc:49
    videomode.o               c128/videomode.s:9
    crt0.o                    c128/crt0.s:10
CHKIN (kernal.o):
    diskcmd.o                 cbm/cbm.inc:44
    cbm_read.o                cbm/cbm.inc:44
CKOUT (kernal.o):
    diskcmd.o                 cbm/cbm.inc:45
    write.o                   cbm/cbm.inc:45
CLOSE (kernal.o):
    diskcmd.o                 cbm/cbm.inc:36
    c_close.o                 cbm/cbm.inc:36
CLRCH (kernal.o):
    diskcmd.o                 cbm/cbm.inc:46
    write.o                   cbm/cbm.inc:46
    cbm_read.o                cbm/cbm.inc:46
CURS_X (conio.o):
    gotoxy.o                  cbm/gotoxy.s:9
CURS_Y (conio.o):
    gotoxy.o                  cbm/gotoxy.s:9
LOAD (kernal.o):
    c_load.o                  cbm/cbm.inc:37
OPEN (kernal.o):
    diskcmd.o                 cbm/cbm.inc:35
    write.o                   cbm/cbm.inc:35
    c_open.o                  cbm/cbm.inc:35
RDTIM (kernal.o):
    clock.o                   cbm/cbm.inc:40
READST (kernal.o):
    write.o                   cbm/cbm.inc:32
    cbm_read.o                cbm/cbm.inc:32
SAVE (kernal.o):
    c_save.o                  cbm/cbm.inc:38
SETLFS (kernal.o):
    diskcmd.o                 cbm/cbm.inc:33
    write.o                   cbm/cbm.inc:33
    c_setlfs.o                cbm/cbm.inc:33
SETNAM (kernal.o):
    diskcmd.o                 cbm/cbm.inc:34
    filename.o                cbm/cbm.inc:34
    c_setnam.o                cbm/cbm.inc:34
ST (status.o):
    crt0.o                    c128/crt0.s:12
SWAPPER (kernal.o):
    videomode.o               c128/videomode.s:9
_BankMemCopy (vdc_core.o):
    main.o                    src/main.s:67
_BankMemCopy_core (vdc_core_assembly.o):
    vdc_core.o                src/vdc_core.s:61
_BankMemSet_core (vdc_core_assembly.o):
    vdc_core.o                src/vdc_core.s:62
_LoadMusic (sidplay.o):
    menu1.o                   src/menu1.s:23
    main.o                    src/main.s:70
_PEEKB (vdc_core.o):
    career1.o                 src/career1.s:20
    main.o                    src/main.s:66
_PEEKB_core (vdc_core_assembly.o):
    vdc_core.o                src/vdc_core.s:60
_POKEB (vdc_core.o):
    main.o                    src/main.s:65
_POKEB_core (vdc_core_assembly.o):
    vdc_core.o                src/vdc_core.s:59
_PlayMusic (sidplay_assembly.o):
    sidplay.o                 src/sidplay.s:18
    main.o                    src/main.s:68
_SNES (snes.o):
    main.o                    src/main.s:71
_SetLoadSaveBank (vdc_core.o):
    sidplay.o                 src/sidplay.s:17
    menu2.o                   src/menu2.s:23
    main.o                    src/main.s:64
_SetLoadSaveBank_core (vdc_core_assembly.o):
    vdc_core.o                src/vdc_core.s:58
_StopMusic (sidplay_assembly.o):
    menu1.o                   src/menu1.s:22
    main.o                    src/main.s:69
_VDC_CopyMemToVDC (vdc_core.o):
    main.o                    src/main.s:52
_VDC_CopyMemToVDC_core (vdc_core_assembly.o):
    vdc_core.o                src/vdc_core.s:52
_VDC_CopyVDCToMem (vdc_core.o):
    main.o                    src/main.s:53
_VDC_CopyVDCToMem_core (vdc_core_assembly.o):
    vdc_core.o                src/vdc_core.s:53
_VDC_CopyViewPortToVDC (vdc_core.o):
    main.o                    src/main.s:63
_VDC_CopyViewPortToVDC_core (vdc_core_assembly.o):
    vdc_core.o                src/vdc_core.s:56
_VDC_DetectVDCMemSize_core (vdc_core_assembly.o):
    vdc_core.o                src/vdc_core.s:48
_VDC_Exit (vdc_core.o):
    main.o                    src/main.s:56
_VDC_FillArea (vdc_core.o):
    main.o                    src/main.s:54
_VDC_FillArea_core (vdc_core_assembly.o):
    vdc_core.o                src/vdc_core.s:55
_VDC_HChar (vdc_core.o):
    menu3.o                   src/menu3.s:17
    main.o                    src/main.s:50
_VDC_HChar_core (vdc_core_assembly.o):
    vdc_core.o                src/vdc_core.s:50
_VDC_Init (vdc_core.o):
    main.o                    src/main.s:55
_VDC_LoadCharset (vdc_core.o):
    main.o                    src/main.s:59
_VDC_LoadScreen (vdc_core.o):
    main.o                    src/main.s:60
_VDC_MemCopy_core (vdc_core_assembly.o):
    vdc_core.o                src/vdc_core.s:49
_VDC_Peek_core (vdc_core_assembly.o):
    vdc_core.o                src/vdc_core.s:47
_VDC_PetsciiToScreenCode (vdc_core.o):
    main.o                    src/main.s:57
_VDC_Plot (vdc_core.o):
    menu3.o                   src/menu3.s:19
    menu1.o                   src/menu1.s:20
    career2.o                 src/career2.s:17
    career1.o                 src/career1.s:19
    ring4.o                   src/ring4.s:18
    ring3.o                   src/ring3.s:18
    ring2.o                   src/ring2.s:18
    ring1.o                   src/ring1.s:18
    main.o                    src/main.s:61
_VDC_PlotString (vdc_core.o):
    menu1.o                   src/menu1.s:21
    main.o                    src/main.s:62
_VDC_Poke_core (vdc_core_assembly.o):
    vdc_core.o                src/vdc_core.s:46
_VDC_PrintAt (vdc_core.o):
    menu3.o                   src/menu3.s:18
    main.o                    src/main.s:58
_VDC_ReadRegister_core (vdc_core_assembly.o):
    vdc_core.o                src/vdc_core.s:44
_VDC_RedefineCharset_core (vdc_core_assembly.o):
    vdc_core.o                src/vdc_core.s:54
_VDC_ScrollCopy (vdc_core.o):
    menu2.o                   src/menu2.s:22
_VDC_ScrollCopy_core (vdc_core_assembly.o):
    vdc_core.o                src/vdc_core.s:57
_VDC_VChar (vdc_core.o):
    main.o                    src/main.s:51
_VDC_VChar_core (vdc_core_assembly.o):
    vdc_core.o                src/vdc_core.s:51
_VDC_WriteRegister_core (vdc_core_assembly.o):
    vdc_core.o                src/vdc_core.s:45
_VDC_addrh (vdc_core_assembly.o):
    vdc_core.o                src/vdc_core.s:33
_VDC_addrl (vdc_core_assembly.o):
    vdc_core.o                src/vdc_core.s:34
_VDC_desth (vdc_core_assembly.o):
    vdc_core.o                src/vdc_core.s:35
_VDC_destl (vdc_core_assembly.o):
    vdc_core.o                src/vdc_core.s:36
_VDC_regadd (vdc_core_assembly.o):
    vdc_core.o                src/vdc_core.s:31
_VDC_regval (vdc_core_assembly.o):
    vdc_core.o                src/vdc_core.s:32
_VDC_strideh (vdc_core_assembly.o):
    vdc_core.o                src/vdc_core.s:37
_VDC_stridel (vdc_core_assembly.o):
    vdc_core.o                src/vdc_core.s:38
_VDC_tmp1 (vdc_core_assembly.o):
    vdc_core.o                src/vdc_core.s:40
_VDC_tmp2 (vdc_core_assembly.o):
    vdc_core.o                src/vdc_core.s:41
_VDC_tmp3 (vdc_core_assembly.o):
    vdc_core.o                src/vdc_core.s:42
_VDC_tmp4 (vdc_core_assembly.o):
    vdc_core.o                src/vdc_core.s:43
_VDC_value (vdc_core_assembly.o):
    vdc_core.o                src/vdc_core.s:39
__BSS_RUN__ ([linker generated]):
    zerobss.o                 common/zerobss.s:8
__BSS_SIZE__ ([linker generated]):
    zerobss.o                 common/zerobss.s:8
__CONSTRUCTOR_COUNT__ ([linker generated]):
    condes.o                  runtime/condes.s:18
__CONSTRUCTOR_TABLE__ ([linker generated]):
    condes.o                  runtime/condes.s:18
__DESTRUCTOR_COUNT__ ([linker generated]):
    condes.o                  runtime/condes.s:19
__DESTRUCTOR_TABLE__ ([linker generated]):
    condes.o                  runtime/condes.s:19
__EXEHDR__ (exehdr.o):
    [linker generated]        careers-cc65config.cfg:3
__LOADADDR__ (loadaddr.o):
    [linker generated]        careers-cc65config.cfg:2
__MAIN_SIZE__ ([linker generated]):
    crt0.o                    c128/crt0.s:11
__MAIN_START__ ([linker generated]):
    crt0.o                    c128/crt0.s:11
__OVERLAYADDR__ (overlayaddr.o):
    [linker generated]        careers-cc65config.cfg:4
__OVERLAYSIZE__ ([linker generated]):
    [linker generated]        careers-cc65config.cfg:32
    [linker generated]        careers-cc65config.cfg:32
    [linker generated]        careers-cc65config.cfg:31
    [linker generated]        careers-cc65config.cfg:30
    [linker generated]        careers-cc65config.cfg:30
    [linker generated]        careers-cc65config.cfg:29
    [linker generated]        careers-cc65config.cfg:28
    [linker generated]        careers-cc65config.cfg:28
    [linker generated]        careers-cc65config.cfg:27
    [linker generated]        careers-cc65config.cfg:26
    [linker generated]        careers-cc65config.cfg:26
    [linker generated]        careers-cc65config.cfg:25
    [linker generated]        careers-cc65config.cfg:24
    [linker generated]        careers-cc65config.cfg:24
    [linker generated]        careers-cc65config.cfg:23
    [linker generated]        careers-cc65config.cfg:22
    [linker generated]        careers-cc65config.cfg:22
    [linker generated]        careers-cc65config.cfg:21
    [linker generated]        careers-cc65config.cfg:20
    [linker generated]        careers-cc65config.cfg:20
    [linker generated]        careers-cc65config.cfg:19
    [linker generated]        careers-cc65config.cfg:18
    [linker generated]        careers-cc65config.cfg:18
    [linker generated]        careers-cc65config.cfg:17
    [linker generated]        careers-cc65config.cfg:16
    [linker generated]        careers-cc65config.cfg:16
    [linker generated]        careers-cc65config.cfg:15
    [linker generated]        careers-cc65config.cfg:12
__STACKSIZE__ ([linker generated]):
    crt0.o                    c128/crt0.s:11
    [linker generated]        careers-cc65config.cfg:12
__STARTUP__ (crt0.o):
    main.o                    src/main.s:13
__ctype (ctype.o):
    ctypemask.o               common/ctypemask.s:23
__ctypeidx (ctype.o):
    ctypemask.o               common/ctypemask.s:24
__directerrno (_directerrno.o):
    write.o                   /mnt/d/retro/cc65/asminc/errno.inc:10
    vsnprintf.o               /mnt/d/retro/cc65/asminc/errno.inc:10
__errno (errno.o):
    _seterrno.o               /mnt/d/retro/cc65/asminc/errno.inc:7
__filetype (filetype.o):
    filename.o                cbm/filename.s:11
__hextab (_hextab.o):
    ltoa.o                    common/ltoa.s:10
__longminstr (_longminstr.o):
    ltoa.o                    common/ltoa.s:10
__mappederrno (_mappederrno.o):
    write.o                   /mnt/d/retro/cc65/asminc/errno.inc:10
    remove.o                  common/remove.s:10
__oserror (_oserror.o):
    _directerrno.o            /mnt/d/retro/cc65/asminc/errno.inc:7
    write.o                   /mnt/d/retro/cc65/asminc/errno.inc:7
    _mappederrno.o            /mnt/d/retro/cc65/asminc/errno.inc:7
    cbm_read.o                cbm/cbm_read.s:44
    cbm_open.o                cbm/cbm_open.s:24
    c_load.o                  cbm/c_load.s:10
    main.o                    src/main.s:42
__osmaperrno (oserror.o):
    _mappederrno.o            /mnt/d/retro/cc65/asminc/errno.inc:8
__printf (_printf.o):
    vsnprintf.o               common/vsnprintf.s:10
    vfprintf.o                common/vfprintf.s:10
    vcprintf.o                conio/vcprintf.s:9
__seterrno (_seterrno.o):
    _directerrno.o            /mnt/d/retro/cc65/asminc/errno.inc:9
    fwrite.o                  /mnt/d/retro/cc65/asminc/errno.inc:9
    _mappederrno.o            /mnt/d/retro/cc65/asminc/errno.inc:9
__sysremove (sysremove.o):
    remove.o                  common/remove.s:9
_alldirections (main.o):
    menu2.o                   src/menu2.s:25
_anotherturn (main.o):
    menu2.o                   src/menu2.s:30
    career2.o                 src/career2.s:22
    ring1.o                   src/ring1.s:22
_bgcolor (color.o):
    vdc_core.o                src/vdc_core.s:24
_board_reposition (main.o):
    menu2.o                   src/menu2.s:42
_board_scroll (menu2.o):
    main.o                    src/main.s:174
_bootdevice (main.o):
    vdc_core.o                src/vdc_core.s:28
_bordercolor (color.o):
    vdc_core.o                src/vdc_core.s:25
_buffer (main.o):
    menu3.o                   src/menu3.s:20
_c128_stdjoy_joy (c128-stdjoy-joy.o):
    joy_stat_stddrv.o         c128/joy_stat_stddrv.s:10
_card_selectopportunity (main.o):
    career2.o                 src/career2.s:26
    ring1.o                   src/ring1.s:29
_cards_actiontext (main.o):
    menu3.o                   src/menu3.s:38
    menu1.o                   src/menu1.s:35
    career2.o                 src/career2.s:27
    ring3.o                   src/ring3.s:34
    ring1.o                   src/ring1.s:30
_cards_show (menu1.o):
    main.o                    src/main.s:169
_cards_useexperience (menu3.o):
    main.o                    src/main.s:177
_cards_useopportunity (menu3.o):
    main.o                    src/main.s:178
_career (main.o):
    menu3.o                   src/menu3.s:23
    menu1.o                   src/menu1.s:26
    career1.o                 src/career1.s:22
_career_endofcareer (career1.o):
    main.o                    src/main.s:153
_career_generic (career1.o):
    main.o                    src/main.s:143
_career_getexperiencecard (career1.o):
    main.o                    src/main.s:146
_career_getfame (career2.o):
    main.o                    src/main.s:168
_career_getfamebuthospital (career1.o):
    main.o                    src/main.s:152
_career_getfamenohappiness (career2.o):
    main.o                    src/main.s:160
_career_gethappiness (career1.o):
    main.o                    src/main.s:145
_career_gethappinessandfame (career1.o):
    main.o                    src/main.s:148
_career_getmoney (career2.o):
    main.o                    src/main.s:165
_career_getmoneyandfame (career2.o):
    main.o                    src/main.s:158
_career_getmoneytimesdie (career1.o):
    main.o                    src/main.s:147
_career_getopportunitycard (career2.o):
    main.o                    src/main.s:155
_career_getsalary (career2.o):
    main.o                    src/main.s:156
_career_getsalarytimesdie (career2.o):
    main.o                    src/main.s:161
_career_gotohospital (career1.o):
    main.o                    src/main.s:150
_career_gotoparkbench (career1.o):
    main.o                    src/main.s:149
_career_looaseallcash (career2.o):
    main.o                    src/main.s:164
_career_looseallfame (career2.o):
    main.o                    src/main.s:163
_career_loosehalffame (career2.o):
    main.o                    src/main.s:159
_career_loosehalfmoney (career2.o):
    main.o                    src/main.s:166
_career_loosehalfsalary (career2.o):
    main.o                    src/main.s:157
_career_loosemoneyorparkbench (career1.o):
    main.o                    src/main.s:151
_career_skipturn (career2.o):
    main.o                    src/main.s:167
_career_throwagain (career2.o):
    main.o                    src/main.s:162
_career_waitforkey (career1.o):
    main.o                    src/main.s:144
_careerfield (main.o):
    menu3.o                   src/menu3.s:24
    career2.o                 src/career2.s:18
    career1.o                 src/career1.s:23
_cbm_close (cbm_close.o):
    vdc_core.o                src/vdc_core.s:20
    main.o                    src/main.s:28
_cbm_k_close (c_close.o):
    cbm_close.o               cbm/cbm_close.s:7
_cbm_k_load (c_load.o):
    cbm_load.o                ../libwrk/c128/cbm_load.s:13
    sidplay.o                 src/sidplay.s:13
    vdc_core.o                src/vdc_core.s:15
    menu2.o                   src/menu2.s:16
    main.o                    src/main.s:22
_cbm_k_open (c_open.o):
    cbm_open.o                cbm/cbm_open.s:23
_cbm_k_save (c_save.o):
    vdc_core.o                src/vdc_core.s:16
    menu2.o                   src/menu2.s:17
    main.o                    src/main.s:23
_cbm_k_setlfs (c_setlfs.o):
    cbm_open.o                cbm/cbm_open.s:23
    cbm_load.o                ../libwrk/c128/cbm_load.s:14
    sidplay.o                 src/sidplay.s:14
    vdc_core.o                src/vdc_core.s:17
    menu2.o                   src/menu2.s:18
    main.o                    src/main.s:24
_cbm_k_setnam (c_setnam.o):
    cbm_open.o                cbm/cbm_open.s:23
    cbm_load.o                ../libwrk/c128/cbm_load.s:15
    sidplay.o                 src/sidplay.s:15
    vdc_core.o                src/vdc_core.s:18
    menu2.o                   src/menu2.s:19
    main.o                    src/main.s:25
_cbm_load (cbm_load.o):
    main.o                    src/main.s:26
_cbm_open (cbm_open.o):
    vdc_core.o                src/vdc_core.s:19
    main.o                    src/main.s:27
_cbm_read (cbm_read.o):
    vdc_core.o                src/vdc_core.s:21
    main.o                    src/main.s:29
_cgetc (cgetc.o):
    main.o                    src/main.s:37
_checkforbump_check (main.o):
    menu3.o                   src/menu3.s:39
_clock (clock.o):
    main.o                    src/main.s:45
_clrscr (clrscr.o):
    vdc_core.o                src/vdc_core.s:22
    main.o                    src/main.s:30
_computer_hospitalparkbench (career1.o):
    main.o                    src/main.s:154
_computer_playexperiencecards (menu3.o):
    main.o                    src/main.s:179
_computer_playopportunitycards (ring3.o):
    main.o                    src/main.s:137
_cprintf (cprintf.o):
    menu3.o                   src/menu3.s:16
    menu1.o                   src/menu1.s:18
    career2.o                 src/career2.s:15
    career1.o                 src/career1.s:16
    ring4.o                   src/ring4.s:16
    ring3.o                   src/ring3.s:16
    ring2.o                   src/ring2.s:16
    ring1.o                   src/ring1.s:16
    main.o                    src/main.s:36
_cputc (cputc.o):
    vcprintf.o                conio/vcprintf.s:9
    cputs.o                   conio/cputs.s:9
    career1.o                 src/career1.s:14
    main.o                    src/main.s:33
_cputs (cputs.o):
    menu1.o                   src/menu1.s:16
    ring4.o                   src/ring4.s:14
    ring3.o                   src/ring3.s:14
    ring2.o                   src/ring2.s:14
    ring1.o                   src/ring1.s:14
    main.o                    src/main.s:34
_cputsxy (cputs.o):
    menu3.o                   src/menu3.s:15
    menu2.o                   src/menu2.s:20
    menu1.o                   src/menu1.s:17
    career2.o                 src/career2.s:14
    career1.o                 src/career1.s:15
    ring4.o                   src/ring4.s:15
    ring3.o                   src/ring3.s:15
    ring2.o                   src/ring2.s:15
    ring1.o                   src/ring1.s:15
    main.o                    src/main.s:35
_dice_throw (main.o):
    career2.o                 src/career2.s:25
    career1.o                 src/career1.s:36
    ring4.o                   src/ring4.s:28
    ring3.o                   src/ring3.s:32
    ring2.o                   src/ring2.s:30
_dice_total (main.o):
    menu3.o                   src/menu3.s:30
    career2.o                 src/career2.s:24
    career1.o                 src/career1.s:29
    ring4.o                   src/ring4.s:22
    ring3.o                   src/ring3.s:25
    ring2.o                   src/ring2.s:24
_exit (crt0.o):
    libref.o                  c128/libref.s:11
    vdc_core.o                src/vdc_core.s:26
    main.o                    src/main.s:41
_fieldinformation (main.o):
    career2.o                 src/career2.s:21
    career1.o                 src/career1.s:25
    ring4.o                   src/ring4.s:20
    ring3.o                   src/ring3.s:22
    ring2.o                   src/ring2.s:20
    ring1.o                   src/ring1.s:21
_fileerrormessage (main.o):
    menu2.o                   src/menu2.s:40
_fwrite (fwrite.o):
    vfprintf.o                common/vfprintf.s:10
_gameendflag (main.o):
    menu3.o                   src/menu3.s:28
    menu2.o                   src/menu2.s:29
    ring3.o                   src/ring3.s:23
    ring2.o                   src/ring2.s:21
_getcurrentdevice (curdevice.o):
    sidplay.o                 src/sidplay.s:16
    menu2.o                   src/menu2.s:21
    main.o                    src/main.s:44
_getkey (main.o):
    menu3.o                   src/menu3.s:31
    menu2.o                   src/menu2.s:34
    menu1.o                   src/menu1.s:31
_gotoxy (gotoxy.o):
    menu3.o                   src/menu3.s:14
    menu1.o                   src/menu1.s:15
    career2.o                 src/career2.s:13
    career1.o                 src/career1.s:13
    ring4.o                   src/ring4.s:13
    ring3.o                   src/ring3.s:13
    ring2.o                   src/ring2.s:13
    ring1.o                   src/ring1.s:13
    main.o                    src/main.s:32
_information_colorlegend (menu1.o):
    main.o                    src/main.s:171
_information_credits (menu1.o):
    main.o                    src/main.s:172
_information_gamescore (menu1.o):
    main.o                    src/main.s:170
_input (main.o):
    menu2.o                   src/menu2.s:35
_input_number (main.o):
    menu3.o                   src/menu3.s:32
    ring4.o                   src/ring4.s:23
    ring2.o                   src/ring2.s:25
    ring1.o                   src/ring1.s:24
_isprint (isprint.o):
    main.o                    src/main.s:43
_joy_install (joy-kernel.o):
    main.o                    src/main.s:47
_joy_read (joy_read.o):
    main.o                    src/main.s:49
_joy_static_stddrv (joy_stat_stddrv.o):
    main.o                    src/main.s:46
_joy_uninstall (joy-kernel.o):
    main.o                    src/main.s:48
_joyinterface (main.o):
    menu3.o                   src/menu3.s:22
_kbhit (kbhit.o):
    main.o                    src/main.s:31
_loadgame (menu2.o):
    main.o                    src/main.s:176
_ltoa (ltoa.o):
    _printf.o                 common/_printf.s:12
_main (main.o):
    callmain.o                runtime/callmain.s:11
_memcpy (memcpy.o):
    vsnprintf.o               common/vsnprintf.s:10
_menumakeborder (main.o):
    menu3.o                   src/menu3.s:35
    menu2.o                   src/menu2.s:38
    menu1.o                   src/menu1.s:34
    career1.o                 src/career1.s:32
    ring4.o                   src/ring4.s:26
    ring3.o                   src/ring3.s:28
    ring2.o                   src/ring2.s:28
    ring1.o                   src/ring1.s:27
_menupulldown (main.o):
    menu2.o                   src/menu2.s:39
    career1.o                 src/career1.s:33
    ring4.o                   src/ring4.s:27
    ring3.o                   src/ring3.s:29
    ring2.o                   src/ring2.s:29
    ring1.o                   src/ring1.s:28
_musicnext (menu1.o):
    main.o                    src/main.s:173
_musicnumber (main.o):
    menu1.o                   src/menu1.s:25
_opportunitycard (main.o):
[...]
    decsp8.o                  runtime/decsp8.s:8
    decsp6.o                  runtime/decsp6.s:8
    decsp5.o                  runtime/decsp5.s:8
    decsp4.o                  runtime/decsp4.s:8
    decsp3.o                  runtime/decsp3.s:8
    decsp2.o                  runtime/decsp2.s:8
    decsp1.o                  runtime/decsp1.s:8
    crt0.o                    /mnt/d/retro/cc65/asminc/zeropage.inc:11
    cprintf.o                 conio/cprintf.s:9
    cbm_load.o                ../libwrk/c128/cbm_load.s:10
    addysp.o                  runtime/addysp.s:8
    addeqsp.o                 runtime/addeqsp.s:8
    add.o                     runtime/add.s:12
    snes.o                    src/snes.s:10
    vdc_core.o                src/vdc_core.s:10
    menu3.o                   src/menu3.s:10
    menu2.o                   src/menu2.s:10
    menu1.o                   src/menu1.s:10
    career2.o                 src/career2.s:10
    career1.o                 src/career1.s:10
    ring4.o                   src/ring4.s:10
    ring3.o                   src/ring3.s:10
    ring2.o                   src/ring2.s:10
    ring1.o                   src/ring1.s:10
    main.o                    src/main.s:10
sreg (zeropage.o):
    lneg.o                    runtime/lneg.s:11
    ltoa.o                    common/ltoa.s:11
    lcmp.o                    runtime/lcmp.s:10
    _printf.o                 /mnt/d/retro/cc65/asminc/zeropage.inc:11
    udiv.o                    runtime/udiv.s:10
    steaxspi.o                runtime/steaxspi.s:10
    steaxsp.o                 runtime/steaxsp.s:8
    shreax2.o                 runtime/shreax2.s:8
    shreax1.o                 runtime/shreax1.s:8
    mod.o                     runtime/mod.s:12
    ludiv.o                   runtime/ludiv.s:10
    lsub.o                    runtime/lsub.s:12
    lpush.o                   runtime/lpush.s:13
    lmul.o                    runtime/lmul.s:10
    ldec.o                    runtime/ldec.s:9
    ldeaxysp.o                runtime/ldeaxysp.s:12
    ldeaxi.o                  runtime/ldeaxi.s:8
    lbneg.o                   runtime/lbneg.s:8
    land.o                    runtime/land.s:10
    laddeqsp.o                runtime/laddeqsp.s:8
    ladd.o                    runtime/ladd.s:9
    icmp.o                    runtime/icmp.s:9
    clock.o                   cbm/clock.s:9
    axlong.o                  runtime/axlong.s:9
    asleax1.o                 runtime/asleax1.s:8
    menu3.o                   src/menu3.s:10
    menu2.o                   src/menu2.s:10
    career2.o                 src/career2.s:10
    career1.o                 src/career1.s:10
    ring4.o                   src/ring4.s:10
    ring3.o                   src/ring3.s:10
    ring2.o                   src/ring2.s:10
    ring1.o                   src/ring1.s:10
    main.o                    src/main.s:10
staspidx (staspidx.o):
    menu3.o                   src/menu3.s:1731
    menu2.o                   src/menu2.s:1971
    career2.o                 src/career2.s:1296
    career2.o                 src/career2.s:1296
    career2.o                 src/career2.s:1296
    career1.o                 src/career1.s:1977
    career1.o                 src/career1.s:1977
    career1.o                 src/career1.s:1977
    ring3.o                   src/ring3.s:1976
    main.o                    src/main.s:10227
    main.o                    src/main.s:10227
    main.o                    src/main.s:10227
    main.o                    src/main.s:10227
    main.o                    src/main.s:10227
    main.o                    src/main.s:10227
stax0sp (staxsp.o):
    vdc_core.o                src/vdc_core.s:2155
    vdc_core.o                src/vdc_core.s:2155
    vdc_core.o                src/vdc_core.s:2155
    vdc_core.o                src/vdc_core.s:2155
    vdc_core.o                src/vdc_core.s:2155
    vdc_core.o                src/vdc_core.s:2155
    vdc_core.o                src/vdc_core.s:2155
    menu2.o                   src/menu2.s:1971
    menu2.o                   src/menu2.s:1971
    main.o                    src/main.s:10227
staxysp (staxsp.o):
    vsprintf.o                common/vsprintf.s:8
    vdc_core.o                src/vdc_core.s:2155
    vdc_core.o                src/vdc_core.s:2155
    vdc_core.o                src/vdc_core.s:2155
    main.o                    src/main.s:10227
    main.o                    src/main.s:10227
steax0sp (steaxsp.o):
    ring4.o                   src/ring4.s:1836
    ring4.o                   src/ring4.s:1836
    ring3.o                   src/ring3.s:1976
    ring3.o                   src/ring3.s:1976
    ring1.o                   src/ring1.s:1830
steaxspidx (steaxspi.o):
    menu2.o                   src/menu2.s:1971
    career2.o                 src/career2.s:1296
    career2.o                 src/career2.s:1296
    career2.o                 src/career2.s:1296
    career2.o                 src/career2.s:1296
    career2.o                 src/career2.s:1296
    career2.o                 src/career2.s:1296
    career2.o                 src/career2.s:1296
    career1.o                 src/career1.s:1977
    career1.o                 src/career1.s:1977
    career1.o                 src/career1.s:1977
    career1.o                 src/career1.s:1977
    ring4.o                   src/ring4.s:1836
    ring4.o                   src/ring4.s:1836
    ring4.o                   src/ring4.s:1836
    ring4.o                   src/ring4.s:1836
    ring4.o                   src/ring4.s:1836
    ring3.o                   src/ring3.s:1976
    ring3.o                   src/ring3.s:1976
    ring3.o                   src/ring3.s:1976
    ring3.o                   src/ring3.s:1976
    ring2.o                   src/ring2.s:1747
    ring2.o                   src/ring2.s:1747
    ring2.o                   src/ring2.s:1747
    ring2.o                   src/ring2.s:1747
    ring2.o                   src/ring2.s:1747
    ring2.o                   src/ring2.s:1747
    ring2.o                   src/ring2.s:1747
    ring1.o                   src/ring1.s:1830
    ring1.o                   src/ring1.s:1830
    ring1.o                   src/ring1.s:1830
    ring1.o                   src/ring1.s:1830
    ring1.o                   src/ring1.s:1830
    main.o                    src/main.s:10227
steaxysp (steaxsp.o):
    career1.o                 src/career1.s:1977
    ring4.o                   src/ring4.s:1836
    ring4.o                   src/ring4.s:1836
    ring2.o                   src/ring2.s:1747
subeq0sp (subeqsp.o):
    vdc_core.o                src/vdc_core.s:2155
    vdc_core.o                src/vdc_core.s:2155
    vdc_core.o                src/vdc_core.s:2155
    vdc_core.o                src/vdc_core.s:2155
subeqysp (subeqsp.o):
    vdc_core.o                src/vdc_core.s:2155
subysp (subysp.o):
    menu3.o                   src/menu3.s:1731
    menu2.o                   src/menu2.s:1971
    menu2.o                   src/menu2.s:1971
    menu1.o                   src/menu1.s:1752
    menu1.o                   src/menu1.s:1752
    main.o                    src/main.s:10227
    main.o                    src/main.s:10227
    main.o                    src/main.s:10227
    main.o                    src/main.s:10227
tmp1 (zeropage.o):
    diskcmd.o                 cbm/diskcmd.s:15
    ltoa.o                    common/ltoa.s:11
    filename.o                cbm/filename.s:12
    _printf.o                 /mnt/d/retro/cc65/asminc/zeropage.inc:13
    vcprintf.o                conio/vcprintf.s:10
    strchr.o                  common/strchr.s:10
    steaxspi.o                runtime/steaxspi.s:10
    staspidx.o                runtime/staspidx.s:9
    shreax2.o                 runtime/shreax2.s:8
    shreax1.o                 runtime/shreax1.s:8
    shrax3.o                  runtime/shrax3.s:8
    shrax1.o                  runtime/shrax1.s:8
    shelp.o                   runtime/shelp.s:12
    mul.o                     runtime/mul.s:10
    mod.o                     runtime/mod.s:12
    ldec.o                    runtime/ldec.s:9
    lbneg.o                   runtime/lbneg.s:8
    land.o                    runtime/land.s:10
    ladd.o                    runtime/ladd.s:9
    incaxy.o                  runtime/incaxy.s:8
    decaxy.o                  runtime/decaxy.s:8
    cputs.o                   conio/cputs.s:10
    cbm_read.o                cbm/cbm_read.s:42
    c_setlfs.o                cbm/c_setlfs.s:13
    c_save.o                  cbm/c_save.s:11
    asleax1.o                 runtime/asleax1.s:8
    aslax4.o                  runtime/aslax4.s:8
    aslax3.o                  runtime/aslax3.s:8
    aslax2.o                  runtime/aslax2.s:8
    aslax1.o                  runtime/aslax1.s:8
    add.o                     runtime/add.s:12
    vdc_core.o                src/vdc_core.s:11
    career1.o                 src/career1.s:11
    ring2.o                   src/ring2.s:11
    main.o                    src/main.s:11
tmp2 (zeropage.o):
    rwcommon.o                cbm/rwcommon.s:10
    steaxspi.o                runtime/steaxspi.s:10
    shelp.o                   runtime/shelp.s:12
    lmul.o                    runtime/lmul.s:10
tmp3 (zeropage.o):
    strcat.o                  common/strcat.s:10
    steaxspi.o                runtime/steaxspi.s:10
    ludiv.o                   runtime/ludiv.s:10
    lmul.o                    runtime/lmul.s:10
tmp4 (zeropage.o):
    ludiv.o                   runtime/ludiv.s:10
    lmul.o                    runtime/lmul.s:10
tosadd0ax (ladd.o):
    career1.o                 src/career1.s:1977
tosadda0 (add.o):
    menu3.o                   src/menu3.s:1731
    career2.o                 src/career2.s:1296
    career2.o                 src/career2.s:1296
    career2.o                 src/career2.s:1296
    career1.o                 src/career1.s:1977
    career1.o                 src/career1.s:1977
    career1.o                 src/career1.s:1977
    main.o                    src/main.s:10227
    main.o                    src/main.s:10227
    main.o                    src/main.s:10227
tosaddax (add.o):
    career1.o                 src/career1.s:1977
    main.o                    src/main.s:10227
    main.o                    src/main.s:10227
    main.o                    src/main.s:10227
    main.o                    src/main.s:10227
    main.o                    src/main.s:10227
tosaddeax (ladd.o):
    menu2.o                   src/menu2.s:1971
    career2.o                 src/career2.s:1296
    career2.o                 src/career2.s:1296
    career2.o                 src/career2.s:1296
    career2.o                 src/career2.s:1296
    career1.o                 src/career1.s:1977
    career1.o                 src/career1.s:1977
    ring4.o                   src/ring4.s:1836
    ring2.o                   src/ring2.s:1747
    ring2.o                   src/ring2.s:1747
    ring1.o                   src/ring1.s:1830
tosandeax (land.o):
    menu2.o                   src/menu2.s:1971
tosicmp (icmp.o):
    menu3.o                   src/menu3.s:1731
    ring1.o                   src/ring1.s:1830
    main.o                    src/main.s:10227
    main.o                    src/main.s:10227
tosicmp0 (icmp.o):
    menu3.o                   src/menu3.s:1731
    main.o                    src/main.s:10227
    main.o                    src/main.s:10227
    main.o                    src/main.s:10227
toslcmp (lcmp.o):
    lult.o                    runtime/lult.s:8
    lugt.o                    runtime/lugt.s:8
toslong (toslong.o):
    ring4.o                   src/ring4.s:1836
    ring1.o                   src/ring1.s:1830
tosmoda0 (mod.o):
    career1.o                 src/career1.s:1977
    career1.o                 src/career1.s:1977
    main.o                    src/main.s:10227
    main.o                    src/main.s:10227
tosmula0 (mul8.o):
    menu3.o                   src/menu3.s:1731
    menu3.o                   src/menu3.s:1731
    menu3.o                   src/menu3.s:1731
    menu2.o                   src/menu2.s:1971
    menu2.o                   src/menu2.s:1971
    menu2.o                   src/menu2.s:1971
    menu1.o                   src/menu1.s:1752
    menu1.o                   src/menu1.s:1752
    career2.o                 src/career2.s:1296
    career2.o                 src/career2.s:1296
    career2.o                 src/career2.s:1296
    career2.o                 src/career2.s:1296
    career2.o                 src/career2.s:1296
    career2.o                 src/career2.s:1296
    career2.o                 src/career2.s:1296
    career2.o                 src/career2.s:1296
    career2.o                 src/career2.s:1296
    career2.o                 src/career2.s:1296
    career2.o                 src/career2.s:1296
    career2.o                 src/career2.s:1296
    career2.o                 src/career2.s:1296
    career1.o                 src/career1.s:1977
    career1.o                 src/career1.s:1977
    career1.o                 src/career1.s:1977
    career1.o                 src/career1.s:1977
    career1.o                 src/career1.s:1977
    career1.o                 src/career1.s:1977
    career1.o                 src/career1.s:1977
    career1.o                 src/career1.s:1977
    career1.o                 src/career1.s:1977
    career1.o                 src/career1.s:1977
    career1.o                 src/career1.s:1977
    ring4.o                   src/ring4.s:1836
    ring4.o                   src/ring4.s:1836
    ring4.o                   src/ring4.s:1836
    ring4.o                   src/ring4.s:1836
    ring4.o                   src/ring4.s:1836
    ring3.o                   src/ring3.s:1976
    ring3.o                   src/ring3.s:1976
    ring3.o                   src/ring3.s:1976
    ring3.o                   src/ring3.s:1976
    ring3.o                   src/ring3.s:1976
    ring3.o                   src/ring3.s:1976
    ring2.o                   src/ring2.s:1747
    ring2.o                   src/ring2.s:1747
    ring2.o                   src/ring2.s:1747
    ring2.o                   src/ring2.s:1747
    ring2.o                   src/ring2.s:1747
    ring2.o                   src/ring2.s:1747
    ring2.o                   src/ring2.s:1747
    ring2.o                   src/ring2.s:1747
    ring1.o                   src/ring1.s:1830
    ring1.o                   src/ring1.s:1830
    ring1.o                   src/ring1.s:1830
    ring1.o                   src/ring1.s:1830
    ring1.o                   src/ring1.s:1830
    ring1.o                   src/ring1.s:1830
    main.o                    src/main.s:10227
    main.o                    src/main.s:10227
    main.o                    src/main.s:10227
    main.o                    src/main.s:10227
    main.o                    src/main.s:10227
    main.o                    src/main.s:10227
    main.o                    src/main.s:10227
    main.o                    src/main.s:10227
    main.o                    src/main.s:10227
    main.o                    src/main.s:10227
    main.o                    src/main.s:10227
    main.o                    src/main.s:10227
    main.o                    src/main.s:10227
    main.o                    src/main.s:10227
    main.o                    src/main.s:10227
    main.o                    src/main.s:10227
    main.o                    src/main.s:10227
    main.o                    src/main.s:10227
    main.o                    src/main.s:10227
    main.o                    src/main.s:10227
    main.o                    src/main.s:10227
tosmulax (mul.o):
    career2.o                 src/career2.s:1296
    career2.o                 src/career2.s:1296
    career2.o                 src/career2.s:1296
    career2.o                 src/career2.s:1296
    career1.o                 src/career1.s:1977
    career1.o                 src/career1.s:1977
    ring4.o                   src/ring4.s:1836
    ring2.o                   src/ring2.s:1747
    ring1.o                   src/ring1.s:1830
tossub0ax (lsub.o):
    ring4.o                   src/ring4.s:1836
    ring4.o                   src/ring4.s:1836
    ring4.o                   src/ring4.s:1836
    ring4.o                   src/ring4.s:1836
    ring3.o                   src/ring3.s:1976
    ring3.o                   src/ring3.s:1976
    ring2.o                   src/ring2.s:1747
    ring1.o                   src/ring1.s:1830
    ring1.o                   src/ring1.s:1830
    ring1.o                   src/ring1.s:1830
tossuba0 (sub.o):
    menu3.o                   src/menu3.s:1731
    menu3.o                   src/menu3.s:1731
    menu1.o                   src/menu1.s:1752
    menu1.o                   src/menu1.s:1752
    ring4.o                   src/ring4.s:1836
    ring4.o                   src/ring4.s:1836
    ring1.o                   src/ring1.s:1830
    main.o                    src/main.s:10227
    main.o                    src/main.s:10227
tossubax (sub.o):
    main.o                    src/main.s:10227
    main.o                    src/main.s:10227
tossubeax (lsub.o):
    career2.o                 src/career2.s:1296
    career2.o                 src/career2.s:1296
    career1.o                 src/career1.s:1977
    career1.o                 src/career1.s:1977
    ring4.o                   src/ring4.s:1836
    ring4.o                   src/ring4.s:1836
    ring4.o                   src/ring4.s:1836
    ring3.o                   src/ring3.s:1976
    ring3.o                   src/ring3.s:1976
    ring2.o                   src/ring2.s:1747
    ring2.o                   src/ring2.s:1747
    ring2.o                   src/ring2.s:1747
    ring2.o                   src/ring2.s:1747
    ring1.o                   src/ring1.s:1830
    ring1.o                   src/ring1.s:1830
    main.o                    src/main.s:10227
tosudiv0ax (ludiv.o):
    career1.o                 src/career1.s:1977
    ring4.o                   src/ring4.s:1836
    ring3.o                   src/ring3.s:1976
    ring2.o                   src/ring2.s:1747
    ring1.o                   src/ring1.s:1830
    ring1.o                   src/ring1.s:1830
    main.o                    src/main.s:10227
tosudivax (udiv.o):
    fwrite.o                  common/fwrite.s:12
tosugteax (lugt.o):
    ring4.o                   src/ring4.s:1836
    ring3.o                   src/ring3.s:1976
    ring1.o                   src/ring1.s:1830
    ring1.o                   src/ring1.s:1830
    main.o                    src/main.s:10227
tosulteax (lult.o):
    career1.o                 src/career1.s:1977
    career1.o                 src/career1.s:1977
    ring2.o                   src/ring2.s:1747
    ring2.o                   src/ring2.s:1747
    main.o                    src/main.s:10227
tosumul0ax (lmul.o):
    career1.o                 src/career1.s:1977
    ring1.o                   src/ring1.s:1830
tosumula0 (mul8.o):
    vdc_core.o                src/vdc_core.s:2155
    vdc_core.o                src/vdc_core.s:2155
    vdc_core.o                src/vdc_core.s:2155
    vdc_core.o                src/vdc_core.s:2155
    main.o                    src/main.s:10227
    main.o                    src/main.s:10227
    main.o                    src/main.s:10227
tosumulax (mul.o):
    fwrite.o                  common/fwrite.s:12
    vdc_core.o                src/vdc_core.s:2155
tosumuleax (lmul.o):
    career2.o                 src/career2.s:1296
    career1.o                 src/career1.s:1977
    career1.o                 src/career1.s:1977
    ring3.o                   src/ring3.s:1976
    ring2.o                   src/ring2.s:1747
udiv16 (udiv.o):
    shelp.o                   runtime/shelp.s:11
vsnprintf (vsnprintf.o):
    vsprintf.o                common/vsprintf.s:9
writefndiskcmd (diskcmd.o):
    scratch.o                 cbm/scratch.s:8
zerobss (zerobss.o):
    crt0.o                    c128/crt0.s:8

