Modules list:
-------------
vdc_core_assembly.o:
    MACO              Offs=000000  Size=000671  Align=00001  Fill=0000
sidplay_assembly.o:
    MACO              Offs=000671  Size=0000D3  Align=00001  Fill=0000
main.o:
    CODE              Offs=000000  Size=004D9F  Align=00001  Fill=0000
    RODATA            Offs=000000  Size=0008EB  Align=00001  Fill=0000
    BSS               Offs=000000  Size=0001DA  Align=00001  Fill=0000
    DATA              Offs=000000  Size=001440  Align=00001  Fill=0000
vdc_core.o:
    CODE              Offs=004D9F  Size=000D0C  Align=00001  Fill=0000
    RODATA            Offs=0008EB  Size=000050  Align=00001  Fill=0000
    DATA              Offs=001440  Size=000010  Align=00001  Fill=0000
sidplay.o:
    CODE              Offs=005AAB  Size=000033  Align=00001  Fill=0000
snes.o:
    CODE              Offs=005ADE  Size=0000C9  Align=00001  Fill=0000
    BSS               Offs=0001DA  Size=000002  Align=00001  Fill=0000
/mnt/d/retro/cc65/lib/c128.lib(_cursor.o):
    BSS               Offs=0001DC  Size=000001  Align=00001  Fill=0000
/mnt/d/retro/cc65/lib/c128.lib(_directerrno.o):
    CODE              Offs=005BA7  Size=00000A  Align=00001  Fill=0000
/mnt/d/retro/cc65/lib/c128.lib(_file.o):
    DATA              Offs=001450  Size=00001E  Align=00001  Fill=0000
/mnt/d/retro/cc65/lib/c128.lib(_hextab.o):
    RODATA            Offs=00093B  Size=000010  Align=00001  Fill=0000
/mnt/d/retro/cc65/lib/c128.lib(_longminstr.o):
    RODATA            Offs=00094B  Size=00000C  Align=00001  Fill=0000
/mnt/d/retro/cc65/lib/c128.lib(_mappederrno.o):
    CODE              Offs=005BB1  Size=000010  Align=00001  Fill=0000
/mnt/d/retro/cc65/lib/c128.lib(_oserror.o):
    BSS               Offs=0001DD  Size=000001  Align=00001  Fill=0000
/mnt/d/retro/cc65/lib/c128.lib(_printf.o):
    CODE              Offs=005BC1  Size=0003A5  Align=00001  Fill=0000
    BSS               Offs=0001DE  Size=00002B  Align=00001  Fill=0000
    DATA              Offs=00146E  Size=000003  Align=00001  Fill=0000
/mnt/d/retro/cc65/lib/c128.lib(_seterrno.o):
    CODE              Offs=005F66  Size=000009  Align=00001  Fill=0000
/mnt/d/retro/cc65/lib/c128.lib(acc_c128_speed.o):
    CODE              Offs=005F6F  Size=000010  Align=00001  Fill=0000
/mnt/d/retro/cc65/lib/c128.lib(add.o):
    CODE              Offs=005F7F  Size=00001C  Align=00001  Fill=0000
/mnt/d/retro/cc65/lib/c128.lib(addeqsp.o):
    CODE              Offs=005F9B  Size=000011  Align=00001  Fill=0000
/mnt/d/retro/cc65/lib/c128.lib(addysp.o):
    CODE              Offs=005FAC  Size=00000E  Align=00001  Fill=0000
/mnt/d/retro/cc65/lib/c128.lib(aslax1.o):
    CODE              Offs=005FBA  Size=000008  Align=00001  Fill=0000
/mnt/d/retro/cc65/lib/c128.lib(aslax2.o):
    CODE              Offs=005FC2  Size=00000B  Align=00001  Fill=0000
/mnt/d/retro/cc65/lib/c128.lib(aslax3.o):
    CODE              Offs=005FCD  Size=00000E  Align=00001  Fill=0000
/mnt/d/retro/cc65/lib/c128.lib(aslax4.o):
    CODE              Offs=005FDB  Size=000011  Align=00001  Fill=0000
/mnt/d/retro/cc65/lib/c128.lib(asleax1.o):
    CODE              Offs=005FEC  Size=00000C  Align=00001  Fill=0000
/mnt/d/retro/cc65/lib/c128.lib(axlong.o):
    CODE              Offs=005FF8  Size=00000D  Align=00001  Fill=0000
/mnt/d/retro/cc65/lib/c128.lib(c_close.o):
    CODE              Offs=006005  Size=000004  Align=00001  Fill=0000
/mnt/d/retro/cc65/lib/c128.lib(c_load.o):
    CODE              Offs=006009  Size=00001D  Align=00001  Fill=0000
/mnt/d/retro/cc65/lib/c128.lib(c_open.o):
    CODE              Offs=006026  Size=000009  Align=00001  Fill=0000
/mnt/d/retro/cc65/lib/c128.lib(c_save.o):
    CODE              Offs=00602F  Size=000016  Align=00001  Fill=0000
/mnt/d/retro/cc65/lib/c128.lib(c_setlfs.o):
    CODE              Offs=006045  Size=00000E  Align=00001  Fill=0000
/mnt/d/retro/cc65/lib/c128.lib(c_setnam.o):
    CODE              Offs=006053  Size=000013  Align=00001  Fill=0000
/mnt/d/retro/cc65/lib/c128.lib(callmain.o):
    CODE              Offs=006066  Size=000017  Align=00001  Fill=0000
    DATA              Offs=001471  Size=000004  Align=00001  Fill=0000
/mnt/d/retro/cc65/lib/c128.lib(cbm_close.o):
/mnt/d/retro/cc65/lib/c128.lib(cbm_open.o):
    CODE              Offs=00607D  Size=000016  Align=00001  Fill=0000
/mnt/d/retro/cc65/lib/c128.lib(cbm_read.o):
    CODE              Offs=006093  Size=00005B  Align=00001  Fill=0000
/mnt/d/retro/cc65/lib/c128.lib(cgetc.o):
    CODE              Offs=0060EE  Size=000030  Align=00001  Fill=0000
    INIT              Offs=000000  Size=000002  Align=00001  Fill=0000
    ONCE              Offs=000000  Size=000013  Align=00001  Fill=0000
/mnt/d/retro/cc65/lib/c128.lib(clock.o):
    CODE              Offs=00611E  Size=00000A  Align=00001  Fill=0000
/mnt/d/retro/cc65/lib/c128.lib(clrscr.o):
/mnt/d/retro/cc65/lib/c128.lib(color.o):
    CODE              Offs=006128  Size=000060  Align=00001  Fill=0000
/mnt/d/retro/cc65/lib/c128.lib(condes.o):
    CODE              Offs=006188  Size=00000C  Align=00001  Fill=0000
    DATA              Offs=001475  Size=000025  Align=00001  Fill=0000
    ONCE              Offs=000013  Size=00000C  Align=00001  Fill=0000
/mnt/d/retro/cc65/lib/c128.lib(conio.o):
/mnt/d/retro/cc65/lib/c128.lib(cprintf.o):
    CODE              Offs=006194  Size=00002A  Align=00001  Fill=0000
    BSS               Offs=000209  Size=000001  Align=00001  Fill=0000
/mnt/d/retro/cc65/lib/c128.lib(cputc.o):
    CODE              Offs=0061BE  Size=000049  Align=00001  Fill=0000
/mnt/d/retro/cc65/lib/c128.lib(cputs.o):
    CODE              Offs=006207  Size=000023  Align=00001  Fill=0000
/mnt/d/retro/cc65/lib/c128.lib(crt0.o):
    BSS               Offs=00020A  Size=000002  Align=00001  Fill=0000
    STARTUP           Offs=000000  Size=000051  Align=00001  Fill=0000
    INIT              Offs=000002  Size=00001A  Align=00001  Fill=0000
/mnt/d/retro/cc65/lib/c128.lib(ctype.o):
    RODATA            Offs=000957  Size=00008B  Align=00001  Fill=0000
/mnt/d/retro/cc65/lib/c128.lib(ctypemask.o):
    CODE              Offs=00622A  Size=00001E  Align=00001  Fill=0000
/mnt/d/retro/cc65/lib/c128.lib(curdevice.o):
    CODE              Offs=006248  Size=000006  Align=00001  Fill=0000
/mnt/d/retro/cc65/lib/c128.lib(decax1.o):
    CODE              Offs=00624E  Size=000007  Align=00001  Fill=0000
/mnt/d/retro/cc65/lib/c128.lib(decaxy.o):
    CODE              Offs=006255  Size=000009  Align=00001  Fill=0000
/mnt/d/retro/cc65/lib/c128.lib(decsp1.o):
    CODE              Offs=00625E  Size=000009  Align=00001  Fill=0000
/mnt/d/retro/cc65/lib/c128.lib(decsp2.o):
    CODE              Offs=006267  Size=00000D  Align=00001  Fill=0000
/mnt/d/retro/cc65/lib/c128.lib(decsp3.o):
    CODE              Offs=006274  Size=00000D  Align=00001  Fill=0000
/mnt/d/retro/cc65/lib/c128.lib(decsp4.o):
    CODE              Offs=006281  Size=00000D  Align=00001  Fill=0000
/mnt/d/retro/cc65/lib/c128.lib(decsp5.o):
    CODE              Offs=00628E  Size=00000D  Align=00001  Fill=0000
/mnt/d/retro/cc65/lib/c128.lib(decsp6.o):
    CODE              Offs=00629B  Size=00000D  Align=00001  Fill=0000
/mnt/d/retro/cc65/lib/c128.lib(decsp8.o):
    CODE              Offs=0062A8  Size=00000D  Align=00001  Fill=0000
/mnt/d/retro/cc65/lib/c128.lib(devnum.o):
/mnt/d/retro/cc65/lib/c128.lib(eq.o):
    CODE              Offs=0062B5  Size=00000A  Align=00001  Fill=0000
/mnt/d/retro/cc65/lib/c128.lib(errno.o):
    BSS               Offs=00020C  Size=000002  Align=00001  Fill=0000
/mnt/d/retro/cc65/lib/c128.lib(exehdr.o):
    EXEHDR            Offs=000000  Size=00000C  Align=00001  Fill=0000
/mnt/d/retro/cc65/lib/c128.lib(filedes.o):
    CODE              Offs=0062BF  Size=00000E  Align=00001  Fill=0000
    DATA              Offs=00149A  Size=000010  Align=00001  Fill=0000
/mnt/d/retro/cc65/lib/c128.lib(filevars.o):
    INIT              Offs=00001C  Size=000001  Align=00001  Fill=0000
    ONCE              Offs=00001F  Size=00000C  Align=00001  Fill=0000
/mnt/d/retro/cc65/lib/c128.lib(fwrite.o):
    CODE              Offs=0062CD  Size=00007B  Align=00001  Fill=0000
    BSS               Offs=00020E  Size=000002  Align=00001  Fill=0000
/mnt/d/retro/cc65/lib/c128.lib(gotoxy.o):
    CODE              Offs=006348  Size=00000D  Align=00001  Fill=0000
/mnt/d/retro/cc65/lib/c128.lib(icmp.o):
    CODE              Offs=006355  Size=00002E  Align=00001  Fill=0000
/mnt/d/retro/cc65/lib/c128.lib(incax1.o):
    CODE              Offs=006383  Size=000007  Align=00001  Fill=0000
/mnt/d/retro/cc65/lib/c128.lib(incax2.o):
    CODE              Offs=00638A  Size=000007  Align=00001  Fill=0000
/mnt/d/retro/cc65/lib/c128.lib(incax3.o):
    CODE              Offs=006391  Size=000005  Align=00001  Fill=0000
/mnt/d/retro/cc65/lib/c128.lib(incax8.o):
    CODE              Offs=006396  Size=000005  Align=00001  Fill=0000
/mnt/d/retro/cc65/lib/c128.lib(incaxy.o):
    CODE              Offs=00639B  Size=00000B  Align=00001  Fill=0000
/mnt/d/retro/cc65/lib/c128.lib(incsp1.o):
    CODE              Offs=0063A6  Size=000007  Align=00001  Fill=0000
/mnt/d/retro/cc65/lib/c128.lib(incsp2.o):
    CODE              Offs=0063AD  Size=000016  Align=00001  Fill=0000
/mnt/d/retro/cc65/lib/c128.lib(incsp3.o):
    CODE              Offs=0063C3  Size=000005  Align=00001  Fill=0000
/mnt/d/retro/cc65/lib/c128.lib(incsp4.o):
    CODE              Offs=0063C8  Size=000005  Align=00001  Fill=0000
/mnt/d/retro/cc65/lib/c128.lib(incsp5.o):
    CODE              Offs=0063CD  Size=000005  Align=00001  Fill=0000
/mnt/d/retro/cc65/lib/c128.lib(incsp6.o):
    CODE              Offs=0063D2  Size=000005  Align=00001  Fill=0000
/mnt/d/retro/cc65/lib/c128.lib(incsp7.o):
    CODE              Offs=0063D7  Size=000005  Align=00001  Fill=0000
/mnt/d/retro/cc65/lib/c128.lib(incsp8.o):
    CODE              Offs=0063DC  Size=000005  Align=00001  Fill=0000
/mnt/d/retro/cc65/lib/c128.lib(isprint.o):
    CODE              Offs=0063E1  Size=00000A  Align=00001  Fill=0000
/mnt/d/retro/cc65/lib/c128.lib(joy-kernel.o):
    CODE              Offs=0063EB  Size=00004D  Align=00001  Fill=0000
    RODATA            Offs=0009E2  Size=000004  Align=00001  Fill=0000
    BSS               Offs=000210  Size=000002  Align=00001  Fill=0000
    DATA              Offs=0014AA  Size=00000C  Align=00001  Fill=0000
/mnt/d/retro/cc65/lib/c128.lib(joy_read.o):
/mnt/d/retro/cc65/lib/c128.lib(joy_stat_stddrv.o):
/mnt/d/retro/cc65/lib/c128.lib(kbhit.o):
    CODE              Offs=006438  Size=000009  Align=00001  Fill=0000
/mnt/d/retro/cc65/lib/c128.lib(kernal.o):
/mnt/d/retro/cc65/lib/c128.lib(ladd.o):
    CODE              Offs=006441  Size=000025  Align=00001  Fill=0000
/mnt/d/retro/cc65/lib/c128.lib(lcmp.o):
    CODE              Offs=006466  Size=00003B  Align=00001  Fill=0000
/mnt/d/retro/cc65/lib/c128.lib(ldaxi.o):
    CODE              Offs=0064A1  Size=00000D  Align=00001  Fill=0000
/mnt/d/retro/cc65/lib/c128.lib(ldaxsp.o):
    CODE              Offs=0064AE  Size=000009  Align=00001  Fill=0000
/mnt/d/retro/cc65/lib/c128.lib(ldeaxi.o):
    CODE              Offs=0064B7  Size=000017  Align=00001  Fill=0000
/mnt/d/retro/cc65/lib/c128.lib(ldeaxysp.o):
    CODE              Offs=0064CE  Size=000013  Align=00001  Fill=0000
/mnt/d/retro/cc65/lib/c128.lib(leaaxsp.o):
    CODE              Offs=0064E1  Size=00000C  Align=00001  Fill=0000
/mnt/d/retro/cc65/lib/c128.lib(libref.o):
/mnt/d/retro/cc65/lib/c128.lib(lmul.o):
    CODE              Offs=0064ED  Size=00005C  Align=00001  Fill=0000
/mnt/d/retro/cc65/lib/c128.lib(lneg.o):
    CODE              Offs=006549  Size=00001E  Align=00001  Fill=0000
/mnt/d/retro/cc65/lib/c128.lib(loadaddr.o):
    LOADADDR          Offs=000000  Size=000002  Align=00001  Fill=0000
/mnt/d/retro/cc65/lib/c128.lib(lpush.o):
    CODE              Offs=006567  Size=000021  Align=00001  Fill=0000
/mnt/d/retro/cc65/lib/c128.lib(lsub.o):
    CODE              Offs=006588  Size=000027  Align=00001  Fill=0000
/mnt/d/retro/cc65/lib/c128.lib(ltoa.o):
    CODE              Offs=0065AF  Size=000095  Align=00001  Fill=0000
/mnt/d/retro/cc65/lib/c128.lib(ludiv.o):
    CODE              Offs=006644  Size=00007A  Align=00001  Fill=0000
/mnt/d/retro/cc65/lib/c128.lib(lugt.o):
    CODE              Offs=0066BE  Size=000006  Align=00001  Fill=0000
/mnt/d/retro/cc65/lib/c128.lib(lult.o):
    CODE              Offs=0066C4  Size=000006  Align=00001  Fill=0000
/mnt/d/retro/cc65/lib/c128.lib(makebool.o):
    CODE              Offs=0066CA  Size=00002C  Align=00001  Fill=0000
/mnt/d/retro/cc65/lib/c128.lib(memcpy.o):
    CODE              Offs=0066F6  Size=00003C  Align=00001  Fill=0000
/mnt/d/retro/cc65/lib/c128.lib(mod.o):
    CODE              Offs=006732  Size=000011  Align=00001  Fill=0000
/mnt/d/retro/cc65/lib/c128.lib(mul.o):
    CODE              Offs=006743  Size=000045  Align=00001  Fill=0000
/mnt/d/retro/cc65/lib/c128.lib(mul8.o):
    CODE              Offs=006788  Size=00003A  Align=00001  Fill=0000
/mnt/d/retro/cc65/lib/c128.lib(mulax10.o):
    CODE              Offs=0067C2  Size=000019  Align=00001  Fill=0000
/mnt/d/retro/cc65/lib/c128.lib(mulax3.o):
    CODE              Offs=0067DB  Size=000011  Align=00001  Fill=0000
/mnt/d/retro/cc65/lib/c128.lib(negabs.o):
    CODE              Offs=0067EC  Size=000012  Align=00001  Fill=0000
/mnt/d/retro/cc65/lib/c128.lib(oserror.o):
    CODE              Offs=0067FE  Size=000016  Align=00001  Fill=0000
    RODATA            Offs=0009E6  Size=00005A  Align=00001  Fill=0000
/mnt/d/retro/cc65/lib/c128.lib(popa.o):
    CODE              Offs=006814  Size=00000C  Align=00001  Fill=0000
/mnt/d/retro/cc65/lib/c128.lib(popptr1.o):
    CODE              Offs=006820  Size=00000E  Align=00001  Fill=0000
/mnt/d/retro/cc65/lib/c128.lib(printf.o):
    CODE              Offs=00682E  Size=000033  Align=00001  Fill=0000
    BSS               Offs=000212  Size=000001  Align=00001  Fill=0000
/mnt/d/retro/cc65/lib/c128.lib(push1.o):
    CODE              Offs=006861  Size=000005  Align=00001  Fill=0000
/mnt/d/retro/cc65/lib/c128.lib(pusha.o):
    CODE              Offs=006866  Size=000016  Align=00001  Fill=0000
/mnt/d/retro/cc65/lib/c128.lib(pushax.o):
    CODE              Offs=00687C  Size=00001A  Align=00001  Fill=0000
/mnt/d/retro/cc65/lib/c128.lib(pushwsp.o):
    CODE              Offs=006896  Size=00001C  Align=00001  Fill=0000
/mnt/d/retro/cc65/lib/c128.lib(rand.o):
    CODE              Offs=0068B2  Size=000034  Align=00001  Fill=0000
    DATA              Offs=0014B6  Size=000004  Align=00001  Fill=0000
/mnt/d/retro/cc65/lib/c128.lib(return0.o):
    CODE              Offs=0068E6  Size=000004  Align=00001  Fill=0000
/mnt/d/retro/cc65/lib/c128.lib(rwcommon.o):
    CODE              Offs=0068EA  Size=00001A  Align=00001  Fill=0000
/mnt/d/retro/cc65/lib/c128.lib(shelp.o):
    CODE              Offs=006904  Size=000020  Align=00001  Fill=0000
/mnt/d/retro/cc65/lib/c128.lib(shrax1.o):
    CODE              Offs=006924  Size=000008  Align=00001  Fill=0000
/mnt/d/retro/cc65/lib/c128.lib(shrax3.o):
    CODE              Offs=00692C  Size=00000E  Align=00001  Fill=0000
/mnt/d/retro/cc65/lib/c128.lib(shreax1.o):
    CODE              Offs=00693A  Size=00000C  Align=00001  Fill=0000
/mnt/d/retro/cc65/lib/c128.lib(sprintf.o):
    CODE              Offs=006946  Size=00002B  Align=00001  Fill=0000
    BSS               Offs=000213  Size=000001  Align=00001  Fill=0000
/mnt/d/retro/cc65/lib/c128.lib(staspidx.o):
    CODE              Offs=006971  Size=000016  Align=00001  Fill=0000
/mnt/d/retro/cc65/lib/c128.lib(status.o):
/mnt/d/retro/cc65/lib/c128.lib(staxsp.o):
    CODE              Offs=006987  Size=00000B  Align=00001  Fill=0000
/mnt/d/retro/cc65/lib/c128.lib(steaxsp.o):
    CODE              Offs=006992  Size=000015  Align=00001  Fill=0000
/mnt/d/retro/cc65/lib/c128.lib(steaxspi.o):
    CODE              Offs=0069A7  Size=000022  Align=00001  Fill=0000
/mnt/d/retro/cc65/lib/c128.lib(strcat.o):
    CODE              Offs=0069C9  Size=000031  Align=00001  Fill=0000
/mnt/d/retro/cc65/lib/c128.lib(strchr.o):
    CODE              Offs=0069FA  Size=000027  Align=00001  Fill=0000
/mnt/d/retro/cc65/lib/c128.lib(strcpy.o):
    CODE              Offs=006A21  Size=00001F  Align=00001  Fill=0000
/mnt/d/retro/cc65/lib/c128.lib(strlen.o):
    CODE              Offs=006A40  Size=000016  Align=00001  Fill=0000
/mnt/d/retro/cc65/lib/c128.lib(strlower.o):
    CODE              Offs=006A56  Size=000027  Align=00001  Fill=0000
/mnt/d/retro/cc65/lib/c128.lib(sub.o):
    CODE              Offs=006A7D  Size=000015  Align=00001  Fill=0000
/mnt/d/retro/cc65/lib/c128.lib(subeqsp.o):
    CODE              Offs=006A92  Size=000015  Align=00001  Fill=0000
/mnt/d/retro/cc65/lib/c128.lib(subysp.o):
    CODE              Offs=006AA7  Size=00000D  Align=00001  Fill=0000
/mnt/d/retro/cc65/lib/c128.lib(toslong.o):
    CODE              Offs=006AB4  Size=000038  Align=00001  Fill=0000
/mnt/d/retro/cc65/lib/c128.lib(udiv.o):
    CODE              Offs=006AEC  Size=00004F  Align=00001  Fill=0000
/mnt/d/retro/cc65/lib/c128.lib(vcprintf.o):
    CODE              Offs=006B3B  Size=000078  Align=00001  Fill=0000
    DATA              Offs=0014BA  Size=000008  Align=00001  Fill=0000
/mnt/d/retro/cc65/lib/c128.lib(vfprintf.o):
    CODE              Offs=006BB3  Size=000061  Align=00001  Fill=0000
    DATA              Offs=0014C2  Size=000008  Align=00001  Fill=0000
/mnt/d/retro/cc65/lib/c128.lib(videomode.o):
    CODE              Offs=006C14  Size=000013  Align=00001  Fill=0000
/mnt/d/retro/cc65/lib/c128.lib(vsnprintf.o):
    CODE              Offs=006C27  Size=0000DA  Align=00001  Fill=0000
    DATA              Offs=0014CA  Size=000008  Align=00001  Fill=0000
/mnt/d/retro/cc65/lib/c128.lib(vsprintf.o):
    CODE              Offs=006D01  Size=000012  Align=00001  Fill=0000
/mnt/d/retro/cc65/lib/c128.lib(write.o):
    CODE              Offs=006D13  Size=000054  Align=00001  Fill=0000
    ONCE              Offs=00002B  Size=000011  Align=00001  Fill=0000
/mnt/d/retro/cc65/lib/c128.lib(zerobss.o):
    CODE              Offs=006D67  Size=000023  Align=00001  Fill=0000
/mnt/d/retro/cc65/lib/c128.lib(zeropage.o):
    ZEROPAGE          Offs=000000  Size=00001A  Align=00001  Fill=0000
/mnt/d/retro/cc65/lib/c128.lib(c128-stdjoy-joy.o):
    CODE              Offs=006D8A  Size=00002F  Align=00001  Fill=0000
    DATA              Offs=0014D2  Size=00000E  Align=00001  Fill=0000


Segment list:
-------------
Name                   Start     End    Size  Align
----------------------------------------------------
ZEROPAGE              000002  00001B  00001A  00001
MACO                  001300  001A43  000744  00001
LOADADDR              001BFF  001C00  000002  00001
EXEHDR                001C01  001C0C  00000C  00001
STARTUP               001C0D  001C5D  000051  00001
ONCE                  001C5E  001C9F  000042  00001
CODE                  001CA0  008A58  006DB9  00001
RODATA                008A59  00949A  000A42  00001
DATA                  00949B  00A97A  0014E0  00001
INIT                  00A97B  00A997  00001D  00001
BSS                   00A998  00ABAB  000214  00001


Exports list by name:
---------------------
BASIN                     00FFCF RLA    BSOUT                     00FFD2 RLA    
CHKIN                     00FFC6 RLA    CKOUT                     00FFC9 RLA    
CLOSE                     00FFC3 RLA    CLRCH                     00FFCC RLA    
CURS_X                    0000EC RLZ    CURS_Y                    0000EB RLZ    
LOAD                      00FFD5 RLA    OPEN                      00FFC0 RLA    
RDTIM                     00FFDE RLA    READST                    00FFB7 RLA    
SAVE                      00FFD8 RLA    SETLFS                    00FFBA RLA    
SETNAM                    00FFBD RLA    ST                        000090 RLZ    
SWAPPER                   00FF5F RLA    _PEEKB_core               001939 RLA    
_POKEB                    0076F2 RLA    _POKEB_core               001901 RLA    
_PlayMusic                001977 RLA    _SNES                     00AB72 RLA    
_SetLoadSaveBank          0076E2 RLA    _SetLoadSaveBank_core     0018F8 RLA    
_StopMusic                0019C8 RLA    _VDC_CopyMemToVDC         006B5C RLA    
_VDC_CopyMemToVDC_core    0015FD RLA    _VDC_CopyVDCToMem         006BA6 RLA    
_VDC_CopyVDCToMem_core    001678 RLA    _VDC_CopyViewPortToVDC    007194 RLA    
_VDC_CopyViewPortToVDC_core 0017C8 RLA    _VDC_DetectVDCMemSize_core 001393 RLA    
_VDC_Exit                 006D24 RLA    _VDC_FillArea             006C27 RLA    
_VDC_FillArea_core        0017AE RLA    _VDC_HChar                006AE1 RLA    
_VDC_HChar_core           0014E1 RLA    _VDC_Init                 006C6D RLA    
_VDC_LoadCharset          006F7B RLA    _VDC_LoadScreen           007014 RLA    
_VDC_MemCopy_core         00146A RLA    _VDC_Peek_core            001363 RLA    
_VDC_PetsciiToScreenCode  006D3E RLA    _VDC_Plot                 00710E RLA    
_VDC_PlotString           007146 RLA    _VDC_Poke_core            001333 RLA    
_VDC_PrintAt              006EF7 RLA    _VDC_ReadRegister_core    001312 RLA    
_VDC_RedefineCharset_core 001700 RLA    _VDC_ScrollCopy           007290 RLA    
_VDC_ScrollCopy_core      001869 RLA    _VDC_VChar                006B20 RLA    
_VDC_VChar_core           001583 RLA    _VDC_WriteRegister_core   001324 RLA    
_VDC_addrh                001302 RLA    _VDC_addrl                001303 RLA    
_VDC_desth                001304 RLA    _VDC_destl                001305 RLA    
_VDC_regadd               001300 RLA    _VDC_regval               001301 RLA    
_VDC_strideh              001306 RLA    _VDC_stridel              001307 RLA    
_VDC_tmp1                 001309 RLA    _VDC_tmp2                 00130A RLA    
_VDC_tmp3                 00130B RLA    _VDC_tmp4                 00130C RLA    
_VDC_value                001308 RLA    __BSS_RUN__               00A998 RLA    
__BSS_SIZE__              000214 REA    __CONSTRUCTOR_COUNT__     000003 REA    
__CONSTRUCTOR_TABLE__     001C9A RLA    __DESTRUCTOR_COUNT__      000001 REA    
__DESTRUCTOR_TABLE__      009499 RLA    __EXEHDR__                000001 REA    
__LOADADDR__              000001 REA    __MAIN_SIZE__             009BF3 REA    
__MAIN_START__            001C0D RLA    __STACKSIZE__             000800 REA    
__STARTUP__               000001 REA    __ctype                   0093B0 RLA    
__ctypeidx                0093BB RLA    __directerrno             007847 RLA    
__errno                   00ABA4 RLA    __hextab                  009394 RLA    
__longminstr              0093A4 RLA    __mappederrno             007851 RLA    
__oserror                 00AB75 RLA    __osmaperrno              00849E RLA    
__printf                  007954 RLA    __seterrno                007C06 RLA    
_bgcolor                  007DF1 RLA    _bootdevice               00A998 RLA    
_bordercolor              007E17 RLA    _c128_stdjoy_joy          00A96D RLA    
_cbm_close                007CA5 REA    _cbm_k_close              007CA5 RLA    
_cbm_k_load               007CA9 RLA    _cbm_k_open               007CC6 RLA    
_cbm_k_save               007CCF RLA    _cbm_k_setlfs             007CE5 RLA    
_cbm_k_setnam             007CF3 RLA    _cbm_open                 007D1D RLA    
_cbm_read                 007D33 RLA    _cgetc                    007D8E RLA    
_clock                    007DBE RLA    _clrscr                   00C142 REA    
_cprintf                  007E34 RLA    _cputc                    007E63 RLA    
_cputs                    007EB1 RLA    _cputsxy                  007EA7 RLA    
_exit                     001C42 RLA    _fwrite                   007F6D RLA    
_getcurrentdevice         007EE8 RLA    _gotoxy                   007FEB RLA    
_isprint                  008081 RLA    _joy_install              00808B RLA    
_joy_read                 00A94E REA    _joy_static_stddrv        00A96D RLA    
_joy_uninstall            0080CB RLA    _kbhit                    0080D8 RLA    
_ltoa                     008267 RLA    _main                     00673A RLA    
_memcpy                   008396 RLA    _printf                   0084CE RLA    
_rand                     00855E RLA    _set_c128_speed           007C0F RLA    
_snes_init                00777E RLA    _snes_read                007784 RLA    
_sprintf                  0085E6 RLA    _srand                    008552 RLA    
_stdout                   00A905 RLA    _strcat                   008669 RLA    
_strchr                   00869A RLA    _strcpy                   0086C1 RLA    
_strlen                   0086E0 RLA    _strlower                 0086F6 RLA    
_textcolor                007DC8 RLA    _ultoa                    0082A8 RLA    
_vcprintf                 008823 RLA    _vfprintf                 00888B RLA    
_videomode                0088B4 RLA    _vsprintf                 0089A1 RLA    
_write                    0089B3 RLA    addeq0sp                  007C3B RLA    
addeqysp                  007C3D RLA    addysp                    007C4D RLA    
addysp1                   007C4C RLA    aslax2                    007C62 RLA    
axlong                    007C98 RLA    axulong                   007C9E RLA    
booleq                    008370 RLA    boolugt                   00838F RLA    
boolult                   008389 RLA    callmain                  007D06 RLA    
ctypemask                 007ECA RLA    ctypemaskdirect           007ECE RLA    
cursor                    00AB74 RLA    curunit                   00A997 RLA    
decax1                    007EEE RLA    decaxy                    007EF5 RLA    
decsp1                    007EFE RLA    decsp2                    007F07 RLA    
decsp3                    007F14 RLA    decsp4                    007F21 RLA    
decsp5                    007F2E RLA    decsp6                    007F3B RLA    
decsp8                    007F48 RLA    devnum                    0000BA RLZ    
donecgetc                 007DAF  LAI   donelib                   007E28 RLA    
fdtab                     00A935 RLA    gotoxy                    007FE8 RLA    
incax1                    008023 RLA    incax2                    00802A RLA    
incax3                    008031 RLA    incax4                    00803B RLA    
incax8                    008036 RLA    incaxy                    00803D RLA    
incsp1                    008046 RLA    incsp2                    008055 RLA    
incsp3                    008063 RLA    incsp4                    008068 RLA    
incsp5                    00806D RLA    incsp6                    008072 RLA    
incsp7                    008077 RLA    incsp8                    00807C RLA    
initcgetc                 001C5E  LAI   initcurunit               001C7D  LAI   
initlib                   001C71 RLA    initstdout                001C89  LAI   
joy_libref                001C42 RLA    joy_read                  00A94E RLA    
ldax0sp                   00814E RLA    ldaxi                     008141 RLA    
ldaxysp                   008150 RLA    ldeax0sp                  00816E RLA    
ldeaxidx                  008159 RLA    ldeaxysp                  008170 RLA    
leaa0sp                   008181 RLA    mul8x16                   00842A RLA    
mul8x16a                  008434 RLA    mulax10                   008462 RLA    
mulax3                    00847B RLA    negax                     008490 RLA    
negeax                    0081E9 RLA    plot                      007E9F RLA    
popa                      0084B4 RLA    popax                     00804D RLA    
popptr1                   0084C0 RLA    popsargsudiv16            0085A4 RLA    
ptr1                      00000A RLZ    ptr2                      00000C RLZ    
ptr3                      00000E RLZ    ptr4                      000010 RLZ    
push0                     00851C RLA    push1                     008501 RLA    
pusha                     00850A RLA    pusha0                    00851E RLA    
pushax                    008520 RLA    pusheax                   008210 RLA    
pushl0                    008207 RLA    pushw0sp                  008536 RLA    
pushwysp                  008538 RLA    regbank                   000016 RLZ    
return0                   008586 RLA    rwcommon                  00858A RLA    
shlax1                    007C5A RLA    shlax2                    007C62 RLA    
shlax3                    007C6D RLA    shlax4                    007C7B RLA    
shleax1                   007C8C RLA    shrax1                    0085C4 RLA    
shrax3                    0085CC RLA    shreax1                   0085DA RLA    
sp                        000002 RLZ    sreg                      000004 RLZ    
staspidx                  008611 RLA    stax0sp                   008627 RLA    
staxysp                   008629 RLA    steax0sp                  008632 RLA    
steaxspidx                008647 RLA    subeq0sp                  008732 RLA    
subeqysp                  008734 RLA    subysp                    008747 RLA    
tmp1                      000012 RLZ    tmp2                      000013 RLZ    
tmp3                      000014 RLZ    tmp4                      000015 RLZ    
tosadda0                  007C1F RLA    tosaddax                  007C21 RLA    
tosaddeax                 0080E7 RLA    toseqa0                   007F57 RLA    
tosicmp                   007FF7 RLA    tosicmp0                  007FF5 RLA    
toslcmp                   008106 RLA    toslong                   008772 RLA    
tosmoda0                  0083D2 RLA    tosmula0                  008428 RLA    
tosmulax                  0083E3 RLA    tossub0ax                 008228 RLA    
tossuba0                  00871D RLA    tossubax                  00871F RLA    
tossubeax                 00822E RLA    tosudiv0ax                0082E4 RLA    
tosudivax                 00878E RLA    tosugteax                 00835E RLA    
tosulteax                 008364 RLA    tosumul0ax                00818D RLA    
tosumula0                 008428 RLA    tosumulax                 0083E3 RLA    
udiv16                    00879D RLA    vsnprintf                 0088CA RLA    
zerobss                   008A07 RLA    


Exports list by value:
----------------------
__DESTRUCTOR_COUNT__      000001 REA    __EXEHDR__                000001 REA    
__LOADADDR__              000001 REA    __STARTUP__               000001 REA    
sp                        000002 RLZ    __CONSTRUCTOR_COUNT__     000003 REA    
sreg                      000004 RLZ    ptr1                      00000A RLZ    
ptr2                      00000C RLZ    ptr3                      00000E RLZ    
ptr4                      000010 RLZ    tmp1                      000012 RLZ    
tmp2                      000013 RLZ    tmp3                      000014 RLZ    
tmp4                      000015 RLZ    regbank                   000016 RLZ    
ST                        000090 RLZ    devnum                    0000BA RLZ    
CURS_Y                    0000EB RLZ    CURS_X                    0000EC RLZ    
__BSS_SIZE__              000214 REA    __STACKSIZE__             000800 REA    
_VDC_regadd               001300 RLA    _VDC_regval               001301 RLA    
_VDC_addrh                001302 RLA    _VDC_addrl                001303 RLA    
_VDC_desth                001304 RLA    _VDC_destl                001305 RLA    
_VDC_strideh              001306 RLA    _VDC_stridel              001307 RLA    
_VDC_value                001308 RLA    _VDC_tmp1                 001309 RLA    
_VDC_tmp2                 00130A RLA    _VDC_tmp3                 00130B RLA    
_VDC_tmp4                 00130C RLA    _VDC_ReadRegister_core    001312 RLA    
_VDC_WriteRegister_core   001324 RLA    _VDC_Poke_core            001333 RLA    
_VDC_Peek_core            001363 RLA    _VDC_DetectVDCMemSize_core 001393 RLA    
_VDC_MemCopy_core         00146A RLA    _VDC_HChar_core           0014E1 RLA    
_VDC_VChar_core           001583 RLA    _VDC_CopyMemToVDC_core    0015FD RLA    
_VDC_CopyVDCToMem_core    001678 RLA    _VDC_RedefineCharset_core 001700 RLA    
_VDC_FillArea_core        0017AE RLA    _VDC_CopyViewPortToVDC_core 0017C8 RLA    
_VDC_ScrollCopy_core      001869 RLA    _SetLoadSaveBank_core     0018F8 RLA    
_POKEB_core               001901 RLA    _PEEKB_core               001939 RLA    
_PlayMusic                001977 RLA    _StopMusic                0019C8 RLA    
__MAIN_START__            001C0D RLA    _exit                     001C42 RLA    
joy_libref                001C42 RLA    initcgetc                 001C5E  LAI   
initlib                   001C71 RLA    initcurunit               001C7D  LAI   
initstdout                001C89  LAI   __CONSTRUCTOR_TABLE__     001C9A RLA    
_main                     00673A RLA    _VDC_HChar                006AE1 RLA    
_VDC_VChar                006B20 RLA    _VDC_CopyMemToVDC         006B5C RLA    
_VDC_CopyVDCToMem         006BA6 RLA    _VDC_FillArea             006C27 RLA    
_VDC_Init                 006C6D RLA    _VDC_Exit                 006D24 RLA    
_VDC_PetsciiToScreenCode  006D3E RLA    _VDC_PrintAt              006EF7 RLA    
_VDC_LoadCharset          006F7B RLA    _VDC_LoadScreen           007014 RLA    
_VDC_Plot                 00710E RLA    _VDC_PlotString           007146 RLA    
_VDC_CopyViewPortToVDC    007194 RLA    _VDC_ScrollCopy           007290 RLA    
_SetLoadSaveBank          0076E2 RLA    _POKEB                    0076F2 RLA    
_snes_init                00777E RLA    _snes_read                007784 RLA    
__directerrno             007847 RLA    __mappederrno             007851 RLA    
__printf                  007954 RLA    __seterrno                007C06 RLA    
_set_c128_speed           007C0F RLA    tosadda0                  007C1F RLA    
tosaddax                  007C21 RLA    addeq0sp                  007C3B RLA    
addeqysp                  007C3D RLA    addysp1                   007C4C RLA    
addysp                    007C4D RLA    shlax1                    007C5A RLA    
aslax2                    007C62 RLA    shlax2                    007C62 RLA    
shlax3                    007C6D RLA    shlax4                    007C7B RLA    
shleax1                   007C8C RLA    axlong                    007C98 RLA    
axulong                   007C9E RLA    _cbm_close                007CA5 REA    
_cbm_k_close              007CA5 RLA    _cbm_k_load               007CA9 RLA    
_cbm_k_open               007CC6 RLA    _cbm_k_save               007CCF RLA    
_cbm_k_setlfs             007CE5 RLA    _cbm_k_setnam             007CF3 RLA    
callmain                  007D06 RLA    _cbm_open                 007D1D RLA    
_cbm_read                 007D33 RLA    _cgetc                    007D8E RLA    
donecgetc                 007DAF  LAI   _clock                    007DBE RLA    
_textcolor                007DC8 RLA    _bgcolor                  007DF1 RLA    
_bordercolor              007E17 RLA    donelib                   007E28 RLA    
_cprintf                  007E34 RLA    _cputc                    007E63 RLA    
plot                      007E9F RLA    _cputsxy                  007EA7 RLA    
_cputs                    007EB1 RLA    ctypemask                 007ECA RLA    
ctypemaskdirect           007ECE RLA    _getcurrentdevice         007EE8 RLA    
decax1                    007EEE RLA    decaxy                    007EF5 RLA    
decsp1                    007EFE RLA    decsp2                    007F07 RLA    
decsp3                    007F14 RLA    decsp4                    007F21 RLA    
decsp5                    007F2E RLA    decsp6                    007F3B RLA    
decsp8                    007F48 RLA    toseqa0                   007F57 RLA    
_fwrite                   007F6D RLA    gotoxy                    007FE8 RLA    
_gotoxy                   007FEB RLA    tosicmp0                  007FF5 RLA    
tosicmp                   007FF7 RLA    incax1                    008023 RLA    
incax2                    00802A RLA    incax3                    008031 RLA    
incax8                    008036 RLA    incax4                    00803B RLA    
incaxy                    00803D RLA    incsp1                    008046 RLA    
popax                     00804D RLA    incsp2                    008055 RLA    
incsp3                    008063 RLA    incsp4                    008068 RLA    
incsp5                    00806D RLA    incsp6                    008072 RLA    
incsp7                    008077 RLA    incsp8                    00807C RLA    
_isprint                  008081 RLA    _joy_install              00808B RLA    
_joy_uninstall            0080CB RLA    _kbhit                    0080D8 RLA    
tosaddeax                 0080E7 RLA    toslcmp                   008106 RLA    
ldaxi                     008141 RLA    ldax0sp                   00814E RLA    
ldaxysp                   008150 RLA    ldeaxidx                  008159 RLA    
ldeax0sp                  00816E RLA    ldeaxysp                  008170 RLA    
leaa0sp                   008181 RLA    tosumul0ax                00818D RLA    
negeax                    0081E9 RLA    pushl0                    008207 RLA    
pusheax                   008210 RLA    tossub0ax                 008228 RLA    
tossubeax                 00822E RLA    _ltoa                     008267 RLA    
_ultoa                    0082A8 RLA    tosudiv0ax                0082E4 RLA    
tosugteax                 00835E RLA    tosulteax                 008364 RLA    
booleq                    008370 RLA    boolult                   008389 RLA    
boolugt                   00838F RLA    _memcpy                   008396 RLA    
tosmoda0                  0083D2 RLA    tosmulax                  0083E3 RLA    
tosumulax                 0083E3 RLA    tosmula0                  008428 RLA    
tosumula0                 008428 RLA    mul8x16                   00842A RLA    
mul8x16a                  008434 RLA    mulax10                   008462 RLA    
mulax3                    00847B RLA    negax                     008490 RLA    
__osmaperrno              00849E RLA    popa                      0084B4 RLA    
popptr1                   0084C0 RLA    _printf                   0084CE RLA    
push1                     008501 RLA    pusha                     00850A RLA    
push0                     00851C RLA    pusha0                    00851E RLA    
pushax                    008520 RLA    pushw0sp                  008536 RLA    
pushwysp                  008538 RLA    _srand                    008552 RLA    
_rand                     00855E RLA    return0                   008586 RLA    
rwcommon                  00858A RLA    popsargsudiv16            0085A4 RLA    
shrax1                    0085C4 RLA    shrax3                    0085CC RLA    
shreax1                   0085DA RLA    _sprintf                  0085E6 RLA    
staspidx                  008611 RLA    stax0sp                   008627 RLA    
staxysp                   008629 RLA    steax0sp                  008632 RLA    
steaxspidx                008647 RLA    _strcat                   008669 RLA    
_strchr                   00869A RLA    _strcpy                   0086C1 RLA    
_strlen                   0086E0 RLA    _strlower                 0086F6 RLA    
tossuba0                  00871D RLA    tossubax                  00871F RLA    
subeq0sp                  008732 RLA    subeqysp                  008734 RLA    
subysp                    008747 RLA    toslong                   008772 RLA    
tosudivax                 00878E RLA    udiv16                    00879D RLA    
_vcprintf                 008823 RLA    _vfprintf                 00888B RLA    
_videomode                0088B4 RLA    vsnprintf                 0088CA RLA    
_vsprintf                 0089A1 RLA    _write                    0089B3 RLA    
zerobss                   008A07 RLA    __hextab                  009394 RLA    
__longminstr              0093A4 RLA    __ctype                   0093B0 RLA    
__ctypeidx                0093BB RLA    __DESTRUCTOR_TABLE__      009499 RLA    
__MAIN_SIZE__             009BF3 REA    _stdout                   00A905 RLA    
fdtab                     00A935 RLA    _joy_read                 00A94E REA    
joy_read                  00A94E RLA    _c128_stdjoy_joy          00A96D RLA    
_joy_static_stddrv        00A96D RLA    curunit                   00A997 RLA    
__BSS_RUN__               00A998 RLA    _bootdevice               00A998 RLA    
_SNES                     00AB72 RLA    cursor                    00AB74 RLA    
__oserror                 00AB75 RLA    __errno                   00ABA4 RLA    
_clrscr                   00C142 REA    SWAPPER                   00FF5F RLA    
READST                    00FFB7 RLA    SETLFS                    00FFBA RLA    
SETNAM                    00FFBD RLA    OPEN                      00FFC0 RLA    
CLOSE                     00FFC3 RLA    CHKIN                     00FFC6 RLA    
CKOUT                     00FFC9 RLA    CLRCH                     00FFCC RLA    
BASIN                     00FFCF RLA    BSOUT                     00FFD2 RLA    
LOAD                      00FFD5 RLA    SAVE                      00FFD8 RLA    
RDTIM                     00FFDE RLA    


Imports list:
-------------
BASIN (kernal.o):
    cbm_read.o                cbm/cbm.inc:47
BSOUT (kernal.o):
    write.o                   cbm/cbm.inc:49
    videomode.o               c128/videomode.s:9
    crt0.o                    c128/crt0.s:10
CHKIN (kernal.o):
    cbm_read.o                cbm/cbm.inc:44
CKOUT (kernal.o):
    write.o                   cbm/cbm.inc:45
CLOSE (kernal.o):
    c_close.o                 cbm/cbm.inc:36
CLRCH (kernal.o):
    write.o                   cbm/cbm.inc:46
    cbm_read.o                cbm/cbm.inc:46
CURS_X (conio.o):
    gotoxy.o                  cbm/gotoxy.s:9
CURS_Y (conio.o):
    gotoxy.o                  cbm/gotoxy.s:9
LOAD (kernal.o):
    c_load.o                  cbm/cbm.inc:37
OPEN (kernal.o):
    write.o                   cbm/cbm.inc:35
    c_open.o                  cbm/cbm.inc:35
RDTIM (kernal.o):
    clock.o                   cbm/cbm.inc:40
READST (kernal.o):
    write.o                   cbm/cbm.inc:32
    cbm_read.o                cbm/cbm.inc:32
SAVE (kernal.o):
    c_save.o                  cbm/cbm.inc:38
SETLFS (kernal.o):
    write.o                   cbm/cbm.inc:33
    c_setlfs.o                cbm/cbm.inc:33
SETNAM (kernal.o):
    c_setnam.o                cbm/cbm.inc:34
ST (status.o):
    crt0.o                    c128/crt0.s:12
SWAPPER (kernal.o):
    videomode.o               c128/videomode.s:9
_PEEKB_core (vdc_core_assembly.o):
    vdc_core.o                src/vdc_core.s:59
_POKEB (vdc_core.o):
    main.o                    src/main.s:56
_POKEB_core (vdc_core_assembly.o):
    vdc_core.o                src/vdc_core.s:58
_PlayMusic (sidplay_assembly.o):
    sidplay.o                 src/sidplay.s:18
    main.o                    src/main.s:57
_SNES (snes.o):
    main.o                    src/main.s:59
_SetLoadSaveBank (vdc_core.o):
    sidplay.o                 src/sidplay.s:17
_SetLoadSaveBank_core (vdc_core_assembly.o):
    vdc_core.o                src/vdc_core.s:57
_StopMusic (sidplay_assembly.o):
    main.o                    src/main.s:58
_VDC_CopyMemToVDC (vdc_core.o):
    main.o                    src/main.s:43
_VDC_CopyMemToVDC_core (vdc_core_assembly.o):
    vdc_core.o                src/vdc_core.s:51
_VDC_CopyVDCToMem (vdc_core.o):
    main.o                    src/main.s:44
_VDC_CopyVDCToMem_core (vdc_core_assembly.o):
    vdc_core.o                src/vdc_core.s:52
_VDC_CopyViewPortToVDC (vdc_core.o):
    main.o                    src/main.s:54
_VDC_CopyViewPortToVDC_core (vdc_core_assembly.o):
    vdc_core.o                src/vdc_core.s:55
_VDC_DetectVDCMemSize_core (vdc_core_assembly.o):
    vdc_core.o                src/vdc_core.s:47
_VDC_Exit (vdc_core.o):
    main.o                    src/main.s:47
_VDC_FillArea (vdc_core.o):
    main.o                    src/main.s:45
_VDC_FillArea_core (vdc_core_assembly.o):
    vdc_core.o                src/vdc_core.s:54
_VDC_HChar (vdc_core.o):
    main.o                    src/main.s:41
_VDC_HChar_core (vdc_core_assembly.o):
    vdc_core.o                src/vdc_core.s:49
_VDC_Init (vdc_core.o):
    main.o                    src/main.s:46
_VDC_LoadCharset (vdc_core.o):
    main.o                    src/main.s:50
_VDC_LoadScreen (vdc_core.o):
    main.o                    src/main.s:51
_VDC_MemCopy_core (vdc_core_assembly.o):
    vdc_core.o                src/vdc_core.s:48
_VDC_Peek_core (vdc_core_assembly.o):
    vdc_core.o                src/vdc_core.s:46
_VDC_PetsciiToScreenCode (vdc_core.o):
    main.o                    src/main.s:48
_VDC_Plot (vdc_core.o):
    main.o                    src/main.s:52
_VDC_PlotString (vdc_core.o):
    main.o                    src/main.s:53
_VDC_Poke_core (vdc_core_assembly.o):
    vdc_core.o                src/vdc_core.s:45
_VDC_PrintAt (vdc_core.o):
    main.o                    src/main.s:49
_VDC_ReadRegister_core (vdc_core_assembly.o):
    vdc_core.o                src/vdc_core.s:43
_VDC_RedefineCharset_core (vdc_core_assembly.o):
    vdc_core.o                src/vdc_core.s:53
_VDC_ScrollCopy (vdc_core.o):
    main.o                    src/main.s:55
_VDC_ScrollCopy_core (vdc_core_assembly.o):
    vdc_core.o                src/vdc_core.s:56
_VDC_VChar (vdc_core.o):
    main.o                    src/main.s:42
_VDC_VChar_core (vdc_core_assembly.o):
    vdc_core.o                src/vdc_core.s:50
_VDC_WriteRegister_core (vdc_core_assembly.o):
    vdc_core.o                src/vdc_core.s:44
_VDC_addrh (vdc_core_assembly.o):
    vdc_core.o                src/vdc_core.s:32
_VDC_addrl (vdc_core_assembly.o):
    vdc_core.o                src/vdc_core.s:33
_VDC_desth (vdc_core_assembly.o):
    vdc_core.o                src/vdc_core.s:34
_VDC_destl (vdc_core_assembly.o):
    vdc_core.o                src/vdc_core.s:35
_VDC_regadd (vdc_core_assembly.o):
    vdc_core.o                src/vdc_core.s:30
_VDC_regval (vdc_core_assembly.o):
    vdc_core.o                src/vdc_core.s:31
_VDC_strideh (vdc_core_assembly.o):
    vdc_core.o                src/vdc_core.s:36
_VDC_stridel (vdc_core_assembly.o):
    vdc_core.o                src/vdc_core.s:37
_VDC_tmp1 (vdc_core_assembly.o):
    vdc_core.o                src/vdc_core.s:39
_VDC_tmp2 (vdc_core_assembly.o):
    vdc_core.o                src/vdc_core.s:40
_VDC_tmp3 (vdc_core_assembly.o):
    vdc_core.o                src/vdc_core.s:41
_VDC_tmp4 (vdc_core_assembly.o):
    vdc_core.o                src/vdc_core.s:42
_VDC_value (vdc_core_assembly.o):
    vdc_core.o                src/vdc_core.s:38
__BSS_RUN__ ([linker generated]):
    zerobss.o                 common/zerobss.s:8
__BSS_SIZE__ ([linker generated]):
    zerobss.o                 common/zerobss.s:8
__CONSTRUCTOR_COUNT__ ([linker generated]):
    condes.o                  runtime/condes.s:18
__CONSTRUCTOR_TABLE__ ([linker generated]):
    condes.o                  runtime/condes.s:18
__DESTRUCTOR_COUNT__ ([linker generated]):
    condes.o                  runtime/condes.s:19
__DESTRUCTOR_TABLE__ ([linker generated]):
    condes.o                  runtime/condes.s:19
__EXEHDR__ (exehdr.o):
    [linker generated]        careers-cc65config.cfg:3
__LOADADDR__ (loadaddr.o):
    [linker generated]        careers-cc65config.cfg:2
__MAIN_SIZE__ ([linker generated]):
    crt0.o                    c128/crt0.s:11
__MAIN_START__ ([linker generated]):
    crt0.o                    c128/crt0.s:11
__STACKSIZE__ ([linker generated]):
    crt0.o                    c128/crt0.s:11
    [linker generated]        careers-cc65config.cfg:10
__STARTUP__ (crt0.o):
    main.o                    src/main.s:13
__ctype (ctype.o):
    ctypemask.o               common/ctypemask.s:23
__ctypeidx (ctype.o):
    ctypemask.o               common/ctypemask.s:24
__directerrno (_directerrno.o):
    write.o                   /mnt/d/retro/cc65/asminc/errno.inc:10
    vsnprintf.o               /mnt/d/retro/cc65/asminc/errno.inc:10
__errno (errno.o):
    _seterrno.o               /mnt/d/retro/cc65/asminc/errno.inc:7
__hextab (_hextab.o):
    ltoa.o                    common/ltoa.s:10
__longminstr (_longminstr.o):
    ltoa.o                    common/ltoa.s:10
__mappederrno (_mappederrno.o):
    write.o                   /mnt/d/retro/cc65/asminc/errno.inc:10
__oserror (_oserror.o):
    _mappederrno.o            /mnt/d/retro/cc65/asminc/errno.inc:7
    _directerrno.o            /mnt/d/retro/cc65/asminc/errno.inc:7
    write.o                   /mnt/d/retro/cc65/asminc/errno.inc:7
    cbm_read.o                cbm/cbm_read.s:44
    cbm_open.o                cbm/cbm_open.s:24
    c_load.o                  cbm/c_load.s:10
    main.o                    src/main.s:33
__osmaperrno (oserror.o):
    _mappederrno.o            /mnt/d/retro/cc65/asminc/errno.inc:8
__printf (_printf.o):
    vsnprintf.o               common/vsnprintf.s:10
    vfprintf.o                common/vfprintf.s:10
    vcprintf.o                conio/vcprintf.s:9
__seterrno (_seterrno.o):
    _mappederrno.o            /mnt/d/retro/cc65/asminc/errno.inc:9
    _directerrno.o            /mnt/d/retro/cc65/asminc/errno.inc:9
    fwrite.o                  /mnt/d/retro/cc65/asminc/errno.inc:9
_bgcolor (color.o):
    vdc_core.o                src/vdc_core.s:24
_bootdevice (main.o):
    vdc_core.o                src/vdc_core.s:28
_bordercolor (color.o):
    vdc_core.o                src/vdc_core.s:25
_c128_stdjoy_joy (c128-stdjoy-joy.o):
    joy_stat_stddrv.o         c128/joy_stat_stddrv.s:10
_cbm_close (cbm_close.o):
    vdc_core.o                src/vdc_core.s:20
    main.o                    src/main.s:20
_cbm_k_close (c_close.o):
    cbm_close.o               cbm/cbm_close.s:7
_cbm_k_load (c_load.o):
    sidplay.o                 src/sidplay.s:13
    vdc_core.o                src/vdc_core.s:15
_cbm_k_open (c_open.o):
    cbm_open.o                cbm/cbm_open.s:23
_cbm_k_save (c_save.o):
    vdc_core.o                src/vdc_core.s:16
_cbm_k_setlfs (c_setlfs.o):
    cbm_open.o                cbm/cbm_open.s:23
    sidplay.o                 src/sidplay.s:14
    vdc_core.o                src/vdc_core.s:17
_cbm_k_setnam (c_setnam.o):
    cbm_open.o                cbm/cbm_open.s:23
    sidplay.o                 src/sidplay.s:15
    vdc_core.o                src/vdc_core.s:18
_cbm_open (cbm_open.o):
    vdc_core.o                src/vdc_core.s:19
    main.o                    src/main.s:19
_cbm_read (cbm_read.o):
    vdc_core.o                src/vdc_core.s:21
    main.o                    src/main.s:21
_cgetc (cgetc.o):
    main.o                    src/main.s:29
_clock (clock.o):
    main.o                    src/main.s:36
_clrscr (clrscr.o):
    vdc_core.o                src/vdc_core.s:22
    main.o                    src/main.s:22
_cprintf (cprintf.o):
    main.o                    src/main.s:28
_cputc (cputc.o):
    vcprintf.o                conio/vcprintf.s:9
    cputs.o                   conio/cputs.s:9
    main.o                    src/main.s:25
_cputs (cputs.o):
    main.o                    src/main.s:26
_cputsxy (cputs.o):
    main.o                    src/main.s:27
_exit (crt0.o):
    libref.o                  c128/libref.s:11
    vdc_core.o                src/vdc_core.s:26
_fwrite (fwrite.o):
    vfprintf.o                common/vfprintf.s:10
_getcurrentdevice (curdevice.o):
    sidplay.o                 src/sidplay.s:16
    main.o                    src/main.s:35
_gotoxy (gotoxy.o):
    main.o                    src/main.s:24
_isprint (isprint.o):
    main.o                    src/main.s:34
_joy_install (joy-kernel.o):
    main.o                    src/main.s:38
_joy_read (joy_read.o):
    main.o                    src/main.s:40
_joy_static_stddrv (joy_stat_stddrv.o):
    main.o                    src/main.s:37
_joy_uninstall (joy-kernel.o):
    main.o                    src/main.s:39
_kbhit (kbhit.o):
    main.o                    src/main.s:23
_ltoa (ltoa.o):
    _printf.o                 common/_printf.s:12
_main (main.o):
    callmain.o                runtime/callmain.s:11
_memcpy (memcpy.o):
    vsnprintf.o               common/vsnprintf.s:10
_printf (printf.o):
    vdc_core.o                src/vdc_core.s:13
_rand (rand.o):
    main.o                    src/main.s:31
_set_c128_speed (acc_c128_speed.o):
    vdc_core.o                src/vdc_core.s:27
_snes_init (snes.o):
    main.o                    src/main.s:60
_snes_read (snes.o):
    main.o                    src/main.s:61
_sprintf (sprintf.o):
    main.o                    src/main.s:14
_srand (rand.o):
    main.o                    src/main.s:32
_stdout (_file.o):
    printf.o                  common/printf.s:8
_strcat (strcat.o):
    main.o                    src/main.s:15
_strchr (strchr.o):
    main.o                    src/main.s:16
_strcpy (strcpy.o):
    main.o                    src/main.s:17
_strlen (strlen.o):
    _printf.o                 common/_printf.s:13
    main.o                    src/main.s:18
_strlower (strlower.o):
    _printf.o                 common/_printf.s:13
_textcolor (color.o):
    vdc_core.o                src/vdc_core.s:23
    main.o                    src/main.s:30
_ultoa (ltoa.o):
    _printf.o                 common/_printf.s:12
_vcprintf (vcprintf.o):
    cprintf.o                 conio/cprintf.s:8
_vfprintf (vfprintf.o):
    printf.o                  common/printf.s:8
_videomode (videomode.o):
    vdc_core.o                src/vdc_core.s:14
_vsprintf (vsprintf.o):
    sprintf.o                 common/sprintf.s:8
_write (write.o):
    fwrite.o                  common/fwrite.s:10
addeq0sp (addeqsp.o):
    vdc_core.o                src/vdc_core.s:2062
    vdc_core.o                src/vdc_core.s:2062
    vdc_core.o                src/vdc_core.s:2062
    vdc_core.o                src/vdc_core.s:2062
addeqysp (addeqsp.o):
    vdc_core.o                src/vdc_core.s:2062
    vdc_core.o                src/vdc_core.s:2062
    vdc_core.o                src/vdc_core.s:2062
addysp (addysp.o):
    fwrite.o                  common/fwrite.s:11
    sprintf.o                 common/sprintf.s:8
    printf.o                  common/printf.s:8
    incsp8.o                  runtime/incsp8.s:8
    incsp7.o                  runtime/incsp7.s:8
    incsp6.o                  runtime/incsp6.s:8
    incsp5.o                  runtime/incsp5.s:8
    incsp4.o                  runtime/incsp4.s:8
    incsp3.o                  runtime/incsp3.s:8
    cprintf.o                 conio/cprintf.s:8
    vdc_core.o                src/vdc_core.s:2062
    vdc_core.o                src/vdc_core.s:2062
    vdc_core.o                src/vdc_core.s:2062
    vdc_core.o                src/vdc_core.s:2062
    main.o                    src/main.s:11475
    main.o                    src/main.s:11475
    main.o                    src/main.s:11475
    main.o                    src/main.s:11475
    main.o                    src/main.s:11475
addysp1 (addysp.o):
    sub.o                     runtime/sub.s:8
    ludiv.o                   runtime/ludiv.s:9
    lsub.o                    runtime/lsub.s:11
    lmul.o                    runtime/lmul.s:9
    ladd.o                    runtime/ladd.s:8
aslax2 (aslax2.o):
    main.o                    src/main.s:11475
    main.o                    src/main.s:11475
    main.o                    src/main.s:11475
    main.o                    src/main.s:11475
    main.o                    src/main.s:11475
axlong (axlong.o):
    _printf.o                 common/_printf.s:11
    main.o                    src/main.s:11475
axulong (axlong.o):
    _printf.o                 common/_printf.s:11
booleq (makebool.o):
    eq.o                      runtime/eq.s:8
    main.o                    src/main.s:11475
    main.o                    src/main.s:11475
    main.o                    src/main.s:11475
    main.o                    src/main.s:11475
    main.o                    src/main.s:11475
boolugt (makebool.o):
    lugt.o                    runtime/lugt.s:8
boolult (makebool.o):
    lult.o                    runtime/lult.s:8
callmain (callmain.o):
    crt0.o                    c128/crt0.s:9
ctypemask (ctypemask.o):
    isprint.o                 common/isprint.s:15
ctypemaskdirect (ctypemask.o):
    strlower.o                common/strlower.s:14
cursor (_cursor.o):
    cgetc.o                   c128/cgetc.s:11
curunit (filevars.o):
    curdevice.o               cbm/curdevice.s:8
decax1 (decax1.o):
    main.o                    src/main.s:11475
    main.o                    src/main.s:11475
    main.o                    src/main.s:11475
    main.o                    src/main.s:11475
    main.o                    src/main.s:11475
    main.o                    src/main.s:11475
    main.o                    src/main.s:11475
    main.o                    src/main.s:11475
decaxy (decaxy.o):
    vdc_core.o                src/vdc_core.s:2062
    vdc_core.o                src/vdc_core.s:2062
    main.o                    src/main.s:11475
    main.o                    src/main.s:11475
decsp1 (decsp1.o):
    snes.o                    src/snes.s:164
    vdc_core.o                src/vdc_core.s:2062
    vdc_core.o                src/vdc_core.s:2062
    main.o                    src/main.s:11475
    main.o                    src/main.s:11475
    main.o                    src/main.s:11475
    main.o                    src/main.s:11475
    main.o                    src/main.s:11475
    main.o                    src/main.s:11475
    main.o                    src/main.s:11475
    main.o                    src/main.s:11475
    main.o                    src/main.s:11475
    main.o                    src/main.s:11475
    main.o                    src/main.s:11475
decsp2 (decsp2.o):
    toslong.o                 runtime/toslong.s:8
    vdc_core.o                src/vdc_core.s:2062
    vdc_core.o                src/vdc_core.s:2062
    main.o                    src/main.s:11475
    main.o                    src/main.s:11475
    main.o                    src/main.s:11475
    main.o                    src/main.s:11475
    main.o                    src/main.s:11475
    main.o                    src/main.s:11475
decsp3 (decsp3.o):
    vdc_core.o                src/vdc_core.s:2062
    main.o                    src/main.s:11475
    main.o                    src/main.s:11475
    main.o                    src/main.s:11475
    main.o                    src/main.s:11475
    main.o                    src/main.s:11475
decsp4 (decsp4.o):
    sprintf.o                 common/sprintf.s:8
    lpush.o                   runtime/lpush.s:12
    vdc_core.o                src/vdc_core.s:2062
    main.o                    src/main.s:11475
decsp5 (decsp5.o):
    main.o                    src/main.s:11475
    main.o                    src/main.s:11475
decsp6 (decsp6.o):
    _printf.o                 common/_printf.s:11
decsp8 (decsp8.o):
    main.o                    src/main.s:11475
devnum (devnum.o):
    filevars.o                cbm/filevars.s:9
donelib (condes.o):
    crt0.o                    c128/crt0.s:7
fdtab (filedes.o):
    write.o                   cbm/filedes.inc:7
gotoxy (gotoxy.o):
    cputs.o                   conio/cputs.s:9
    cputc.o                   c128/cputc.s:11
incax1 (incax1.o):
    vdc_core.o                src/vdc_core.s:2062
    main.o                    src/main.s:11475
    main.o                    src/main.s:11475
    main.o                    src/main.s:11475
    main.o                    src/main.s:11475
    main.o                    src/main.s:11475
    main.o                    src/main.s:11475
    main.o                    src/main.s:11475
incax2 (incax2.o):
    vdc_core.o                src/vdc_core.s:2062
    main.o                    src/main.s:11475
    main.o                    src/main.s:11475
    main.o                    src/main.s:11475
    main.o                    src/main.s:11475
incax3 (incax3.o):
    main.o                    src/main.s:11475
    main.o                    src/main.s:11475
incax4 (incaxy.o):
    main.o                    src/main.s:11475
    main.o                    src/main.s:11475
    main.o                    src/main.s:11475
incax8 (incax8.o):
    main.o                    src/main.s:11475
incaxy (incaxy.o):
    incax8.o                  runtime/incax8.s:8
    incax3.o                  runtime/incax3.s:8
    vdc_core.o                src/vdc_core.s:2062
    vdc_core.o                src/vdc_core.s:2062
    vdc_core.o                src/vdc_core.s:2062
    main.o                    src/main.s:11475
    main.o                    src/main.s:11475
    main.o                    src/main.s:11475
    main.o                    src/main.s:11475
    main.o                    src/main.s:11475
    main.o                    src/main.s:11475
    main.o                    src/main.s:11475
    main.o                    src/main.s:11475
    main.o                    src/main.s:11475
    main.o                    src/main.s:11475
incsp1 (incsp1.o):
    snes.o                    src/snes.s:164
    vdc_core.o                src/vdc_core.s:2062
    vdc_core.o                src/vdc_core.s:2062
    vdc_core.o                src/vdc_core.s:2062
    vdc_core.o                src/vdc_core.s:2062
    main.o                    src/main.s:11475
    main.o                    src/main.s:11475
    main.o                    src/main.s:11475
    main.o                    src/main.s:11475
    main.o                    src/main.s:11475
    main.o                    src/main.s:11475
    main.o                    src/main.s:11475
    main.o                    src/main.s:11475
    main.o                    src/main.s:11475
incsp2 (incsp2.o):
    vsnprintf.o               common/vsnprintf.s:9
    staspidx.o                runtime/staspidx.s:8
    popptr1.o                 runtime/popptr1.s:8
    sidplay.o                 src/sidplay.s:52
    vdc_core.o                src/vdc_core.s:2062
    vdc_core.o                src/vdc_core.s:2062
    vdc_core.o                src/vdc_core.s:2062
    vdc_core.o                src/vdc_core.s:2062
    main.o                    src/main.s:11475
    main.o                    src/main.s:11475
    main.o                    src/main.s:11475
    main.o                    src/main.s:11475
    main.o                    src/main.s:11475
    main.o                    src/main.s:11475
incsp3 (incsp3.o):
    vdc_core.o                src/vdc_core.s:2062
    vdc_core.o                src/vdc_core.s:2062
    main.o                    src/main.s:11475
    main.o                    src/main.s:11475
    main.o                    src/main.s:11475
    main.o                    src/main.s:11475
incsp4 (incsp4.o):
    lcmp.o                    runtime/lcmp.s:9
    vdc_core.o                src/vdc_core.s:2062
    vdc_core.o                src/vdc_core.s:2062
    main.o                    src/main.s:11475
    main.o                    src/main.s:11475
    main.o                    src/main.s:11475
    main.o                    src/main.s:11475
    main.o                    src/main.s:11475
incsp5 (incsp5.o):
    vdc_core.o                src/vdc_core.s:2062
    main.o                    src/main.s:11475
    main.o                    src/main.s:11475
    main.o                    src/main.s:11475
incsp6 (incsp6.o):
    vsnprintf.o               common/vsnprintf.s:9
    fwrite.o                  common/fwrite.s:11
    vfprintf.o                common/vfprintf.s:9
    vdc_core.o                src/vdc_core.s:2062
    vdc_core.o                src/vdc_core.s:2062
    vdc_core.o                src/vdc_core.s:2062
    main.o                    src/main.s:11475
    main.o                    src/main.s:11475
    main.o                    src/main.s:11475
    main.o                    src/main.s:11475
incsp7 (incsp7.o):
    vdc_core.o                src/vdc_core.s:2062
    vdc_core.o                src/vdc_core.s:2062
    vdc_core.o                src/vdc_core.s:2062
    vdc_core.o                src/vdc_core.s:2062
    vdc_core.o                src/vdc_core.s:2062
    vdc_core.o                src/vdc_core.s:2062
    main.o                    src/main.s:11475
incsp8 (incsp8.o):
    vdc_core.o                src/vdc_core.s:2062
    vdc_core.o                src/vdc_core.s:2062
    vdc_core.o                src/vdc_core.s:2062
    main.o                    src/main.s:11475
    main.o                    src/main.s:11475
initlib (condes.o):
    crt0.o                    c128/crt0.s:7
joy_libref (libref.o):
    joy-kernel.o              joystick/joy-kernel.s:7
joy_read (joy-kernel.o):
    joy_read.o                /mnt/d/retro/cc65/asminc/joy-kernel.inc:71
ldax0sp (ldaxsp.o):
    sidplay.o                 src/sidplay.s:52
    vdc_core.o                src/vdc_core.s:2062
    vdc_core.o                src/vdc_core.s:2062
    main.o                    src/main.s:11475
ldaxi (ldaxi.o):
    main.o                    src/main.s:11475
ldaxysp (ldaxsp.o):
    vsnprintf.o               common/vsnprintf.s:9
    fwrite.o                  common/fwrite.s:11
    vdc_core.o                src/vdc_core.s:2062
    vdc_core.o                src/vdc_core.s:2062
    vdc_core.o                src/vdc_core.s:2062
    vdc_core.o                src/vdc_core.s:2062
    vdc_core.o                src/vdc_core.s:2062
    vdc_core.o                src/vdc_core.s:2062
    main.o                    src/main.s:11475
    main.o                    src/main.s:11475
    main.o                    src/main.s:11475
    main.o                    src/main.s:11475
    main.o                    src/main.s:11475
ldeax0sp (ldeaxysp.o):
    main.o                    src/main.s:11475
ldeaxidx (ldeaxi.o):
    main.o                    src/main.s:11475
    main.o                    src/main.s:11475
    main.o                    src/main.s:11475
    main.o                    src/main.s:11475
    main.o                    src/main.s:11475
    main.o                    src/main.s:11475
ldeaxysp (ldeaxysp.o):
    main.o                    src/main.s:11475
    main.o                    src/main.s:11475
leaa0sp (leaaxsp.o):
    main.o                    src/main.s:11475
    main.o                    src/main.s:11475
    main.o                    src/main.s:11475
    main.o                    src/main.s:11475
mul8x16 (mul8.o):
    mul.o                     runtime/mul.s:8
mul8x16a (mul8.o):
    mul.o                     runtime/mul.s:8
mulax10 (mulax10.o):
    main.o                    src/main.s:11475
    main.o                    src/main.s:11475
mulax3 (mulax3.o):
    main.o                    src/main.s:11475
    main.o                    src/main.s:11475
    main.o                    src/main.s:11475
    main.o                    src/main.s:11475
    main.o                    src/main.s:11475
    main.o                    src/main.s:11475
negax (negabs.o):
    shelp.o                   runtime/shelp.s:11
    mod.o                     runtime/mod.s:11
negeax (lneg.o):
    ltoa.o                    common/ltoa.s:9
plot (cputc.o):
    gotoxy.o                  cbm/gotoxy.s:8
popa (popa.o):
    gotoxy.o                  cbm/gotoxy.s:8
    cbm_read.o                cbm/cbm_read.s:43
    cbm_open.o                cbm/cbm_open.s:22
    c_setlfs.o                cbm/c_setlfs.s:12
    c_load.o                  cbm/c_load.s:11
popax (incsp2.o):
    rwcommon.o                cbm/rwcommon.s:9
    memcpy.o                  common/memcpy.s:14
    vsnprintf.o               common/vsnprintf.s:9
    ltoa.o                    common/ltoa.s:9
    _printf.o                 common/_printf.s:11
    vcprintf.o                conio/vcprintf.s:8
    strcpy.o                  common/strcpy.s:8
    strchr.o                  common/strchr.s:9
    strcat.o                  common/strcat.s:9
    shelp.o                   runtime/shelp.s:11
    cbm_read.o                cbm/cbm_read.s:43
popptr1 (popptr1.o):
    rwcommon.o                cbm/rwcommon.s:9
    memcpy.o                  common/memcpy.s:14
    ltoa.o                    common/ltoa.s:9
    vcprintf.o                conio/vcprintf.s:8
    udiv.o                    runtime/udiv.s:9
    steaxspi.o                runtime/steaxspi.s:9
    mul8.o                    runtime/mul8.s:9
    mul.o                     runtime/mul.s:9
    c_save.o                  cbm/c_save.s:10
popsargsudiv16 (shelp.o):
    mod.o                     runtime/mod.s:11
ptr1 (zeropage.o):
    memcpy.o                  common/memcpy.s:15
    write.o                   cbm/write.s:11
    vsnprintf.o               common/vsnprintf.s:11
    strlower.o                common/strlower.s:13
    ltoa.o                    common/ltoa.s:11
    lcmp.o                    runtime/lcmp.s:10
    fwrite.o                  common/fwrite.s:14
    _printf.o                 /mnt/d/retro/cc65/asminc/zeropage.inc:12
    zerobss.o                 common/zerobss.s:9
    vfprintf.o                common/vfprintf.s:11
    vcprintf.o                conio/vcprintf.s:10
    udiv.o                    runtime/udiv.s:10
    strcpy.o                  common/strcpy.s:9
    strchr.o                  common/strchr.s:10
    strcat.o                  common/strcat.s:10
    steaxspi.o                runtime/steaxspi.s:10
    staspidx.o                runtime/staspidx.s:9
    sprintf.o                 common/sprintf.s:9
    shelp.o                   runtime/shelp.s:12
    printf.o                  common/printf.s:9
    popptr1.o                 runtime/popptr1.s:9
    mulax3.o                  runtime/mulax3.s:9
    mulax10.o                 runtime/mulax10.s:9
    mul8.o                    runtime/mul8.s:10
    mul.o                     runtime/mul.s:10
    ludiv.o                   runtime/ludiv.s:10
    lmul.o                    runtime/lmul.s:10
    ldeaxi.o                  runtime/ldeaxi.s:8
    ldaxi.o                   runtime/ldaxi.s:8
    joy-kernel.o              joystick/joy-kernel.s:8
    cputs.o                   conio/cputs.s:10
    cprintf.o                 conio/cprintf.s:9
    cbm_read.o                cbm/cbm_read.s:42
    c_setnam.o                cbm/c_setnam.s:10
    c_save.o                  cbm/c_save.s:11
    c_load.o                  cbm/c_load.s:12
    vdc_core.o                src/vdc_core.s:11
    main.o                    src/main.s:11
ptr2 (zeropage.o):
    rwcommon.o                cbm/rwcommon.s:10
    memcpy.o                  common/memcpy.s:15
    write.o                   cbm/write.s:11
    strlower.o                common/strlower.s:13
    ltoa.o                    common/ltoa.s:11
    _printf.o                 /mnt/d/retro/cc65/asminc/zeropage.inc:12
    vcprintf.o                conio/vcprintf.s:10
    strlen.o                  common/strlen.s:12
    strcpy.o                  common/strcpy.s:9
    strcat.o                  common/strcat.s:10
    ludiv.o                   runtime/ludiv.s:10
    cbm_read.o                cbm/cbm_read.s:42
ptr3 (zeropage.o):
    rwcommon.o                cbm/rwcommon.s:10
    memcpy.o                  common/memcpy.s:15
    write.o                   cbm/write.s:11
    ltoa.o                    common/ltoa.s:11
    vcprintf.o                conio/vcprintf.s:10
    ludiv.o                   runtime/ludiv.s:10
    lmul.o                    runtime/lmul.s:10
    cbm_read.o                cbm/cbm_read.s:42
ptr4 (zeropage.o):
    udiv.o                    runtime/udiv.s:10
    shelp.o                   runtime/shelp.s:12
    mul8.o                    runtime/mul8.s:10
    mul.o                     runtime/mul.s:10
    ludiv.o                   runtime/ludiv.s:10
    lmul.o                    runtime/lmul.s:10
push0 (pushax.o):
    vdc_core.o                src/vdc_core.s:2062
    vdc_core.o                src/vdc_core.s:2062
    main.o                    src/main.s:11475
    main.o                    src/main.s:11475
push1 (push1.o):
    _printf.o                 common/_printf.s:11
    vfprintf.o                common/vfprintf.s:9
pusha (pusha.o):
    sidplay.o                 src/sidplay.s:52
    vdc_core.o                src/vdc_core.s:2062
    vdc_core.o                src/vdc_core.s:2062
    vdc_core.o                src/vdc_core.s:2062
    vdc_core.o                src/vdc_core.s:2062
    vdc_core.o                src/vdc_core.s:2062
    vdc_core.o                src/vdc_core.s:2062
    vdc_core.o                src/vdc_core.s:2062
    vdc_core.o                src/vdc_core.s:2062
    vdc_core.o                src/vdc_core.s:2062
    vdc_core.o                src/vdc_core.s:2062
    vdc_core.o                src/vdc_core.s:2062
    vdc_core.o                src/vdc_core.s:2062
    vdc_core.o                src/vdc_core.s:2062
    vdc_core.o                src/vdc_core.s:2062
    vdc_core.o                src/vdc_core.s:2062
    vdc_core.o                src/vdc_core.s:2062
    vdc_core.o                src/vdc_core.s:2062
    vdc_core.o                src/vdc_core.s:2062
    vdc_core.o                src/vdc_core.s:2062
    vdc_core.o                src/vdc_core.s:2062
    vdc_core.o                src/vdc_core.s:2062
    vdc_core.o                src/vdc_core.s:2062
    vdc_core.o                src/vdc_core.s:2062
    vdc_core.o                src/vdc_core.s:2062
    vdc_core.o                src/vdc_core.s:2062
    main.o                    src/main.s:11475
    main.o                    src/main.s:11475
    main.o                    src/main.s:11475
    main.o                    src/main.s:11475
    main.o                    src/main.s:11475
    main.o                    src/main.s:11475
    main.o                    src/main.s:11475
    main.o                    src/main.s:11475
    main.o                    src/main.s:11475
    main.o                    src/main.s:11475
    main.o                    src/main.s:11475
    main.o                    src/main.s:11475
    main.o                    src/main.s:11475
    main.o                    src/main.s:11475
    main.o                    src/main.s:11475
    main.o                    src/main.s:11475
    main.o                    src/main.s:11475
    main.o                    src/main.s:11475
    main.o                    src/main.s:11475
    main.o                    src/main.s:11475
    main.o                    src/main.s:11475
    main.o                    src/main.s:11475
    main.o                    src/main.s:11475
    main.o                    src/main.s:11475
    main.o                    src/main.s:11475
    main.o                    src/main.s:11475
    main.o                    src/main.s:11475
    main.o                    src/main.s:11475
    main.o                    src/main.s:11475
    main.o                    src/main.s:11475
    main.o                    src/main.s:11475
    main.o                    src/main.s:11475
    main.o                    src/main.s:11475
    main.o                    src/main.s:11475
    main.o                    src/main.s:11475
    main.o                    src/main.s:11475
    main.o                    src/main.s:11475
    main.o                    src/main.s:11475
    main.o                    src/main.s:11475
    main.o                    src/main.s:11475
    main.o                    src/main.s:11475
pusha0 (pushax.o):
    push1.o                   runtime/push1.s:8
    vdc_core.o                src/vdc_core.s:2062
    vdc_core.o                src/vdc_core.s:2062
    vdc_core.o                src/vdc_core.s:2062
    vdc_core.o                src/vdc_core.s:2062
    main.o                    src/main.s:11475
    main.o                    src/main.s:11475
    main.o                    src/main.s:11475
    main.o                    src/main.s:11475
    main.o                    src/main.s:11475
    main.o                    src/main.s:11475
    main.o                    src/main.s:11475
    main.o                    src/main.s:11475
    main.o                    src/main.s:11475
    main.o                    src/main.s:11475
    main.o                    src/main.s:11475
    main.o                    src/main.s:11475
    main.o                    src/main.s:11475
    main.o                    src/main.s:11475
    main.o                    src/main.s:11475
    main.o                    src/main.s:11475
    main.o                    src/main.s:11475
    main.o                    src/main.s:11475
    main.o                    src/main.s:11475
    main.o                    src/main.s:11475
    main.o                    src/main.s:11475
    main.o                    src/main.s:11475
    main.o                    src/main.s:11475
    main.o                    src/main.s:11475
    main.o                    src/main.s:11475
    main.o                    src/main.s:11475
    main.o                    src/main.s:11475
    main.o                    src/main.s:11475
    main.o                    src/main.s:11475
    main.o                    src/main.s:11475
pushax (pushax.o):
    fwrite.o                  common/fwrite.s:11
    callmain.o                runtime/callmain.s:11
    _printf.o                 common/_printf.s:11
    vcprintf.o                conio/vcprintf.s:8
    printf.o                  common/printf.s:8
    cprintf.o                 conio/cprintf.s:8
    sidplay.o                 src/sidplay.s:52
    vdc_core.o                src/vdc_core.s:2062
    vdc_core.o                src/vdc_core.s:2062
    vdc_core.o                src/vdc_core.s:2062
    vdc_core.o                src/vdc_core.s:2062
    vdc_core.o                src/vdc_core.s:2062
    vdc_core.o                src/vdc_core.s:2062
    vdc_core.o                src/vdc_core.s:2062
    vdc_core.o                src/vdc_core.s:2062
    vdc_core.o                src/vdc_core.s:2062
    vdc_core.o                src/vdc_core.s:2062
    vdc_core.o                src/vdc_core.s:2062
    vdc_core.o                src/vdc_core.s:2062
    vdc_core.o                src/vdc_core.s:2062
    main.o                    src/main.s:11475
    main.o                    src/main.s:11475
    main.o                    src/main.s:11475
    main.o                    src/main.s:11475
    main.o                    src/main.s:11475
    main.o                    src/main.s:11475
    main.o                    src/main.s:11475
    main.o                    src/main.s:11475
    main.o                    src/main.s:11475
    main.o                    src/main.s:11475
    main.o                    src/main.s:11475
    main.o                    src/main.s:11475
    main.o                    src/main.s:11475
    main.o                    src/main.s:11475
    main.o                    src/main.s:11475
    main.o                    src/main.s:11475
    main.o                    src/main.s:11475
    main.o                    src/main.s:11475
    main.o                    src/main.s:11475
    main.o                    src/main.s:11475
    main.o                    src/main.s:11475
    main.o                    src/main.s:11475
    main.o                    src/main.s:11475
    main.o                    src/main.s:11475
    main.o                    src/main.s:11475
    main.o                    src/main.s:11475
    main.o                    src/main.s:11475
    main.o                    src/main.s:11475
    main.o                    src/main.s:11475
    main.o                    src/main.s:11475
    main.o                    src/main.s:11475
    main.o                    src/main.s:11475
    main.o                    src/main.s:11475
    main.o                    src/main.s:11475
pusheax (lpush.o):
    _printf.o                 common/_printf.s:11
    main.o                    src/main.s:11475
    main.o                    src/main.s:11475
    main.o                    src/main.s:11475
    main.o                    src/main.s:11475
    main.o                    src/main.s:11475
    main.o                    src/main.s:11475
    main.o                    src/main.s:11475
pushl0 (lpush.o):
    main.o                    src/main.s:11475
pushw0sp (pushwsp.o):
    vsprintf.o                common/vsprintf.s:8
    vdc_core.o                src/vdc_core.s:2062
    vdc_core.o                src/vdc_core.s:2062
    main.o                    src/main.s:11475
pushwysp (pushwsp.o):
    fwrite.o                  common/fwrite.s:11
    vfprintf.o                common/vfprintf.s:9
    vdc_core.o                src/vdc_core.s:2062
    vdc_core.o                src/vdc_core.s:2062
    vdc_core.o                src/vdc_core.s:2062
    vdc_core.o                src/vdc_core.s:2062
    vdc_core.o                src/vdc_core.s:2062
    main.o                    src/main.s:11475
    main.o                    src/main.s:11475
regbank (zeropage.o):
    _printf.o                 /mnt/d/retro/cc65/asminc/zeropage.inc:14
return0 (return0.o):
    color.o                   c128/color.s:10
rwcommon (rwcommon.o):
    write.o                   cbm/write.s:10
shlax1 (aslax1.o):
    vdc_core.o                src/vdc_core.s:2062
shlax2 (aslax2.o):
    vdc_core.o                src/vdc_core.s:2062
shlax3 (aslax3.o):
    vdc_core.o                src/vdc_core.s:2062
shlax4 (aslax4.o):
    vdc_core.o                src/vdc_core.s:2062
shleax1 (asleax1.o):
    main.o                    src/main.s:11475
shrax1 (shrax1.o):
    main.o                    src/main.s:11475
shrax3 (shrax3.o):
    vdc_core.o                src/vdc_core.s:2062
shreax1 (shreax1.o):
    main.o                    src/main.s:11475
sp (zeropage.o):
    memcpy.o                  common/memcpy.s:15
    vsnprintf.o               common/vsnprintf.s:11
    lcmp.o                    runtime/lcmp.s:10
    decsp6.o                  runtime/decsp6.s:8
    _printf.o                 /mnt/d/retro/cc65/asminc/zeropage.inc:11
    vfprintf.o                common/vfprintf.s:11
    vcprintf.o                conio/vcprintf.s:10
    toslong.o                 runtime/toslong.s:9
    subysp.o                  runtime/subysp.s:9
    subeqsp.o                 runtime/subeqsp.s:8
    sub.o                     runtime/sub.s:9
    steaxsp.o                 runtime/steaxsp.s:8
    staxsp.o                  runtime/staxsp.s:8
    staspidx.o                runtime/staspidx.s:9
    sprintf.o                 common/sprintf.s:9
    pushwsp.o                 runtime/pushwsp.s:8
    pushax.o                  runtime/pushax.s:8
    pusha.o                   runtime/pusha.s:8
    printf.o                  common/printf.s:9
    popptr1.o                 runtime/popptr1.s:9
    popa.o                    runtime/popa.s:8
    ludiv.o                   runtime/ludiv.s:10
    lsub.o                    runtime/lsub.s:12
    lpush.o                   runtime/lpush.s:13
    lmul.o                    runtime/lmul.s:10
    leaaxsp.o                 runtime/leaaxsp.s:8
    ldeaxysp.o                runtime/ldeaxysp.s:12
    ldaxsp.o                  runtime/ldaxsp.s:8
    ladd.o                    runtime/ladd.s:9
    incsp2.o                  runtime/incsp2.s:8
    incsp1.o                  runtime/incsp1.s:8
    icmp.o                    runtime/icmp.s:9
    decsp8.o                  runtime/decsp8.s:8
    decsp5.o                  runtime/decsp5.s:8
    decsp4.o                  runtime/decsp4.s:8
    decsp3.o                  runtime/decsp3.s:8
    decsp2.o                  runtime/decsp2.s:8
    decsp1.o                  runtime/decsp1.s:8
    crt0.o                    /mnt/d/retro/cc65/asminc/zeropage.inc:11
    cprintf.o                 conio/cprintf.s:9
    addysp.o                  runtime/addysp.s:8
    addeqsp.o                 runtime/addeqsp.s:8
    add.o                     runtime/add.s:12
    snes.o                    src/snes.s:10
    vdc_core.o                src/vdc_core.s:10
    main.o                    src/main.s:10
sreg (zeropage.o):
    lneg.o                    runtime/lneg.s:11
    ltoa.o                    common/ltoa.s:11
    lcmp.o                    runtime/lcmp.s:10
    _printf.o                 /mnt/d/retro/cc65/asminc/zeropage.inc:11
    udiv.o                    runtime/udiv.s:10
    steaxspi.o                runtime/steaxspi.s:10
    steaxsp.o                 runtime/steaxsp.s:8
    shreax1.o                 runtime/shreax1.s:8
    mod.o                     runtime/mod.s:12
    ludiv.o                   runtime/ludiv.s:10
    lsub.o                    runtime/lsub.s:12
    lpush.o                   runtime/lpush.s:13
    lmul.o                    runtime/lmul.s:10
    ldeaxysp.o                runtime/ldeaxysp.s:12
    ldeaxi.o                  runtime/ldeaxi.s:8
    ladd.o                    runtime/ladd.s:9
    icmp.o                    runtime/icmp.s:9
    clock.o                   cbm/clock.s:9
    axlong.o                  runtime/axlong.s:9
    asleax1.o                 runtime/asleax1.s:8
    main.o                    src/main.s:10
staspidx (staspidx.o):
    main.o                    src/main.s:11475
    main.o                    src/main.s:11475
stax0sp (staxsp.o):
    vdc_core.o                src/vdc_core.s:2062
    vdc_core.o                src/vdc_core.s:2062
    vdc_core.o                src/vdc_core.s:2062
    vdc_core.o                src/vdc_core.s:2062
    vdc_core.o                src/vdc_core.s:2062
    vdc_core.o                src/vdc_core.s:2062
    vdc_core.o                src/vdc_core.s:2062
    main.o                    src/main.s:11475
staxysp (staxsp.o):
    vsprintf.o                common/vsprintf.s:8
    vdc_core.o                src/vdc_core.s:2062
    vdc_core.o                src/vdc_core.s:2062
    vdc_core.o                src/vdc_core.s:2062
steax0sp (steaxsp.o):
    main.o                    src/main.s:11475
steaxspidx (steaxspi.o):
    main.o                    src/main.s:11475
    main.o                    src/main.s:11475
    main.o                    src/main.s:11475
    main.o                    src/main.s:11475
    main.o                    src/main.s:11475
    main.o                    src/main.s:11475
subeq0sp (subeqsp.o):
    vdc_core.o                src/vdc_core.s:2062
    vdc_core.o                src/vdc_core.s:2062
subeqysp (subeqsp.o):
    vdc_core.o                src/vdc_core.s:2062
subysp (subysp.o):
    main.o                    src/main.s:11475
    main.o                    src/main.s:11475
    main.o                    src/main.s:11475
tmp1 (zeropage.o):
    ltoa.o                    common/ltoa.s:11
    _printf.o                 /mnt/d/retro/cc65/asminc/zeropage.inc:13
    vcprintf.o                conio/vcprintf.s:10
    strchr.o                  common/strchr.s:10
    steaxspi.o                runtime/steaxspi.s:10
    staspidx.o                runtime/staspidx.s:9
    shreax1.o                 runtime/shreax1.s:8
    shrax3.o                  runtime/shrax3.s:8
    shrax1.o                  runtime/shrax1.s:8
    shelp.o                   runtime/shelp.s:12
    mul.o                     runtime/mul.s:10
    mod.o                     runtime/mod.s:12
    ladd.o                    runtime/ladd.s:9
    incaxy.o                  runtime/incaxy.s:8
    decaxy.o                  runtime/decaxy.s:8
    cputs.o                   conio/cputs.s:10
    cbm_read.o                cbm/cbm_read.s:42
    c_setlfs.o                cbm/c_setlfs.s:13
    c_save.o                  cbm/c_save.s:11
    asleax1.o                 runtime/asleax1.s:8
    aslax4.o                  runtime/aslax4.s:8
    aslax3.o                  runtime/aslax3.s:8
    aslax2.o                  runtime/aslax2.s:8
    aslax1.o                  runtime/aslax1.s:8
    add.o                     runtime/add.s:12
    vdc_core.o                src/vdc_core.s:11
    main.o                    src/main.s:11
tmp2 (zeropage.o):
    rwcommon.o                cbm/rwcommon.s:10
    steaxspi.o                runtime/steaxspi.s:10
    shelp.o                   runtime/shelp.s:12
    lmul.o                    runtime/lmul.s:10
tmp3 (zeropage.o):
    strcat.o                  common/strcat.s:10
    steaxspi.o                runtime/steaxspi.s:10
    ludiv.o                   runtime/ludiv.s:10
    lmul.o                    runtime/lmul.s:10
tmp4 (zeropage.o):
    ludiv.o                   runtime/ludiv.s:10
    lmul.o                    runtime/lmul.s:10
tosadda0 (add.o):
    main.o                    src/main.s:11475
    main.o                    src/main.s:11475
tosaddax (add.o):
    main.o                    src/main.s:11475
    main.o                    src/main.s:11475
    main.o                    src/main.s:11475
    main.o                    src/main.s:11475
    main.o                    src/main.s:11475
tosaddeax (ladd.o):
    main.o                    src/main.s:11475
toseqa0 (eq.o):
    main.o                    src/main.s:11475
    main.o                    src/main.s:11475
tosicmp (icmp.o):
    eq.o                      runtime/eq.s:8
    main.o                    src/main.s:11475
    main.o                    src/main.s:11475
tosicmp0 (icmp.o):
    main.o                    src/main.s:11475
    main.o                    src/main.s:11475
toslcmp (lcmp.o):
    lult.o                    runtime/lult.s:8
    lugt.o                    runtime/lugt.s:8
toslong (toslong.o):
    main.o                    src/main.s:11475
tosmoda0 (mod.o):
    main.o                    src/main.s:11475
    main.o                    src/main.s:11475
tosmula0 (mul8.o):
    main.o                    src/main.s:11475
    main.o                    src/main.s:11475
    main.o                    src/main.s:11475
    main.o                    src/main.s:11475
    main.o                    src/main.s:11475
    main.o                    src/main.s:11475
    main.o                    src/main.s:11475
    main.o                    src/main.s:11475
    main.o                    src/main.s:11475
    main.o                    src/main.s:11475
    main.o                    src/main.s:11475
    main.o                    src/main.s:11475
    main.o                    src/main.s:11475
    main.o                    src/main.s:11475
    main.o                    src/main.s:11475
    main.o                    src/main.s:11475
    main.o                    src/main.s:11475
    main.o                    src/main.s:11475
    main.o                    src/main.s:11475
    main.o                    src/main.s:11475
    main.o                    src/main.s:11475
    main.o                    src/main.s:11475
    main.o                    src/main.s:11475
tosmulax (mul.o):
    main.o                    src/main.s:11475
    main.o                    src/main.s:11475
    main.o                    src/main.s:11475
tossub0ax (lsub.o):
    main.o                    src/main.s:11475
    main.o                    src/main.s:11475
    main.o                    src/main.s:11475
tossuba0 (sub.o):
    main.o                    src/main.s:11475
    main.o                    src/main.s:11475
    main.o                    src/main.s:11475
    main.o                    src/main.s:11475
tossubax (sub.o):
    main.o                    src/main.s:11475
    main.o                    src/main.s:11475
tossubeax (lsub.o):
    main.o                    src/main.s:11475
    main.o                    src/main.s:11475
    main.o                    src/main.s:11475
tosudiv0ax (ludiv.o):
    main.o                    src/main.s:11475
    main.o                    src/main.s:11475
tosudivax (udiv.o):
    fwrite.o                  common/fwrite.s:12
tosugteax (lugt.o):
    main.o                    src/main.s:11475
    main.o                    src/main.s:11475
tosulteax (lult.o):
    main.o                    src/main.s:11475
tosumul0ax (lmul.o):
    main.o                    src/main.s:11475
tosumula0 (mul8.o):
    vdc_core.o                src/vdc_core.s:2062
    vdc_core.o                src/vdc_core.s:2062
    vdc_core.o                src/vdc_core.s:2062
    vdc_core.o                src/vdc_core.s:2062
    main.o                    src/main.s:11475
    main.o                    src/main.s:11475
    main.o                    src/main.s:11475
tosumulax (mul.o):
    fwrite.o                  common/fwrite.s:12
    vdc_core.o                src/vdc_core.s:2062
udiv16 (udiv.o):
    shelp.o                   runtime/shelp.s:11
vsnprintf (vsnprintf.o):
    vsprintf.o                common/vsprintf.s:9
zerobss (zerobss.o):
    crt0.o                    c128/crt0.s:8

